04-28 22:47:42.990  1553  2297 D ConnectivityService: sending notification CAP_CHANGED for NetworkRequest [ id=440, legacyType=-1, [ Capabilities: INTERNET&NOT_RESTRICTED&TRUSTED] ]
04-28 22:47:42.990  1553  2297 D ConnectivityService:  sending notification for NetworkRequest [ id=441, legacyType=-1, [ Capabilities: INTERNET&NOT_RESTRICTED&TRUSTED] ]
04-28 22:47:42.990  1553  2297 D ConnectivityService: sending notification CAP_CHANGED for NetworkRequest [ id=441, legacyType=-1, [ Capabilities: INTERNET&NOT_RESTRICTED&TRUSTED] ]
04-28 22:47:42.990  1553  1575 D ConnectivityService: returning Blocked NetworkInfo for ifname=wlan0, uid=10169
04-28 22:47:43.000  1553  2735 D ConnectivityService: returning Blocked NetworkInfo for ifname=wlan0, uid=10169
04-28 22:47:43.040  2489  2489 D Recents : onTaskStackChanged
04-28 22:47:43.390  1553  1553 D CustomFrequencyManagerService: releaseDVFSLockLocked : Getting Lock type frm List : DVFS_MIN_LIMIT  frequency : 1190400  uid : 1000  pid : 1553  tag : ACTIVITY_RESUME_BOOSTER@18
04-28 22:47:43.390  1553  1553 D CustomFrequencyManagerService: FrequencyrequestList.getNextCStateDisableRequest, index: 0
04-28 22:47:43.790  1553  4444 D CustomFrequencyManagerService: acquireDVFSLockLocked : type : DVFS_MIN_LIMIT  frequency : 1190400  uid : 1000  pid : 1553  pkgName : ACTIVITY_RESUME_BOOSTER@10
04-28 22:47:43.790  1553  4444 D ActivityManager: mDVFSHelper.acquire()
04-28 22:47:43.790  1553  4419 W ActivityManager: Duplicate finish request for ActivityRecord{438c847 u0 eu.siacs.conversations/.ui.ManageAccountActivity t15742 f}
04-28 22:47:43.800  1553  1553 D GameManagerService: NotifyRunnable. pkg: eu.siacs.conversations, type: 4, isMinimized: false, isTunableApp: false
04-28 22:47:43.800  1553  1553 D GameManagerService: unexpected mPrevNotiType: -1
04-28 22:47:43.800  1553  1734 V MARsPolicyManager: updatePackagesScore PackageInfo name -- eu.siacs.conversations
04-28 22:47:43.860  1553  1740 D StatusBarManagerService: manageDisableList userId=0 what=0x0 pkg=Window{c155e4f u0 d0 p23400 eu.siacs.conversations/eu.siacs.conversations.ui.StartConversationActivity}
04-28 22:47:44.180  1553  1826 D CustomFrequencyManagerService: releaseDVFSLockLocked : Getting Lock type frm List : DVFS_MIN_LIMIT  frequency : 1190400  uid : 1000  pid : 1553  tag : ACTIVITY_RESUME_BOOSTER@10
04-28 22:47:44.180  1553  1826 D CustomFrequencyManagerService: FrequencyrequestList.getNextCStateDisableRequest, index: 0
04-28 22:47:44.180  1553  1826 D ActivityManager: mDVFSHelper.release()
04-28 22:47:44.190  1553  1734 D CustomFrequencyManagerService: acquireDVFSLockLocked : type : DVFS_MIN_LIMIT  frequency : 1190400  uid : 1000  pid : 1553  pkgName : ACTIVITY_RESUME_BOOSTER@18
04-28 22:47:44.790  1553  1553 D CustomFrequencyManagerService: releaseDVFSLockLocked : Getting Lock type frm List : DVFS_MIN_LIMIT  frequency : 1190400  uid : 1000  pid : 1553  tag : ACTIVITY_RESUME_BOOSTER@18
04-28 22:47:44.790  1553  1553 D CustomFrequencyManagerService: FrequencyrequestList.getNextCStateDisableRequest, index: 0
04-28 22:47:44.810  2489  2489 D Recents : onTaskStackChanged
04-28 22:47:45.030  1553  1740 D StatusBarManagerService: manageDisableList userId=0 what=0x0 pkg=Window{87e3ea3 u0 d0 p23400 eu.siacs.conversations/eu.siacs.conversations.ui.StartConversationActivity}
04-28 22:47:45.080  1553  2297 D ConnectivityService: updateCapabilities: oldCap = [ Transports: WIFI Capabilities: INTERNET&NOT_RESTRICTED&TRUSTED&NOT_VPN&VALIDATED LinkUpBandwidth>=1048576Kbps LinkDnBandwidth>=1048576Kbps SignalStrength: -64], newCap = [ Transports: WIFI Capabilities: INTERNET&NOT_RESTRICTED&TRUSTED&NOT_VPN LinkUpBandwidth>=1048576Kbps LinkDnBandwidth>=1048576Kbps SignalStrength: -63]
04-28 22:47:45.080  1553  2297 D ConnectivityService: rematching NetworkAgentInfo [WIFI () - 740]
04-28 22:47:45.080  1553  2297 D ConnectivityService:  network has: NetworkAgentInfo{ ni{[type: WIFI[] - WIFI, state: CONNECTED/CONNECTED, reason: (unspecified), extra: "VM348613-2G", roaming: false, failover: false, isAvailable: true]}  network{740}  lp{{InterfaceName: wlan0 LinkAddresses: [192.168.0.5/24,fe80::aeee:9eff:fe04:1185/64,]  Routes: [fe80::/64 -> :: wlan0,192.168.0.0/24 -> 0.0.0.0 wlan0,0.0.0.0/0 -> 192.168.0.1 wlan0,] DnsAddresses: [192.168.0.1,] Domains:  MTU: 0 TcpBufferSizes: 524288,1048576,4525824,524288,1048576,4525824}}  nc{[ Transports: WIFI Capabilities: INTERNET&NOT_RESTRICTED&TRUSTED&NOT_VPN&VALIDATED LinkUpBandwidth>=1048576Kbps LinkDnBandwidth>=1048576Kbps SignalStrength: -63]}  Score{60}  everValidated{true}  lastValidated{true}  created{true} lingering{false} explicitlySelected{false} acceptUnvalidated{false} everCaptivePortalDetected{false} lastCaptivePortalDetected{false} }
04-28 22:47:45.080  1553  2297 D ConnectivityService:   checking if request is: NetworkRequest [ id=431, legacyType=-1, [ Capabilities: INTERNET&NOT_RESTRICTED&TRUSTED] ] satisfies: true nri.isRequest: false
04-28 22:47:45.080  1553  2297 D ConnectivityService:   checking if request is: NetworkRequest [ id=37, legacyType=-1, [ Capabilities: INTERNET&NOT_RESTRICTED&TRUSTED] ] satisfies: true nri.isRequest: false
04-28 22:47:45.080  1553  2297 D ConnectivityService:   checking if request is: NetworkRequest [ id=36, legacyType=-1, [ Capabilities: INTERNET&NOT_RESTRICTED&TRUSTED] ] satisfies: true nri.isRequest: false
04-28 22:47:45.080  1553  2297 D ConnectivityService:   checking if request is: NetworkRequest [ id=5, legacyType=-1, [ Transports: WIFI Capabilities: INTERNET&NOT_RESTRICTED&TRUSTED&NOT_VPN] ] satisfies: true nri.isRequest: false
04-28 22:47:45.080  1553  2297 D ConnectivityService:   checking if request is: NetworkRequest [ id=438, legacyType=-1, [ Capabilities: INTERNET&NOT_RESTRICTED&TRUSTED&NOT_VPN] ] satisfies: true nri.isRequest: false
04-28 22:47:45.080  1553  2297 D ConnectivityService:   checking if request is: NetworkRequest [ id=434, legacyType=-1, [ Capabilities: INTERNET&NOT_RESTRICTED&TRUSTED] ] satisfies: true nri.isRequest: false
04-28 22:47:45.080  1553  2297 D ConnectivityService:   checking if request is: NetworkRequest [ id=6, legacyType=-1, [ Capabilities: INTERNET&NOT_RESTRICTED&TRUSTED] ] satisfies: true nri.isRequest: false
04-28 22:47:45.080  1553  2297 D ConnectivityService:   checking if request is: NetworkRequest [ id=441, legacyType=-1, [ Capabilities: INTERNET&NOT_RESTRICTED&TRUSTED] ] satisfies: true nri.isRequest: false
04-28 22:47:45.080  1553  2297 D ConnectivityService:   checking if request is: NetworkRequest [ id=440, legacyType=-1, [ Capabilities: INTERNET&NOT_RESTRICTED&TRUSTED] ] satisfies: true nri.isRequest: false
04-28 22:47:45.080  1553  2297 D ConnectivityService: Network NetworkAgentInfo [WIFI () - 740] was already satisfying request 1. No change.
04-28 22:47:45.080  1553  2297 D ConnectivityService:   checking if request is: NetworkRequest [ id=398, legacyType=-1, [ Capabilities: INTERNET&NOT_RESTRICTED&TRUSTED] ] satisfies: true nri.isRequest: false
04-28 22:47:45.080  1553  2297 D ConnectivityService:   checking if request is: NetworkRequest [ id=3, legacyType=-1, [] ] satisfies: true nri.isRequest: false
04-28 22:47:45.080  1553  2297 D ConnectivityService:   checking if request is: NetworkRequest [ id=12, legacyType=-1, [ Capabilities: INTERNET&NOT_RESTRICTED&TRUSTED&NOT_VPN] ] satisfies: true nri.isRequest: false
04-28 22:47:45.080  1553  2297 D ConnectivityService:   checking if request is: NetworkRequest [ id=4, legacyType=-1, [ Transports: CELLULAR Capabilities: INTERNET&NOT_RESTRICTED&TRUSTED&NOT_VPN] ] satisfies: false nri.isRequest: false
04-28 22:47:45.080  1553  2297 D ConnectivityService:   checking if request is: NetworkRequest [ id=399, legacyType=-1, [ Capabilities: INTERNET&NOT_RESTRICTED&TRUSTED] ] satisfies: true nri.isRequest: false
04-28 22:47:45.080  1553  2297 D ConnectivityService:   checking if request is: NetworkRequest [ id=435, legacyType=-1, [ Capabilities: INTERNET&NOT_RESTRICTED&TRUSTED] ] satisfies: true nri.isRequest: false
04-28 22:47:45.080  1553  2297 D ConnectivityService:   checking if request is: NetworkRequest [ id=439, legacyType=-1, [ Capabilities: INTERNET&NOT_RESTRICTED&TRUSTED] ] satisfies: true nri.isRequest: false
04-28 22:47:45.080  1553  2297 D ConnectivityService: notifyType CAP_CHANGED for NetworkAgentInfo [WIFI () - 740]
04-28 22:47:45.080  1553  2297 D ConnectivityService:  sending notification for NetworkRequest [ id=1, legacyType=-1, [ Capabilities: INTERNET&NOT_RESTRICTED&TRUSTED&NOT_VPN] ]
04-28 22:47:45.080  1553  2297 D ConnectivityService:  sending notification for NetworkRequest [ id=3, legacyType=-1, [] ]
04-28 22:47:45.090  1553  2297 D ConnectivityService: sending notification CAP_CHANGED for NetworkRequest [ id=3, legacyType=-1, [] ]
04-28 22:47:45.090  1553  2297 D ConnectivityService:  sending notification for NetworkRequest [ id=5, legacyType=-1, [ Transports: WIFI Capabilities: INTERNET&NOT_RESTRICTED&TRUSTED&NOT_VPN] ]
04-28 22:47:45.090  1553  2297 D ConnectivityService: sending notification CAP_CHANGED for NetworkRequest [ id=5, legacyType=-1, [ Transports: WIFI Capabilities: INTERNET&NOT_RESTRICTED&TRUSTED&NOT_VPN] ]
04-28 22:47:45.090  1553  2297 D ConnectivityService:  sending notification for NetworkRequest [ id=6, legacyType=-1, [ Capabilities: INTERNET&NOT_RESTRICTED&TRUSTED] ]
04-28 22:47:45.090  1553  2297 D ConnectivityService: sending notification CAP_CHANGED for NetworkRequest [ id=6, legacyType=-1, [ Capabilities: INTERNET&NOT_RESTRICTED&TRUSTED] ]
04-28 22:47:45.090  1553  2297 D ConnectivityService:  sending notification for NetworkRequest [ id=12, legacyType=-1, [ Capabilities: INTERNET&NOT_RESTRICTED&TRUSTED&NOT_VPN] ]
04-28 22:47:45.090  1553  2297 D ConnectivityService: sending notification CAP_CHANGED for NetworkRequest [ id=12, legacyType=-1, [ Capabilities: INTERNET&NOT_RESTRICTED&TRUSTED&NOT_VPN] ]
04-28 22:47:45.090  1553  2297 D ConnectivityService:  sending notification for NetworkRequest [ id=36, legacyType=-1, [ Capabilities: INTERNET&NOT_RESTRICTED&TRUSTED] ]
04-28 22:47:45.090  1553  2297 D ConnectivityService: sending notification CAP_CHANGED for NetworkRequest [ id=36, legacyType=-1, [ Capabilities: INTERNET&NOT_RESTRICTED&TRUSTED] ]
04-28 22:47:45.090  1553  2297 D ConnectivityService:  sending notification for NetworkRequest [ id=37, legacyType=-1, [ Capabilities: INTERNET&NOT_RESTRICTED&TRUSTED] ]
04-28 22:47:45.090  1553  2297 D ConnectivityService: sending notification CAP_CHANGED for NetworkRequest [ id=37, legacyType=-1, [ Capabilities: INTERNET&NOT_RESTRICTED&TRUSTED] ]
04-28 22:47:45.090  1553  2297 D ConnectivityService:  sending notification for NetworkRequest [ id=398, legacyType=-1, [ Capabilities: INTERNET&NOT_RESTRICTED&TRUSTED] ]
04-28 22:47:45.090  1553  2297 D ConnectivityService: sending notification CAP_CHANGED for NetworkRequest [ id=398, legacyType=-1, [ Capabilities: INTERNET&NOT_RESTRICTED&TRUSTED] ]
04-28 22:47:45.090  1553  2297 D ConnectivityService:  sending notification for NetworkRequest [ id=399, legacyType=-1, [ Capabilities: INTERNET&NOT_RESTRICTED&TRUSTED] ]
04-28 22:47:45.090  1553  2297 D ConnectivityService: sending notification CAP_CHANGED for NetworkRequest [ id=399, legacyType=-1, [ Capabilities: INTERNET&NOT_RESTRICTED&TRUSTED] ]
04-28 22:47:45.100  1553  2297 D ConnectivityService:  sending notification for NetworkRequest [ id=431, legacyType=-1, [ Capabilities: INTERNET&NOT_RESTRICTED&TRUSTED] ]
04-28 22:47:45.100  1553  2297 D ConnectivityService: sending notification CAP_CHANGED for NetworkRequest [ id=431, legacyType=-1, [ Capabilities: INTERNET&NOT_RESTRICTED&TRUSTED] ]
04-28 22:47:45.100  1553  2297 D ConnectivityService:  sending notification for NetworkRequest [ id=434, legacyType=-1, [ Capabilities: INTERNET&NOT_RESTRICTED&TRUSTED] ]
04-28 22:47:45.100  1553  2297 D ConnectivityService: sending notification CAP_CHANGED for NetworkRequest [ id=434, legacyType=-1, [ Capabilities: INTERNET&NOT_RESTRICTED&TRUSTED] ]
04-28 22:47:45.100  1553  2297 D ConnectivityService:  sending notification for NetworkRequest [ id=435, legacyType=-1, [ Capabilities: INTERNET&NOT_RESTRICTED&TRUSTED] ]
04-28 22:47:45.100  1553  2297 D ConnectivityService: sending notification CAP_CHANGED for NetworkRequest [ id=435, legacyType=-1, [ Capabilities: INTERNET&NOT_RESTRICTED&TRUSTED] ]
04-28 22:47:45.100  1553  2297 D ConnectivityService:  sending notification for NetworkRequest [ id=438, legacyType=-1, [ Capabilities: INTERNET&NOT_RESTRICTED&TRUSTED&NOT_VPN] ]
04-28 22:47:45.100  1553  2297 D ConnectivityService: sending notification CAP_CHANGED for NetworkRequest [ id=438, legacyType=-1, [ Capabilities: INTERNET&NOT_RESTRICTED&TRUSTED&NOT_VPN] ]
04-28 22:47:45.100  1553  2297 D ConnectivityService:  sending notification for NetworkRequest [ id=439, legacyType=-1, [ Capabilities: INTERNET&NOT_RESTRICTED&TRUSTED] ]
04-28 22:47:45.100  1553  2297 D ConnectivityService: sending notification CAP_CHANGED for NetworkRequest [ id=439, legacyType=-1, [ Capabilities: INTERNET&NOT_RESTRICTED&TRUSTED] ]
04-28 22:47:45.100  1553  2297 D ConnectivityService:  sending notification for NetworkRequest [ id=440, legacyType=-1, [ Capabilities: INTERNET&NOT_RESTRICTED&TRUSTED] ]
04-28 22:47:45.100  1553  2297 D ConnectivityService: sending notification CAP_CHANGED for NetworkRequest [ id=440, legacyType=-1, [ Capabilities: INTERNET&NOT_RESTRICTED&TRUSTED] ]
04-28 22:47:45.100  1553  2297 D ConnectivityService:  sending notification for NetworkRequest [ id=441, legacyType=-1, [ Capabilities: INTERNET&NOT_RESTRICTED&TRUSTED] ]
04-28 22:47:45.100  1553  2297 D ConnectivityService: sending notification CAP_CHANGED for NetworkRequest [ id=441, legacyType=-1, [ Capabilities: INTERNET&NOT_RESTRICTED&TRUSTED] ]
04-28 22:47:45.110  1553  4442 D ConnectivityService: returning Blocked NetworkInfo for ifname=wlan0, uid=10169
04-28 22:47:45.110  1553  2399 D ConnectivityService: returning Blocked NetworkInfo for ifname=wlan0, uid=10169
04-28 22:47:45.230  1553  1826 V WindowManager: Dim Duration=150
04-28 22:47:46.090  1553  2192 V AlarmManager: Expired Alarm result :4
04-28 22:47:47.590  1553  1740 D StatusBarManagerService: manageDisableList userId=0 what=0x0 pkg=Window{c155e4f u0 d0 p23400 eu.siacs.conversations/eu.siacs.conversations.ui.StartConversationActivity}
04-28 22:47:47.600 23400 23400 W ViewRootImpl: Dropping event due to root view being removed: 
04-28 22:47:47.600 23400 23400 E ViewRootImpl: mStopped=false mHasWindowFocus=true mPausedForTransition=false
04-28 22:47:48.530  1553  2197 D PowerManagerService: [api] userActivityFromNative : 10 (event: 2 flags: 0) eventTime = 437310085
04-28 22:47:48.690  1553  1740 D StatusBarManagerService: manageDisableList userId=0 what=0x0 pkg=Window{9476e15 u0 d0 p23400 PopupWindow:337580d}
--------- beginning of main
04-28 22:47:48.750   416  2015 D tfa9895 : tfa set volume successful
04-28 22:47:48.750   416  2015 V audio_hw_primary: start_output_stream: exit
04-28 22:47:48.780  1553  4435 V WindowStateAnimator: Finishing drawing window Window{9476e15 u0 d0 p23400 PopupWindow:337580d}: mDrawState=DRAW_PENDING
04-28 22:47:48.780   416  2015 D AudioFlinger: mixer(0xb0706008) throttle end: throttle time(10)
04-28 22:47:48.780 23400 23400 D ViewRootImpl: MSG_RESIZED_REPORT: ci=Rect(0, 0 - 0, 0) vi=Rect(0, 0 - 0, 0) or=1
04-28 22:47:48.790  1553  1826 D KnoxTimeoutHandler: notifyActivityDrawn [MsgParam] userId: 0 fullscreen is true showWhenlocked is false
04-28 22:47:48.790  1553  1553 D KnoxTimeoutHandler: activityDrawn [MsgParam] userId: 0 fullscreen is true showWhenlocked is false
04-28 22:47:48.790  1553  1553 I KnoxTimeoutHandler: SD activityfalse
04-28 22:47:48.790  1553  1553 I KnoxTimeoutHandler: Fullscreen and mCurrent is not KNOX user. Hence hide keyguard
04-28 22:47:48.800  1553  4298 V WindowStateAnimator: Finishing drawing window Window{9476e15 u0 d0 p23400 PopupWindow:337580d}: mDrawState=HAS_DRAWN
04-28 22:47:48.920   416  2011 I APM::AudioPolicyManager: stopOutput() output 4, stream 1, session 12087
04-28 22:47:49.510  1553  2198 D InputReader: Input event(4): value=1 when=437311063789000
04-28 22:47:49.510  1553  2198 I InputReader: Touch event's action is 0x0 (deviceType=0) [pCnt=1, s=0.19324 ] when=437311063789000
04-28 22:47:49.510  1553  2198 D InputReader: lastThreadEndTime = 437310162575730, currentThreadStartTime = 437310162579845, diff = 0
04-28 22:47:49.510  1553  2197 I InputDispatcher: Delivering touch to (2349): action: 0x4, toolType: 1
04-28 22:47:49.510  1553  2197 I InputDispatcher: Delivering touch to (23400): action: 0x0, toolType: 1
04-28 22:47:49.510 23400 23400 D ViewRootImpl: ViewPostImeInputStage processPointer 0
04-28 22:47:49.540  1553  4444 I Sensors : AccelerometerSensor(0) setDelay : 66000000(ns)
04-28 22:47:49.540 10053 27425 D SensorManager: unregisterListener ::   
04-28 22:47:49.620  1553  2198 D InputReader: Input event(4): value=0 when=437311170328000
04-28 22:47:49.620  1553  2198 I InputReader: Touch event's action is 0x1 (deviceType=0) [pCnt=1, s=] when=437311170328000
04-28 22:47:49.620  1553  2197 I InputDispatcher: Delivering touch to (23400): action: 0x1, toolType: 1
04-28 22:47:49.620 23400 23400 D ViewRootImpl: ViewPostImeInputStage processPointer 1
04-28 22:47:49.630  1553  4113 V AudioService: AudioService playSoundEffect Type : 0, volume : -1.0
04-28 22:47:49.630  1553  2303 V AudioService: received MSG_PLAY_SOUND_EFFECT onPlaySoundEffect start
04-28 22:47:49.630   416  5390 I APM::AudioPolicyManager: getSituationVolume: isBTConnected:0 isHeadConnected:0
04-28 22:47:49.630 23400 23400 I Timeline: Timeline: Activity_launch_request id:eu.siacs.conversations time:437311185
04-28 22:47:49.640   416   416 W AudioPolicyIntefaceImpl: Skipped to add effects on session 12088
04-28 22:47:49.640   416   416 I APM::AudioPolicyManager: startOutput() output 4, stream 1, session 12088
04-28 22:47:49.640  1553  4090 D CustomFrequencyManagerService: acquireDVFSLockLocked : type : DVFS_MIN_LIMIT  frequency : 1190400  uid : 1000  pid : 1553  pkgName : ACTIVITY_RESUME_BOOSTER@10
04-28 22:47:49.640  1553  4090 D ActivityManager: mDVFSHelper.acquire()
04-28 22:47:49.650   416  2015 D audio_hw_primary: out_set_parameters: enter: usecase(1: low-latency-playback) kvpairs: routing=2
04-28 22:47:49.650   416  2015 V audio_hw_primary: select_devices: ENTER
04-28 22:47:49.650   416  2015 V audio_hw_primary: select_devices: usecase(normal)
04-28 22:47:49.650   416  2015 V audio_hw_primary: select_devices: usecase(PCM_PLAYBACK)
04-28 22:47:49.650   416  2015 V msm8974_platform: platform_get_output_snd_device: enter: output devices(0x2)
04-28 22:47:49.650   416  2015 V msm8974_platform: get_OUTPUT_snd_device: for Normal Playback
04-28 22:47:49.650   416  2015 V msm8974_platform: platform_get_output_snd_device: exit: snd_device(speaker)
04-28 22:47:49.650   416  2015 V audio_hw_primary: out_set_parameters: exit: code(0)
04-28 22:47:49.650   416  2015 D AudioFlinger: setCurDevice() 0x2
04-28 22:47:49.650   416  2010 D audio_hw_primary: adev_set_parameters: enter: TFA_SETVOLUME=15
04-28 22:47:49.650   416  2010 V voice   : voice_set_parameters: enter: TFA_SETVOLUME=15
04-28 22:47:49.650   416  2010 V voice   : voice_set_parameters: exit with code(-2)
04-28 22:47:49.650   416  2010 V msm8974_platform: platform_set_parameters: enter: TFA_SETVOLUME=15
04-28 22:47:49.650   416  2010 V msm8974_platform: platform_set_parameters: exit with code(-2)
04-28 22:47:49.650   416  2010 D audio_hw_hfp: audio_extn_hfp_set_parameters: enter
04-28 22:47:49.650   416  2010 V audio_hw_primary: adev_set_parameters: exit
04-28 22:47:49.650   416  2010 D audio_hw_primary: adev_set_parameters: enter: TFA_SETVOLUME=15
04-28 22:47:49.650   416  2010 V voice   : voice_set_parameters: enter: TFA_SETVOLUME=15
04-28 22:47:49.650   416  2010 V voice   : voice_set_parameters: exit with code(-2)
04-28 22:47:49.650   416  2010 V msm8974_platform: platform_set_parameters: enter: TFA_SETVOLUME=15
04-28 22:47:49.650   416  2010 V msm8974_platform: platform_set_parameters: exit with code(-2)
04-28 22:47:49.650   416  2010 D audio_hw_hfp: audio_extn_hfp_set_parameters: enter
04-28 22:47:49.650   416  2010 V audio_hw_primary: adev_set_parameters: exit
04-28 22:47:49.650  1553  4090 D ActivityTrigger: ActivityTrigger activityPauseTrigger 
04-28 22:47:49.650  1553  4090 V WindowManager: addAppToken: AppWindowToken{b9d68b8 token=Token{daadf1b ActivityRecord{32752a u0 eu.siacs.conversations/.ui.ManageAccountActivity t15742}}} to stack=1 task=15742 at 1
04-28 22:47:49.660  1553  4090 D InputDispatcher: Focused application set to: xxxx
04-28 22:47:49.660  1553  4090 D InputDispatcher: Focus left window: 23400
04-28 22:47:49.660  2349  2349 D PhoneStatusBar: setSystemUiVisibility vis=8600 mask=ffffffff oldVal=8000 newVal=8600 diff=600
04-28 22:47:49.660  1553  1826 D PointerIcon: setMouseIconStyle1 pointerType: 1001 iconType:101 flag:0 pid:1553 uid:1000
04-28 22:47:49.660  1553  1826 D PointerIcon: setMouseCustomIcon IconType is same.101
04-28 22:47:49.660  1553  1740 D StatusBarManagerService: manageDisableList userId=0 what=0x0 pkg=Window{c155e4f u0 d0 p23400 eu.siacs.conversations/eu.siacs.conversations.ui.StartConversationActivity}
04-28 22:47:49.670  1553  1576 D InputMethodManagerService: windowGainedFocus mCurrentFocusedUserId - 0 and mSecureKeypadEnabled-false
04-28 22:47:49.680   416  2015 D AudioFlinger: mixer(0xb0706008) throttle end: throttle time(7)
04-28 22:47:49.690  1553  1553 D GameManagerService: NotifyRunnable. pkg: eu.siacs.conversations, type: 4, isMinimized: false, isTunableApp: false
04-28 22:47:49.690  1553  1553 D GameManagerService: unexpected mPrevNotiType: -1
04-28 22:47:49.700  1553  1734 V MARsPolicyManager: updatePackagesScore PackageInfo name -- eu.siacs.conversations
04-28 22:47:49.740 23400 23400 D AbsListView: Get MotionRecognitionManager
04-28 22:47:49.750 23400 23400 E MotionRecognitionManager: mSContextService = null
04-28 22:47:49.750 23400 23400 E MotionRecognitionManager: motionService = com.samsung.android.motion.IMotionRecognitionService$Stub$Proxy@3284ab1
04-28 22:47:49.750  1553  2171 D MotionRecognitionService:  ssp status : false
04-28 22:47:49.760 23400 23400 D ViewRootImpl: #1 mView = com.android.internal.policy.PhoneWindow$DecorView{745e0ed I.E...... R.....ID 0,0-0,0}
04-28 22:47:49.760 23400 23400 D SecWifiDisplayUtil: Metadata value : none
04-28 22:47:49.770  1553  4113 D ActivityManager: post active user change for 0 fullscreen true isFloatingActivity() false isHomeActivity() false
04-28 22:47:49.770  1553  4113 D KnoxTimeoutHandler: postActiveUserChange [MsgParam] userId: 0 fullscreen is true showWhenlocked is false
04-28 22:47:49.770  1553  1553 D KnoxTimeoutHandler: handleActiveUserChange [MsgParam] userId: 0 fullscreen is true showWhenlocked is false
04-28 22:47:49.770  1553  1553 I KnoxTimeoutHandler: Shared devices show user statefalse
04-28 22:47:49.770   345   345 I SurfaceFlinger: id=3405 createSurf (1x1),1 flag=404, NanageAccou
04-28 22:47:49.770  1553  1740 D StatusBarManagerService: manageDisableList userId=0 what=0x0 pkg=Window{71c5864 u0 d0 p23400 eu.siacs.conversations/eu.siacs.conversations.ui.ManageAccountActivity}
04-28 22:47:49.780  1553  4441 D InputDispatcher: Focus entered window: 23400
04-28 22:47:49.780  1553  1826 D PointerIcon: setMouseIconStyle1 pointerType: 1001 iconType:101 flag:0 pid:1553 uid:1000
04-28 22:47:49.780  1553  1826 D PointerIcon: setMouseCustomIcon IconType is same.101
04-28 22:47:49.800   416  2011 I APM::AudioPolicyManager: stopOutput() output 4, stream 1, session 12088
04-28 22:47:49.800 23400 23400 D AbsListView:  onsize change 
04-28 22:47:49.830 23400 23400 D AbsListView:  onsize change 
04-28 22:47:49.850  1553  2171 V WindowStateAnimator: Finishing drawing window Window{71c5864 u0 d0 p23400 eu.siacs.conversations/eu.siacs.conversations.ui.ManageAccountActivity}: mDrawState=DRAW_PENDING
04-28 22:47:49.850 23400 23400 D ViewRootImpl: MSG_RESIZED_REPORT: ci=Rect(0, 36 - 0, 0) vi=Rect(0, 36 - 0, 0) or=1
04-28 22:47:49.860  1553  4090 D InputMethodManagerService: windowGainedFocus mCurrentFocusedUserId - 0 and mSecureKeypadEnabled-false
04-28 22:47:49.870  1553  1826 D KnoxTimeoutHandler: notifyActivityDrawn [MsgParam] userId: 0 fullscreen is true showWhenlocked is false
04-28 22:47:49.870  1553  1553 D KnoxTimeoutHandler: activityDrawn [MsgParam] userId: 0 fullscreen is true showWhenlocked is false
04-28 22:47:49.870  1553  1826 I ActivityManager: Displayed eu.siacs.conversations/.ui.ManageAccountActivity: +181ms
04-28 22:47:49.870  1553  1553 I KnoxTimeoutHandler: SD activityfalse
04-28 22:47:49.870  1553  1553 I KnoxTimeoutHandler: Fullscreen and mCurrent is not KNOX user. Hence hide keyguard
04-28 22:47:49.870  1553  4090 V AlarmManager:  remove PendingIntent] PendingIntent{97896d0: PendingIntentRecord{517d2dc com.google.android.gms broadcastIntent}}
04-28 22:47:49.900  1553  4419 V WindowStateAnimator: Finishing drawing window Window{71c5864 u0 d0 p23400 eu.siacs.conversations/eu.siacs.conversations.ui.ManageAccountActivity}: mDrawState=HAS_DRAWN
04-28 22:47:49.930 23400 23400 I Timeline: Timeline: Activity_idle id: android.os.BinderProxy@1c7f304 time:437311488
04-28 22:47:49.940  1553  2171 D WifiService: startScan by pid=10053, uid=10012
04-28 22:47:49.950 15422 15422 I wpa_supplicant: wlan0: Setting scan request: 0 sec 0 usec
04-28 22:47:49.960 15422 15422 I wpa_supplicant: P2P: Current p2p state = IDLE
04-28 22:47:49.960 15422 15422 I wpa_supplicant: Scan requested (ret=0) - scan timeout 30 seconds
04-28 22:47:49.970  1553  1563 I art     : Background partial concurrent mark sweep GC freed 172635(9MB) AllocSpace objects, 62(1464KB) LOS objects, 22% free, 56MB/72MB, paused 11.806ms total 411.003ms
04-28 22:47:49.980  1553  4445 I AppOps  : sendInfoToFLP, code=12 , uid=10012 , packageName=com.google.android.gms , type=noteOp
04-28 22:47:50.000 23400 23400 D ViewRootImpl: #3 mView = null
04-28 22:47:50.120  1553  1826 I Timeline: Timeline: Activity_windows_visible id: ActivityRecord{32752a u0 eu.siacs.conversations/.ui.ManageAccountActivity t15742} time:437311675
04-28 22:47:50.120  1553  1734 D ActivityTrigger: ActivityTrigger activityStopTrigger 
04-28 22:47:50.120  1553  1826 D CustomFrequencyManagerService: releaseDVFSLockLocked : Getting Lock type frm List : DVFS_MIN_LIMIT  frequency : 1190400  uid : 1000  pid : 1553  tag : ACTIVITY_RESUME_BOOSTER@10
04-28 22:47:50.120  1553  1826 D CustomFrequencyManagerService: FrequencyrequestList.getNextCStateDisableRequest, index: 0
04-28 22:47:50.120  1553  1826 D ActivityManager: mDVFSHelper.release()
04-28 22:47:50.120  1553  1734 D CustomFrequencyManagerService: acquireDVFSLockLocked : type : DVFS_MIN_LIMIT  frequency : 1190400  uid : 1000  pid : 1553  pkgName : ACTIVITY_RESUME_BOOSTER@18
04-28 22:47:50.130   345   528 I SurfaceFlinger: id=3402 Removed TtartConver (3/9)
04-28 22:47:50.130   345   533 I SurfaceFlinger: id=3402 Removed TtartConver (-2/9)
04-28 22:47:50.130   345  5484 I SurfaceFlinger: id=3404 Removed QopupWindow (4/8)
04-28 22:47:50.130   345  2750 I SurfaceFlinger: id=3404 Removed QopupWindow (-2/8)
04-28 22:47:50.130  1553  1826 D KnoxTimeoutHandler: notifyActivityDrawn [MsgParam] userId: 0 fullscreen is true showWhenlocked is false
04-28 22:47:50.130  1553  1553 D KnoxTimeoutHandler: activityDrawn [MsgParam] userId: 0 fullscreen is true showWhenlocked is false
04-28 22:47:50.130 23400 23400 V ActivityThread: updateVisibility : ActivityRecord{18b35af token=android.os.BinderProxy@8d8af4c {eu.siacs.conversations/eu.siacs.conversations.ui.StartConversationActivity}} show : false
04-28 22:47:50.140  1553  1553 I KnoxTimeoutHandler: SD activityfalse
04-28 22:47:50.140  1553  1553 I KnoxTimeoutHandler: Fullscreen and mCurrent is not KNOX user. Hence hide keyguard
04-28 22:47:50.430  1553  2198 D InputReader: Input event(4): value=1 when=437311980115000
04-28 22:47:50.430  1553  2198 I InputReader: Touch event's action is 0x0 (deviceType=0) [pCnt=1, s=0.19325 ] when=437311980115000
04-28 22:47:50.430  1553  2198 D InputReader: lastThreadEndTime = 437311170992605, currentThreadStartTime = 437311170996928, diff = 0
04-28 22:47:50.430  1553  2197 I InputDispatcher: Delivering touch to (2349): action: 0x4, toolType: 1
04-28 22:47:50.430  1553  2197 I InputDispatcher: Delivering touch to (23400): action: 0x0, toolType: 1
04-28 22:47:50.430 23400 23400 D ViewRootImpl: ViewPostImeInputStage processPointer 0
04-28 22:47:50.470 15422 15422 I wpa_supplicant: nl80211: Received scan results (10 BSSes)
04-28 22:47:50.480  1553  2291 D WifiP2pService: InactiveState{ what=147461 }
04-28 22:47:50.480  1553  2291 D WifiP2pService: P2pEnabledState{ what=147461 }
04-28 22:47:50.480  1553  2291 D WifiP2pService: DefaultState{ what=147461 }
04-28 22:47:50.510  1553  1734 V BroadcastQueue: [background] Process cur broadcast BroadcastRecord{b2bc6c9 u-1 android.net.wifi.SCAN_RESULTS qIdx=4}, state= (APP_RECEIVE) DELIVERED for app ProcessRecord{855cc71 2349:com.android.systemui/u0a20}
04-28 22:47:50.520  1553  2198 D InputReader: Input event(4): value=0 when=437312077977000
04-28 22:47:50.520  1553  2198 I InputReader: Touch event's action is 0x1 (deviceType=0) [pCnt=1, s=] when=437312077977000
04-28 22:47:50.520  1553  2197 I InputDispatcher: Delivering touch to (23400): action: 0x1, toolType: 1
04-28 22:47:50.520 23400 23400 D ViewRootImpl: ViewPostImeInputStage processPointer 1
04-28 22:47:50.530 23400 23400 I Timeline: Timeline: Activity_launch_request id:eu.siacs.conversations time:437312087
04-28 22:47:50.530  1553  4445 V AudioService: AudioService playSoundEffect Type : 0, volume : -1.0
04-28 22:47:50.530  1553  2303 V AudioService: received MSG_PLAY_SOUND_EFFECT onPlaySoundEffect start
04-28 22:47:50.530   416  5390 I APM::AudioPolicyManager: getSituationVolume: isBTConnected:0 isHeadConnected:0
04-28 22:47:50.540   416   416 W AudioPolicyIntefaceImpl: Skipped to add effects on session 12089
04-28 22:47:50.540   416   416 I APM::AudioPolicyManager: startOutput() output 4, stream 1, session 12089
04-28 22:47:50.540  1553  4445 D CustomFrequencyManagerService: acquireDVFSLockLocked : type : DVFS_MIN_LIMIT  frequency : 1190400  uid : 1000  pid : 1553  pkgName : ACTIVITY_RESUME_BOOSTER@10
04-28 22:47:50.540  1553  4445 D ActivityManager: mDVFSHelper.acquire()
04-28 22:47:50.550  1553  4445 D ActivityTrigger: ActivityTrigger activityPauseTrigger 
04-28 22:47:50.550   416  2015 D audio_hw_primary: out_set_parameters: enter: usecase(1: low-latency-playback) kvpairs: routing=2
04-28 22:47:50.550   416  2015 V audio_hw_primary: select_devices: ENTER
04-28 22:47:50.550   416  2015 V audio_hw_primary: select_devices: usecase(normal)
04-28 22:47:50.550   416  2015 V audio_hw_primary: select_devices: usecase(PCM_PLAYBACK)
04-28 22:47:50.550   416  2015 V msm8974_platform: platform_get_output_snd_device: enter: output devices(0x2)
04-28 22:47:50.550   416  2015 V msm8974_platform: get_OUTPUT_snd_device: for Normal Playback
04-28 22:47:50.550   416  2015 V msm8974_platform: platform_get_output_snd_device: exit: snd_device(speaker)
04-28 22:47:50.550   416  2015 V audio_hw_primary: out_set_parameters: exit: code(0)
04-28 22:47:50.550   416  2015 D AudioFlinger: setCurDevice() 0x2
04-28 22:47:50.550   416  2010 D audio_hw_primary: adev_set_parameters: enter: TFA_SETVOLUME=15
04-28 22:47:50.550   416  2010 V voice   : voice_set_parameters: enter: TFA_SETVOLUME=15
04-28 22:47:50.550   416  2010 V voice   : voice_set_parameters: exit with code(-2)
04-28 22:47:50.550   416  2010 V msm8974_platform: platform_set_parameters: enter: TFA_SETVOLUME=15
04-28 22:47:50.550   416  2010 V msm8974_platform: platform_set_parameters: exit with code(-2)
04-28 22:47:50.550   416  2010 D audio_hw_hfp: audio_extn_hfp_set_parameters: enter
04-28 22:47:50.550   416  2010 V audio_hw_primary: adev_set_parameters: exit
04-28 22:47:50.550  1553  4445 V WindowManager: addAppToken: AppWindowToken{3184ffc token=Token{b9788ef ActivityRecord{ab11ce u0 eu.siacs.conversations/.ui.EditAccountActivity t15742}}} to stack=1 task=15742 at 2
04-28 22:47:50.560   416  2010 D audio_hw_primary: adev_set_parameters: enter: TFA_SETVOLUME=15
04-28 22:47:50.560   416  2010 V voice   : voice_set_parameters: enter: TFA_SETVOLUME=15
04-28 22:47:50.560   416  2010 V voice   : voice_set_parameters: exit with code(-2)
04-28 22:47:50.560   416  2010 V msm8974_platform: platform_set_parameters: enter: TFA_SETVOLUME=15
04-28 22:47:50.560   416  2010 V msm8974_platform: platform_set_parameters: exit with code(-2)
04-28 22:47:50.560   416  2010 D audio_hw_hfp: audio_extn_hfp_set_parameters: enter
04-28 22:47:50.560   416  2010 V audio_hw_primary: adev_set_parameters: exit
04-28 22:47:50.560  1553  4445 D InputDispatcher: Focused application set to: xxxx
04-28 22:47:50.560  1553  4445 D InputDispatcher: Focus left window: 23400
04-28 22:47:50.560  1553  1826 D PointerIcon: setMouseIconStyle1 pointerType: 1001 iconType:101 flag:0 pid:1553 uid:1000
04-28 22:47:50.560  1553  1826 D PointerIcon: setMouseCustomIcon IconType is same.101
04-28 22:47:50.570  1553  1553 D GameManagerService: NotifyRunnable. pkg: eu.siacs.conversations, type: 4, isMinimized: false, isTunableApp: false
04-28 22:47:50.570  1553  1553 D GameManagerService: unexpected mPrevNotiType: -1
04-28 22:47:50.580  1553  1734 V MARsPolicyManager: updatePackagesScore PackageInfo name -- eu.siacs.conversations
04-28 22:47:50.610  1553  1734 V BroadcastQueue: [background] Process cur broadcast BroadcastRecord{2a10685 u0 com.google.android.apps.gsa.search.core.location.FLP_LOCATION qIdx=4}, state= (APP_RECEIVE) DELIVERED for app ProcessRecord{c4f2372 27134:com.google.android.googlequicksearchbox:search/u0a49}
04-28 22:47:50.660 10053 23916 W ctxmgr  : [AclManager]No 2 for (accnt=account#-1184896947#, com.google.android.gms(10012):UserLocationProducer, vrsn=10298000, 0, 3pPkg = null ,  3pMdlId = null). Was: 2 for 1, account#-1184896947#
04-28 22:47:50.700   416  2011 I APM::AudioPolicyManager: stopOutput() output 4, stream 1, session 12089
04-28 22:47:50.700 23400 23400 D ViewRootImpl: #1 mView = com.android.internal.policy.PhoneWindow$DecorView{cd2e282 I.E...... R.....ID 0,0-0,0}
04-28 22:47:50.700  1553  4445 V BroadcastQueue: [background] Process cur broadcast BroadcastRecord{2986fe8 u0 com.google.android.apps.gsa.search.core.location.FLP_LOCATION qIdx=4}, state= (APP_RECEIVE) DELIVERED for app ProcessRecord{c4f2372 27134:com.google.android.googlequicksearchbox:search/u0a49}
04-28 22:47:50.700 23400 23400 D SecWifiDisplayUtil: Metadata value : none
04-28 22:47:50.710  1553  4445 V BroadcastQueue: [background] Process cur broadcast BroadcastRecord{341a6e7 u0 com.google.android.apps.gsa.search.core.location.FLP_LOCATION qIdx=4}, state= (APP_RECEIVE) DELIVERED for app ProcessRecord{c4f2372 27134:com.google.android.googlequicksearchbox:search/u0a49}
04-28 22:47:50.720 10053 10383 I GCoreUlr: Successfully inserted 1 locations
04-28 22:47:50.720  1553  1575 D ActivityManager: post active user change for 0 fullscreen true isFloatingActivity() false isHomeActivity() false
04-28 22:47:50.720  1553  1575 D KnoxTimeoutHandler: postActiveUserChange [MsgParam] userId: 0 fullscreen is true showWhenlocked is false
04-28 22:47:50.720  1553  1553 D KnoxTimeoutHandler: handleActiveUserChange [MsgParam] userId: 0 fullscreen is true showWhenlocked is false
04-28 22:47:50.730  1553  1553 I KnoxTimeoutHandler: Shared devices show user statefalse
04-28 22:47:50.730  1553  1553 D CustomFrequencyManagerService: releaseDVFSLockLocked : Getting Lock type frm List : DVFS_MIN_LIMIT  frequency : 1190400  uid : 1000  pid : 1553  tag : ACTIVITY_RESUME_BOOSTER@18
04-28 22:47:50.730  1553  1553 D CustomFrequencyManagerService: FrequencyrequestList.getNextMaxCPUCoreRequest, index: 2
04-28 22:47:50.740   345   345 I SurfaceFlinger: id=3406 createSurf (1x1),1 flag=404, FditAccount
04-28 22:47:50.740  1553  1740 D StatusBarManagerService: manageDisableList userId=0 what=0x0 pkg=Window{8838ca6 u0 d0 p23400 eu.siacs.conversations/eu.siacs.conversations.ui.EditAccountActivity}
04-28 22:47:50.750  1553  4444 D InputDispatcher: Focus entered window: 23400
04-28 22:47:50.750  1553  1826 D PointerIcon: setMouseIconStyle1 pointerType: 1001 iconType:101 flag:0 pid:1553 uid:1000
04-28 22:47:50.750  1553  1826 D PointerIcon: setMouseCustomIcon IconType is same.101
04-28 22:47:50.760 23400 23400 D ScrollView:  onsize change changed 
04-28 22:47:50.790 10053 10383 W GCoreUlr: Received location statuses too frequently: [LocationAvailability[isLocationAvailable: true], elapsedRealtimeNs: 554644343000000], [LocationAvailability[isLocationAvailable: true], elapsedRealtimeNs: 554644367000000]
04-28 22:47:50.820 23400 23409 I art     : Background sticky concurrent mark sweep GC freed 20491(990KB) AllocSpace objects, 2(48KB) LOS objects, 15% free, 8MB/10MB, paused 7.466ms total 58.104ms
04-28 22:47:50.830  1553  4445 V WindowStateAnimator: Finishing drawing window Window{8838ca6 u0 d0 p23400 eu.siacs.conversations/eu.siacs.conversations.ui.EditAccountActivity}: mDrawState=DRAW_PENDING
04-28 22:47:50.840 23400 23400 D ViewRootImpl: MSG_RESIZED_REPORT: ci=Rect(0, 36 - 0, 0) vi=Rect(0, 36 - 0, 0) or=1
04-28 22:47:50.840  1553  4442 D InputMethodManagerService: windowGainedFocus mCurrentFocusedUserId - 0 and mSecureKeypadEnabled-false
04-28 22:47:50.840  1553  1826 D KnoxTimeoutHandler: notifyActivityDrawn [MsgParam] userId: 0 fullscreen is true showWhenlocked is false
04-28 22:47:50.840  1553  1553 D KnoxTimeoutHandler: activityDrawn [MsgParam] userId: 0 fullscreen is true showWhenlocked is false
04-28 22:47:50.840  1553  1826 I ActivityManager: Displayed eu.siacs.conversations/.ui.EditAccountActivity: +273ms
04-28 22:47:50.850  1553  1553 I KnoxTimeoutHandler: SD activityfalse
04-28 22:47:50.850  1553  1553 I KnoxTimeoutHandler: Fullscreen and mCurrent is not KNOX user. Hence hide keyguard
04-28 22:47:50.860  1553  4402 V WindowStateAnimator: Finishing drawing window Window{8838ca6 u0 d0 p23400 eu.siacs.conversations/eu.siacs.conversations.ui.EditAccountActivity}: mDrawState=HAS_DRAWN
04-28 22:47:50.890 23400 24559 D OpenGLRenderer: endAllStagingAnimators on 0xb7fdb548 (RippleDrawable) with handle 0xb7bbcd90
04-28 22:47:50.890  2349  2349 D StatusBar.NetworkController: onSignalStrengthsChanged signalStrength=SignalStrength: 99 99 -120 -160 -120 -1 -1 31 -77 -12 206 -1 2147483647 0x4000 gsm|lte level=4
04-28 22:47:50.890  2349  2349 D StatusBar.NetworkController: updateTelephonySignalStrength: hasService=true ss=SignalStrength: 99 99 -120 -160 -120 -1 -1 31 -77 -12 206 -1 2147483647 0x4000 gsm|lte
04-28 22:47:50.890  2349  2349 D StatusBar.NetworkController: updateTelephonySignalStrength: iconLevel=4
04-28 22:47:50.890  2349  2349 D StatusBar.NetworkController: updateTelephonySignalStrength, No signal level. mPhoneSignalIconId = com.android.systemui:drawable/stat_sys_signal_4_auto_rotate mDataSignalIconId = com.android.systemui:drawable/stat_sys_signal_4_auto_rotate mQSPhoneSignalIconId = com.android.systemui:drawable/ic_qs_signal_4 mContentDescriptionPhoneSignal = Phone signal full.
04-28 22:47:50.890 23400 23400 I Timeline: Timeline: Activity_idle id: android.os.BinderProxy@d8a59cd time:437312448
04-28 22:47:50.900  1553  1826 D WindowAnimator: Skip setting animation background if there is an exiting window only.
04-28 22:47:50.910  1553  1826 D WindowAnimator: Skip setting animation background if there is an exiting window only.
04-28 22:47:50.930  1553  1826 D WindowAnimator: Skip setting animation background if there is an exiting window only.
04-28 22:47:50.950  1553  1826 D WindowAnimator: Skip setting animation background if there is an exiting window only.
04-28 22:47:50.960  1553  1826 D WindowAnimator: Skip setting animation background if there is an exiting window only.
04-28 22:47:50.980  1553  1826 D WindowAnimator: Skip setting animation background if there is an exiting window only.
04-28 22:47:50.990  2349  2349 D StatusBar.NetworkController: refreshViews connected={ wifi } level=4 combinedSignalIconId=0x7f020655/com.android.systemui:drawable/stat_sys_wifi_signal_4 mobileLabel=O2 - UK wifiLabel="VM348613-2G" emergencyOnly=false combinedLabel="VM348613-2G" mAirplaneMode=false mDataActivity=0 mPhoneSignalIconId=0x7f0205d0/com.android.systemui:drawable/stat_sys_signal_4_auto_rotate mQSPhoneSignalIconId=0x7f02015f/com.android.systemui:drawable/ic_qs_signal_4 mDataDirectionIconId=0x0/(null) mDataSignalIconId=0x7f0205d0/com.android.systemui:drawable/stat_sys_signal_4_auto_rotate mDataTypeIconId=0x7f020401/com.android.systemui:drawable/stat_sys_data_connected_4g mQSDataTypeIconId=0x7f020160/com.android.systemui:drawable/ic_qs_signal_4g mNoSimIconId=0x0/(null) mWifiIconId=0x7f020655/com.android.systemui:drawable/stat_sys_wifi_signal_4 mQSWifiIconId=0x7f020330/com.android.systemui:drawable/qs_tile_wifi_signal_4 mWifiActivityIconId=0x7f020606/com.android.systemui:drawable/stat_sys_signal_no_inout mBluetoothTetherIconId=0x7f02062c/com.android.systemui:drawable/stat_sys_tether_bluetooth
04-28 22:47:50.990  2349  2349 D StatusBar.NetworkController: refreshNwBoosterIndicator - setNWBoosterIndicators(false)
04-28 22:47:50.990  2349  2349 D StatusBar.NetworkController: refreshNwBoosterIndicator - setNWBoosterIndicators(false)
04-28 22:47:50.990  2349  2349 D StatusBar.NetworkController: refreshNwBoosterIndicator - setNWBoosterIndicators(false)
04-28 22:47:50.990  2349  2349 D StatusBar.NetworkController: refreshNwBoosterIndicator - setNWBoosterIndicators(false)
04-28 22:47:50.990  1553  1826 D WindowAnimator: Skip setting animation background if there is an exiting window only.
04-28 22:47:51.010  1553  1826 D WindowAnimator: Skip setting animation background if there is an exiting window only.
04-28 22:47:51.030  1553  1826 D WindowAnimator: Skip setting animation background if there is an exiting window only.
04-28 22:47:51.050  1553  1826 D WindowAnimator: Skip setting animation background if there is an exiting window only.
04-28 22:47:51.060  1553  1826 D WindowAnimator: Skip setting animation background if there is an exiting window only.
04-28 22:47:51.080  1553  1826 D WindowAnimator: Skip setting animation background if there is an exiting window only.
04-28 22:47:51.100  2349  2349 D KeyguardUpdateMonitor: received broadcast android.intent.action.BATTERY_CHANGED
04-28 22:47:51.100  2349  2349 I PERF    : received broadcast android.intent.action.BATTERY_CHANGED
04-28 22:47:51.100  2349  2349 D KeyguardUpdateMonitor: handleBatteryUpdate
04-28 22:47:51.100  1553  1826 D WindowAnimator: Skip setting animation background if there is an exiting window only.
04-28 22:47:51.100  1553  4113 D BatteryService: !@BatteryListener : batteryPropertiesChanged!
04-28 22:47:51.100  1553  4113 D BatteryService: level:64, scale:100, status:2, health:2, present:true, voltage: 3948, temperature: 300, technology: Li-ion, AC powered:false, USB powered:true, POGO powered:false, Wireless powered:false, icon:17303606, invalid charger:0, maxChargingCurrent:0
04-28 22:47:51.100  1553  4113 D BatteryService: online:4, current avg:0, charge type:1, power sharing:false, high voltage charger:false, capacity:190000, batterySWSelfDischarging:false, current_now:0
04-28 22:47:51.100  1553  1553 D BatteryService: Sending ACTION_BATTERY_CHANGED.
04-28 22:47:51.100  1553  1553 I MotionRecognitionService: Plugged
04-28 22:47:51.100  1553  1553 D MotionRecognitionService:   cableConnection= 1
04-28 22:47:51.100  1553  1553 D MotionRecognitionService: setPowerConnected | current backoff  = 5120 , state =5120
04-28 22:47:51.100  1553  1553 D MotionRecognitionService: skip setTransmitPower. 
04-28 22:47:51.100  1553  1553 D GameManagerService: new battery level: 64
04-28 22:47:51.120  2349  2349 D BatteryMeterView: ACTION_BATTERY_CHANGED : level:64 status:2 health:2
04-28 22:47:51.120  2349  2349 D BatteryMeterView: ACTION_BATTERY_CHANGED : level:64 status:2 health:2
04-28 22:47:51.120  2349  2349 D BatteryMeterView: ACTION_BATTERY_CHANGED : level:64 status:2 health:2
04-28 22:47:51.120  2349  2349 D SViewCoverView: BroadcastReceiver onReceive() : action : android.intent.action.BATTERY_CHANGED
04-28 22:47:51.120  2349  2349 D SViewCoverView: level :64 plugged : 2
04-28 22:47:51.130  1553  1826 I Timeline: Timeline: Activity_windows_visible id: ActivityRecord{ab11ce u0 eu.siacs.conversations/.ui.EditAccountActivity t15742} time:437312684
04-28 22:47:51.130  1553  1734 D ActivityTrigger: ActivityTrigger activityStopTrigger 
04-28 22:47:51.130   345  5484 I SurfaceFlinger: id=3405 Removed NanageAccou (4/8)
04-28 22:47:51.130   345 10596 I SurfaceFlinger: id=3405 Removed NanageAccou (-2/8)
04-28 22:47:51.130  1553  1826 D CustomFrequencyManagerService: releaseDVFSLockLocked : Getting Lock type frm List : DVFS_MIN_LIMIT  frequency : 1190400  uid : 1000  pid : 1553  tag : ACTIVITY_RESUME_BOOSTER@10
04-28 22:47:51.130  1553  1826 D CustomFrequencyManagerService: FrequencyrequestList.getNextCStateDisableRequest, index: 0
04-28 22:47:51.130  1553  1826 D ActivityManager: mDVFSHelper.release()
04-28 22:47:51.140  1553  1826 D KnoxTimeoutHandler: notifyActivityDrawn [MsgParam] userId: 0 fullscreen is true showWhenlocked is false
04-28 22:47:51.140  1553  1553 D KnoxTimeoutHandler: activityDrawn [MsgParam] userId: 0 fullscreen is true showWhenlocked is false
04-28 22:47:51.140  1553  1553 I KnoxTimeoutHandler: SD activityfalse
04-28 22:47:51.140  1553  1553 I KnoxTimeoutHandler: Fullscreen and mCurrent is not KNOX user. Hence hide keyguard
04-28 22:47:51.140  1553  1734 D CustomFrequencyManagerService: acquireDVFSLockLocked : type : DVFS_MIN_LIMIT  frequency : 1190400  uid : 1000  pid : 1553  pkgName : ACTIVITY_RESUME_BOOSTER@18
04-28 22:47:51.140 23400 23400 V ActivityThread: updateVisibility : ActivityRecord{9a849f5 token=android.os.BinderProxy@1c7f304 {eu.siacs.conversations/eu.siacs.conversations.ui.ManageAccountActivity}} show : false
04-28 22:47:51.580  2489  2489 D Recents : onTaskStackChanged
04-28 22:47:51.660  1553  6841 D SSRM:s  : SIOP:: AP = 450, CP = 34, LCD = 4
04-28 22:47:51.660  1553  6841 D ConnectivityService: returning getNetworkInfo for network type 1 : [type: WIFI[] - WIFI, state: CONNECTED/CONNECTED, reason: (unspecified), extra: "VM348613-2G", roaming: false, failover: false, isAvailable: true]
04-28 22:47:51.690  1553  6841 D SSRM:P  : reading: 45 45 0
04-28 22:47:51.740  1553  1553 D CustomFrequencyManagerService: releaseDVFSLockLocked : Getting Lock type frm List : DVFS_MIN_LIMIT  frequency : 1190400  uid : 1000  pid : 1553  tag : ACTIVITY_RESUME_BOOSTER@18
04-28 22:47:51.740  1553  1553 D CustomFrequencyManagerService: FrequencyrequestList.getNextCStateDisableRequest, index: 0
04-28 22:47:51.830  1553  2198 D InputReader: Input event(4): value=1 when=437313383345000
04-28 22:47:51.830  1553  2198 I InputReader: Touch event's action is 0x0 (deviceType=0) [pCnt=1, s=0.19326 ] when=437313383345000
04-28 22:47:51.830  1553  2198 D InputReader: lastThreadEndTime = 437312078242448, currentThreadStartTime = 437312078246094, diff = 0
04-28 22:47:51.830  1553  2197 I InputDispatcher: Delivering touch to (2349): action: 0x4, toolType: 1
04-28 22:47:51.830  1553  2197 I InputDispatcher: Delivering touch to (23400): action: 0x0, toolType: 1
04-28 22:47:51.830 23400 23400 D ViewRootImpl: ViewPostImeInputStage processPointer 0
04-28 22:47:51.920  1553  2198 D InputReader: Input event(4): value=0 when=437313474861000
04-28 22:47:51.920  1553  2198 I InputReader: Touch event's action is 0x1 (deviceType=0) [pCnt=1, s=] when=437313474861000
04-28 22:47:51.920  1553  2197 I InputDispatcher: Delivering touch to (23400): action: 0x1, toolType: 1
04-28 22:47:51.920 23400 23400 D ViewRootImpl: ViewPostImeInputStage processPointer 1
04-28 22:47:51.940  1553  2735 V AudioService: AudioService playSoundEffect Type : 0, volume : -1.0
04-28 22:47:51.940  1553  2303 V AudioService: received MSG_PLAY_SOUND_EFFECT onPlaySoundEffect start
04-28 22:47:51.940   416  2020 I APM::AudioPolicyManager: getSituationVolume: isBTConnected:0 isHeadConnected:0
04-28 22:47:51.940   416 11954 W AudioPolicyIntefaceImpl: Skipped to add effects on session 12090
04-28 22:47:51.940   416 11954 I APM::AudioPolicyManager: startOutput() output 4, stream 1, session 12090
04-28 22:47:51.940  1553  4113 D ApplicationPolicy: isStatusBarNotificationAllowedAsUser: packageName = android,userId = -1
04-28 22:47:51.950  1553  1553 D MARsPolicyManager: NotificationListenerService OngoingNotificationPosted : android
04-28 22:47:51.950  1553  1553 D InputMethodManagerService: [HARDWARE_KEYBOARD] (refreshImeWindowVis) mImeWindowVis= 3 inputVisible = truehaveHardKeyboard = false hardKeyShown = false
04-28 22:47:51.960   416  2015 D audio_hw_primary: out_set_parameters: enter: usecase(1: low-latency-playback) kvpairs: routing=2
04-28 22:47:51.960   416  2015 V audio_hw_primary: select_devices: ENTER
04-28 22:47:51.960   416  2015 V audio_hw_primary: select_devices: usecase(normal)
04-28 22:47:51.960   416  2015 V audio_hw_primary: select_devices: usecase(PCM_PLAYBACK)
04-28 22:47:51.960   416  2015 V msm8974_platform: platform_get_output_snd_device: enter: output devices(0x2)
04-28 22:47:51.960   416  2015 V msm8974_platform: get_OUTPUT_snd_device: for Normal Playback
04-28 22:47:51.960   416  2015 V msm8974_platform: platform_get_output_snd_device: exit: snd_device(speaker)
04-28 22:47:51.960   416  2015 V audio_hw_primary: out_set_parameters: exit: code(0)
04-28 22:47:51.960   416  2015 D AudioFlinger: setCurDevice() 0x2
04-28 22:47:51.960   416  2010 D audio_hw_primary: adev_set_parameters: enter: TFA_SETVOLUME=15
04-28 22:47:51.960   416  2010 V voice   : voice_set_parameters: enter: TFA_SETVOLUME=15
04-28 22:47:51.960   416  2010 V voice   : voice_set_parameters: exit with code(-2)
