04-28 22:50:16.410  1553  1834 D SensorManager: unregisterListener ::   
04-28 22:50:16.410  1553  1834 V KeyguardServiceDelegate: onScreenTurnedOff()
04-28 22:50:16.410  2349 18317 D KeyguardViewMediator: notifyScreenTurnedOff
04-28 22:50:16.410  2349  2349 I PERF    : KeyguardViewMediator - handleNotifyScreenTurnedOff() start
04-28 22:50:16.410  2349  2349 D KeyguardViewMediator: handleNotifyScreenTurnedOff
04-28 22:50:16.410  2349  2349 I PERF    : KeyguardViewMediator - handleNotifyScreenTurnedOff() end
04-28 22:50:16.410  1553  1834 D DisplayPowerController: mWindowManagerPolicy.screenTurnedOff(0)
04-28 22:50:16.420  1553  1834 D DisplayPowerController: [Dual Screen Compatible] state[0] :1
04-28 22:50:16.430  1553 28095 D MISC PowerHAL: sysfs_write +: /sys/class/input/event1/device/enabled: 0
04-28 22:50:16.430  1553 28096 D MISC PowerHAL: sysfs_write +: /sys/class/input/event2/device/enabled: 0
04-28 22:50:16.430  1553 28095 D MISC PowerHAL: sysfs_write -: /sys/class/input/event1/device/enabled: 0
04-28 22:50:16.430  1553  2198 D InputReader: Input event(7): value=0 when=437457987045000
04-28 22:50:16.430  1553  2198 I InputReader: Dropping key up from device because the key was not down.
04-28 22:50:16.430  1553  1834 D DisplayPowerController: getFinalBrightness : Summary is 0 -> 0
04-28 22:50:16.430  1553  1834 D DisplayPowerController: Animating brightness: target=0, rate=0 (PSM:false, AB limit:(-1 ~ -1) MB Limit:(-1 ~ -1))
04-28 22:50:16.430  1553  1834 D DisplayPowerController: animateScreenStateChange[0]: target=1
04-28 22:50:16.430  1553  1834 D DisplayPowerController: [Dual Screen Compatible] state[0] :1
04-28 22:50:16.430  1553  1834 D DisplayPowerController: getFinalBrightness : Summary is 0 -> 0
04-28 22:50:16.430  1553  1834 D DisplayPowerController: Animating brightness: target=0, rate=0 (PSM:false, AB limit:(-1 ~ -1) MB Limit:(-1 ~ -1))
04-28 22:50:16.450  1553  4298 D SensorService: SensorEventConnection::SocketBufferSize, SystemSocketBufferSize - 4096, 8388608
04-28 22:50:16.450  1553  4442 I Sensors : AccelerometerSensor(0) setDelay : 20000000(ns)
04-28 22:50:16.450  1553  4442 I Sensors : AccelerometerSensor enable: mEnabled 0, handle 0, en 1
04-28 22:50:16.460 10053 28094 D SensorManager: registerListener :: 0, BMC150 Acceleration Sensor, 20000, 0,  
04-28 22:50:16.490  1553 28096 D MISC PowerHAL: sysfs_write -: /sys/class/input/event2/device/enabled: 0
04-28 22:50:16.490  1553  1865 D MISC PowerHAL: sysfs_write +: /sys/class/power_supply/battery/lcd: 0
04-28 22:50:16.490  1553  1865 D MISC PowerHAL: sysfs_write -: /sys/class/power_supply/battery/lcd: 0
04-28 22:50:16.490  1553  1865 D PowerManagerService-JNI: Excessive delay in MISC setInteractive(false) while turning screen off: 55ms
04-28 22:50:16.490  1553  1865 I QTI PowerHAL: Got set_interactive hint
04-28 22:50:16.490  1553  1865 E QCOM PowerHAL: Error opening sys/devices/system/cpu/cpu0/cpufreq/scaling_governor: No such file or directory
04-28 22:50:16.490  1553  1865 E QCOM PowerHAL: Error opening sys/devices/system/cpu/cpu1/cpufreq/scaling_governor: No such file or directory
04-28 22:50:16.490  1553  1865 E QCOM PowerHAL: Error opening sys/devices/system/cpu/cpu2/cpufreq/scaling_governor: No such file or directory
04-28 22:50:16.490  1553  1865 E QCOM PowerHAL: Error opening sys/devices/system/cpu/cpu3/cpufreq/scaling_governor: No such file or directory
04-28 22:50:16.490  1553  1865 E QTI PowerHAL: Can't obtain scaling governor.
04-28 22:50:16.490   345   345 D SurfaceFlinger: Set power mode=0, type=0 flinger=0xb7485f30
04-28 22:50:16.490   345   345 D qdhwcomposer: hwc_setPowerMode: Setting mode 0 on display: 0
04-28 22:50:16.490   345   345 E qdutils : int qdutils::getHDMINode(): Failed to open fb node 2
04-28 22:50:16.490   345   345 E qdutils : int qdutils::getHDMINode(): Failed to open fb node 3
04-28 22:50:16.490   345   345 E qdutils : int qdutils::getHDMINode(): Failed to find HDMI node
04-28 22:50:16.490  1553  1865 D PowerManagerUtil: Excessive delay in nativeSetInteractive(false): 58ms
04-28 22:50:16.490  1553  1865 D DisplayManagerService: !@display_state: ON -> OFF brightness: 0 -> 0
04-28 22:50:16.490  1553  1826 I DisplayManagerService: Display device changed state: "Built-in Screen", OFF
04-28 22:50:16.750   345   795 I qdhwcomposer: handle_blank_event: dpy:0 panel power state: 0
04-28 22:50:16.750   345   795 E qdutils : int qdutils::getHDMINode(): Failed to open fb node 2
04-28 22:50:16.750   345   795 E qdutils : int qdutils::getHDMINode(): Failed to open fb node 3
04-28 22:50:16.750   345   795 E qdutils : int qdutils::getHDMINode(): Failed to find HDMI node
04-28 22:50:16.750   345   345 D qdhwcomposer: hwc_setPowerMode: Done setting mode 0 on display 0
04-28 22:50:16.750  1553  1865 D SurfaceControl: Excessive delay in setPowerMode(): 256ms
04-28 22:50:16.750  1553  1865 I libsuspend: !@autosuspend_wakeup_count_enable
04-28 22:50:16.750  1553  1865 I libsuspend: !@autosuspend_wakeup_count_enable done
04-28 22:50:16.750  1553  2326 I WindowManager: Finished going to sleep... (why=2)
04-28 22:50:16.750  1553  2326 D PersonaManagerService: onfinishedGoingToSleep why = 2
04-28 22:50:16.750  2349  6993 D KeyguardViewMediator: onFinishedGoingToSleep(2)
04-28 22:50:16.750  2349  6993 D KeyguardViewMediator: onFinishedGoingToSleep: mPendingLock true
04-28 22:50:16.750  2349  6993 D KeyguardViewMediator: notifyFinishedGoingToSleep
04-28 22:50:16.750  2349  2349 I PERF    : KeyguardViewMediator - handleNotifyFinishedGoingToSleep() start
04-28 22:50:16.750  1553  1918 D PersonaManagerServiceHandler: MSG_ACTION_SCREEN_OFF called
04-28 22:50:16.750  2349  6993 D KeyguardViewMediator: doKeyguardLocked: started
04-28 22:50:16.750  1553  1865 D PowerManagerUtil: Excessive delay in !@display_state: OFF: 260ms
04-28 22:50:16.750  1553  1834 D DisplayPowerController: animateScreenStateChange[0]: target=1
04-28 22:50:16.750  1553  1834 D DisplayPowerController: [Dual Screen Compatible] state[0] :1
04-28 22:50:16.750  1553  1834 D DisplayPowerController: getFinalBrightness : Summary is 0 -> 0
04-28 22:50:16.750  1553  1834 D DisplayPowerController: Animating brightness: target=0, rate=0 (PSM:false, AB limit:(-1 ~ -1) MB Limit:(-1 ~ -1))
04-28 22:50:16.750  1553  1834 D DisplayPowerController: animateScreenStateChange[0]: target=1
04-28 22:50:16.750  1553  1834 D DisplayPowerController: [Dual Screen Compatible] state[0] :1
04-28 22:50:16.750  1553  1834 D DisplayPowerController: getFinalBrightness : Summary is 0 -> 0
04-28 22:50:16.750  1553  1834 D DisplayPowerController: Animating brightness: target=0, rate=0 (PSM:false, AB limit:(-1 ~ -1) MB Limit:(-1 ~ -1))
04-28 22:50:16.750  1553  1865 D PowerManagerUtil: Excessive delay in DisplayManagerInternal.requestDesiredDisplayState: 319ms
04-28 22:50:16.750  1553  1834 D PowerManagerService: [s] DisplayPowerCallbacks : onStateChanged()
04-28 22:50:16.750  1553  1834 D PowerManagerService: mDisplayReady: true
04-28 22:50:16.750  1553  1834 D PowerManagerService: [PWL] sb release: PowerManagerService.Display
04-28 22:50:16.750  1553  1834 I PowerManagerService: [PWL] Off : 0s ago
04-28 22:50:16.750  1553  1834 I PowerManagerService: [PWL]   PowerManagerService.WakeLocks: ref count=1
04-28 22:50:16.750  1553  1834 I PowerManagerService: [PWL]     mWakeLockSummary : 0x1
04-28 22:50:16.750  1553  1834 I PowerManagerService: [PWL]       PARTIAL_WAKE_LOCK              'AudioMix' (uid=1013, pid=0, ws=null) (elapsedTime=3984)
04-28 22:50:16.750  1553  1834 I PowerManagerService: [PWL]       PARTIAL_WAKE_LOCK              'update sviewcover' (uid=1000, pid=1553, ws=null) (elapsedTime=862)
04-28 22:50:16.750  1553  1834 I PowerManagerService: [PWL]       PARTIAL_WAKE_LOCK              'NlpCollectorWakeLock' (uid=10012, pid=10053, ws=WorkSource{10012 com.google.android.gms}) (elapsedTime=316)
04-28 22:50:16.750  1553  1834 I PowerManagerService: [PWL]       PARTIAL_WAKE_LOCK              'NlpCollectorWakeLock' (uid=10012, pid=10053, ws=WorkSource{10012 com.google.android.gms}) (elapsedTime=304)
04-28 22:50:16.750  1553  1834 I PowerManagerService: [PWL]       PARTIAL_WAKE_LOCK              'NlpCollectorWakeLock' (uid=10012, pid=10053, ws=WorkSource{10012 com.google.android.gms}) (elapsedTime=304)
04-28 22:50:16.750  1553  1834 D PowerManagerService: handleSandman : startDreaming: true  (canDreamLocked: false  canDozeLocked: true)
04-28 22:50:16.750  1553  1834 D PowerManagerService: handleSandman : startDream(true)
04-28 22:50:16.750  1553  1834 E PowerManagerService: handleSandman : startDreaming, but isDreaming false
04-28 22:50:16.750  1553  1834 I PowerManagerService: Sleeping (uid 1000)...
04-28 22:50:16.750  1553  1834 D PowerManagerService: [s] UserActivityState : 1 -> 0
04-28 22:50:16.750  1553  1834 D PowerManagerService: [PWL] sb acquire: PowerManagerService.Broadcasts
04-28 22:50:16.760  2349  6993 D FactoryTest: checkAutomationTestOption() : option=0
04-28 22:50:16.760  2349  6993 D FactoryTest: checkAutomationTestOption() : mode_screenlock=0
04-28 22:50:16.760  2349  6993 D KeyguardViewMediator: isAutoUnlockEnabled in KeyguardViewMediator = false
04-28 22:50:16.760  2349  6993 D KeyguardViewMediator: doKeyguard: showing the lock screen
04-28 22:50:16.760  2349  6993 D KeyguardViewMediator: showLocked
04-28 22:50:16.760  2349  2349 D KeyguardViewMediator: handleNotifyFinishedGoingToSleep
04-28 22:50:16.760  2349  2349 I PERF    : KeyguardViewMediator - handleNotifyFinishedGoingToSleep() end
04-28 22:50:16.760  2349  2349 D KeyguardViewMediator: handleShow
04-28 22:50:16.760  2349  2349 D KeyguardViewMediator: Shared devicesfalse
04-28 22:50:16.760  2349  2349 D KeyguardViewMediator: Kiosk container not exists on device. handleShow
04-28 22:50:16.760  2349  2349 E KeyguardViewMediator: setShowingLocked mShowing true
04-28 22:50:16.760  2489  2489 D Recents_RecentsActivity: Screen off broadcast is received
04-28 22:50:16.760  2489  2489 D Recents_RecentsActivity: dismissRecentsToHome, animated=false
04-28 22:50:16.770  2349  2349 I KeyguardEffectViewController: setKeyguardShowing = true
04-28 22:50:16.780  2349  2349 D KeyguardEffectViewController: show()
04-28 22:50:16.780  2349  2349 V KeyguardUpdateMonitor: *** register callback for com.android.keyguard.sec.effect.KeyguardEffectViewController$2@98bcc14
04-28 22:50:16.780  2349  2349 V KeyguardUpdateMonitor: *** unregister callback for null
04-28 22:50:16.780  2349  2349 D VisualEffectCircleUnlockEffect: KeyguardEffectViewNone : show
04-28 22:50:16.780  2349  2349 D VisualEffectCircleUnlockEffect: clearEffect
04-28 22:50:16.780  2349  2349 D VisualEffectCircleUnlockEffect: cancelAllAnimator
04-28 22:50:16.780  2349  2349 I GeometricMosaic_Keyguard: show
04-28 22:50:16.790  2349  2349 D GeometricMosaic_Keyguard: sound : new SoundPool
04-28 22:50:16.800  2349  2349 I KeyguardEffectViewController: setHidden = false
04-28 22:50:16.800  2349  2349 D VisualEffectCircleUnlockEffect: clearEffect
04-28 22:50:16.800  2349  2349 D VisualEffectCircleUnlockEffect: cancelAllAnimator
04-28 22:50:16.800  2349  2349 D KeyguardEffectViewController: isFestivalActivated()false
04-28 22:50:16.800  2349  2349 I KeyguardEffectViewController: setFestivalKeyguardShowing = true ,:false
04-28 22:50:16.800  2349  2349 D KeyguardEffectViewController: isFestivalActivated()false
04-28 22:50:16.800  2349  2631 I GeometricMosaic_Renderer: clearEffect()
04-28 22:50:16.810  2349  2349 D KeyguardEffectViewUtil: wallpaperType :1
04-28 22:50:16.810  2349  2349 D StatusBar-Window: fnf=false sanc=true, kni=false, sbf=false
04-28 22:50:16.810  2349  2349 D CoverUI : applyFocusableFlag() : Remove SAMSUNG_FLAG_SVIEW_COVER
04-28 22:50:16.810  2349  2349 D CoverUI : applyHeight h = -1, oc = true, ex = false, fa = false, ac = false, sc = false
04-28 22:50:16.810  2349  2349 D StatusBarKeyguardViewManager: reset() mShowing = true
04-28 22:50:16.820  2349  2349 D KeyguardEffectViewUtil: wallpaperType :1
04-28 22:50:16.820  2349  2349 D StatusBar-Window: fnf=false sanc=true, kni=false, sbf=false
04-28 22:50:16.820  2349  2349 D CoverUI : applyFocusableFlag() : Remove SAMSUNG_FLAG_SVIEW_COVER
04-28 22:50:16.820  2349  2349 D CoverUI : applyHeight h = -1, oc = true, ex = false, fa = false, ac = false, sc = false
04-28 22:50:16.820  2349  2349 D PhoneStatusBar: updateKeyguardState :1
04-28 22:50:16.830  2349 28098 V MediaPlayer: decode(62, 0, 17674)
04-28 22:50:16.830  2349  2631 I GeometricMosaic_Renderer: dirty mode
04-28 22:50:16.850   416  5390 I OggExtractor: OggSource::OggSource() mExtractor ref count = 4
04-28 22:50:16.860   416  5390 I OMXCodec: Attempting to allocate OMX node 'OMX.google.vorbis.decoder'
04-28 22:50:16.880  2349  2349 D PanelView: There is/are notification(s) 
04-28 22:50:16.890  2349  2349 D StatusBar: LSSN:1
04-28 22:50:16.890  2349  2349 D StatusBar: SLN:S
04-28 22:50:16.900  2349  2349 E LSO     : LSO Service is not yet ready!!!
04-28 22:50:16.910  1553  1553 D LightsService: [api] [SvcLED] setFlashing :: id = 5, color = 0, mode = 10, onMS = 0, offMS = 0,  (uid: 1000 pid: 1553) 
04-28 22:50:16.910  1553  1553 D LightsService: [api] [SvcLED] LED indicator : Not supported.
04-28 22:50:16.910  1553  1553 D BatteryService: turn on LED for charging
04-28 22:50:16.930  2349  2349 D StatusBar.BrightnessController: updateMode : true
04-28 22:50:16.930  2349  2349 D StatusBar.BrightnessController: updateSlider : 121
04-28 22:50:16.930  1553  1553 D MotionRecognitionService:   mReceiver.onReceive : ACTION_SCREEN_OFF
04-28 22:50:16.940  1553  1734 V BroadcastQueue: [background] Process cur broadcast BroadcastRecord{8c5b4c9 u-1 com.samsung.settings.action.directaccess.CLOSE_DIALOG qIdx=4}, state= (APP_RECEIVE) DELIVERED for app ProcessRecord{a4e1a95 27325:com.android.settings/1000}
04-28 22:50:16.940  2349  2349 D StatusBar.BrightnessController: updateTwSlider : 0
04-28 22:50:16.950  2349  2349 D StatusBar-QSPanel: setSingleLine:true
04-28 22:50:16.950  2349  2349 D StatusBar-QSPanel: adjustCellWidth mButtonWidth : 101, displayWidth : 516
04-28 22:50:16.950  2349  2349 D StatusBar-QSPanel: updateButtonInfo mButtonWidth : 101 mColumns:5 orien: 1 mButtonCorrectionWidth:15
04-28 22:50:16.950  2349  2349 D StatusBar-QSPanel: setSingleLine height:142
04-28 22:50:16.950  1553  1553 D UniversalCredentialManagerService: inside mBReciever onReceive : android.intent.action.SCREEN_OFF
04-28 22:50:16.950  1553  2251 D MotionRecognitionService: Screen off setAccIntStatus 
04-28 22:50:16.950  1553  2251 E MotionRecognitionService:  handler : SCREEN_OFF end 
04-28 22:50:16.950  2349  2349 D STATUSBAR-PhoneStatusBar:  mBrightnessEnablebySettings = true mBrightnessEnablebyBattery = true mBrightnessEnablebyDisableFlag = true mPmsBrightnessEnablebySettings = true
04-28 22:50:16.950  2349  2349 D STATUSBAR-PhoneStatusBar: showHideQConnectLayout  emMode:false, mQconnectEnable:true
04-28 22:50:16.960  1553  1553 D UniversalCredentialManagerService: ****MSG_LOCK_STATUS_UPDATE block started****
04-28 22:50:16.960  1553  1553 D UniversalCredentialManagerService: notifyChangeToPlugin is called for Lock status update...
04-28 22:50:16.960  1553  1553 D UcmService: notifyChangeToPlugin event 15
04-28 22:50:16.960  1553  1553 D UcmService: checkCallerPermissionFor is called for method-notifyChangeToPlugin
04-28 22:50:16.960  1553  1553 I UcmService: checkIfNotify for cs Name = com.samsung.ucs.agent.boot:com.samsung.ucs.agent.boot Package name = com.samsung.ucs.agent.boot
04-28 22:50:16.960  1553  1553 D UcmService: notifying to unmanaged plugin
04-28 22:50:16.970  4367  4384 D BootAgentService: notifyChange eventId-15
04-28 22:50:16.970  1553  1553 D UcmService: agentService com.samsung.ucs.agent.boot:com.samsung.ucs.agent.boot notify status - -1
04-28 22:50:16.970  1553  1553 D UcmService: agentService status--1
04-28 22:50:16.970  1553  1553 I UcmService: checkIfNotify for cs Name = com.sec.smartcard.manager:com.samsung.ucs.agent.baiMobile Package name = com.sec.smartcard.manager
04-28 22:50:16.970  1553  1553 D UcmService: notifying to unmanaged plugin
04-28 22:50:16.970  4354  4376 E ucsBai_agentService: notifyChange NOT SUPPORTED
04-28 22:50:16.970  1553  1553 D UcmService: agentService com.sec.smartcard.manager:com.samsung.ucs.agent.baiMobile notify status - 0
04-28 22:50:16.970  1553  1553 D UcmService: agentService status-0
04-28 22:50:16.970  1553  1553 D UniversalCredentialManagerService: ****MSG_LOCK_STATUS_UPDATE block ended****
04-28 22:50:16.970  2349  2349 D PanelView: There is/are notification(s) 
04-28 22:50:16.970  2349  2349 D PanelView: kidsfalse mQsExpansionEnabled:true
04-28 22:50:16.970  2349  2349 D PhoneStatusBar: updateQSpanelHeight: 142 height:302
04-28 22:50:16.980  2349  2349 D PanelView: setQsHeight mQsMin:0 mQsMax:0 mQsEx:0.0mQsPeek:302
04-28 22:50:16.980   416  5390 I OMXCodec: Successfully allocated OMX node 'OMX.google.vorbis.decoder'
04-28 22:50:16.990   416  5390 I OMXCodec: [OMX.google.vorbis.decoder] OMXCodec::start mState=1
04-28 22:50:16.990   416  5390 I OMXCodec: [OMX.google.vorbis.decoder] allocating 4 buffers of size 8192 on input port
04-28 22:50:16.990   416  5390 I OMXCodec: [OMX.google.vorbis.decoder] allocating 4 buffers of size 32768 on output port
04-28 22:50:16.990   416 28100 I OMXCodec: [OMX.google.vorbis.decoder] Now Idle. Component sends idle done Event 
04-28 22:50:16.990  1553  1553 D EdgeLight: Turning off
04-28 22:50:16.990  1553  1553 D NotificationService: ACTION_SCREEN_OFF
04-28 22:50:16.990  1553  1553 D LightsService: [api] [SvcLED] turnOff:: id = 6 (uid: 1000 pid: 1553) 
04-28 22:50:16.990  1553  1553 D LightsService: [api] [SvcLED] LED indicator : Not supported.
04-28 22:50:17.000  1553  2292 D WifiStateMachine: handleScreenStateChanged, screen off, set scan interval as max value  !!!
04-28 22:50:17.000  1553  2292 D WifiNative-wlan0: callSECApiVoid - ID [19]
04-28 22:50:17.000   416 28100 I OMXCodec: [OMX.google.vorbis.decoder] 0onCmdComplete  mState =  7
04-28 22:50:17.000   416 28100 I OMXCodec: [OMX.google.vorbis.decoder] PORT_DISABLED(1)
04-28 22:50:17.000   416 28100 I OMXCodec: [OMX.google.vorbis.decoder] allocating 4 buffers of size 32768 on output port
04-28 22:50:17.010  2349  2349 D PanelView: There is/are notification(s) 
04-28 22:50:17.010  2349  2349 D PanelView: kidsfalse mQsExpansionEnabled:true
04-28 22:50:17.010 15422 15422 I wpa_supplicant: autoscan: autoscan_set_max_time, scan_interval = 128, data->limit = 128
04-28 22:50:17.010 15422 15422 I wpa_supplicant: set PERIODIC_SCAN_INTERVAL_MAX!!!
04-28 22:50:17.010   416 11953 D audio_hw_primary: adev_set_parameters: enter: screen_state=off
04-28 22:50:17.010   416 11953 V voice   : voice_set_parameters: enter: screen_state=off
04-28 22:50:17.010   416 11953 V voice   : voice_set_parameters: exit with code(-2)
04-28 22:50:17.010   416 11953 V msm8974_platform: platform_set_parameters: enter: screen_state=off
04-28 22:50:17.010   416 11953 V msm8974_platform: platform_set_parameters: exit with code(-2)
04-28 22:50:17.010   416 11953 D audio_hw_hfp: audio_extn_hfp_set_parameters: enter
04-28 22:50:17.010   416 11953 V audio_hw_primary: adev_set_parameters: exit
04-28 22:50:17.010  1553  2292 E WifiNative-wlan0: do suspend true
04-28 22:50:17.020  2349  2349 D PanelView: kidsfalse mQsExpansionEnabled:false
04-28 22:50:17.020  2349  2349 D PhoneStatusBar: updateKeyguardPreviousState :0
04-28 22:50:17.020  2349  2349 D PhoneStatusBar: makeExpandedVisible:false
04-28 22:50:17.020   416 28100 I OMXCodec: [OMX.google.vorbis.decoder] End Of Stream
04-28 22:50:17.020  2349  2349 D STATUSBAR-PhoneStatusBar:  mBrightnessEnablebySettings = true mBrightnessEnablebyBattery = true mBrightnessEnablebyDisableFlag = true mPmsBrightnessEnablebySettings = true
04-28 22:50:17.020  2349  2349 D STATUSBAR-PhoneStatusBar: showHideQConnectLayout  emMode:false, mQconnectEnable:true
04-28 22:50:17.030   416  5390 I SoundExtractor: extract() reached EOS
04-28 22:50:17.030   416  5390 I OMXCodec: [OMX.google.vorbis.decoder] stop mState=4
04-28 22:50:17.030   416  5390 I OMXCodec: [OMX.google.vorbis.decoder] stop() sendCommand(1569, OMX_CommandStateSet, OMX_StateIdle)
04-28 22:50:17.030   416 28100 I OMXCodec: [OMX.google.vorbis.decoder] Now Idle. Component sends idle done Event 
04-28 22:50:17.030   416  5390 I OMXCodec: [OMX.google.vorbis.decoder] stopOmxComponent_l() mstate = 1
04-28 22:50:17.030   416  5390 I OggExtractor: OggSource::stop() mExtractor ref count = 1
04-28 22:50:17.030   416  5390 I OggExtractor: OggSource::~OggSource() mExtractor !mStarted ref count = 1
04-28 22:50:17.030   416  5390 I OggExtractor: ~OggSource --
04-28 22:50:17.030   416  5390 I OggExtractor: ~OggExtractor ++
04-28 22:50:17.030   416  5390 I OggExtractor: ~MyOggExtractor ++ 
04-28 22:50:17.030   416  5390 I OggExtractor: ~MyOggExtractor --
04-28 22:50:17.030   416  5390 I OggExtractor: ~OggExtractor --
04-28 22:50:17.030  2349 28098 V MediaPlayer: decode(68, 0, 31262)
04-28 22:50:17.030  1553  1553 I FingerprintService: onReceive: android.intent.action.SCREEN_OFF
04-28 22:50:17.030  2349  2349 D KeyguardEffectViewUtil: wallpaperType :1
04-28 22:50:17.030  2349  2349 D StatusBar-Window: fnf=false sanc=true, kni=false, sbf=true
04-28 22:50:17.030  2349  2349 D CoverUI : applyFocusableFlag() : Remove SAMSUNG_FLAG_SVIEW_COVER
04-28 22:50:17.030  2349  2349 D CoverUI : applyHeight h = -1, oc = true, ex = true, fa = false, ac = false, sc = false
04-28 22:50:17.030   416   416 I OggExtractor: OggSource::OggSource() mExtractor ref count = 4
04-28 22:50:17.030   416   416 I OMXCodec: Attempting to allocate OMX node 'OMX.google.vorbis.decoder'
04-28 22:50:17.030  2349  2349 D PhoneStatusBar: disable: < expand ICONS* alerts SYSTEM_INFO* back home recent CLOCK* search quick_settings >
04-28 22:50:17.030   416   416 I OMXCodec: Successfully allocated OMX node 'OMX.google.vorbis.decoder'
04-28 22:50:17.030   416   416 I OMXCodec: [OMX.google.vorbis.decoder] OMXCodec::start mState=1
04-28 22:50:17.030   416   416 I OMXCodec: [OMX.google.vorbis.decoder] allocating 4 buffers of size 8192 on input port
04-28 22:50:17.030   416   416 I OMXCodec: [OMX.google.vorbis.decoder] allocating 4 buffers of size 32768 on output port
04-28 22:50:17.030  2349  2349 D PhoneStatusBar: adjustDisableFlags:false, true, false, false, 1
04-28 22:50:17.040  1553  1553 I BackgroundCompactionService: Schedule Type1 BGCompaction
04-28 22:50:17.040   416 28102 I OMXCodec: [OMX.google.vorbis.decoder] Now Idle. Component sends idle done Event 
04-28 22:50:17.040  2349  2349 D StatusBarHeaderView: userCount 1, exceptionUserCount : 0
04-28 22:50:17.040   416 28102 I OMXCodec: [OMX.google.vorbis.decoder] 0onCmdComplete  mState =  7
04-28 22:50:17.040   416 28102 I OMXCodec: [OMX.google.vorbis.decoder] PORT_DISABLED(1)
04-28 22:50:17.040   416 28102 I OMXCodec: [OMX.google.vorbis.decoder] allocating 4 buffers of size 32768 on output port
04-28 22:50:17.040  2349  2349 D STATUSBAR-QSTileView: onStateChanged: Wi-Fi
04-28 22:50:17.050  2349  2349 D KeyguardProperties: isIgnoreNationalRoaming() = false
04-28 22:50:17.050  2349  2349 D PhoneStatusBar: HomeCitySettingsDialog available = false, show = true
04-28 22:50:17.050  2349  2349 D STATUSBAR-QSTileView: onStateChanged: Location
04-28 22:50:17.050  2349  2349 D STATUSBAR-QSTileView: onStateChanged: Sound
04-28 22:50:17.050  2349  2349 D STATUSBAR-QSTileView: onStateChanged: Screen
04-28 22:50:17.050  2349  2349 D STATUSBAR-QSTileView: rotation
04-28 22:50:17.050  2349  2349 D BluetoothTile:  onBluetoothStateChange:
04-28 22:50:17.050  2349  2349 D STATUSBAR-QSTileView: onStateChanged: Bluetooth
04-28 22:50:17.050  2349  2349 D STATUSBAR-QSTileView: onStateChanged: NFC
04-28 22:50:17.050  2349  2349 D STATUSBAR-QSTileView: onStateChanged: Mobile
04-28 22:50:17.050  2349  2349 D STATUSBAR-QSTileView: data
04-28 22:50:17.050  2349  2349 D STATUSBAR-QSTileView: onStateChanged: Flight
04-28 22:50:17.050  2349  2349 D STATUSBAR-QSTileView: mode
04-28 22:50:17.050  2349  2349 D STATUSBAR-QSTileView: onStateChanged: U. power
04-28 22:50:17.050  2349  2349 D STATUSBAR-QSTileView: saving
04-28 22:50:17.050  2349  2349 D STATUSBAR-QSTileView: onStateChanged: Screen
04-28 22:50:17.050  2349  2349 D STATUSBAR-QSTileView: Mirroring
04-28 22:50:17.050  2349  2349 D STATUSBAR-QSTileView: onStateChanged: Mobile
04-28 22:50:17.050  2349  2349 D STATUSBAR-QSTileView: hotspot
04-28 22:50:17.050  2349  2349 D STATUSBAR-QSTileView: onStateChanged: Sync
04-28 22:50:17.050  2349  2349 D STATUSBAR-QSTileView: onStateChanged: Smart
04-28 22:50:17.050  2349  2349 D STATUSBAR-QSTileView: stay
04-28 22:50:17.050  2349  2349 D STATUSBAR-QSTileView: onStateChanged: Power
04-28 22:50:17.050  2349  2349 D STATUSBAR-QSTileView: saving
04-28 22:50:17.050  2349  2349 D STATUSBAR-QSTileView: onStateChanged: Do not
04-28 22:50:17.050  2349  2349 D STATUSBAR-QSTileView: disturb
04-28 22:50:17.050  2349  2349 D STATUSBAR-QSTileView: onStateChanged: Private
04-28 22:50:17.050  2349  2349 D STATUSBAR-QSTileView: mode
04-28 22:50:17.060  1553  1826 D IpRemoteDisplayController: intent received android.intent.action.SCREEN_OFF
04-28 22:50:17.060  1553  1826 D IpRemoteDisplayController: Bridge Server is not available
04-28 22:50:17.070  2349  2349 V KeyguardUpdateMonitor: *** register callback for com.android.keyguard.KeyguardHostView$1@ccbdf3d
04-28 22:50:17.070  2349  2349 V KeyguardUpdateMonitor: *** unregister callback for null
04-28 22:50:17.070  2349  2349 V KeyguardUpdateMonitor: *** register callback for com.android.keyguard.KeyguardSecurityContainer$1@700d332
04-28 22:50:17.070  2349  2349 V KeyguardUpdateMonitor: *** unregister callback for null
04-28 22:50:17.070  2349  2349 D KeyguardReset: getInstance()
04-28 22:50:17.080   416 28102 I OMXCodec: [OMX.google.vorbis.decoder] End Of Stream
04-28 22:50:17.080   416   416 I SoundExtractor: extract() reached EOS
04-28 22:50:17.080   416   416 I OMXCodec: [OMX.google.vorbis.decoder] stop mState=4
04-28 22:50:17.080   416   416 I OMXCodec: [OMX.google.vorbis.decoder] stop() sendCommand(1570, OMX_CommandStateSet, OMX_StateIdle)
04-28 22:50:17.080   416 28102 I OMXCodec: [OMX.google.vorbis.decoder] Now Idle. Component sends idle done Event 
04-28 22:50:17.080   416   416 I OMXCodec: [OMX.google.vorbis.decoder] stopOmxComponent_l() mstate = 1
04-28 22:50:17.080   416   416 I OggExtractor: OggSource::stop() mExtractor ref count = 1
04-28 22:50:17.080   416   416 I OggExtractor: OggSource::~OggSource() mExtractor !mStarted ref count = 1
04-28 22:50:17.080   416   416 I OggExtractor: ~OggSource --
04-28 22:50:17.080   416   416 I OggExtractor: ~OggExtractor ++
04-28 22:50:17.080   416   416 I OggExtractor: ~MyOggExtractor ++ 
04-28 22:50:17.080   416   416 I OggExtractor: ~MyOggExtractor --
04-28 22:50:17.080   416   416 I OggExtractor: ~OggExtractor --
04-28 22:50:17.080  2349  2349 D KeyguardSecurityView: checkSecurityPolicy : AUTO_WIPE = false , IT Policy = false
04-28 22:50:17.100  2349  2349 V KeyguardSecurityView: showPrimarySecurityScreen(turningOff=false)
04-28 22:50:17.100  2349  2349 D KeyguardSecurityView: showSecurityScreen(PIN)
04-28 22:50:17.100  2349  2349 V KeyguardSecurityView: inflating id = 2130968636
04-28 22:50:17.100  2349  2349 V KeyguardUpdateMonitor: *** register callback for com.android.keyguard.KeyguardAbsKeyInputView$2@be2ca00
04-28 22:50:17.100  2349  2349 V KeyguardUpdateMonitor: *** unregister callback for null
04-28 22:50:17.100  2349  2349 D KeyguardPinBasedInputView: mMobileKeyboard = false
04-28 22:50:17.180  1553  4442 D SecContentProvider2: query(), uri = 15 selection = getLockScreenHiddenItems
04-28 22:50:17.180  2349  2349 D SecKeyguardBottomAreaView: mUseBackUp= false mUseCenteredMessageArea= true
04-28 22:50:17.190  2349  2349 D SecKeyguardBottomAreaView: shortcut value[0-off / 1-camera] = 1
04-28 22:50:17.190  2349  2349 D SecKeyguardBottomAreaView: mKidsModeEnabled= false
04-28 22:50:17.200  2349  2349 D SecKeyguardBottomAreaView: mIsHelpTextEnabled= true
04-28 22:50:17.220  2349  2349 D SecKeyguardCircleEmergencyView: updateCurrentView()
04-28 22:50:17.230  1553  1575 D SecContentProvider2: query(), uri = 15 selection = getLockScreenHiddenItems
04-28 22:50:17.240  2349  2349 D SecKeyguardBottomAreaView: [No USA model] disable CMAS Text!! 
04-28 22:50:17.250  2349  2349 D PasswordUnlockScreen: max failed attempt for device disable :false
04-28 22:50:17.250  2349  2349 D PasswordUnlockScreen: isDeviceDisabledForMaxFailedAttempt return :false
04-28 22:50:17.250  2349  2349 D KeyguardReset: getInstance()
04-28 22:50:17.250  2349  2349 D PasswordUnlockScreen: max failed attempt for device disable :false
04-28 22:50:17.250  2349  2349 D PasswordUnlockScreen: isDeviceDisabledForMaxFailedAttempt return :false
04-28 22:50:17.250  2349  2349 D PasswordUnlockScreen: setHintOrMessageText()
04-28 22:50:17.260  2349  2349 D KeyguardReset: getInstance()
04-28 22:50:17.260  2349  2349 D KeyguardEffectViewUtil: wallpaperType :1
04-28 22:50:17.260  2349  2349 D StatusBar-Window: fnf=false sanc=true, kni=false, sbf=true
04-28 22:50:17.260  2349  2349 D CoverUI : applyFocusableFlag() : Remove SAMSUNG_FLAG_SVIEW_COVER
04-28 22:50:17.260  2349  2349 D CoverUI : applyHeight h = -1, oc = true, ex = true, fa = false, ac = false, sc = false
04-28 22:50:17.260  2349  2349 D KeyguardViewMediator: updateKeyguardClockandNotifications( show = true)
04-28 22:50:17.260  2349  2349 D PhoneStatusBar: updateKeyguardClockandNotifications( mShowLockscreenNotifications = true show = true)
04-28 22:50:17.260  2349  2349 D PanelView: There is/are notification(s) 
04-28 22:50:17.270  2349  2349 V KeyguardUpdateMonitor: *** register callback for com.android.keyguard.KeyguardMessageArea$3@cd31954
04-28 22:50:17.270  2349  2349 V KeyguardUpdateMonitor: *** unregister callback for null
04-28 22:50:17.280  1553  4444 D SecContentProvider2: query(), uri = 15 selection = getLockScreenHiddenItems
04-28 22:50:17.280  2349  2349 D KeyguardMessageArea: onTimeChanged( mCharging = true )
04-28 22:50:17.280  2349  2349 V KeyguardUpdateMonitor: *** register callback for com.android.keyguard.EmergencyButton$1@29190fd
04-28 22:50:17.280  2349  2349 V KeyguardUpdateMonitor: *** unregister callback for null
04-28 22:50:17.280  1553  1576 D SecContentProvider2: query(), uri = 15 selection = getLockScreenHiddenItems
04-28 22:50:17.290  1553  4445 D SecContentProvider2: query(), uri = 15 selection = getLockScreenHiddenItems
04-28 22:50:17.300  1553  1575 D SecContentProvider2: query(), uri = 15 selection = getLockScreenHiddenItems
04-28 22:50:17.300  2349  2349 V KeyguardUpdateMonitor: *** register callback for com.android.keyguard.sec.SecKeyguardBottomAreaView$2@2d601f2
04-28 22:50:17.300  2349  2349 V KeyguardUpdateMonitor: *** unregister callback for null
04-28 22:50:17.300  2349  2349 D SecKeyguardCircleView: onAttachedToWindow
04-28 22:50:17.300  2349  2349 V KeyguardUpdateMonitor: *** register callback for com.android.keyguard.sec.SecKeyguardCircleView$1@ce2c043
04-28 22:50:17.300  2349  2349 V KeyguardUpdateMonitor: *** unregister callback for null
04-28 22:50:17.310  2349  2349 V KeyguardUpdateMonitor: *** register callback for com.android.keyguard.sec.SecKeyguardCircleEmergencyView$1@9f276c0
04-28 22:50:17.310  2349  2349 V KeyguardUpdateMonitor: *** unregister callback for null
04-28 22:50:17.310  2349  2349 D SecKeyguardCircleEmergencyView: updateCurrentView()
04-28 22:50:17.310  1553  4419 D SecContentProvider2: query(), uri = 15 selection = getLockScreenHiddenItems
04-28 22:50:17.310  2349  2349 D SecKeyguardCircleEmergencyView: updateCurrentView()
04-28 22:50:17.320  1553  2171 D SecContentProvider2: query(), uri = 15 selection = getLockScreenHiddenItems
04-28 22:50:17.320  2349  2349 D SecKeyguardCircleEmergencyView: updateCurrentView()
04-28 22:50:17.330  1553  2735 D SecContentProvider2: query(), uri = 15 selection = getLockScreenHiddenItems
04-28 22:50:17.330  2349  2349 V KeyguardUpdateMonitor: *** register callback for com.android.keyguard.KeyguardMessageArea$3@4eb3ff9
04-28 22:50:17.330  2349  2349 V KeyguardUpdateMonitor: *** unregister callback for null
04-28 22:50:17.330  2349  2349 D KeyguardMessageArea: onTimeChanged( mCharging = true )
04-28 22:50:17.330  2349  2349 D SecKeyguardCircleView: onAttachedToWindow
04-28 22:50:17.340  2349  2349 V KeyguardUpdateMonitor: *** register callback for com.android.keyguard.sec.SecKeyguardCircleView$1@93e4b3e
04-28 22:50:17.340  2349  2349 V KeyguardUpdateMonitor: *** unregister callback for null
04-28 22:50:17.340  2349  2349 D KeyguardUpdateMonitor: sendKeyguardVisibilityChanged(true)
04-28 22:50:17.340  2349  2349 D KeyguardViewMediator: adjustStatusBarLocked: mShowing=true mOccluded=false isSecure=? --> flags=0x3200000
04-28 22:50:17.340  2349  2349 D KeyguardViewMediator: onSdpLocked :: Inside...
04-28 22:50:17.340  2349  2349 D KeyguardViewMediator: SDP :: Not supported device...
04-28 22:50:17.340  2349  2349 D KeyguardViewMediator: SDP :: Next event will be canceled... 0
04-28 22:50:17.340  1553  4441 D StatusBarManagerService: manageDisableList userId=0 what=0x3200000 pkg=com.android.systemui
04-28 22:50:17.340  1553  2171 D PowerManagerService: [api] [s] userActivity : event: 0 flags: 0 (uid: 10020 pid: 2349) eventTime = 437458896
04-28 22:50:17.340  2349  2349 V KeyguardDisplayManager: show
04-28 22:50:17.340  1553  4091 D WifiDisplayAdapter: isKDDIServiceConnected
04-28 22:50:17.350  2349  2349 D vol.SecVolumeDialog: dismissH : false
04-28 22:50:17.350  2349  2349 D SecKeyguardClockSingleView: onScreenTurnedOff
04-28 22:50:17.350  2349  2349 D VisualEffectCircleUnlockEffect: KeyguardEffectViewNone : screenTurnedOff
04-28 22:50:17.350  2349  2349 I GeometricMosaic_Keyguard: screenTurnedOff
04-28 22:50:17.350  2349  2631 I GeometricMosaic_Renderer: clearEffect()
04-28 22:50:17.350  2349  2349 D SecKeyguardCircleView: onScreenTurnedOff
04-28 22:50:17.350  2349  2349 D SecKeyguardCircleView: onScreenTurnedOff
04-28 22:50:17.350  2349  2349 I PERF    : KeyguardUpdateMonitor - cb.onScreenTurnedOff() end
04-28 22:50:17.350  2349  2349 I Choreographer: Skipped 33 frames!  The application may be doing too much work on its main thread.
04-28 22:50:17.360  2349  2631 I GeometricMosaic_Renderer: dirty mode
04-28 22:50:17.360  1553  4113 V WindowOrientationListener: setCurrentAppOrientation :1
04-28 22:50:17.360  1553  4113 V WindowManager: rotationForOrientationLw(orient=1, last=0); user=0  sensorRotation=-1 mLidState=-1 mDockMode=0 mHdmiPlugged=false mMobileKeyboardEnabled=false displayId=0
04-28 22:50:17.360  1553  1740 D StatusBarManagerService: manageDisableList userId=0 what=0x600000 pkg=Window{ab05a70 u0 d0 p2349 StatusBar}
04-28 22:50:17.380  1553  4113 D InputDispatcher: Focus left window: 23400
04-28 22:50:17.390  1553  4113 D InputDispatcher: Focus entered window: 2349
04-28 22:50:17.390  1553  1826 D PointerIcon: setMouseIconStyle1 pointerType: 1001 iconType:101 flag:0 pid:1553 uid:1000
04-28 22:50:17.390  1553  1826 D PointerIcon: setMouseCustomIcon IconType is same.101
04-28 22:50:17.390  1553  4113 D PowerManagerService: [api] setUserActivityTimeoutOverrideFromWindowManagerInternal: timeoutMillis: 10000
04-28 22:50:17.390  1553  4113 D PowerManagerService: [api] setScreenDimDurationOverrideFromWindowManagerInternal: timeoutMillis: 0
04-28 22:50:17.400  2489  2489 D Recents : onTaskStackChanged
04-28 22:50:17.430  2349  2349 D PanelView: There is/are notification(s) 
04-28 22:50:17.430  2349  2349 W View    : requestLayout() improperly called by com.android.systemui.statusbar.NotificationOverflowIconsView{fc5fa3 V.E...... ......ID 55,2-487,40 #7f0f039d app:id/overflow_icons_view} during layout: running second layout pass
04-28 22:50:17.430  2349  2349 I ViewRootImpl: requestLayout is already in process
04-28 22:50:17.440  2349  2349 W View    : requestLayout() improperly called by StatusBarIconView(slot= icon=StatusBarIcon(icon=Icon(typ=RESOURCE pkg=com.woodslink.android.wiredheadphoneroutingfix id=0x7f020061) visible user=0 ) notification=Notification(pri=0 contentView=com.woodslink.android.wiredheadphoneroutingfix/0x10900a7 vibrate=null sound=null tick defaults=0x0 flags=0x62 color=0xffffa500 appGroupKey=com.woodslink.android.wiredheadphoneroutingfix vis=PRIVATE secFlags=0x0 secPriority=0)) during layout: running second layout pass
04-28 22:50:17.440  2349  2349 W View    : requestLayout() improperly called by android.widget.TextView{baa92a0 V.ED..... ......ID 15,6-44,35 #7f0f039b app:id/more_text} during layout: running second layout pass
04-28 22:50:17.440  2349  2349 D ScrollView:  onsize change changed 
04-28 22:50:17.450  2349  2631 I GeometricMosaic_Renderer: onSurfaceChanged problem width 540 36  disp 540 960
04-28 22:50:17.450  2349  2631 I GeometricMosaic_Renderer: dirty mode
04-28 22:50:17.460  2349  2349 D GeometricMosaic_Keyguard: sound : onLoadComplete
04-28 22:50:17.460  2349  2349 D vol.SecVolumeDialog: dismissH : false
04-28 22:50:17.460  2349  2349 D GeometricMosaic_Keyguard: sound : onLoadComplete
04-28 22:50:17.460  2349  2349 D KeyguardUpdateMonitor: handleKeyguardVisibilityChanged(1)
04-28 22:50:17.460  2349  2349 D SecKeyguardClockView: updateCMASText() mOwnerInfo=android.widget.TextView{c8d64da I.ED..C.. ......ID 0,0-0,33 #7f0f035b app:id/keyguard_owner_info}
04-28 22:50:17.460  1553  3969 D GpsLocationProvider: receive broadcast intent, action: android.intent.action.SCREEN_OFF
04-28 22:50:17.460  2349  2349 D STATUSBAR-QSTileView: dynamicallyReduceTextSize: 101
04-28 22:50:17.460  2349  2349 D STATUSBAR-QSTileView: dynamicallyReduceTextSize: 101
04-28 22:50:17.460  2349  2349 D STATUSBAR-QSTileView: dynamicallyCutandReduceTextSize: 101
04-28 22:50:17.460  2349  2349 D STATUSBAR-QSTileView: text: Sound
04-28 22:50:17.460  2349  2349 D STATUSBAR-QSTileView: dynamicallyReduceTextSize: 101
04-28 22:50:17.460  2349  2349 D STATUSBAR-QSTileView: dynamicallyReduceTextSize: 101
04-28 22:50:17.460  2349  2349 D STATUSBAR-QSTileView: dynamicallyReduceTextSize: 101
04-28 22:50:17.460  2349  2349 D STATUSBAR-QSTileView: dynamicallyReduceTextSize: 101
04-28 22:50:17.460  2349  2349 D STATUSBAR-QSTileView: dynamicallyReduceTextSize: 101
04-28 22:50:17.460  2349  2349 D STATUSBAR-QSTileView: dynamicallyReduceTextSize: 101
04-28 22:50:17.460  2349  2349 D STATUSBAR-QSTileView: dynamicallyReduceTextSize: 101
04-28 22:50:17.460  2349  2349 D STATUSBAR-QSTileView: dynamicallyReduceTextSize: 0
04-28 22:50:17.460  2349  2349 D STATUSBAR-QSTileView: dynamicallyReduceTextSize: 0
04-28 22:50:17.460  2349  2349 D STATUSBAR-QSTileView: dynamicallyReduceTextSize: 0
04-28 22:50:17.460  2349  2349 D STATUSBAR-QSTileView: dynamicallyReduceTextSize: 0
04-28 22:50:17.460  2349  2349 D STATUSBAR-QSTileView: dynamicallyReduceTextSize: 0
04-28 22:50:17.460  2349  2349 D STATUSBAR-QSTileView: dynamicallyReduceTextSize: 0
04-28 22:50:17.460  1553  1553 D NetworkPolicy: mScreenReceiver: ACTION_SCREEN_OFF, extra: 2
04-28 22:50:17.460  1553  2290 D NetworkPolicy: MSG_SCREEN_ON_CHANGED: 2
04-28 22:50:17.460  1553  2290 D NetworkPolicy: isUidForegroundLocked: 10012, mScreenOn: false, uidstate: 2, mProxSensorScreenOff: false
04-28 22:50:17.460  1553  2290 D NetworkPolicy: isUidForegroundLocked: 10029, mScreenOn: false, uidstate: 2, mProxSensorScreenOff: false
04-28 22:50:17.460  1553  2290 D NetworkPolicy: isUidForegroundLocked: 10049, mScreenOn: false, uidstate: 3, mProxSensorScreenOff: false
04-28 22:50:17.460  1553  2290 D NetworkPolicy: isUidForegroundLocked: 10104, mScreenOn: false, uidstate: 4, mProxSensorScreenOff: false
04-28 22:50:17.460  1553  2290 D NetworkPolicy: isUidForegroundLocked: 10199, mScreenOn: false, uidstate: 4, mProxSensorScreenOff: false
04-28 22:50:17.470  2349  2349 D SecKeyguardClockView: disableNoti = false
04-28 22:50:17.470  2349  2349 D PhoneStatusBar: setSystemUiVisibility vis=608600 mask=ffffffff oldVal=8600 newVal=608600 diff=600000
04-28 22:50:17.470  2349  2349 D PhoneStatusBar: disable: < expand ICONS alerts SYSTEM_INFO BACK* HOME* RECENT* CLOCK SEARCH* quick_settings >
04-28 22:50:17.470  2349  2349 D ViewRootImpl: MSG_RESIZED_REPORT: ci=Rect(0, 0 - 0, 0) vi=Rect(0, 0 - 0, 0) or=1
04-28 22:50:17.470  2349  2349 D GeometricMosaic_Keyguard: onWindowFocusChanged - true
04-28 22:50:17.470  2349  2349 D KeyguardUnlockEventHandler: reset()
04-28 22:50:17.470  2349  2349 D PhoneStatusBar: adjustDisableFlags:false, true, false, false, 1
04-28 22:50:17.470  1553  1576 D PowerManagerService: [api] [s] userActivity : event: 0 flags: 0 (uid: 10020 pid: 2349) eventTime = 437459025
04-28 22:50:17.490  2349  2349 D ScrollView:  onsize change changed 
04-28 22:50:17.490  1553  2735 D PowerManagerService: [api] [s] userActivity : event: 0 flags: 0 (uid: 10020 pid: 2349) eventTime = 437459047
04-28 22:50:17.490  1553  4298 D PowerManagerService: [api] [s] userActivity : event: 0 flags: 0 (uid: 10020 pid: 2349) eventTime = 437459048
04-28 22:50:17.500  2349  2349 D PhoneStatusBar: makeExpandedVisible:true
04-28 22:50:17.500  2349  2631 I GeometricMosaic_Renderer: onSurfaceChanged 540 960
04-28 22:50:17.500  2349  2631 I GeometricMosaic_Renderer: dirty mode
04-28 22:50:17.500  2349  2349 D STATUSBAR-PhoneStatusBar:  mBrightnessEnablebySettings = true mBrightnessEnablebyBattery = true mBrightnessEnablebyDisableFlag = true mPmsBrightnessEnablebySettings = true
04-28 22:50:17.500  2349  2349 D STATUSBAR-PhoneStatusBar: showHideQConnectLayout  emMode:false, mQconnectEnable:true
04-28 22:50:17.520  2349  2349 D BatteryMeterView: onDraw batteryColor : -1107296257
04-28 22:50:17.550  1553  1575 V WindowStateAnimator: Finishing drawing window Window{ab05a70 u0 d0 p2349 StatusBar}: mDrawState=DRAW_PENDING
04-28 22:50:17.560  2349  2349 D KeyguardViewMediator: handleKeyguardDoneDrawing
04-28 22:50:17.560  2349  2349 D SViewCoverView: BroadcastReceiver onReceive() : action : android.intent.action.SCREEN_OFF
04-28 22:50:17.560  2349  2349 D Recents : handleProxyCall type=3
04-28 22:50:17.560  2489  2489 D Recents : handleProxyCall type=3
04-28 22:50:17.570  4048 13754 D NfcService: call the applyRouting
04-28 22:50:17.590  4379  4379 D BtGatt.GattService: LCD turned off
04-28 22:50:17.590  4379  4563 D BtGatt.ScanManager: handleLcdOffIntent
04-28 22:50:17.590  4379  4563 D BtGatt.ScanManager: handleLcdOffIntent : thresholdScanValue is = 10 mLastConfiguredScanValue =5
04-28 22:50:17.610  2349  2349 D StatusBar.NetworkController: onDataActivity: direction=0
04-28 22:50:17.610  2349  2349 D StatusBar.NetworkController: updateDataIcon, mDataDirectionIconId = (null) mDataConnected = false
04-28 22:50:17.620  8349  8349 I BeaconManager: BeaconManager.onReceive - receive Action : android.intent.action.SCREEN_OFF
04-28 22:50:17.620  8349  8349 D BeaconManager: BeaconManager.onReceive - end
04-28 22:50:17.620  8349  8427 I BeaconManager: BeaconManager.BeaconManagerWorkHandler - BroadcastReceiver onReceive start
04-28 22:50:17.620  8349  8427 D BeaconManager: BeaconManager.BeaconManagerWorkHandler - mScreenObserver action:android.intent.action.SCREEN_OFF
04-28 22:50:17.630  8349  8427 D BeaconManager: AppControlManager.screenOnIntentReceived - start
04-28 22:50:17.630  8349  8427 D BeaconManager: AppControlManager.screenOnIntentReceived - end
04-28 22:50:17.630  8349  8427 D BeaconManager: EasySetupManager.screenOnIntentReceived - start
04-28 22:50:17.630  8349  8427 D BeaconManager: EasySetupManager.screenOnIntentReceived - end
04-28 22:50:17.630  8349  8427 D BeaconManager: BleScanHelper.screenOnIntentReceived - start
04-28 22:50:17.630  1553  6841 D SSRM:s  : SIOP:: AP = 420, CP = 61, LCD = 0
04-28 22:50:17.630  1553  6841 D ConnectivityService: returning getNetworkInfo for network type 1 : [type: WIFI[] - WIFI, state: CONNECTED/CONNECTED, reason: (unspecified), extra: "VM348613-2G", roaming: false, failover: false, isAvailable: true]
04-28 22:50:17.630  1553  6841 D SSRM:P  : reading: 42 42 0
04-28 22:50:17.640  8349  8427 D BeaconManager: BleScanHelper.mBroadcastReceiver - Action: android.intent.action.SCREEN_OFF, user: 0
04-28 22:50:17.640  8349  8427 V BeaconManager: BleScanHelper.startBleScan - startBleScan
04-28 22:50:17.640  8349  8427 D BluetoothAdapter: STATE_BLE_ON
04-28 22:50:17.640  8349  8427 D BeaconManager: BleScanHelper.screenOnIntentReceived - end
04-28 22:50:17.640  8349  8427 I BeaconManager: BeaconManager.BeaconManagerWorkHandler - BroadcastReceiver onReceive end
04-28 22:50:17.640  8349  8430 D BeaconManager: BleScanHelper.MSG_CALL_START_LESCAN - ($)
04-28 22:50:17.640  8349  8430 D BluetoothAdapter: STATE_BLE_ON
04-28 22:50:17.640  8349  8430 D BluetoothAdapter: STATE_BLE_ON
04-28 22:50:17.660  8349  8430 D BluetoothAdapter: appoCount is = 0
04-28 22:50:17.660  8349  8430 I BeaconManager: BleScanHelper.directStopLeScan - call BleScanner.stopScan()
04-28 22:50:17.660  8349  8430 D BluetoothAdapter: STATE_BLE_ON
04-28 22:50:17.660  8349  8430 D BluetoothAdapter: appoCount is = 0
04-28 22:50:17.660  8349  8430 D BluetoothAdapter: STATE_BLE_ON
04-28 22:50:17.660  8349  8430 D BluetoothLeScanner: Stop Scan
04-28 22:50:17.690  4379  4413 D BtGatt.GattService: stopScan() - queue size =1
04-28 22:50:17.690  4379  6863 D BtGatt.GattService: unregisterClient() - clientIf=5
04-28 22:50:17.690  4379  4578 E BtGatt.GattService: [GSIM LOG]: gsimLogHandler: com.samsung.android.beaconmanager, msg: MESSAGE_STOP_SCAN
04-28 22:50:17.700  4379  4563 D BtGatt.ScanManager: stop scan
04-28 22:50:17.710  2349  2349 D StatusBar.NetworkController: refreshViews connected={ wifi } level=4 combinedSignalIconId=0x7f020652/com.android.systemui:drawable/stat_sys_wifi_signal_3 mobileLabel=O2 - UK wifiLabel="VM348613-2G" emergencyOnly=false combinedLabel="VM348613-2G" mAirplaneMode=false mDataActivity=0 mPhoneSignalIconId=0x7f0205d0/com.android.systemui:drawable/stat_sys_signal_4_auto_rotate mQSPhoneSignalIconId=0x7f02015f/com.android.systemui:drawable/ic_qs_signal_4 mDataDirectionIconId=0x0/(null) mDataSignalIconId=0x7f0205d0/com.android.systemui:drawable/stat_sys_signal_4_auto_rotate mDataTypeIconId=0x7f020401/com.android.systemui:drawable/stat_sys_data_connected_4g mQSDataTypeIconId=0x7f020160/com.android.systemui:drawable/ic_qs_signal_4g mNoSimIconId=0x0/(null) mWifiIconId=0x7f020652/com.android.systemui:drawable/stat_sys_wifi_signal_3 mQSWifiIconId=0x7f02032f/com.android.systemui:drawable/qs_tile_wifi_signal_3 mWifiActivityIconId=0x7f020603/com.android.systemui:drawable/stat_sys_signal_inout mBluetoothTetherIconId=0x7f02062c/com.android.systemui:drawable/stat_sys_tether_bluetooth
04-28 22:50:17.710  2349  2349 D StatusBar.NetworkController: refreshNwBoosterIndicator - setNWBoosterIndicators(false)
04-28 22:50:17.710  2349  2349 D StatusBar.NetworkController: refreshNwBoosterIndicator - setNWBoosterIndicators(false)
04-28 22:50:17.710  2349  2349 D StatusBar.NetworkController: refreshNwBoosterIndicator - setNWBoosterIndicators(false)
04-28 22:50:17.710  2349  2349 D StatusBar.NetworkController: refreshNwBoosterIndicator - setNWBoosterIndicators(false)
04-28 22:50:17.720  1553  4402 V AlarmManager:  remove PendingIntent] PendingIntent{a46a2a6: PendingIntentRecord{80604e7 com.google.android.gms broadcastIntent}}
04-28 22:50:17.730  4379  4563 D BtGatt.ScanManager: delete FilterIndex - 13
04-28 22:50:17.760  4379  4542 D BtGatt.GattService: onScanFilterParamsConfigured() - clientIf=5, status=0, action=1, availableSpace=13
04-28 22:50:17.760  4379  4542 D BtGatt.ScanManager: callback done for clientIf - 5 status - 0
04-28 22:50:17.760  4379  4563 D BtGatt.ScanManager: delete FilterIndex - 14
04-28 22:50:17.760  4379  4542 D BtGatt.GattService: onScanFilterParamsConfigured() - clientIf=5, status=0, action=1, availableSpace=14
04-28 22:50:17.760  4379  4542 D BtGatt.ScanManager: callback done for clientIf - 5 status - 0
04-28 22:50:17.760  4379  4563 D BtGatt.ScanManager: delete FilterIndex - 15
04-28 22:50:17.760  4379  4542 D BtGatt.GattService: onScanFilterParamsConfigured() - clientIf=5, status=0, action=1, availableSpace=15
04-28 22:50:17.760  4379  4542 D BtGatt.ScanManager: callback done for clientIf - 5 status - 0
04-28 22:50:17.770  4379  4563 D BtGatt.ScanManager: delete FilterIndex - 3
04-28 22:50:17.770 18734 18734 D accuweather: [KK AccuPhone]>>> WCSS:80 [0:0] action : androidintentactionSCREEN_OFF
04-28 22:50:17.770 18734 18734 D accuweather: [KK AccuPhone]>>> UIM:113 [0:0] getInstance
04-28 22:50:17.770  4379  4542 D BtGatt.GattService: onScanFilterParamsConfigured() - clientIf=5, status=0, action=1, availableSpace=16
04-28 22:50:17.770  4379  4542 D BtGatt.ScanManager: callback done for clientIf - 5 status - 0
04-28 22:50:17.770  4379  4563 D BtGatt.ScanManager: configureRegularScanParams() - queue=0
04-28 22:50:17.770  4379  4563 D BtGatt.ScanManager: configureRegularScanParams() - ScanSetting Scan mode=-2147483648 mLastConfiguredScanSetting=100
04-28 22:50:17.770  4379  4563 D BtGatt.ScanManager: configureRegularScanParams() - queue emtpy, scan stopped
04-28 22:50:17.770  1553  1734 V BroadcastQueue: [background] Process cur broadcast BroadcastRecord{1b8a894 u0 com.sec.android.widgetapp.ap.hero.accuweather.widget.action.WEATHER_SCREEN_OFF qIdx=4}, state= (APP_RECEIVE) DELIVERED for app ProcessRecord{e3ec142 18734:com.sec.android.widgetapp.ap.hero.accuweather/u0a61}
04-28 22:50:17.780 18734 18734 D accuweather: [KK AccuPhone]>>> WCW:32 [0:0] action : widgetactionWEATHER_SCREEN_OFF
04-28 22:50:17.800 18734 18734 D accuweather: [KK AccuPhone]>>> U:4163 [0:0] getPWC : surface = 0, remote = 1
04-28 22:50:17.800 18734 18734 D accuweather: [KK AccuPhone]>>> U:4362 [0:0] Store PWC = 1
04-28 22:50:17.800 18734 18734 D accuweather: [KK AccuPhone]>>> U:4223 [0:0] addPWC = 1
04-28 22:50:17.810 18734 18734 D accuweather: [KK AccuPhone]>>> UIM:306 [0:0]  action:widgetactionWEATHER_SCREEN_OFF
