04-28 22:43:55.960  1553  4090 I ActivityManager: Killing 26031:com.google.android.apps.docs/u0a87 (adj 13): DHA:empty #9
04-28 22:43:56.070  1553  1575 V BroadcastQueue: [background] Process cur broadcast BroadcastRecord{22c02ad u0 android.intent.action.PACKAGE_ADDED qIdx=4}, state= (APP_RECEIVE) DELIVERED for app ProcessRecord{9255b4e 3717:com.facebook.orca/u0a222}
04-28 22:43:56.070  1553  4113 D ConnectivityService: returning Blocked NetworkInfo for ifname=wlan0, uid=10081
04-28 22:43:56.160  1553  2399 D MountService: getExternalStorageMountMode : 3
04-28 22:43:56.160  1553  2399 D MountService: getExternalStorageMountMode : 3
04-28 22:43:56.160  1553  2399 D MountService: getExternalStorageMountMode : final mountMode=3, uid : 10182, packageName : com.etsy.android
04-28 22:43:56.190  1553  2399 I ActivityManager: Start proc 26178:com.etsy.android/u0a182 for broadcast-3 com.etsy.android/.lib.core.InstallStateReceiver
04-28 22:43:56.200 26178 26178 I libpersona: KNOX_SDCARD checking this for 10182
04-28 22:43:56.200 26178 26178 I libpersona: KNOX_SDCARD not a persona
04-28 22:43:56.210  1553  1734 I ActivityManager: Waited long enough for: ServiceRecord{516d921 u0 uk.amazon.mShop.android/com.amazon.mas.client.locker.service.appmgr.AppManagerService}
04-28 22:43:56.250  1553  4419 D ConnectivityService: returning Blocked NetworkInfo for ifname=wlan0, uid=10254
04-28 22:43:56.250  1553  1576 V BroadcastQueue: [background] Process cur broadcast BroadcastRecord{22c02ad u0 android.intent.action.PACKAGE_ADDED qIdx=4}, state= (APP_RECEIVE) DELIVERED for app ProcessRecord{1f01fcf 26178:com.etsy.android/u0a182}
04-28 22:43:56.260  1553  1740 D StatusBarManagerService: manageDisableList userId=0 what=0x0 pkg=Window{33a384f u0 d0 p25929 Welcome to yaxim!}
04-28 22:43:56.270  1553  4113 W InputMethodManagerService: Window already focused, ignoring focus gain of: com.android.internal.view.IInputMethodClient$Stub$Proxy@608cd5c attribute=null, token = android.os.BinderProxy@73762ae
04-28 22:43:56.280  2349  2349 D Recents : handleProxyCall type=3
04-28 22:43:56.290  2489  2489 D Recents : handleProxyCall type=3
04-28 22:43:56.310  1553  1553 V MARsPolicyManager: handelNotificationBarClicked pkgName = android
04-28 22:43:56.740  2349  2349 D STATUSBAR-PhoneStatusBar:  mBrightnessEnablebySettings = true mBrightnessEnablebyBattery = true mBrightnessEnablebyDisableFlag = true mPmsBrightnessEnablebySettings = true
04-28 22:43:56.740  2349  2349 D STATUSBAR-PhoneStatusBar: showHideQConnectLayout  emMode:false, mQconnectEnable:true
04-28 22:43:56.790  2349  2349 D BatteryMeterView: onDraw batteryColor : -1107296257
04-28 22:43:56.880  1553  2192 V AlarmManager: Expired Alarm result :4
04-28 22:43:57.080  1553  2192 V AlarmManager: Expired Alarm result :4
04-28 22:43:57.420  1553  4445 D ConnectivityService: returning Blocked NetworkInfo for ifname=wlan0, uid=10182
04-28 22:43:57.470  1553  4444 D ConnectivityService: returning Blocked NetworkInfo for ifname=wlan0, uid=10182
04-28 22:43:57.470  1553  2399 D ConnectivityService: returning Blocked NetworkInfo for ifname=wlan0, uid=10182
04-28 22:43:57.520  1553  4419 V AlarmManager:  remove PendingIntent] PendingIntent{1ad7f1d: PendingIntentRecord{1082592 com.etsy.android broadcastIntent}}
04-28 22:43:57.540  1553  1734 D CustomFrequencyManagerService: releaseDVFSLockLocked : Getting Lock type frm List : DVFS_MIN_LIMIT  frequency : 1190400  uid : 1000  pid : 1553  tag : ACTIVITY_RESUME_BOOSTER@10
04-28 22:43:57.540  1553  1734 D CustomFrequencyManagerService: FrequencyrequestList.getNextCStateDisableRequest, index: 0
04-28 22:43:57.540  1553  1734 D ActivityManager: mDVFSHelper.release()
04-28 22:43:57.540  1553  1734 D CustomFrequencyManagerService: acquireDVFSLockLocked : type : DVFS_MIN_LIMIT  frequency : 1190400  uid : 1000  pid : 1553  pkgName : ACTIVITY_RESUME_BOOSTER@18
04-28 22:43:58.060  1553  4444 D ConnectivityService: returning getNetworkInfo for network type 0 : [type: MOBILE[] - MOBILE, state: DISCONNECTED/DISCONNECTED, reason: (unspecified), extra: (none), roaming: false, failover: false, isAvailable: true]
04-28 22:43:58.060  1553  4298 D ConnectivityService: returning getNetworkInfo for network type 1 : [type: WIFI[] - WIFI, state: CONNECTED/CONNECTED, reason: (unspecified), extra: "VM348613-2G", roaming: false, failover: false, isAvailable: true]
04-28 22:43:58.150  1553  1553 D CustomFrequencyManagerService: releaseDVFSLockLocked : Getting Lock type frm List : DVFS_MIN_LIMIT  frequency : 1190400  uid : 1000  pid : 1553  tag : ACTIVITY_RESUME_BOOSTER@18
04-28 22:43:58.150  1553  1553 D CustomFrequencyManagerService: FrequencyrequestList.getNextCStateDisableRequest, index: 0
04-28 22:43:58.340  1553  4445 V BroadcastQueue: [background] Process cur broadcast BroadcastRecord{22c02ad u0 android.intent.action.PACKAGE_ADDED qIdx=4}, state= (APP_RECEIVE) DELIVERED for app ProcessRecord{80acd05 19981:com.jb.gokeyboardpro/u0a73}
04-28 22:43:58.360  1553  4442 D ConnectivityService: returning Blocked NetworkInfo for ifname=wlan0, uid=10182
04-28 22:43:58.420  1553  4090 V BroadcastQueue: [background] Process cur broadcast BroadcastRecord{22c02ad u0 android.intent.action.PACKAGE_ADDED qIdx=4}, state= (APP_RECEIVE) DELIVERED for app ProcessRecord{6d9a1d1 25101:com.facebook.katana/u0a262}
04-28 22:43:58.650  1553  2735 V BroadcastQueue: [background] Process cur broadcast BroadcastRecord{22c02ad u0 android.intent.action.PACKAGE_ADDED qIdx=4}, state= (APP_RECEIVE) DELIVERED for app ProcessRecord{6d9a1d1 25101:com.facebook.katana/u0a262}
04-28 22:43:58.690  1553  4444 V AlarmManager:  remove PendingIntent] PendingIntent{8d1698d: PendingIntentRecord{f611742 com.google.android.gms broadcastIntent}}
04-28 22:43:58.890  1553  4435 V BroadcastQueue: [background] Process cur broadcast BroadcastRecord{793353 u0 com.android.launcher.action.INSTALL_SHORTCUT qIdx=4}, state= (APP_RECEIVE) DELIVERED for app ProcessRecord{6ade90d 4093:com.sec.android.app.launcher/u0a6}
04-28 22:43:59.290  1553  1576 V MARsPolicyManager: handelAlertToastWindowStarted pkgName = com.sec.android.app.launcher
04-28 22:43:59.350  1553  4444 D PowerManagerService: [api] acquire WakeLock flags=0x2000000a tag=WindowManager uid=1000 pid=1553
04-28 22:43:59.370  1553  2735 V BroadcastQueue: [background] Process cur broadcast BroadcastRecord{ded658e u0 android.intent.action.PACKAGE_FIRST_LAUNCH qIdx=4}, state= (APP_RECEIVE) DELIVERED for app ProcessRecord{7f9331f 11098:com.android.vending/u0a29}
04-28 22:43:59.440  1553  4091 V BroadcastQueue: [background] Process cur broadcast BroadcastRecord{dde4c9a u0 null qIdx=4}, state= (APP_RECEIVE) DELIVERED for app ProcessRecord{90092e4 10053:com.google.android.gms.persistent/u0a12}
04-28 22:43:59.470  1553  4419 V BroadcastQueue: [background] Process cur broadcast BroadcastRecord{b9225a8 u0 com.google.android.gms.actions.HANDLE_PACKAGE_INSTALLED qIdx=4}, state= (APP_RECEIVE) DELIVERED for app ProcessRecord{90092e4 10053:com.google.android.gms.persistent/u0a12}
04-28 22:43:59.510  1553  4445 V BroadcastQueue: [background] Process cur broadcast BroadcastRecord{e859743 u0 com.google.android.gms.icing.action.CONTACT_CHANGED qIdx=4}, state= (APP_RECEIVE) DELIVERED for app ProcessRecord{90092e4 10053:com.google.android.gms.persistent/u0a12}
04-28 22:43:59.540  1553  4090 D MountService: getExternalStorageMountMode : 1
04-28 22:43:59.540  1553  4090 D MountService: getExternalStorageMountMode : 3
04-28 22:43:59.540  1553  4090 D MountService: getExternalStorageMountMode : final mountMode=1, uid : 1000, packageName : com.android.settings
04-28 22:43:59.560  1553  4090 I ActivityManager: Start proc 26248:com.android.settings/1000 for broadcast-3 com.android.settings/.inputmethod.InputMethodDialogReceiver
04-28 22:43:59.560 26248 26248 I libpersona: KNOX_SDCARD checking this for 1000
04-28 22:43:59.560 26248 26248 I libpersona: KNOX_SDCARD not a persona
04-28 22:43:59.570 10053 26245 D SecWifiDisplayUtil: Metadata value : none
04-28 22:43:59.700  1553  2399 V BroadcastQueue: [background] Process cur broadcast BroadcastRecord{2444e3e u0 android.settings.SHOW_INPUT_METHOD_PICKER qIdx=4}, state= (APP_RECEIVE) DELIVERED for app ProcessRecord{40b6ef9 26248:com.android.settings/1000}
04-28 22:43:59.710  1553  6841 D SSRM:s  : SIOP:: AP = 420, CP = 29, LCD = 6
04-28 22:43:59.710  1553  6841 D ConnectivityService: returning getNetworkInfo for network type 1 : [type: WIFI[] - WIFI, state: CONNECTED/CONNECTED, reason: (unspecified), extra: "VM348613-2G", roaming: false, failover: false, isAvailable: true]
04-28 22:43:59.710  1553  6841 D SSRM:P  : reading: 42 42 0
04-28 22:43:59.990  1553  2192 V AlarmManager: Expired Alarm result :8
04-28 22:44:00.080  2349  2349 D SViewCoverWidget: initClock() : TimeZone =libcore.util.ZoneInfo[id="Europe/London",mRawOffset=0,mEarliestRawOffset=0,mUseDst=true,mDstSavings=3600000,transitions=242]
04-28 22:44:00.220  1553  4113 I NotificationService: cancelToast pkg=com.sec.android.app.launcher callback=android.app.ITransientNotification$Stub$Proxy@f0b01b5
04-28 22:44:00.230  2349  2349 D STATUSBAR-PhoneStatusBar:  mBrightnessEnablebySettings = true mBrightnessEnablebyBattery = true mBrightnessEnablebyDisableFlag = true mPmsBrightnessEnablebySettings = true
04-28 22:44:00.230  2349  2349 D STATUSBAR-PhoneStatusBar: showHideQConnectLayout  emMode:false, mQconnectEnable:true
04-28 22:44:00.230  1553  2735 D VibratorService: Turning vibrator off
04-28 22:44:00.230  1553  2735 D LightsService: [api] [SvcLED] turnOff:: id = 6 (uid: 1000 pid: 1553) 
04-28 22:44:00.230  1553  2735 D LightsService: [api] [SvcLED] LED indicator : Not supported.
04-28 22:44:00.240  1553  1576 D PowerManagerService: [api] [s] userActivity : event: 0 flags: 0 (uid: 1000 pid: 1553) eventTime = 437081791
04-28 22:44:00.240  1553  1576 D PowerManagerService: [api] release WakeLock flags=0x2000000a tag=WindowManager uid=1000 pid=1553 (0x0)
04-28 22:44:00.240  1553  1576 D PowerManagerService: [api] applyWakeLockFlagsOnReleaseLocked : userActivityNoUpdateLocked is called : SCREEN_BRIGHT_WAKE_LOCK        'WindowManager' ON_AFTER_RELEASE (uid=1000, pid=1553, ws=WorkSource{10006}) (elapsedTime=888)
04-28 22:44:00.240  1553  1740 D StatusBarManagerService: manageDisableList userId=0 what=0x0 pkg=Window{ab05a70 u0 d0 p2349 StatusBar}
04-28 22:44:00.260  2349  2349 D BatteryMeterView: onDraw batteryColor : -1107296257
04-28 22:44:00.310  2349  2349 D BatteryMeterView: onDraw batteryColor : -1107296257
04-28 22:44:00.320  1553  6841 D GameManagerService: identifyGamePackage. org.yaxim.androidclient
04-28 22:44:00.320  1553  6841 D GameManagerService: GameService is not exist
04-28 22:44:00.350  2349  2349 D BatteryMeterView: onDraw batteryColor : -1107296257
04-28 22:44:00.440  2349  2349 D STATUSBAR-QSTileView: onStateChanged: Wi-Fi
04-28 22:44:00.450  2349  2349 D STATUSBAR-QSTileView: onStateChanged: Location
04-28 22:44:00.450  2349  2349 D STATUSBAR-QSTileView: onStateChanged: Sound
04-28 22:44:00.450  2349  2349 D STATUSBAR-QSTileView: onStateChanged: Screen
04-28 22:44:00.450  2349  2349 D STATUSBAR-QSTileView: rotation
04-28 22:44:00.450  2349  2349 D BluetoothTile:  onBluetoothStateChange:
04-28 22:44:00.450  2349  2349 D STATUSBAR-QSTileView: onStateChanged: Bluetooth
04-28 22:44:00.450  2349  2349 D STATUSBAR-QSTileView: onStateChanged: NFC
04-28 22:44:00.450  2349  2349 D STATUSBAR-QSTileView: onStateChanged: Mobile
04-28 22:44:00.450  2349  2349 D STATUSBAR-QSTileView: data
04-28 22:44:00.450  2349  2349 D STATUSBAR-QSTileView: onStateChanged: Flight
04-28 22:44:00.450  2349  2349 D STATUSBAR-QSTileView: mode
04-28 22:44:00.450  2349  2349 D STATUSBAR-QSTileView: onStateChanged: U. power
04-28 22:44:00.450  2349  2349 D STATUSBAR-QSTileView: saving
04-28 22:44:00.450  2349  2349 D STATUSBAR-QSTileView: onStateChanged: Screen
04-28 22:44:00.450  2349  2349 D STATUSBAR-QSTileView: Mirroring
04-28 22:44:00.450  2349  2349 D STATUSBAR-QSTileView: onStateChanged: Mobile
04-28 22:44:00.450  2349  2349 D STATUSBAR-QSTileView: hotspot
04-28 22:44:00.450  2349  2349 D STATUSBAR-QSTileView: onStateChanged: Sync
04-28 22:44:00.450  2349  2349 D STATUSBAR-QSTileView: onStateChanged: Smart
04-28 22:44:00.450  2349  2349 D STATUSBAR-QSTileView: stay
04-28 22:44:00.450  2349  2349 D STATUSBAR-QSTileView: onStateChanged: Power
04-28 22:44:00.450  2349  2349 D STATUSBAR-QSTileView: saving
04-28 22:44:00.450  2349  2349 D STATUSBAR-QSTileView: onStateChanged: Do not
04-28 22:44:00.450  2349  2349 D STATUSBAR-QSTileView: disturb
04-28 22:44:00.450  2349  2349 D STATUSBAR-QSTileView: onStateChanged: Private
04-28 22:44:00.450  2349  2349 D STATUSBAR-QSTileView: mode
04-28 22:44:00.460  2349  2349 D STATUSBAR-QSTileView: dynamicallyReduceTextSize: 101
04-28 22:44:00.460  2349  2349 D STATUSBAR-QSTileView: dynamicallyReduceTextSize: 101
04-28 22:44:00.460  2349  2349 D STATUSBAR-QSTileView: dynamicallyCutandReduceTextSize: 101
04-28 22:44:00.460  2349  2349 D STATUSBAR-QSTileView: text: Sound
04-28 22:44:00.460  2349  2349 D STATUSBAR-QSTileView: dynamicallyReduceTextSize: 101
04-28 22:44:00.460  2349  2349 D STATUSBAR-QSTileView: dynamicallyReduceTextSize: 101
04-28 22:44:00.460  2349  2349 D STATUSBAR-QSTileView: dynamicallyReduceTextSize: 101
04-28 22:44:00.460  2349  2349 D STATUSBAR-QSTileView: dynamicallyReduceTextSize: 101
04-28 22:44:00.470  2349  2349 D STATUSBAR-QSTileView: dynamicallyReduceTextSize: 101
04-28 22:44:00.470  2349  2349 D STATUSBAR-QSTileView: dynamicallyReduceTextSize: 101
04-28 22:44:00.470  2349  2349 D STATUSBAR-QSTileView: dynamicallyReduceTextSize: 101
04-28 22:44:00.470  2349  2349 D STATUSBAR-QSTileView: dynamicallyReduceTextSize: 0
04-28 22:44:00.470  2349  2349 D STATUSBAR-QSTileView: dynamicallyReduceTextSize: 0
04-28 22:44:00.470  2349  2349 D STATUSBAR-QSTileView: dynamicallyReduceTextSize: 0
04-28 22:44:00.470  2349  2349 D STATUSBAR-QSTileView: dynamicallyReduceTextSize: 0
04-28 22:44:00.470  2349  2349 D STATUSBAR-QSTileView: dynamicallyReduceTextSize: 0
04-28 22:44:00.470  2349  2349 D STATUSBAR-QSTileView: dynamicallyReduceTextSize: 0
04-28 22:44:00.520  1553  4445 D ConnectivityService: returning Blocked NetworkInfo for ifname=wlan0, uid=10254
04-28 22:44:00.610  1553  4419 W InputMethodManagerService: Ignoring showInputMethodPickerFromClient of uid 1000: com.android.internal.view.IInputMethodClient$Stub$Proxy@dc55ea2
04-28 22:44:00.720  1553  4442 D ConnectivityService: returning Blocked NetworkInfo for ifname=wlan0, uid=10081
04-28 22:44:00.740  1553  1575 D ConnectivityService: returning Blocked NetworkInfo for ifname=wlan0, uid=10081
04-28 22:44:00.770  1553  1734 I ActivityManager: Waited long enough for: ServiceRecord{a2e0d66 u0 com.amazon.mp3/com.urbanairship.push.PushService}
04-28 22:44:00.920  1553  4444 D ConnectivityService: returning Blocked NetworkInfo for ifname=wlan0, uid=10081
04-28 22:44:01.300  2349  2349 D STATUSBAR-PhoneStatusBar:  mBrightnessEnablebySettings = true mBrightnessEnablebyBattery = true mBrightnessEnablebyDisableFlag = true mPmsBrightnessEnablebySettings = true
04-28 22:44:01.300  2349  2349 D STATUSBAR-PhoneStatusBar: showHideQConnectLayout  emMode:false, mQconnectEnable:true
04-28 22:44:01.320  1553  1740 D StatusBarManagerService: manageDisableList userId=0 what=0x0 pkg=Window{33a384f u0 d0 p25929 Welcome to yaxim!}
04-28 22:44:01.360  2349  2349 D BatteryMeterView: onDraw batteryColor : -1107296257
04-28 22:44:01.560  1553  1740 D StatusBarManagerService: manageDisableList userId=0 what=0x0 pkg=Window{55b485f u0 d0 p1553 Select input method}
04-28 22:44:01.580  1553  1553 W ContextImpl: Calling a method in the system process without a qualified user: android.app.ContextImpl.sendBroadcast:843 com.android.server.InputMethodManagerService.showInputMethodMenu:4823 com.android.server.InputMethodManagerService.handleMessage:4006 android.os.Handler.dispatchMessage:98 android.os.Looper.loop:148 
04-28 22:44:01.580  1553  1575 W InputMethodManagerService: Window already focused, ignoring focus gain of: com.android.internal.view.IInputMethodClient$Stub$Proxy@64f2ac attribute=null, token = android.os.BinderProxy@73762ae
04-28 22:44:01.580  1553  1575 D InputMethodManagerService: [HARDWARE_KEYBOARD] (refreshImeWindowVis) mImeWindowVis= 3 inputVisible = truehaveHardKeyboard = false hardKeyShown = false
04-28 22:44:01.600  1553  1553 D LightsService: [api] [SvcLED] turnOff:: id = 6 (uid: 1000 pid: 1553) 
04-28 22:44:01.600  1553  1553 D LightsService: [api] [SvcLED] LED indicator : Not supported.
04-28 22:44:01.620  2349  2349 D BatteryMeterView: onDraw batteryColor : -1107296257
04-28 22:44:01.740  1553  1553 D MARsPolicyManager: NotificationListenerService OngoingNotificationPosted : android
04-28 22:44:01.740  1553  1553 D MARsPolicyManager: NotificationListenerService OngoingNotificationRemoved : android
04-28 22:44:01.830  1553  1826 V WindowManager: Dim Duration=200
04-28 22:44:01.890  2349  2349 D STATUSBAR-PhoneStatusBar:  mBrightnessEnablebySettings = true mBrightnessEnablebyBattery = true mBrightnessEnablebyDisableFlag = true mPmsBrightnessEnablebySettings = true
04-28 22:44:01.890  2349  2349 D STATUSBAR-PhoneStatusBar: showHideQConnectLayout  emMode:false, mQconnectEnable:true
04-28 22:44:01.900  1553  4402 D VibratorService: Turning vibrator off
04-28 22:44:01.900  1553  4402 D LightsService: [api] [SvcLED] turnOff:: id = 6 (uid: 1000 pid: 1553) 
04-28 22:44:01.900  1553  4402 D LightsService: [api] [SvcLED] LED indicator : Not supported.
04-28 22:44:01.900  1553  1740 D StatusBarManagerService: manageDisableList userId=0 what=0x0 pkg=Window{ab05a70 u0 d0 p2349 StatusBar}
04-28 22:44:01.930  2349  2349 D BatteryMeterView: onDraw batteryColor : -1107296257
04-28 22:44:01.950  2349  2349 D BatteryMeterView: onDraw batteryColor : -1107296257
04-28 22:44:01.970  2349  2349 D BatteryMeterView: onDraw batteryColor : -1107296257
04-28 22:44:02.000  2349  2349 D BatteryMeterView: onDraw batteryColor : -1107296257
04-28 22:44:02.060  2349  2349 D STATUSBAR-QSTileView: onStateChanged: Wi-Fi
04-28 22:44:02.060  2349  2349 D STATUSBAR-QSTileView: onStateChanged: Location
04-28 22:44:02.060  2349  2349 D STATUSBAR-QSTileView: onStateChanged: Sound
04-28 22:44:02.060  2349  2349 D STATUSBAR-QSTileView: onStateChanged: Screen
04-28 22:44:02.060  2349  2349 D STATUSBAR-QSTileView: rotation
04-28 22:44:02.060  2349  2349 D BluetoothTile:  onBluetoothStateChange:
04-28 22:44:02.060  2349  2349 D STATUSBAR-QSTileView: onStateChanged: Bluetooth
04-28 22:44:02.060  2349  2349 D STATUSBAR-QSTileView: onStateChanged: NFC
04-28 22:44:02.060  2349  2349 D STATUSBAR-QSTileView: onStateChanged: Mobile
04-28 22:44:02.060  2349  2349 D STATUSBAR-QSTileView: data
04-28 22:44:02.060  2349  2349 D STATUSBAR-QSTileView: onStateChanged: Flight
04-28 22:44:02.060  2349  2349 D STATUSBAR-QSTileView: mode
04-28 22:44:02.060  2349  2349 D STATUSBAR-QSTileView: onStateChanged: U. power
04-28 22:44:02.060  2349  2349 D STATUSBAR-QSTileView: saving
04-28 22:44:02.060  2349  2349 D STATUSBAR-QSTileView: onStateChanged: Screen
04-28 22:44:02.060  2349  2349 D STATUSBAR-QSTileView: Mirroring
04-28 22:44:02.060  2349  2349 D STATUSBAR-QSTileView: onStateChanged: Mobile
04-28 22:44:02.060  2349  2349 D STATUSBAR-QSTileView: hotspot
04-28 22:44:02.060  2349  2349 D STATUSBAR-QSTileView: onStateChanged: Sync
04-28 22:44:02.060  2349  2349 D STATUSBAR-QSTileView: onStateChanged: Smart
04-28 22:44:02.060  2349  2349 D STATUSBAR-QSTileView: stay
04-28 22:44:02.060  2349  2349 D STATUSBAR-QSTileView: onStateChanged: Power
04-28 22:44:02.060  2349  2349 D STATUSBAR-QSTileView: saving
04-28 22:44:02.060  2349  2349 D STATUSBAR-QSTileView: onStateChanged: Do not
04-28 22:44:02.060  2349  2349 D STATUSBAR-QSTileView: disturb
04-28 22:44:02.060  2349  2349 D STATUSBAR-QSTileView: onStateChanged: Private
04-28 22:44:02.060  2349  2349 D STATUSBAR-QSTileView: mode
04-28 22:44:02.060  2349  2349 D STATUSBAR-QSTileView: dynamicallyReduceTextSize: 101
04-28 22:44:02.060  2349  2349 D STATUSBAR-QSTileView: dynamicallyReduceTextSize: 101
04-28 22:44:02.070  2349  2349 D STATUSBAR-QSTileView: dynamicallyCutandReduceTextSize: 101
04-28 22:44:02.070  2349  2349 D STATUSBAR-QSTileView: text: Sound
04-28 22:44:02.070  2349  2349 D STATUSBAR-QSTileView: dynamicallyReduceTextSize: 101
04-28 22:44:02.070  2349  2349 D STATUSBAR-QSTileView: dynamicallyReduceTextSize: 101
04-28 22:44:02.070  2349  2349 D STATUSBAR-QSTileView: dynamicallyReduceTextSize: 101
04-28 22:44:02.070  2349  2349 D STATUSBAR-QSTileView: dynamicallyReduceTextSize: 101
04-28 22:44:02.070  2349  2349 D STATUSBAR-QSTileView: dynamicallyReduceTextSize: 101
04-28 22:44:02.070  2349  2349 D STATUSBAR-QSTileView: dynamicallyReduceTextSize: 101
04-28 22:44:02.070  2349  2349 D STATUSBAR-QSTileView: dynamicallyReduceTextSize: 101
04-28 22:44:02.070  2349  2349 D STATUSBAR-QSTileView: dynamicallyReduceTextSize: 0
04-28 22:44:02.070  2349  2349 D STATUSBAR-QSTileView: dynamicallyReduceTextSize: 0
04-28 22:44:02.070  2349  2349 D STATUSBAR-QSTileView: dynamicallyReduceTextSize: 0
04-28 22:44:02.070  2349  2349 D STATUSBAR-QSTileView: dynamicallyReduceTextSize: 0
04-28 22:44:02.070  2349  2349 D STATUSBAR-QSTileView: dynamicallyReduceTextSize: 0
04-28 22:44:02.070  2349  2349 D STATUSBAR-QSTileView: dynamicallyReduceTextSize: 0
04-28 22:44:02.950  2349  2349 D STATUSBAR-PhoneStatusBar:  mBrightnessEnablebySettings = true mBrightnessEnablebyBattery = true mBrightnessEnablebyDisableFlag = true mPmsBrightnessEnablebySettings = true
04-28 22:44:02.950  2349  2349 D STATUSBAR-PhoneStatusBar: showHideQConnectLayout  emMode:false, mQconnectEnable:true
04-28 22:44:02.960  1553  1740 D StatusBarManagerService: manageDisableList userId=0 what=0x0 pkg=Window{55b485f u0 d0 p1553 Select input method}
04-28 22:44:03.000  2349  2349 D BatteryMeterView: onDraw batteryColor : -1107296257
04-28 22:44:04.280  1553  1740 D StatusBarManagerService: manageDisableList userId=0 what=0x0 pkg=Window{33a384f u0 d0 p25929 Welcome to yaxim!}
04-28 22:44:04.310  1553  1553 D SettingsProvider: isChangeAllowed() SettingsProvider : name = input_methods_subtype_history
04-28 22:44:04.360  1553  1553 D SettingsProvider: isChangeAllowed() SettingsProvider : name = selected_input_method_subtype
04-28 22:44:04.370  1553  1553 D SettingsProvider: isChangeAllowed() SettingsProvider : name = default_input_method
04-28 22:44:04.380  1553  1734 V BroadcastQueue: [background] Process cur broadcast BroadcastRecord{6f1ee34 u0 android.intent.action.INPUT_METHOD_CHANGED qIdx=4}, state= (APP_RECEIVE) DELIVERED for app ProcessRecord{40b6ef9 26248:com.android.settings/1000}
04-28 22:44:04.410  1553  4445 W InputMethodManagerService: Window already focused, ignoring focus gain of: com.android.internal.view.IInputMethodClient$Stub$Proxy@bce745d attribute=null, token = android.os.BinderProxy@73762ae
04-28 22:44:04.420  2349  2349 D BatteryMeterView: onDraw batteryColor : -1107296257
04-28 22:44:04.440  1553  4298 D MountService: getExternalStorageMountMode : 3
04-28 22:44:04.440  1553  4298 D MountService: getExternalStorageMountMode : 3
04-28 22:44:04.440  1553  4298 D MountService: getExternalStorageMountMode : final mountMode=3, uid : 10069, packageName : com.agilebits.onepassword
04-28 22:44:04.450  1553  1740 V WindowOrientationListener: OrientationSensorJudge.getProposedRotation, Rotation: 0
04-28 22:44:04.450  1553  1740 V WindowManager: rotationForOrientationLw(orient=-1, last=0); user=0  sensorRotation=0 mLidState=-1 mDockMode=0 mHdmiPlugged=false mMobileKeyboardEnabled=false displayId=0
04-28 22:44:04.450  1553  1740 V WindowOrientationListener: OrientationSensorJudge.getProposedRotation, Rotation: 0
04-28 22:44:04.460 26274 26274 I libpersona: KNOX_SDCARD checking this for 10069
04-28 22:44:04.460  1553  1826 D MARsPolicyManager: onChange - DEFAULT_INPUT_METHOD!  defaultIME = com.agilebits.onepassword
04-28 22:44:04.460 26274 26274 I libpersona: KNOX_SDCARD not a persona
04-28 22:44:04.460  1553  4298 I ActivityManager: Start proc 26274:com.agilebits.onepassword/u0a69 for service com.agilebits.onepassword/.filling.FillingInputMethodService
04-28 22:44:04.470  1553  4298 V InputMethodManagerService: Adding window token: android.os.Binder@b02f959
04-28 22:44:04.470  1553  2290 D NetworkPolicy: isUidForegroundLocked: 10069, mScreenOn: true, uidstate: -1, mProxSensorScreenOff: false
04-28 22:44:04.470  1553  4419 V AlarmManager:  remove PendingIntent] PendingIntent{c13791e: PendingIntentRecord{f611742 com.google.android.gms broadcastIntent}}
04-28 22:44:04.480  1553  1553 D MARsPolicyManager: NotificationListenerService OngoingNotificationPosted : android
04-28 22:44:04.480  1553  1553 D LightsService: [api] [SvcLED] turnOff:: id = 6 (uid: 1000 pid: 1553) 
04-28 22:44:04.480  1553  1553 D LightsService: [api] [SvcLED] LED indicator : Not supported.
04-28 22:44:04.500  1553  1812 D MountService: getExternalStorageMountMode : 1
04-28 22:44:04.500  1553  1812 D MountService: getExternalStorageMountMode : 3
04-28 22:44:04.500  1553  1812 D MountService: getExternalStorageMountMode : final mountMode=1, uid : 1000, packageName : com.samsung.android.sm.provider
04-28 22:44:04.500  1553  1553 D MARsPolicyManager: NotificationListenerService OngoingNotificationPosted : android
04-28 22:44:04.500  1553  1553 D MARsPolicyManager: NotificationListenerService OngoingNotificationRemoved : android
04-28 22:44:04.510 26284 26284 I libpersona: KNOX_SDCARD checking this for 1000
04-28 22:44:04.510 26284 26284 I libpersona: KNOX_SDCARD not a persona
04-28 22:44:04.530  1553  1812 I ActivityManager: Start proc 26284:com.samsung.android.sm.provider/1000 for content provider com.samsung.android.sm.provider/com.samsung.android.sm.database.SmProvider
04-28 22:44:04.530  1553  1826 E ActivityThread: Failed to find provider info for com.samsung.android.sm.policy
04-28 22:44:04.530  1553  1826 E SchedPolicyManager: updateScpm() error, no database!!
--------- beginning of main
04-28 22:44:04.660  2349  2349 D KnoxNotification: ----- inflateViews : modified KnoxViewLocal -----
04-28 22:44:04.680  2349  2349 D PanelView: kidsfalse mQsExpansionEnabled:true
04-28 22:44:04.690  2349  2349 D PanelView: kidsfalse mQsExpansionEnabled:true
04-28 22:44:04.700  2349  2349 D StatusBar: ----- contentsUnchanged : true, bigContentsUnchanged - true, headsUpContentsUnchanged - true , publicUnchanged true
04-28 22:44:04.710 26248 26257 W art     : Suspending all threads took: 19.157ms
04-28 22:44:04.710  2349  2349 D PanelView: kidsfalse mQsExpansionEnabled:true
04-28 22:44:04.720  2349  2349 D PanelView: kidsfalse mQsExpansionEnabled:true
04-28 22:44:04.730  2349  2349 D PanelView: kidsfalse mQsExpansionEnabled:true
04-28 22:44:04.740  2349  2349 D PanelView: kidsfalse mQsExpansionEnabled:true
04-28 22:44:04.740  2349  2349 D BatteryMeterView: onDraw batteryColor : -1107296257
04-28 22:44:04.770   345 10596 I SurfaceFlinger: id=3365 Removed JnputMethod (7/9)
04-28 22:44:04.770   345   533 I SurfaceFlinger: id=3365 Removed JnputMethod (-2/9)
04-28 22:44:04.780 26274 26274 D TimaKeyStoreProvider: TimaSignature is unavailable
04-28 22:44:04.780 26274 26274 D ActivityThread: Added TimaKeyStore provider
04-28 22:44:04.780 26284 26284 D TimaKeyStoreProvider: TimaSignature is unavailable
04-28 22:44:04.780 26284 26284 D ActivityThread: Added TimaKeyStore provider
04-28 22:44:04.800  1553  2290 D NetworkPolicy: isUidForegroundLocked: 10073, mScreenOn: true, uidstate: 10, mProxSensorScreenOff: false
04-28 22:44:04.800  1553  2290 D NetworkPolicy: isUidForegroundLocked: 10069, mScreenOn: true, uidstate: 7, mProxSensorScreenOff: false
04-28 22:44:04.810 19981 19981 W System.err: java.io.FileNotFoundException: /data/user/0/com.jb.gokeyboardpro/files/face_diy_cache_key: open failed: ENOENT (No such file or directory)
04-28 22:44:04.840 26274 26274 W System  : ClassLoader referenced unknown path: /data/app/com.agilebits.onepassword-2/lib/arm
04-28 22:44:04.840  2349  2349 D StatusBar.NetworkController: refreshViews connected={ wifi } level=4 combinedSignalIconId=0x7f020655/com.android.systemui:drawable/stat_sys_wifi_signal_4 mobileLabel=O2 - UK wifiLabel="VM348613-2G" emergencyOnly=false combinedLabel="VM348613-2G" mAirplaneMode=false mDataActivity=0 mPhoneSignalIconId=0x7f0205d0/com.android.systemui:drawable/stat_sys_signal_4_auto_rotate mQSPhoneSignalIconId=0x7f02015f/com.android.systemui:drawable/ic_qs_signal_4 mDataDirectionIconId=0x0/(null) mDataSignalIconId=0x7f0205d0/com.android.systemui:drawable/stat_sys_signal_4_auto_rotate mDataTypeIconId=0x7f020401/com.android.systemui:drawable/stat_sys_data_connected_4g mQSDataTypeIconId=0x7f020160/com.android.systemui:drawable/ic_qs_signal_4g mNoSimIconId=0x0/(null) mWifiIconId=0x7f020655/com.android.systemui:drawable/stat_sys_wifi_signal_4 mQSWifiIconId=0x7f020330/com.android.systemui:drawable/qs_tile_wifi_signal_4 mWifiActivityIconId=0x7f020603/com.android.systemui:drawable/stat_sys_signal_inout mBluetoothTetherIconId=0x7f02062c/com.android.systemui:drawable/stat_sys_tether_bluetooth
04-28 22:44:04.840  2349  2349 D StatusBar.NetworkController: refreshNwBoosterIndicator - setNWBoosterIndicators(false)
04-28 22:44:04.840  2349  2349 D StatusBar.NetworkController: refreshNwBoosterIndicator - setNWBoosterIndicators(false)
04-28 22:44:04.840  2349  2349 D StatusBar.NetworkController: refreshNwBoosterIndicator - setNWBoosterIndicators(false)
04-28 22:44:04.840  2349  2349 D StatusBar.NetworkController: refreshNwBoosterIndicator - setNWBoosterIndicators(false)
04-28 22:44:04.840 26284 26284 W System  : ClassLoader referenced unknown path: /system/priv-app/SmartManagerProvider/lib/arm
04-28 22:44:04.860 19981 19981 W System.err: 	at libcore.io.IoBridge.open(IoBridge.java:452)
04-28 22:44:04.860 19981 19981 W System.err: 	at java.io.FileInputStream.<init>(FileInputStream.java:76)
04-28 22:44:04.860 19981 19981 W System.err: 	at android.app.ContextImpl.openFileInput(ContextImpl.java:459)
04-28 22:44:04.860 19981 19981 W System.err: 	at android.content.ContextWrapper.openFileInput(ContextWrapper.java:191)
04-28 22:44:04.860 19981 19981 W System.err: 	at com.jb.gokeyboard.common.util.i.a(FileUtils.java:81)
04-28 22:44:04.860 19981 19981 W System.err: 	at com.jb.gokeyboard.ui.facekeyboard.e.y(FaceDataManager.java:3481)
04-28 22:44:04.860 19981 19981 W System.err: 	at com.jb.gokeyboard.ui.facekeyboard.e.<init>(FaceDataManager.java:530)
04-28 22:44:04.860 19981 19981 W System.err: 	at com.jb.gokeyboard.ui.facekeyboard.e.a(FaceDataManager.java:574)
04-28 22:44:04.860 19981 19981 W System.err: 	at com.jb.gokeyboard.ui.facekeyboard.j.z(FaceKeyboardManager.java:1446)
04-28 22:44:04.860 19981 19981 W System.err: 	at com.jb.gokeyboard.ui.facekeyboard.j.h(FaceKeyboardManager.java:616)
04-28 22:44:04.860 19981 19981 W System.err: 	at com.jb.gokeyboard.keyboardmanage.a.i.m(KeyboardManager.java:432)
04-28 22:44:04.860 19981 19981 W System.err: 	at com.jb.gokeyboard.GoKeyboard.aa(GoKeyboard.java:1340)
04-28 22:44:04.860 19981 19981 W System.err: 	at com.jb.gokeyboard.GoKeyboard.onDestroy(GoKeyboard.java:599)
04-28 22:44:04.860 19981 19981 W System.err: 	at android.app.ActivityThread.handleStopService(ActivityThread.java:4162)
04-28 22:44:04.860 19981 19981 W System.err: 	at android.app.ActivityThread.access$2500(ActivityThread.java:229)
04-28 22:44:04.860 19981 19981 W System.err: 	at android.app.ActivityThread$H.handleMessage(ActivityThread.java:1929)
04-28 22:44:04.860 19981 19981 W System.err: 	at android.os.Handler.dispatchMessage(Handler.java:102)
04-28 22:44:04.860 19981 19981 W System.err: 	at android.os.Looper.loop(Looper.java:148)
04-28 22:44:04.860 19981 19981 W System.err: 	at android.app.ActivityThread.main(ActivityThread.java:7331)
04-28 22:44:04.860 19981 19981 W System.err: 	at java.lang.reflect.Method.invoke(Native Method)
04-28 22:44:04.860 19981 19981 W System.err: 	at com.android.internal.os.ZygoteInit$MethodAndArgsCaller.run(ZygoteInit.java:1230)
04-28 22:44:04.860 19981 19981 W System.err: 	at com.android.internal.os.ZygoteInit.main(ZygoteInit.java:1120)
04-28 22:44:04.860 19981 19981 W System.err: Caused by: android.system.ErrnoException: open failed: ENOENT (No such file or directory)
04-28 22:44:04.860 19981 19981 W System.err: 	at libcore.io.Posix.open(Native Method)
04-28 22:44:04.860 19981 19981 W System.err: 	at libcore.io.BlockGuardOs.open(BlockGuardOs.java:186)
04-28 22:44:04.860 19981 19981 W System.err: 	at libcore.io.IoBridge.open(IoBridge.java:438)
04-28 22:44:04.860 19981 19981 W System.err: 	... 21 more
04-28 22:44:04.890 19981 26298 I System.out: (HTTPLog)-Static: isSBSettingEnabled false
04-28 22:44:04.890 19981 26298 I System.out: (HTTPLog)-Static: isSBSettingEnabled false
04-28 22:44:04.950 26274 26283 W art     : Suspending all threads took: 7.477ms
04-28 22:44:04.980  1553  1812 D MARsDBManager: onChange - mSmartManagerObserver! Uri = content://com.samsung.android.sm/AppFreezer?MARs-self=true&MARs=true
04-28 22:44:05.000 19981 27016 W System.err: java.lang.InterruptedException
04-28 22:44:05.000 19981 27016 W System.err: 	at java.lang.Object.wait(Native Method)
04-28 22:44:05.000 19981 27016 W System.err: 	at com.jb.gokeyboard.input.a.d.run(KeyInputLogicThread.java:82)
04-28 22:44:05.010 19981 19981 W System.err: java.lang.IllegalStateException: Main thread not allowed to quit.
04-28 22:44:05.030 19981 19981 W System.err: 	at android.os.MessageQueue.quit(MessageQueue.java:415)
04-28 22:44:05.030 19981 19981 W System.err: 	at android.os.Looper.quit(Looper.java:228)
04-28 22:44:05.030 19981 19981 W System.err: 	at com.jb.gokeyboard.input.inputmethod.latin.n.o(LatinUIHandler.java:277)
04-28 22:44:05.030 19981 19981 W System.err: 	at com.jb.gokeyboard.input.inputmethod.latin.g.O(LatinInputMethod.java:2662)
04-28 22:44:05.030 19981 19981 W System.err: 	at com.jb.gokeyboard.input.a.c.F(InputMethodManager.java:541)
04-28 22:44:05.030 19981 19981 W System.err: 	at com.jb.gokeyboard.GoKeyboard.aa(GoKeyboard.java:1352)
04-28 22:44:05.030 19981 19981 W System.err: 	at com.jb.gokeyboard.GoKeyboard.onDestroy(GoKeyboard.java:599)
04-28 22:44:05.030 19981 19981 W System.err: 	at android.app.ActivityThread.handleStopService(ActivityThread.java:4162)
04-28 22:44:05.030 19981 19981 W System.err: 	at android.app.ActivityThread.access$2500(ActivityThread.java:229)
04-28 22:44:05.030 19981 19981 W System.err: 	at android.app.ActivityThread$H.handleMessage(ActivityThread.java:1929)
04-28 22:44:05.030 19981 19981 W System.err: 	at android.os.Handler.dispatchMessage(Handler.java:102)
04-28 22:44:05.030 19981 19981 W System.err: 	at android.os.Looper.loop(Looper.java:148)
04-28 22:44:05.030 19981 19981 W System.err: 	at android.app.ActivityThread.main(ActivityThread.java:7331)
04-28 22:44:05.030 19981 19981 W System.err: 	at java.lang.reflect.Method.invoke(Native Method)
04-28 22:44:05.030 19981 19981 W System.err: 	at com.android.internal.os.ZygoteInit$MethodAndArgsCaller.run(ZygoteInit.java:1230)
04-28 22:44:05.030 19981 19981 W System.err: 	at com.android.internal.os.ZygoteInit.main(ZygoteInit.java:1120)
04-28 22:44:05.040 19981 19981 I Choreographer: Skipped 33 frames!  The application may be doing too much work on its main thread.
04-28 22:44:05.080  2714  2775 E ContactsProvider_EventLog: Flush buffer to file cnt : 2 size : 0Kb duration : 37ms lastUpdatedAfter : 12187 ms mFlush_time_threasold : 2000 mCurrentSize : 392
04-28 22:44:05.220 26274 26274 D InputMethodService: mBR.registerReceiver()
04-28 22:44:05.250  1553  2290 D NetworkPolicy: isUidForegroundLocked: 10069, mScreenOn: true, uidstate: 3, mProxSensorScreenOff: false
04-28 22:44:05.340 19981 26298 I System.out: (HTTPLog)-Static: isSBSettingEnabled false
04-28 22:44:05.340 19981 26298 I System.out: (HTTPLog)-Static: isSBSettingEnabled false
04-28 22:44:05.350  1553  4298 D ApplicationPolicy: isStatusBarNotificationAllowedAsUser: packageName = android,userId = -1
04-28 22:44:05.350  1553  1553 D MARsPolicyManager: NotificationListenerService OngoingNotificationPosted : android
04-28 22:44:05.380  2349  2349 D BatteryMeterView: onDraw batteryColor : -1107296257
04-28 22:44:05.380 26274 26274 D SecWifiDisplayUtil: Metadata value : none
04-28 22:44:05.410 26274 26274 D ViewRootImpl: #1 mView = com.android.internal.policy.PhoneWindow$DecorView{e1257bd V.E...... R.....I. 0,0-0,0}
04-28 22:44:05.430 26274 26300 D OpenGLRenderer: Use EGL_SWAP_BEHAVIOR_PRESERVED: true
04-28 22:44:05.450  2349  2349 D KnoxNotification: ----- inflateViews : modified publicViewLocal -----
04-28 22:44:05.460  1553  1553 D InputMethodManagerService: [HARDWARE_KEYBOARD] (refreshImeWindowVis) mImeWindowVis= 3 inputVisible = truehaveHardKeyboard = false hardKeyShown = false
04-28 22:44:05.480  1553  4090 D ApplicationPolicy: isStatusBarNotificationAllowedAsUser: packageName = android,userId = -1
04-28 22:44:05.480  2349  2349 D KnoxNotification: ----- inflateViews : modified KnoxViewLocal -----
04-28 22:44:05.480  1553  1553 D MARsPolicyManager: NotificationListenerService OngoingNotificationPosted : android
04-28 22:44:05.490   345   345 I SurfaceFlinger: id=3368 createSurf (1x1),1 flag=4, JnputMethod
04-28 22:44:05.510 26274 26300 I Adreno-EGL: <qeglDrvAPI_eglInitialize:379>: EGL 1.4 QUALCOMM build: Nondeterministic_AU_msm8916_32_LA.BR.1.2.6_RB1__release_AU (Ia10634f51b)
04-28 22:44:05.510 26274 26300 I Adreno-EGL: OpenGL ES Shader Compiler Version: XE031.06.00.05
04-28 22:44:05.510 26274 26300 I Adreno-EGL: Build Date: 01/04/16 Mon
04-28 22:44:05.510 26274 26300 I Adreno-EGL: Local Branch: 
04-28 22:44:05.510 26274 26300 I Adreno-EGL: Remote Branch: quic/LA.BR.1.2.6_rb1.7
04-28 22:44:05.510 26274 26300 I Adreno-EGL: Local Patches: NONE
04-28 22:44:05.510 26274 26300 I Adreno-EGL: Reconstruct Branch: NOTHING
04-28 22:44:05.510 26274 26300 I OpenGLRenderer: Initialized EGL, version 1.4
04-28 22:44:05.530  1553  1563 I art     : Background partial concurrent mark sweep GC freed 88177(4MB) AllocSpace objects, 14(284KB) LOS objects, 22% free, 55MB/71MB, paused 9.403ms total 456.472ms
04-28 22:44:05.530  2349  2349 D PanelView: kidsfalse mQsExpansionEnabled:true
04-28 22:44:05.560  2349  2349 D PanelView: kidsfalse mQsExpansionEnabled:true
04-28 22:44:05.560 26274 26274 D ViewRootImpl: MSG_RESIZED_REPORT: ci=Rect(0, 0 - 0, 0) vi=Rect(0, 0 - 0, 0) or=1
04-28 22:44:05.580  2349  2349 D StatusBar: ----- contentsUnchanged : true, bigContentsUnchanged - true, headsUpContentsUnchanged - true , publicUnchanged true
04-28 22:44:05.590 26274 26300 D libGLESv1: DTS_GLAPI : DTS is not allowed for Package : com.agilebits.onepassword
04-28 22:44:05.590  2349  2349 D PanelView: kidsfalse mQsExpansionEnabled:true
04-28 22:44:05.610  1553  4091 V WindowStateAnimator: Finishing drawing window Window{8ed2a01 u0 d0 p26274 InputMethod}: mDrawState=DRAW_PENDING
04-28 22:44:05.620  2349  2349 D PanelView: kidsfalse mQsExpansionEnabled:true
04-28 22:44:05.620 25929 25929 D ViewRootImpl: MSG_RESIZED: ci=Rect(0, 0 - 0, 0) vi=Rect(0, 0 - 0, 0) or=1
04-28 22:44:05.620 25929 25929 D ViewRootImpl: MSG_RESIZED: ci=Rect(0, 36 - 0, 0) vi=Rect(0, 36 - 0, 336) or=1
04-28 22:44:05.660  1553  1710 D NetworkPolicy: isUidForegroundLocked: 10069, mScreenOn: true, uidstate: 3, mProxSensorScreenOff: false
04-28 22:44:06.190  1553  2198 D InputReader: Input event(4): value=1 when=437087740713000
04-28 22:44:06.190  1553  2198 I InputReader: Touch event's action is 0x0 (deviceType=0) [pCnt=1, s=0.19222 ] when=437087740713000
04-28 22:44:06.190  1553  2198 D InputReader: lastThreadEndTime = 437085705000191, currentThreadStartTime = 437085705004358, diff = 0
04-28 22:44:06.190  1553  2197 I InputDispatcher: Delivering touch to (2349): action: 0x4, toolType: 1
04-28 22:44:06.190  1553  2197 I InputDispatcher: Delivering touch to (26274): action: 0x0, toolType: 1
04-28 22:44:06.190 26274 26274 D ViewRootImpl: ViewPostImeInputStage processPointer 0
04-28 22:44:06.190  1553  4441 D SamsungWindowManager: f.b. a = false psme = false hdpsm = false hd = true lpm = false eme = false ksno = false ps = false
04-28 22:44:06.190  1553  4441 D SamsungWindowManager: haptic disabled by policy
04-28 22:44:06.880 26274 26274 I Timeline: Timeline: Activity_launch_request id:com.agilebits.onepassword time:437088431
04-28 22:44:06.930  1553  2399 E Parcel  : Class not found when unmarshalling: com.agilebits.onepassword.filling.FillingInputMethodService$5
04-28 22:44:06.930  1553  2399 E Parcel  : java.lang.ClassNotFoundException: com.agilebits.onepassword.filling.FillingInputMethodService$5
04-28 22:44:06.930  1553  2399 E Parcel  : 	at java.lang.Class.classForName(Native Method)
04-28 22:44:06.930  1553  2399 E Parcel  : 	at java.lang.Class.forName(Class.java:324)
04-28 22:44:06.930  1553  2399 E Parcel  : 	at android.os.Parcel.readParcelableCreator(Parcel.java:2405)
04-28 22:44:06.930  1553  2399 E Parcel  : 	at android.os.Parcel.readParcelable(Parcel.java:2359)
04-28 22:44:06.930  1553  2399 E Parcel  : 	at android.os.Parcel.readValue(Parcel.java:2265)
04-28 22:44:06.930  1553  2399 E Parcel  : 	at android.os.Parcel.readArrayMapInternal(Parcel.java:2620)
04-28 22:44:06.930  1553  2399 E Parcel  : 	at android.os.BaseBundle.unparcel(BaseBundle.java:221)
04-28 22:44:06.930  1553  2399 E Parcel  : 	at android.os.BaseBundle.getString(BaseBundle.java:920)
04-28 22:44:06.930  1553  2399 E Parcel  : 	at android.content.Intent.getStringExtra(Intent.java:6227)
04-28 22:44:06.930  1553  2399 E Parcel  : 	at com.android.server.am.ActivityStackSupervisor.startActivityLocked(ActivityStackSupervisor.java:2746)
04-28 22:44:06.930  1553  2399 E Parcel  : 	at com.android.server.am.ActivityStackSupervisor.startActivityMayWait(ActivityStackSupervisor.java:2210)
04-28 22:44:06.930  1553  2399 E Parcel  : 	at com.android.server.am.ActivityManagerService.startActivityAsUser(ActivityManagerService.java:6606)
04-28 22:44:06.930  1553  2399 E Parcel  : 	at com.android.server.am.ActivityManagerService.startActivity(ActivityManagerService.java:6342)
04-28 22:44:06.930  1553  2399 E Parcel  : 	at android.app.ActivityManagerNative.onTransact(ActivityManagerNative.java:174)
04-28 22:44:06.930  1553  2399 E Parcel  : 	at com.android.server.am.ActivityManagerService.onTransact(ActivityManagerService.java:4187)
04-28 22:44:06.930  1553  2399 E Parcel  : 	at android.os.Binder.execTransact(Binder.java:453)
04-28 22:44:06.930  1553  2399 E Parcel  : Caused by: java.lang.ClassNotFoundException: com.agilebits.onepassword.filling.FillingInputMethodService$5
04-28 22:44:06.930  1553  2399 E Parcel  : 	at java.lang.Class.classForName(Native Method)
04-28 22:44:06.930  1553  2399 E Parcel  : 	at java.lang.BootClassLoader.findClass(ClassLoader.java:781)
04-28 22:44:06.930  1553  2399 E Parcel  : 	at java.lang.BootClassLoader.loadClass(ClassLoader.java:841)
04-28 22:44:06.930  1553  2399 E Parcel  : 	at java.lang.ClassLoader.loadClass(ClassLoader.java:469)
04-28 22:44:06.930  1553  2399 E Parcel  : 	... 16 more
04-28 22:44:06.930  1553  2399 E Parcel  : Caused by: java.lang.NoClassDefFoundError: Class not found using the boot class loader; no stack trace available
04-28 22:44:06.930  1553  2399 I ActivityManager: isWidgetUsingPkg : com.agilebits.onepassword no widget is using.
04-28 22:44:06.940  1553  2399 D ActivityTrigger: ActivityTrigger activityPauseTrigger 
04-28 22:44:06.940  1553  2399 D CustomFrequencyManagerService: acquireDVFSLockLocked : type : DVFS_MIN_LIMIT  frequency : 1190400  uid : 1000  pid : 1553  pkgName : ACTIVITY_RESUME_BOOSTER@10
04-28 22:44:06.940  1553  2399 D ActivityManager: mDVFSHelper.acquire()
04-28 22:44:06.940  1553  2399 V WindowManager: addAppToken: AppWindowToken{d228800 token=Token{5ef4e83 ActivityRecord{79ee132 u0 com.agilebits.onepassword/.activity.SelectItemActivity t15746}}} to stack=1 task=15746 at 0
04-28 22:44:06.960 25929 25929 D YaximApplication: app = org.yaxim.androidclient.YaximApplication@25a1252
04-28 22:44:06.960  1553  2399 D InputDispatcher: Focused application set to: xxxx
04-28 22:44:06.960  1553  1826 D ViewRootImpl: #1 mView = com.android.internal.policy.PhoneWindow$DecorView{4ed648a V.E...... R.....ID 0,0-0,0}
04-28 22:44:06.960  1553  2399 D InputDispatcher: Focus left window: 25929
04-28 22:44:06.960  1553  1826 D SecWifiDisplayUtil: Metadata value : none
04-28 22:44:06.970  1553  1826 D PointerIcon: setMouseIconStyle1 pointerType: 1001 iconType:101 flag:0 pid:1553 uid:1000
04-28 22:44:06.970  1553  1826 D PointerIcon: setMouseCustomIcon IconType is same.101
04-28 22:44:06.970  1553  1576 D ActivityManager:  Launching com.agilebits.onepassword, updated priority
04-28 22:44:06.980 25929 25929 I yaxim.Service: userStoppedWatching: 0
04-28 22:44:06.980 25929 25929 I yaxim.Service: called onDestroy()
04-28 22:44:06.980  1553  1553 D GameManagerService: NotifyRunnable. pkg: com.agilebits.onepassword, type: 4, isMinimized: false, isTunableApp: false
04-28 22:44:06.980  1553  1553 D GameManagerService: unexpected mPrevNotiType: -1
04-28 22:44:06.980  1553  1734 V MARsPolicyManager: updatePackagesScore PackageInfo name -- com.agilebits.onepassword
04-28 22:44:06.990   345   345 I SurfaceFlinger: id=3369 createSurf (1x1),1 flag=404, pnepassword
04-28 22:44:06.990  1553  2735 V AlarmManager:  remove PendingIntent] PendingIntent{139571: PendingIntentRecord{8f7ee88 org.yaxim.androidclient broadcastIntent}}
04-28 22:44:06.990  1553  6841 D GameManagerService: identifyGamePackage. com.agilebits.onepassword
04-28 22:44:06.990  1553  6841 D GameManagerService: GameService is not exist
04-28 22:44:06.990  1553  6841 D GameManagerService: identifyGamePackage. com.agilebits.onepassword
04-28 22:44:06.990  1553  6841 D GameManagerService: GameService is not exist
04-28 22:44:07.010  1553  6841 D GameManagerService: identifyGamePackage. com.agilebits.onepassword
04-28 22:44:07.010  1553  6841 D GameManagerService: GameService is not exist
04-28 22:44:07.020  1553  1826 V WindowStateAnimator: Finishing drawing window Window{b095718 u0 d0 p1553 Starting com.agilebits.onepassword}: mDrawState=DRAW_PENDING
04-28 22:44:07.020  1553  1826 D ViewRootImpl: MSG_RESIZED_REPORT: ci=Rect(0, 36 - 0, 0) vi=Rect(0, 0 - 0, 0) or=1
04-28 22:44:07.020  1553  1826 V WindowStateAnimator: Finishing drawing window Window{b095718 u0 d0 p1553 Starting com.agilebits.onepassword}: mDrawState=COMMIT_DRAW_PENDING
04-28 22:44:07.030  1553  1740 D StatusBarManagerService: manageDisableList userId=0 what=0x0 pkg=Window{b095718 u0 d0 p1553 Starting com.agilebits.onepassword}
04-28 22:44:07.040  2349  2349 D PhoneStatusBar: setSystemUiVisibility vis=40008700 mask=ffffffff oldVal=0 newVal=40008700 diff=40008700
04-28 22:44:07.040  1553  1826 D ViewRootImpl: MSG_RESIZED: ci=Rect(0, 36 - 0, 0) vi=Rect(0, 0 - 0, 336) or=1
04-28 22:44:07.050  2349  2349 D BatteryMeterView: onDraw batteryColor : -1107296257
04-28 22:44:07.230 26274 26274 D AbsListView: Get MotionRecognitionManager
04-28 22:44:07.250 26274 26274 E MotionRecognitionManager: mSContextService = null
04-28 22:44:07.260 26274 26274 E MotionRecognitionManager: motionService = com.samsung.android.motion.IMotionRecognitionService$Stub$Proxy@bff9c10
04-28 22:44:07.260  1553  2735 D MotionRecognitionService:  ssp status : false
04-28 22:44:07.350  1553  4441 V AlarmManager:  remove PendingIntent] PendingIntent{5e81a9: PendingIntentRecord{574e32e com.agilebits.onepassword broadcastIntent}}
04-28 22:44:07.360 26274 26274 I Timeline: Timeline: Activity_launch_request id:com.agilebits.onepassword time:437088911
04-28 22:44:07.360  1553  4090 D CustomFrequencyManagerService: releaseDVFSLockLocked : Getting Lock type frm List : DVFS_MIN_LIMIT  frequency : 1190400  uid : 1000  pid : 1553  tag : ACTIVITY_RESUME_BOOSTER@10
04-28 22:44:07.360  1553  4090 D CustomFrequencyManagerService: acquireDVFSLockLocked : type : DVFS_MIN_LIMIT  frequency : 1190400  uid : 1000  pid : 1553  pkgName : ACTIVITY_RESUME_BOOSTER@10
04-28 22:44:07.360  1553  4090 D CustomFrequencyManagerService: FrequencyrequestList.getNextCStateDisableRequest, index: 0
04-28 22:44:07.360  1553  4090 D ActivityManager: mDVFSHelper.acquire()
04-28 22:44:07.370  1553  4090 D ActivityTrigger: ActivityTrigger activityPauseTrigger 
04-28 22:44:07.370  1553  4090 D InputDispatcher: Focused application set to: xxxx
04-28 22:44:07.370  1553  4090 V WindowManager: addAppToken: AppWindowToken{6f48f65 token=Token{92f05c ActivityRecord{390eecf u0 com.agilebits.onepassword/.activity.LockActivity t15746}}} to stack=1 task=15746 at 1
04-28 22:44:07.370  1553  1740 D StatusBarManagerService: manageDisableList userId=0 what=0x0 pkg=Window{b095718 u0 d0 p1553 Starting com.agilebits.onepassword}
04-28 22:44:07.390  1553  4402 D ActivityManager: post active user change for 0 fullscreen true isFloatingActivity() false isHomeActivity() false
04-28 22:44:07.390  1553  4402 D KnoxTimeoutHandler: postActiveUserChange [MsgParam] userId: 0 fullscreen is true showWhenlocked is false
04-28 22:44:07.390  1553  1553 D KnoxTimeoutHandler: handleActiveUserChange [MsgParam] userId: 0 fullscreen is true showWhenlocked is false
04-28 22:44:07.390  1553  1553 I KnoxTimeoutHandler: Shared devices show user statefalse
04-28 22:44:07.400  1553  1553 D GameManagerService: NotifyRunnable. pkg: com.agilebits.onepassword, type: 4, isMinimized: false, isTunableApp: false
04-28 22:44:07.400  1553  1553 D GameManagerService: unexpected mPrevNotiType: -1
04-28 22:44:07.410  1553  1734 V MARsPolicyManager: updatePackagesScore PackageInfo name -- com.agilebits.onepassword
04-28 22:44:07.510  1553  2198 D InputReader: Input event(4): value=0 when=437089065299000
04-28 22:44:07.510  1553  2198 I InputReader: Touch event's action is 0x1 (deviceType=0) [pCnt=1, s=] when=437089065299000
04-28 22:44:07.510  1553  2197 I InputDispatcher: Delivering touch to (26274): action: 0x1, toolType: 1
