04-28 22:50:13.130  1553  2297 D ConnectivityService:   checking if request is: NetworkRequest [ id=443, legacyType=-1, [ Capabilities: INTERNET&NOT_RESTRICTED&TRUSTED] ] satisfies: true nri.isRequest: false
04-28 22:50:13.130  1553  2297 D ConnectivityService:   checking if request is: NetworkRequest [ id=431, legacyType=-1, [ Capabilities: INTERNET&NOT_RESTRICTED&TRUSTED] ] satisfies: true nri.isRequest: false
04-28 22:50:13.130  1553  2297 D ConnectivityService:   checking if request is: NetworkRequest [ id=37, legacyType=-1, [ Capabilities: INTERNET&NOT_RESTRICTED&TRUSTED] ] satisfies: true nri.isRequest: false
04-28 22:50:13.130  1553  2297 D ConnectivityService:   checking if request is: NetworkRequest [ id=36, legacyType=-1, [ Capabilities: INTERNET&NOT_RESTRICTED&TRUSTED] ] satisfies: true nri.isRequest: false
04-28 22:50:13.130  1553  2297 D ConnectivityService:   checking if request is: NetworkRequest [ id=5, legacyType=-1, [ Transports: WIFI Capabilities: INTERNET&NOT_RESTRICTED&TRUSTED&NOT_VPN] ] satisfies: true nri.isRequest: false
04-28 22:50:13.130  1553  2297 D ConnectivityService:   checking if request is: NetworkRequest [ id=434, legacyType=-1, [ Capabilities: INTERNET&NOT_RESTRICTED&TRUSTED] ] satisfies: true nri.isRequest: false
04-28 22:50:13.130  1553  2297 D ConnectivityService:   checking if request is: NetworkRequest [ id=6, legacyType=-1, [ Capabilities: INTERNET&NOT_RESTRICTED&TRUSTED] ] satisfies: true nri.isRequest: false
04-28 22:50:13.130  1553  2297 D ConnectivityService:   checking if request is: NetworkRequest [ id=442, legacyType=-1, [ Capabilities: INTERNET&NOT_RESTRICTED&TRUSTED] ] satisfies: true nri.isRequest: false
04-28 22:50:13.130  1553  2297 D ConnectivityService: Network NetworkAgentInfo [WIFI () - 740] was already satisfying request 1. No change.
04-28 22:50:13.130  1553  2297 D ConnectivityService:   checking if request is: NetworkRequest [ id=398, legacyType=-1, [ Capabilities: INTERNET&NOT_RESTRICTED&TRUSTED] ] satisfies: true nri.isRequest: false
04-28 22:50:13.130  1553  2297 D ConnectivityService:   checking if request is: NetworkRequest [ id=3, legacyType=-1, [] ] satisfies: true nri.isRequest: false
04-28 22:50:13.130  1553  2297 D ConnectivityService:   checking if request is: NetworkRequest [ id=12, legacyType=-1, [ Capabilities: INTERNET&NOT_RESTRICTED&TRUSTED&NOT_VPN] ] satisfies: true nri.isRequest: false
04-28 22:50:13.130  1553  2297 D ConnectivityService:   checking if request is: NetworkRequest [ id=4, legacyType=-1, [ Transports: CELLULAR Capabilities: INTERNET&NOT_RESTRICTED&TRUSTED&NOT_VPN] ] satisfies: false nri.isRequest: false
04-28 22:50:13.130  1553  2297 D ConnectivityService:   checking if request is: NetworkRequest [ id=399, legacyType=-1, [ Capabilities: INTERNET&NOT_RESTRICTED&TRUSTED] ] satisfies: true nri.isRequest: false
04-28 22:50:13.130  1553  2297 D ConnectivityService:   checking if request is: NetworkRequest [ id=435, legacyType=-1, [ Capabilities: INTERNET&NOT_RESTRICTED&TRUSTED] ] satisfies: true nri.isRequest: false
04-28 22:50:13.130  1553  2297 D ConnectivityService:   checking if request is: NetworkRequest [ id=444, legacyType=-1, [ Capabilities: INTERNET&NOT_RESTRICTED&TRUSTED] ] satisfies: true nri.isRequest: false
04-28 22:50:13.130  1553  2297 D ConnectivityService: notifyType CAP_CHANGED for NetworkAgentInfo [WIFI () - 740]
04-28 22:50:13.130  1553  2297 D ConnectivityService:  sending notification for NetworkRequest [ id=1, legacyType=-1, [ Capabilities: INTERNET&NOT_RESTRICTED&TRUSTED&NOT_VPN] ]
04-28 22:50:13.130  1553  2297 D ConnectivityService:  sending notification for NetworkRequest [ id=3, legacyType=-1, [] ]
04-28 22:50:13.130  1553  2297 D ConnectivityService: sending notification CAP_CHANGED for NetworkRequest [ id=3, legacyType=-1, [] ]
04-28 22:50:13.130  1553  2297 D ConnectivityService:  sending notification for NetworkRequest [ id=5, legacyType=-1, [ Transports: WIFI Capabilities: INTERNET&NOT_RESTRICTED&TRUSTED&NOT_VPN] ]
04-28 22:50:13.130  1553  2297 D ConnectivityService: sending notification CAP_CHANGED for NetworkRequest [ id=5, legacyType=-1, [ Transports: WIFI Capabilities: INTERNET&NOT_RESTRICTED&TRUSTED&NOT_VPN] ]
04-28 22:50:13.130  1553  2297 D ConnectivityService:  sending notification for NetworkRequest [ id=6, legacyType=-1, [ Capabilities: INTERNET&NOT_RESTRICTED&TRUSTED] ]
04-28 22:50:13.130  1553  2297 D ConnectivityService: sending notification CAP_CHANGED for NetworkRequest [ id=6, legacyType=-1, [ Capabilities: INTERNET&NOT_RESTRICTED&TRUSTED] ]
04-28 22:50:13.130  1553  2297 D ConnectivityService:  sending notification for NetworkRequest [ id=12, legacyType=-1, [ Capabilities: INTERNET&NOT_RESTRICTED&TRUSTED&NOT_VPN] ]
04-28 22:50:13.130  1553  2297 D ConnectivityService: sending notification CAP_CHANGED for NetworkRequest [ id=12, legacyType=-1, [ Capabilities: INTERNET&NOT_RESTRICTED&TRUSTED&NOT_VPN] ]
04-28 22:50:13.130  1553  2297 D ConnectivityService:  sending notification for NetworkRequest [ id=36, legacyType=-1, [ Capabilities: INTERNET&NOT_RESTRICTED&TRUSTED] ]
04-28 22:50:13.140  1553  2297 D ConnectivityService: sending notification CAP_CHANGED for NetworkRequest [ id=36, legacyType=-1, [ Capabilities: INTERNET&NOT_RESTRICTED&TRUSTED] ]
04-28 22:50:13.140  1553  1826 D WindowAnimator: Skip setting animation background if there is an exiting window only.
04-28 22:50:13.140  1553  2297 D ConnectivityService:  sending notification for NetworkRequest [ id=37, legacyType=-1, [ Capabilities: INTERNET&NOT_RESTRICTED&TRUSTED] ]
04-28 22:50:13.140  1553  2297 D ConnectivityService: sending notification CAP_CHANGED for NetworkRequest [ id=37, legacyType=-1, [ Capabilities: INTERNET&NOT_RESTRICTED&TRUSTED] ]
04-28 22:50:13.140  1553  2297 D ConnectivityService:  sending notification for NetworkRequest [ id=398, legacyType=-1, [ Capabilities: INTERNET&NOT_RESTRICTED&TRUSTED] ]
04-28 22:50:13.140  1553  2297 D ConnectivityService: sending notification CAP_CHANGED for NetworkRequest [ id=398, legacyType=-1, [ Capabilities: INTERNET&NOT_RESTRICTED&TRUSTED] ]
04-28 22:50:13.140  1553  2297 D ConnectivityService:  sending notification for NetworkRequest [ id=399, legacyType=-1, [ Capabilities: INTERNET&NOT_RESTRICTED&TRUSTED] ]
04-28 22:50:13.140  1553  2297 D ConnectivityService: sending notification CAP_CHANGED for NetworkRequest [ id=399, legacyType=-1, [ Capabilities: INTERNET&NOT_RESTRICTED&TRUSTED] ]
04-28 22:50:13.140  1553  2297 D ConnectivityService:  sending notification for NetworkRequest [ id=431, legacyType=-1, [ Capabilities: INTERNET&NOT_RESTRICTED&TRUSTED] ]
04-28 22:50:13.140  1553  2297 D ConnectivityService: sending notification CAP_CHANGED for NetworkRequest [ id=431, legacyType=-1, [ Capabilities: INTERNET&NOT_RESTRICTED&TRUSTED] ]
04-28 22:50:13.140  1553  2297 D ConnectivityService:  sending notification for NetworkRequest [ id=434, legacyType=-1, [ Capabilities: INTERNET&NOT_RESTRICTED&TRUSTED] ]
04-28 22:50:13.140  1553  2297 D ConnectivityService: sending notification CAP_CHANGED for NetworkRequest [ id=434, legacyType=-1, [ Capabilities: INTERNET&NOT_RESTRICTED&TRUSTED] ]
04-28 22:50:13.140  1553  2297 D ConnectivityService:  sending notification for NetworkRequest [ id=435, legacyType=-1, [ Capabilities: INTERNET&NOT_RESTRICTED&TRUSTED] ]
04-28 22:50:13.140  1553  2297 D ConnectivityService: sending notification CAP_CHANGED for NetworkRequest [ id=435, legacyType=-1, [ Capabilities: INTERNET&NOT_RESTRICTED&TRUSTED] ]
04-28 22:50:13.140  1553  2297 D ConnectivityService:  sending notification for NetworkRequest [ id=442, legacyType=-1, [ Capabilities: INTERNET&NOT_RESTRICTED&TRUSTED] ]
04-28 22:50:13.140  1553  2297 D ConnectivityService: sending notification CAP_CHANGED for NetworkRequest [ id=442, legacyType=-1, [ Capabilities: INTERNET&NOT_RESTRICTED&TRUSTED] ]
04-28 22:50:13.140  1553  2297 D ConnectivityService:  sending notification for NetworkRequest [ id=443, legacyType=-1, [ Capabilities: INTERNET&NOT_RESTRICTED&TRUSTED] ]
04-28 22:50:13.140  1553  2297 D ConnectivityService: sending notification CAP_CHANGED for NetworkRequest [ id=443, legacyType=-1, [ Capabilities: INTERNET&NOT_RESTRICTED&TRUSTED] ]
04-28 22:50:13.140  1553  2297 D ConnectivityService:  sending notification for NetworkRequest [ id=444, legacyType=-1, [ Capabilities: INTERNET&NOT_RESTRICTED&TRUSTED] ]
04-28 22:50:13.140  1553  2297 D ConnectivityService: sending notification CAP_CHANGED for NetworkRequest [ id=444, legacyType=-1, [ Capabilities: INTERNET&NOT_RESTRICTED&TRUSTED] ]
04-28 22:50:13.150  1553  1826 D WindowAnimator: Skip setting animation background if there is an exiting window only.
04-28 22:50:13.150  1553  4113 D ConnectivityService: returning Blocked NetworkInfo for ifname=wlan0, uid=10169
04-28 22:50:13.150  1553  2399 D ConnectivityService: returning Blocked NetworkInfo for ifname=wlan0, uid=10169
04-28 22:50:13.170  1553  1826 D WindowAnimator: Skip setting animation background if there is an exiting window only.
04-28 22:50:13.190  1553  1826 D WindowAnimator: Skip setting animation background if there is an exiting window only.
04-28 22:50:13.200  1553  1826 D WindowAnimator: Skip setting animation background if there is an exiting window only.
04-28 22:50:13.220  1553  1826 D WindowAnimator: Skip setting animation background if there is an exiting window only.
04-28 22:50:13.220  1553  6841 D SSRM:s  : SIOP:: AP = 420, CP = 36, LCD = 4
04-28 22:50:13.220  1553  6841 D K       : broadcastSiopLevelIntent:: currentSiopLevel = 0
04-28 22:50:13.230  1553  6841 D ConnectivityService: returning getNetworkInfo for network type 1 : [type: WIFI[] - WIFI, state: CONNECTED/CONNECTED, reason: (unspecified), extra: "VM348613-2G", roaming: false, failover: false, isAvailable: true]
04-28 22:50:13.230  1553  1734 D MountService: getExternalStorageMountMode : 1
04-28 22:50:13.230  1553  1734 D MountService: getExternalStorageMountMode : 3
04-28 22:50:13.230  1553  1734 D MountService: getExternalStorageMountMode : final mountMode=1, uid : 10043, packageName : com.sec.android.app.videoplayer
04-28 22:50:13.230  1553  1826 D WindowAnimator: Skip setting animation background if there is an exiting window only.
04-28 22:50:13.240  1553  1734 I ActivityManager: Start proc 28070:com.sec.android.app.videoplayer/u0a43 for broadcast-3 com.sec.android.app.videoplayer/.videowall.TranscodeReceiver
04-28 22:50:13.240  1553  2290 D NetworkPolicy: isUidForegroundLocked: 10043, mScreenOn: true, uidstate: -1, mProxSensorScreenOff: false
04-28 22:50:13.250  1553  1826 D WindowAnimator: Skip setting animation background if there is an exiting window only.
04-28 22:50:13.260 28070 28070 I libpersona: KNOX_SDCARD checking this for 10043
04-28 22:50:13.260 28070 28070 I libpersona: KNOX_SDCARD not a persona
04-28 22:50:13.270  1553  1826 D WindowAnimator: Skip setting animation background if there is an exiting window only.
04-28 22:50:13.280  1553  6841 D SSRM:P  : reading: 42 42 0
04-28 22:50:13.300  1553  1826 D WindowAnimator: Skip setting animation background if there is an exiting window only.
04-28 22:50:13.320  1553  1826 D WindowAnimator: Skip setting animation background if there is an exiting window only.
04-28 22:50:13.330  1553  1826 D WindowAnimator: Skip setting animation background if there is an exiting window only.
04-28 22:50:13.350  1553  1826 D WindowAnimator: Skip setting animation background if there is an exiting window only.
04-28 22:50:13.360  1553  4402 V BroadcastQueue: [background] Process cur broadcast BroadcastRecord{f38eb8 u-1 android.intent.action.CHECK_SIOP_LEVEL qIdx=4}, state= (APP_RECEIVE) DELIVERED for app ProcessRecord{389dd1b 28070:com.sec.android.app.videoplayer/u0a43}
04-28 22:50:13.370  1553  2290 D NetworkPolicy: isUidForegroundLocked: 10043, mScreenOn: true, uidstate: 11, mProxSensorScreenOff: false
04-28 22:50:13.370  1553  1826 D WindowAnimator: Skip setting animation background if there is an exiting window only.
04-28 22:50:13.380  1553  1826 D WindowAnimator: Skip setting animation background if there is an exiting window only.
04-28 22:50:13.400  1553  1826 D WindowAnimator: Skip setting animation background if there is an exiting window only.
04-28 22:50:13.420  1553  1826 D WindowAnimator: Skip setting animation background if there is an exiting window only.
04-28 22:50:13.430  1553  1826 D WindowAnimator: Skip setting animation background if there is an exiting window only.
04-28 22:50:13.450  1553  1826 D WindowAnimator: Skip setting animation background if there is an exiting window only.
04-28 22:50:13.470  1553  1826 D WindowAnimator: Skip setting animation background if there is an exiting window only.
04-28 22:50:13.480  1553  1826 D WindowAnimator: Skip setting animation background if there is an exiting window only.
04-28 22:50:13.500  1553  1826 D WindowAnimator: Skip setting animation background if there is an exiting window only.
04-28 22:50:13.520  1553  1826 D WindowAnimator: Skip setting animation background if there is an exiting window only.
04-28 22:50:13.530  1553  1826 D WindowAnimator: Skip setting animation background if there is an exiting window only.
04-28 22:50:13.550  1553  1826 D WindowAnimator: Skip setting animation background if there is an exiting window only.
04-28 22:50:13.570  1553  1826 D WindowAnimator: Skip setting animation background if there is an exiting window only.
04-28 22:50:13.580  1553  1826 D WindowAnimator: Skip setting animation background if there is an exiting window only.
04-28 22:50:13.600  1553  1826 D WindowAnimator: Skip setting animation background if there is an exiting window only.
04-28 22:50:13.620  1553  1826 D WindowAnimator: Skip setting animation background if there is an exiting window only.
--------- beginning of main
04-28 22:50:13.640  1553  1826 I Timeline: Timeline: Activity_windows_visible id: ActivityRecord{569a60c u0 eu.siacs.conversations/.ui.ConversationActivity t15742} time:437455192
04-28 22:50:13.640   345  2750 I SurfaceFlinger: id=3424 Removed NainWindow (2/8)
04-28 22:50:13.640   345   533 I SurfaceFlinger: id=3424 Removed NainWindow (-2/8)
04-28 22:50:13.640  1553  1826 D CustomFrequencyManagerService: releaseDVFSLockLocked : Getting Lock type frm List : DVFS_MIN_LIMIT  frequency : 1190400  uid : 1000  pid : 1553  tag : ACTIVITY_RESUME_BOOSTER@10
04-28 22:50:13.640  1553  1826 D CustomFrequencyManagerService: FrequencyrequestList.getNextCStateDisableRequest, index: 0
04-28 22:50:13.640  1553  1826 D ActivityManager: mDVFSHelper.release()
04-28 22:50:13.640  1553  1734 D CustomFrequencyManagerService: acquireDVFSLockLocked : type : DVFS_MIN_LIMIT  frequency : 1190400  uid : 1000  pid : 1553  pkgName : ACTIVITY_RESUME_BOOSTER@18
04-28 22:50:13.650  1553  1826 D KnoxTimeoutHandler: notifyActivityDrawn [MsgParam] userId: 0 fullscreen is true showWhenlocked is false
04-28 22:50:13.650  1553  1553 D KnoxTimeoutHandler: activityDrawn [MsgParam] userId: 0 fullscreen is true showWhenlocked is false
04-28 22:50:13.650 25929 25929 D ViewRootImpl: #3 mView = null
04-28 22:50:13.660  1553  1553 I KnoxTimeoutHandler: SD activityfalse
04-28 22:50:13.660  1553  1553 I KnoxTimeoutHandler: Fullscreen and mCurrent is not KNOX user. Hence hide keyguard
04-28 22:50:13.680 28070 28070 D videowall-Global: density : 1.5 width : 540 height : 960 Raw width : 540 Raw height : 960
04-28 22:50:13.680 28070 28070 D videowall-Global: dsp : 540, swkey : false, Cores : 4, Clock : 0
04-28 22:50:13.930  2489  2489 D Recents : onTaskStackChanged
04-28 22:50:14.090  2349  2349 D StatusBar.NetworkController: refreshViews connected={ wifi } level=4 combinedSignalIconId=0x7f020655/com.android.systemui:drawable/stat_sys_wifi_signal_4 mobileLabel=O2 - UK wifiLabel="VM348613-2G" emergencyOnly=false combinedLabel="VM348613-2G" mAirplaneMode=false mDataActivity=0 mPhoneSignalIconId=0x7f0205d0/com.android.systemui:drawable/stat_sys_signal_4_auto_rotate mQSPhoneSignalIconId=0x7f02015f/com.android.systemui:drawable/ic_qs_signal_4 mDataDirectionIconId=0x0/(null) mDataSignalIconId=0x7f0205d0/com.android.systemui:drawable/stat_sys_signal_4_auto_rotate mDataTypeIconId=0x7f020401/com.android.systemui:drawable/stat_sys_data_connected_4g mQSDataTypeIconId=0x7f020160/com.android.systemui:drawable/ic_qs_signal_4g mNoSimIconId=0x0/(null) mWifiIconId=0x7f020655/com.android.systemui:drawable/stat_sys_wifi_signal_4 mQSWifiIconId=0x7f020330/com.android.systemui:drawable/qs_tile_wifi_signal_4 mWifiActivityIconId=0x7f020603/com.android.systemui:drawable/stat_sys_signal_inout mBluetoothTetherIconId=0x7f02062c/com.android.systemui:drawable/stat_sys_tether_bluetooth
04-28 22:50:14.090  2349  2349 D StatusBar.NetworkController: refreshNwBoosterIndicator - setNWBoosterIndicators(false)
04-28 22:50:14.090  2349  2349 D skia    : ---- fAsset->read(0) returned 0
04-28 22:50:14.090  2349  2349 D StatusBar.NetworkController: refreshNwBoosterIndicator - setNWBoosterIndicators(false)
04-28 22:50:14.090  2349  2349 D StatusBar.NetworkController: refreshNwBoosterIndicator - setNWBoosterIndicators(false)
04-28 22:50:14.090  2349  2349 D StatusBar.NetworkController: refreshNwBoosterIndicator - setNWBoosterIndicators(false)
04-28 22:50:14.240  1553  1553 D CustomFrequencyManagerService: releaseDVFSLockLocked : Getting Lock type frm List : DVFS_MIN_LIMIT  frequency : 1190400  uid : 1000  pid : 1553  tag : ACTIVITY_RESUME_BOOSTER@18
04-28 22:50:14.250  1553  1553 D CustomFrequencyManagerService: FrequencyrequestList.getNextCStateDisableRequest, index: 0
04-28 22:50:14.260  1553  2327 D lights  : button : 0 +
04-28 22:50:14.290  1553  2327 D lights  : button : 0 -
04-28 22:50:14.530  1553  2198 D InputReader: Input event(7): value=1 when=437456082312000
04-28 22:50:14.530  1553  2198 D SamsungWindowManager: f.b. a = false psme = false hdpsm = false hd = true lpm = false eme = false ksno = false ps = false
04-28 22:50:14.530  1553  2198 V AudioService: AudioService playSoundEffect Type : 12, volume : -1.0
04-28 22:50:14.530  1553  2303 V AudioService: received MSG_PLAY_SOUND_EFFECT onPlaySoundEffect start
04-28 22:50:14.530  1553  2327 D lights  : button : 1 +
04-28 22:50:14.530   416  5390 I APM::AudioPolicyManager: getSituationVolume: isBTConnected:0 isHeadConnected:0
04-28 22:50:14.530  1553  2197 I InputDispatcher: Delivering key to (23400): action: 0x0 (0)
04-28 22:50:14.530  1553  2303 W AudioTrack: AUDIO_OUTPUT_FLAG_FAST denied by client; transfer 4, track 44100 Hz, output 48000 Hz
04-28 22:50:14.530  1553  2198 D SamsungWindowManager: haptic disabled by policy
04-28 22:50:14.540   416   416 W AudioPolicyIntefaceImpl: Skipped to add effects on session 12116
04-28 22:50:14.540   416   416 I APM::AudioPolicyManager: startOutput() output 4, stream 1, session 12116
04-28 22:50:14.540 23400 23400 D ViewRootImpl: ViewPostImeInputStage processKey 0
04-28 22:50:14.550   416  2015 D audio_hw_primary: out_set_parameters: enter: usecase(1: low-latency-playback) kvpairs: routing=2
04-28 22:50:14.550   416  2015 V audio_hw_primary: select_devices: ENTER
04-28 22:50:14.550   416  2015 V audio_hw_primary: select_devices: usecase(normal)
04-28 22:50:14.550   416  2015 V audio_hw_primary: select_devices: usecase(PCM_PLAYBACK)
04-28 22:50:14.550   416  2015 V msm8974_platform: platform_get_output_snd_device: enter: output devices(0x2)
04-28 22:50:14.550   416  2015 V msm8974_platform: get_OUTPUT_snd_device: for Normal Playback
04-28 22:50:14.550   416  2015 V msm8974_platform: platform_get_output_snd_device: exit: snd_device(speaker)
04-28 22:50:14.550   416  2015 V audio_hw_primary: out_set_parameters: exit: code(0)
04-28 22:50:14.550   416  2015 D AudioFlinger: setCurDevice() 0x2
04-28 22:50:14.550   416  2010 D audio_hw_primary: adev_set_parameters: enter: TFA_SETVOLUME=15
04-28 22:50:14.550   416  2010 V voice   : voice_set_parameters: enter: TFA_SETVOLUME=15
04-28 22:50:14.550   416  2010 V voice   : voice_set_parameters: exit with code(-2)
04-28 22:50:14.550   416  2010 V msm8974_platform: platform_set_parameters: enter: TFA_SETVOLUME=15
04-28 22:50:14.550   416  2010 V msm8974_platform: platform_set_parameters: exit with code(-2)
04-28 22:50:14.550   416  2010 D audio_hw_hfp: audio_extn_hfp_set_parameters: enter
04-28 22:50:14.550   416  2010 V audio_hw_primary: adev_set_parameters: exit
04-28 22:50:14.550   416  2010 D audio_hw_primary: adev_set_parameters: enter: TFA_SETVOLUME=15
04-28 22:50:14.550   416  2010 V voice   : voice_set_parameters: enter: TFA_SETVOLUME=15
04-28 22:50:14.550   416  2010 V voice   : voice_set_parameters: exit with code(-2)
04-28 22:50:14.550   416  2010 V msm8974_platform: platform_set_parameters: enter: TFA_SETVOLUME=15
04-28 22:50:14.550   416  2010 V msm8974_platform: platform_set_parameters: exit with code(-2)
04-28 22:50:14.550   416  2010 D audio_hw_hfp: audio_extn_hfp_set_parameters: enter
04-28 22:50:14.550   416  2010 V audio_hw_primary: adev_set_parameters: exit
04-28 22:50:14.550   416  2015 I AudioMixer: create resampler src 44100, 1, dst 48000, 1
04-28 22:50:14.550   416  2015 D SoundAliveResampler: [SoundAliveResampler] Init+++
04-28 22:50:14.560  1553  2327 D lights  : button : 1 -
04-28 22:50:14.600  1553  2198 D InputReader: Input event(7): value=0 when=437456158485000
04-28 22:50:14.610  1553  2197 I InputDispatcher: Delivering key to (23400): action: 0x1 (0)
04-28 22:50:14.610 23400 23400 D ViewRootImpl: ViewPostImeInputStage processKey 1
04-28 22:50:14.730   416  2011 I APM::AudioPolicyManager: stopOutput() output 4, stream 1, session 12116
04-28 22:50:15.090  2349  2349 D StatusBar.NetworkController: refreshViews connected={ wifi } level=4 combinedSignalIconId=0x7f020655/com.android.systemui:drawable/stat_sys_wifi_signal_4 mobileLabel=O2 - UK wifiLabel="VM348613-2G" emergencyOnly=false combinedLabel="VM348613-2G" mAirplaneMode=false mDataActivity=0 mPhoneSignalIconId=0x7f0205d0/com.android.systemui:drawable/stat_sys_signal_4_auto_rotate mQSPhoneSignalIconId=0x7f02015f/com.android.systemui:drawable/ic_qs_signal_4 mDataDirectionIconId=0x0/(null) mDataSignalIconId=0x7f0205d0/com.android.systemui:drawable/stat_sys_signal_4_auto_rotate mDataTypeIconId=0x7f020401/com.android.systemui:drawable/stat_sys_data_connected_4g mQSDataTypeIconId=0x7f020160/com.android.systemui:drawable/ic_qs_signal_4g mNoSimIconId=0x0/(null) mWifiIconId=0x7f020655/com.android.systemui:drawable/stat_sys_wifi_signal_4 mQSWifiIconId=0x7f020330/com.android.systemui:drawable/qs_tile_wifi_signal_4 mWifiActivityIconId=0x7f020606/com.android.systemui:drawable/stat_sys_signal_no_inout mBluetoothTetherIconId=0x7f02062c/com.android.systemui:drawable/stat_sys_tether_bluetooth
04-28 22:50:15.090  2349  2349 D StatusBar.NetworkController: refreshNwBoosterIndicator - setNWBoosterIndicators(false)
04-28 22:50:15.090  2349  2349 D StatusBar.NetworkController: refreshNwBoosterIndicator - setNWBoosterIndicators(false)
04-28 22:50:15.100  2349  2349 D StatusBar.NetworkController: refreshNwBoosterIndicator - setNWBoosterIndicators(false)
04-28 22:50:15.100  2349  2349 D StatusBar.NetworkController: refreshNwBoosterIndicator - setNWBoosterIndicators(false)
04-28 22:50:15.880  1553  2198 D InputReader: Input event [EV_SW]: when=437457426749000
04-28 22:50:15.880  1553  2198 D InputReader: cover type : 2
04-28 22:50:15.880  1553  2198 D InputReader: Wrote command clear_cover_mode,3,(2)
04-28 22:50:15.880  1553  2198 D InputReader: Could not open glove_mode sysfs
04-28 22:50:15.880  1553  2198 D InputReader: Could not open flip_mode sysfs
04-28 22:50:15.880  1553  2198 D InputReader: processSwitch() : elapsed time = 1ms
04-28 22:50:15.880  1553  2198 D CoverManager: updateCoverSwitchState : switchState=false, isBoot=false
04-28 22:50:15.880  1553  2198 D CoverManager.CoverVerifier: updateCoverVerificationLocked : This device is not support cover verify
04-28 22:50:15.880  1553  2198 D CoverManager.CoverVerifier: updateCoverVerificationLocked : mIsCoverVerified =true, change=false
04-28 22:50:15.880  1553  2198 D CoverManager.CoverManagerUtils: getValueFromSysFS() =0
04-28 22:50:15.880  1553  2198 D CoverManager.CoverManagerUtils: getValueFromSysFS() =0
04-28 22:50:15.880  1553  2198 D CoverManager.CoverManagerUtils: getValueFromSysFS() =0
04-28 22:50:15.880  1553  2198 D CoverManager.CoverVerifier: updateCoverPropertiesLocked : mIsCoverAttached =true, type=0, color=0, model=0
04-28 22:50:15.880  1553  2198 D CoverManager.StateNotifier: checkSystemFeatureForCoverType type = 0
04-28 22:50:15.880  1553  2198 D InputManager: notifySwitch: values=0, mask=200000
04-28 22:50:15.890  1553  2198 D CoverHideAnimator: cancelHideAnimation()
04-28 22:50:15.890  1553  1553 D CoverHideAnimator: handleMessage : 102
04-28 22:50:15.890  1553  1553 D CoverHideAnimator: handleCancelAnimation() mCoverHideView = null
04-28 22:50:15.890  1553  2198 D CoverManager.StateNotifier: updateCoverSwitchState : switchState = false, type = 0, color = 0, widthPixel = 0, heightPixel = 0
04-28 22:50:15.890  1553  2198 D CoverManager.StateNotifier: sendCoverSwitchStateLocked
04-28 22:50:15.890  1553  2198 D CoverManager.StateNotifier: updatePowerStateLocked : isOpen=false, type=0
04-28 22:50:15.890  1553  2327 D lights  : button : 0 +
04-28 22:50:15.890  2349  2379 D CoverUI : updateCoverState - attached : true
04-28 22:50:15.890  2349  2379 D CoverUI : updateCoverState - covered : true
04-28 22:50:15.890  1553  1826 I WindowManager: setCoverSwitchState : false
04-28 22:50:15.890  1553  1826 V WindowOrientationListener: OrientationSensorJudge.getProposedRotation, Rotation: 0
04-28 22:50:15.890  1553  1826 V WindowManager: rotationForOrientationLw(orient=-1, last=0); user=0  sensorRotation=0 mLidState=-1 mDockMode=0 mHdmiPlugged=false mMobileKeyboardEnabled=false displayId=0
04-28 22:50:15.890  1553  1826 V WindowOrientationListener: OrientationSensorJudge.getProposedRotation, Rotation: 0
04-28 22:50:15.890  1553  2198 D PowerManagerService: [api] updateCoverState: closed: true
04-28 22:50:15.890  1553  2198 D PowerManagerService: mDisplayReady: false
04-28 22:50:15.890  1553  2198 D PowerManagerService: [api] [s] goToSleep: 0 (uid: 1000 pid: 1553) eventTime = 437457444
04-28 22:50:15.890  1553  2198 I PowerManagerService: !@[ps] Screen__Off - 888 :  goToSleep:  (uid: 1000 pid: 1553) (0)
04-28 22:50:15.890  1553  2198 I PowerManagerService: Going to sleep by application request (uid 1000)...
04-28 22:50:15.890  1553  2326 D NetworkPolicy: onScreenStateChanged, state: false, reason: 2
04-28 22:50:15.900  1553  2198 D InputManager-JNI: setInteractive(false)
04-28 22:50:15.900  1553  2198 D CoverManager: sendCoverSwitchStateLocked : switchState = false, type = 0, color = 0, widthPixel = 0, heightPixel = 0
04-28 22:50:15.900  1553  1834 D DisplayPowerController: animateScreenStateChange[0]: target=1
04-28 22:50:15.910  1553  2326 I WindowManager: Started going to sleep... (why=2)
04-28 22:50:15.910  2349 18317 I PERF    : KeyguardViewMediator - onStartedGoingToSleep() start
04-28 22:50:15.910  2349 18317 D KeyguardViewMediator: onStartedGoingToSleep(2)
04-28 22:50:15.910  1553  1834 D ColorFade: prepare: mode=4
04-28 22:50:15.920  1553  2327 D lights  : button : 0 -
04-28 22:50:15.920   345   345 I SurfaceFlinger: id=3426 createSurf (540x960),2 flag=404, DolorFade
04-28 22:50:15.920  1553  1553 I SpenGestureManagerService:  onCoverStateChanged : SWITCH_STATE_COVER_CLOSE
04-28 22:50:15.930  2349  2349 D CoverUI : updateCoverWindow() - mSViewCoverCovered:false, mAppCoverCovered:false
04-28 22:50:15.930  2349 18317 D KeyguardViewMediator: timeout : 5000
04-28 22:50:15.930 25929 25929 D yaxim.StreamHandler: sending <iq id="30xzW-31" type="set"><query xmlns='google:queue'><enable/></query></iq>
04-28 22:50:15.930 25929 27384 D SMACK   : 10:50:15 p.m. SENT (44235331): <iq id="30xzW-31" type="set"><query xmlns='google:queue'><enable/></query></iq>
04-28 22:50:15.930  2349 18317 D KeyguardViewMediator: isAutoUnlockEnabled in KeyguardViewMediator = false
04-28 22:50:15.930  2349 18317 D KeyguardViewMediator: doKeyguardLocked(null, true) - start
04-28 22:50:15.930  1553  1553 D LightsService:  onCoverStateChanged : SWITCH_STATE_COVER_CLOSE covertype0
04-28 22:50:15.940  4048  4048 I NfcService: Hello Cover  : onCoverStateChanged - State Close
04-28 22:50:15.940  2349 18317 D KeyguardViewMediator: doKeyguardLocked: started
04-28 22:50:15.940  1553  1834 D PowerManagerUtil: Excessive delay in ColorFade : createSurface: 20ms
04-28 22:50:15.950  2349  2349 D vol.SecVolumeDialog: dismissH : false
04-28 22:50:15.950  2349  2349 D CoverViewMediator: Cover BaseService updateCoverState :false
04-28 22:50:15.950  1553  1834 D PowerManagerUtil: Excessive delay in ColorFade : createEglSurface: 15ms
04-28 22:50:15.950  1553  1553 D LightsService: [api] [SvcLED] turnOff:: id = 5 (uid: 1000 pid: 1553) 
04-28 22:50:15.950  1553  1553 D LightsService: [api] [SvcLED] LED indicator : Not supported.
04-28 22:50:15.950  1553  1553 D LightsService: [api] [SvcLED] turnOff:: id = 6 (uid: 1000 pid: 1553) 
04-28 22:50:15.950  1553  1553 D LightsService: [api] [SvcLED] LED indicator : Not supported.
04-28 22:50:15.950  1553  1553 D LightsService: [api] [SvcLED] turnOff:: id = 12 (uid: 1000 pid: 1553) 
04-28 22:50:15.950  1553  1553 D PowerManagerUtil: fileWriteString to /sys/power/wake_lock, LightsService
04-28 22:50:15.950  1553  1553 D LightsService: [SvcLED] setSvcLedStateLocked:: SvcLEDState : 0x0 -> 0x0 | SvcLED(id=12) set Off
04-28 22:50:15.960  1553  4113 D CoverManagerWhiteLists: isAllowedToUse : SIGNATURE_MATCH
04-28 22:50:15.960  1553  4090 D CoverManagerWhiteLists: isAllowedToUse : SIGNATURE_MATCH
04-28 22:50:15.960 25929 27385 D SMACK   : 10:50:15 p.m. RCV  (44235331): <iq xml:lang='en' to='trolldecker@xmpp.diskseven.com/yaxim.588C4041' from='trolldecker@xmpp.diskseven.com' type='error' id='30xzW-31'><query xmlns='google:queue'><enable/></query><error code='503' type='cancel'><service-unavailable xmlns='urn:ietf:params:xml:ns:xmpp-stanzas'/><text xml:lang='en' xmlns='urn:ietf:params:xml:ns:xmpp-stanzas'>No module is handling this query</text></error></iq>
04-28 22:50:15.960 25929 27386 D yaxim.StreamHandler: recv <iq id="30xzW-31" to="trolldecker@xmpp.diskseven.com/yaxim.588C4041" from="trolldecker@xmpp.diskseven.com" type="error"><error code="503" type="cancel"><service-unavailable xmlns="urn:ietf:params:xml:ns:xmpp-stanzas"/><text xml:lang="en" xmlns="urn:ietf:params:xml:ns:xmpp-stanzas">No module is handling this query</text></error></iq>
04-28 22:50:15.960  1553  1856 D LightsService: [SvcLED] handleForcedSvcLEDTask()
04-28 22:50:15.960  2349  2349 D SViewCoverView: SViewCoverView : updateCoverState  isCoverOpen: false coverType: 0 coverColor: 0
04-28 22:50:15.960  2349  2349 D SViewCoverView: this is not SView Cover Closed, need to lcd off
04-28 22:50:15.960  2349  2349 D SViewCoverView: removeCoverStateBroadCastAsUser 
04-28 22:50:15.960  1553  1856 D LightsService: [SvcLED]  setSvcLedLightLocked :: Current SvcLED(id=5) maintains its priority right
04-28 22:50:15.960  1553  1856 D PowerManagerUtil: fileWriteString to /sys/power/wake_unlock, LightsService
04-28 22:50:15.970  1553  1553 D GlobalActions: onCoverStateChanged state : false, type : 0
04-28 22:50:15.970  4048  4048 I NfcService: S view cover is closed right now. So screenState is changed to OFF by concept
04-28 22:50:15.970  2349 18317 D FactoryTest: checkAutomationTestOption() : option=0
04-28 22:50:15.970  2349 18317 D FactoryTest: checkAutomationTestOption() : mode_screenlock=0
04-28 22:50:15.970  2349 18317 D KeyguardViewMediator: isAutoUnlockEnabled in KeyguardViewMediator = false
04-28 22:50:15.970  2349 18317 D KeyguardViewMediator: doKeyguardLocked(null, true) - end
04-28 22:50:15.970  2349  2349 D SViewCoverView: Cover event processing notification sent : coverOpened = false
04-28 22:50:15.970  2349 18317 D KeyguardViewMediator: isSecure() = true
04-28 22:50:15.970  2349 18317 I PERF    : KeyguardViewMediator - onStartedGoingToSleep() end
04-28 22:50:15.970  4048  4275 D NfcService: call the applyRouting
04-28 22:50:15.970  2349  2349 D CoverViewMediator: state size widthPixel :0 heightPixel : 0
04-28 22:50:15.980   416 11954 I APM::AudioPolicyManager: getSituationVolume: isBTConnected:0 isHeadConnected:0
04-28 22:50:15.980  2349 28092 W AudioTrack: AUDIO_OUTPUT_FLAG_FAST denied by client; transfer 4, track 44100 Hz, output 48000 Hz
04-28 22:50:15.990   416 11953 W AudioPolicyIntefaceImpl: Skipped to add effects on session 12117
04-28 22:50:15.990   416 11953 I APM::AudioPolicyManager: startOutput() output 4, stream 1, session 12117
04-28 22:50:15.990   416  2015 D audio_hw_primary: out_set_parameters: enter: usecase(1: low-latency-playback) kvpairs: routing=2
04-28 22:50:15.990   416  2015 V audio_hw_primary: select_devices: ENTER
04-28 22:50:15.990   416  2015 V audio_hw_primary: select_devices: usecase(normal)
04-28 22:50:15.990   416  2015 V audio_hw_primary: select_devices: usecase(PCM_PLAYBACK)
04-28 22:50:15.990   416  2015 V msm8974_platform: platform_get_output_snd_device: enter: output devices(0x2)
04-28 22:50:15.990   416  2015 V msm8974_platform: get_OUTPUT_snd_device: for Normal Playback
04-28 22:50:15.990   416  2015 V msm8974_platform: platform_get_output_snd_device: exit: snd_device(speaker)
04-28 22:50:15.990   416  2015 V audio_hw_primary: out_set_parameters: exit: code(0)
04-28 22:50:15.990   416  2015 D AudioFlinger: setCurDevice() 0x2
04-28 22:50:15.990   416  2010 D audio_hw_primary: adev_set_parameters: enter: TFA_SETVOLUME=15
04-28 22:50:15.990   416  2010 V voice   : voice_set_parameters: enter: TFA_SETVOLUME=15
04-28 22:50:15.990   416  2010 V voice   : voice_set_parameters: exit with code(-2)
04-28 22:50:15.990   416  2010 V msm8974_platform: platform_set_parameters: enter: TFA_SETVOLUME=15
04-28 22:50:15.990   416  2010 V msm8974_platform: platform_set_parameters: exit with code(-2)
04-28 22:50:15.990   416  2010 D audio_hw_hfp: audio_extn_hfp_set_parameters: enter
04-28 22:50:15.990   416  2010 V audio_hw_primary: adev_set_parameters: exit
04-28 22:50:15.990   416  2010 D audio_hw_primary: adev_set_parameters: enter: TFA_SETVOLUME=15
04-28 22:50:15.990   416  2010 V voice   : voice_set_parameters: enter: TFA_SETVOLUME=15
04-28 22:50:15.990   416  2010 V voice   : voice_set_parameters: exit with code(-2)
04-28 22:50:15.990   416  2010 V msm8974_platform: platform_set_parameters: enter: TFA_SETVOLUME=15
04-28 22:50:15.990   416  2010 V msm8974_platform: platform_set_parameters: exit with code(-2)
04-28 22:50:15.990   416  2010 D audio_hw_hfp: audio_extn_hfp_set_parameters: enter
04-28 22:50:15.990   416  2010 V audio_hw_primary: adev_set_parameters: exit
04-28 22:50:16.000   416  2015 I AudioMixer: create resampler src 44100, 2, dst 48000, 2
04-28 22:50:16.000   416  2015 D SoundAliveResampler: [SoundAliveResampler] Init+++
04-28 22:50:16.010  1553  2328 I Sensors : LightSensor enable: mEnabled 1, handle 4, en 0
04-28 22:50:16.010  1553  2328 D SensorManager: unregisterListener ::   
04-28 22:50:16.010  1553  2328 I Sensors : AccelerometerSensor(0) setDelay : 66000000(ns)
04-28 22:50:16.010  1553  2328 D SensorManager: unregisterListener ::   
04-28 22:50:16.010  1553  1834 D ColorFade: ColorFade is ready
04-28 22:50:16.010  1553  1834 D DisplayPowerController: ColorFade: onAnimationStart
04-28 22:50:16.010  1553  1834 D DisplayPowerController: [Dual Screen Compatible] state[0] :2
04-28 22:50:16.010  1553  2328 D AutomaticBrightnessController: [DAB] setLightSensorEnabled : unregisterListenerRunnable
04-28 22:50:16.010  1553  1834 D PowerManagerUtil: fileWriteInt to /sys/class/tcon/tcon/auto_br, 0
04-28 22:50:16.010  1553  2328 D PowerManagerUtil: Excessive delay in setLightSensorEnabled::unregisterListener done: 3ms
04-28 22:50:16.010  1553  1834 D PowerManagerUtil: fileWriteInt to /sys/class/lcd/panel/lux, -1
04-28 22:50:16.010  1553  1834 D PowerManagerUtil: fileWriteInt to /sys/class/backlight/panel/auto_brightness, 0
04-28 22:50:16.060  1553  2297 D ConnectivityService: updateCapabilities: oldCap = [ Transports: WIFI Capabilities: INTERNET&NOT_RESTRICTED&TRUSTED&NOT_VPN&VALIDATED LinkUpBandwidth>=1048576Kbps LinkDnBandwidth>=1048576Kbps SignalStrength: -63], newCap = [ Transports: WIFI Capabilities: INTERNET&NOT_RESTRICTED&TRUSTED&NOT_VPN LinkUpBandwidth>=1048576Kbps LinkDnBandwidth>=1048576Kbps SignalStrength: -64]
04-28 22:50:16.060  1553  2297 D ConnectivityService: rematching NetworkAgentInfo [WIFI () - 740]
04-28 22:50:16.060  1553  2297 D ConnectivityService:  network has: NetworkAgentInfo{ ni{[type: WIFI[] - WIFI, state: CONNECTED/CONNECTED, reason: (unspecified), extra: "VM348613-2G", roaming: false, failover: false, isAvailable: true]}  network{740}  lp{{InterfaceName: wlan0 LinkAddresses: [192.168.0.5/24,fe80::aeee:9eff:fe04:1185/64,]  Routes: [fe80::/64 -> :: wlan0,192.168.0.0/24 -> 0.0.0.0 wlan0,0.0.0.0/0 -> 192.168.0.1 wlan0,] DnsAddresses: [192.168.0.1,] Domains:  MTU: 0 TcpBufferSizes: 524288,1048576,4525824,524288,1048576,4525824}}  nc{[ Transports: WIFI Capabilities: INTERNET&NOT_RESTRICTED&TRUSTED&NOT_VPN&VALIDATED LinkUpBandwidth>=1048576Kbps LinkDnBandwidth>=1048576Kbps SignalStrength: -64]}  Score{60}  everValidated{true}  lastValidated{true}  created{true} lingering{false} explicitlySelected{false} acceptUnvalidated{false} everCaptivePortalDetected{false} lastCaptivePortalDetected{false} }
04-28 22:50:16.070  1553  2297 D ConnectivityService:   checking if request is: NetworkRequest [ id=443, legacyType=-1, [ Capabilities: INTERNET&NOT_RESTRICTED&TRUSTED] ] satisfies: true nri.isRequest: false
04-28 22:50:16.070  1553  2297 D ConnectivityService:   checking if request is: NetworkRequest [ id=431, legacyType=-1, [ Capabilities: INTERNET&NOT_RESTRICTED&TRUSTED] ] satisfies: true nri.isRequest: false
04-28 22:50:16.070  1553  2297 D ConnectivityService:   checking if request is: NetworkRequest [ id=37, legacyType=-1, [ Capabilities: INTERNET&NOT_RESTRICTED&TRUSTED] ] satisfies: true nri.isRequest: false
04-28 22:50:16.070  1553  2297 D ConnectivityService:   checking if request is: NetworkRequest [ id=36, legacyType=-1, [ Capabilities: INTERNET&NOT_RESTRICTED&TRUSTED] ] satisfies: true nri.isRequest: false
04-28 22:50:16.070  1553  2297 D ConnectivityService:   checking if request is: NetworkRequest [ id=5, legacyType=-1, [ Transports: WIFI Capabilities: INTERNET&NOT_RESTRICTED&TRUSTED&NOT_VPN] ] satisfies: true nri.isRequest: false
04-28 22:50:16.070  1553  2297 D ConnectivityService:   checking if request is: NetworkRequest [ id=434, legacyType=-1, [ Capabilities: INTERNET&NOT_RESTRICTED&TRUSTED] ] satisfies: true nri.isRequest: false
04-28 22:50:16.070  1553  2297 D ConnectivityService:   checking if request is: NetworkRequest [ id=6, legacyType=-1, [ Capabilities: INTERNET&NOT_RESTRICTED&TRUSTED] ] satisfies: true nri.isRequest: false
04-28 22:50:16.070  1553  2297 D ConnectivityService:   checking if request is: NetworkRequest [ id=442, legacyType=-1, [ Capabilities: INTERNET&NOT_RESTRICTED&TRUSTED] ] satisfies: true nri.isRequest: false
04-28 22:50:16.070  1553  2297 D ConnectivityService: Network NetworkAgentInfo [WIFI () - 740] was already satisfying request 1. No change.
04-28 22:50:16.070  1553  2297 D ConnectivityService:   checking if request is: NetworkRequest [ id=398, legacyType=-1, [ Capabilities: INTERNET&NOT_RESTRICTED&TRUSTED] ] satisfies: true nri.isRequest: false
04-28 22:50:16.070  1553  2297 D ConnectivityService:   checking if request is: NetworkRequest [ id=3, legacyType=-1, [] ] satisfies: true nri.isRequest: false
04-28 22:50:16.070  1553  2297 D ConnectivityService:   checking if request is: NetworkRequest [ id=12, legacyType=-1, [ Capabilities: INTERNET&NOT_RESTRICTED&TRUSTED&NOT_VPN] ] satisfies: true nri.isRequest: false
04-28 22:50:16.070  1553  2297 D ConnectivityService:   checking if request is: NetworkRequest [ id=4, legacyType=-1, [ Transports: CELLULAR Capabilities: INTERNET&NOT_RESTRICTED&TRUSTED&NOT_VPN] ] satisfies: false nri.isRequest: false
04-28 22:50:16.070  1553  2297 D ConnectivityService:   checking if request is: NetworkRequest [ id=399, legacyType=-1, [ Capabilities: INTERNET&NOT_RESTRICTED&TRUSTED] ] satisfies: true nri.isRequest: false
04-28 22:50:16.070  1553  2297 D ConnectivityService:   checking if request is: NetworkRequest [ id=435, legacyType=-1, [ Capabilities: INTERNET&NOT_RESTRICTED&TRUSTED] ] satisfies: true nri.isRequest: false
04-28 22:50:16.070  1553  2297 D ConnectivityService:   checking if request is: NetworkRequest [ id=444, legacyType=-1, [ Capabilities: INTERNET&NOT_RESTRICTED&TRUSTED] ] satisfies: true nri.isRequest: false
04-28 22:50:16.070  1553  2297 D ConnectivityService: notifyType CAP_CHANGED for NetworkAgentInfo [WIFI () - 740]
04-28 22:50:16.070  1553  2297 D ConnectivityService:  sending notification for NetworkRequest [ id=1, legacyType=-1, [ Capabilities: INTERNET&NOT_RESTRICTED&TRUSTED&NOT_VPN] ]
04-28 22:50:16.070  1553  2297 D ConnectivityService:  sending notification for NetworkRequest [ id=3, legacyType=-1, [] ]
04-28 22:50:16.070  1553  2297 D ConnectivityService: sending notification CAP_CHANGED for NetworkRequest [ id=3, legacyType=-1, [] ]
04-28 22:50:16.070  1553  2297 D ConnectivityService:  sending notification for NetworkRequest [ id=5, legacyType=-1, [ Transports: WIFI Capabilities: INTERNET&NOT_RESTRICTED&TRUSTED&NOT_VPN] ]
04-28 22:50:16.070  1553  2297 D ConnectivityService: sending notification CAP_CHANGED for NetworkRequest [ id=5, legacyType=-1, [ Transports: WIFI Capabilities: INTERNET&NOT_RESTRICTED&TRUSTED&NOT_VPN] ]
04-28 22:50:16.070  1553  1834 D PowerManagerUtil: fileWriteInt to /sys/class/mdnie/mdnie/auto_brightness, 0
04-28 22:50:16.070  1553  1834 D AutomaticBrightnessController: [DAB] no lux value from sensor manager
04-28 22:50:16.070  1553  1834 D DisplayPowerController: getFinalBrightness : Summary is 5 -> 5
04-28 22:50:16.070  1553  2297 D ConnectivityService:  sending notification for NetworkRequest [ id=6, legacyType=-1, [ Capabilities: INTERNET&NOT_RESTRICTED&TRUSTED] ]
04-28 22:50:16.070  1553  2297 D ConnectivityService: sending notification CAP_CHANGED for NetworkRequest [ id=6, legacyType=-1, [ Capabilities: INTERNET&NOT_RESTRICTED&TRUSTED] ]
04-28 22:50:16.070  1553  2297 D ConnectivityService:  sending notification for NetworkRequest [ id=12, legacyType=-1, [ Capabilities: INTERNET&NOT_RESTRICTED&TRUSTED&NOT_VPN] ]
04-28 22:50:16.070  1553  2297 D ConnectivityService: sending notification CAP_CHANGED for NetworkRequest [ id=12, legacyType=-1, [ Capabilities: INTERNET&NOT_RESTRICTED&TRUSTED&NOT_VPN] ]
04-28 22:50:16.070  1553  2297 D ConnectivityService:  sending notification for NetworkRequest [ id=36, legacyType=-1, [ Capabilities: INTERNET&NOT_RESTRICTED&TRUSTED] ]
04-28 22:50:16.080  1553  2297 D ConnectivityService: sending notification CAP_CHANGED for NetworkRequest [ id=36, legacyType=-1, [ Capabilities: INTERNET&NOT_RESTRICTED&TRUSTED] ]
04-28 22:50:16.080  1553  2297 D ConnectivityService:  sending notification for NetworkRequest [ id=37, legacyType=-1, [ Capabilities: INTERNET&NOT_RESTRICTED&TRUSTED] ]
04-28 22:50:16.080  1553  2297 D ConnectivityService: sending notification CAP_CHANGED for NetworkRequest [ id=37, legacyType=-1, [ Capabilities: INTERNET&NOT_RESTRICTED&TRUSTED] ]
04-28 22:50:16.080  1553  2297 D ConnectivityService:  sending notification for NetworkRequest [ id=398, legacyType=-1, [ Capabilities: INTERNET&NOT_RESTRICTED&TRUSTED] ]
04-28 22:50:16.080  1553  2297 D ConnectivityService: sending notification CAP_CHANGED for NetworkRequest [ id=398, legacyType=-1, [ Capabilities: INTERNET&NOT_RESTRICTED&TRUSTED] ]
04-28 22:50:16.080  1553  2297 D ConnectivityService:  sending notification for NetworkRequest [ id=399, legacyType=-1, [ Capabilities: INTERNET&NOT_RESTRICTED&TRUSTED] ]
04-28 22:50:16.080  1553  2297 D ConnectivityService: sending notification CAP_CHANGED for NetworkRequest [ id=399, legacyType=-1, [ Capabilities: INTERNET&NOT_RESTRICTED&TRUSTED] ]
04-28 22:50:16.080  1553  2297 D ConnectivityService:  sending notification for NetworkRequest [ id=431, legacyType=-1, [ Capabilities: INTERNET&NOT_RESTRICTED&TRUSTED] ]
04-28 22:50:16.080  1553  2297 D ConnectivityService: sending notification CAP_CHANGED for NetworkRequest [ id=431, legacyType=-1, [ Capabilities: INTERNET&NOT_RESTRICTED&TRUSTED] ]
04-28 22:50:16.080  1553  2297 D ConnectivityService:  sending notification for NetworkRequest [ id=434, legacyType=-1, [ Capabilities: INTERNET&NOT_RESTRICTED&TRUSTED] ]
04-28 22:50:16.080  1553  2297 D ConnectivityService: sending notification CAP_CHANGED for NetworkRequest [ id=434, legacyType=-1, [ Capabilities: INTERNET&NOT_RESTRICTED&TRUSTED] ]
04-28 22:50:16.090  1553  2297 D ConnectivityService:  sending notification for NetworkRequest [ id=435, legacyType=-1, [ Capabilities: INTERNET&NOT_RESTRICTED&TRUSTED] ]
04-28 22:50:16.090  1553  2297 D ConnectivityService: sending notification CAP_CHANGED for NetworkRequest [ id=435, legacyType=-1, [ Capabilities: INTERNET&NOT_RESTRICTED&TRUSTED] ]
04-28 22:50:16.090  1553  2297 D ConnectivityService:  sending notification for NetworkRequest [ id=442, legacyType=-1, [ Capabilities: INTERNET&NOT_RESTRICTED&TRUSTED] ]
04-28 22:50:16.090  1553  2297 D ConnectivityService: sending notification CAP_CHANGED for NetworkRequest [ id=442, legacyType=-1, [ Capabilities: INTERNET&NOT_RESTRICTED&TRUSTED] ]
04-28 22:50:16.090  1553  2297 D ConnectivityService:  sending notification for NetworkRequest [ id=443, legacyType=-1, [ Capabilities: INTERNET&NOT_RESTRICTED&TRUSTED] ]
04-28 22:50:16.090  1553  2297 D ConnectivityService: sending notification CAP_CHANGED for NetworkRequest [ id=443, legacyType=-1, [ Capabilities: INTERNET&NOT_RESTRICTED&TRUSTED] ]
04-28 22:50:16.090  1553  4442 D ConnectivityService: returning Blocked NetworkInfo for ifname=wlan0, uid=10169
04-28 22:50:16.090  1553  2297 D ConnectivityService:  sending notification for NetworkRequest [ id=444, legacyType=-1, [ Capabilities: INTERNET&NOT_RESTRICTED&TRUSTED] ]
04-28 22:50:16.090  1553  2297 D ConnectivityService: sending notification CAP_CHANGED for NetworkRequest [ id=444, legacyType=-1, [ Capabilities: INTERNET&NOT_RESTRICTED&TRUSTED] ]
04-28 22:50:16.090  1553  2171 D ConnectivityService: returning Blocked NetworkInfo for ifname=wlan0, uid=10169
04-28 22:50:16.140  1553  2198 D InputReader: Input event(7): value=1 when=437457698224000
04-28 22:50:16.140  1553  2198 D InputReader: skip keys because of closing cover
04-28 22:50:16.170  2349  2349 D StatusBar.NetworkController: refreshViews connected={ wifi } level=4 combinedSignalIconId=0x7f020652/com.android.systemui:drawable/stat_sys_wifi_signal_3 mobileLabel=O2 - UK wifiLabel="VM348613-2G" emergencyOnly=false combinedLabel="VM348613-2G" mAirplaneMode=false mDataActivity=0 mPhoneSignalIconId=0x7f0205d0/com.android.systemui:drawable/stat_sys_signal_4_auto_rotate mQSPhoneSignalIconId=0x7f02015f/com.android.systemui:drawable/ic_qs_signal_4 mDataDirectionIconId=0x0/(null) mDataSignalIconId=0x7f0205d0/com.android.systemui:drawable/stat_sys_signal_4_auto_rotate mDataTypeIconId=0x7f020401/com.android.systemui:drawable/stat_sys_data_connected_4g mQSDataTypeIconId=0x7f020160/com.android.systemui:drawable/ic_qs_signal_4g mNoSimIconId=0x0/(null) mWifiIconId=0x7f020652/com.android.systemui:drawable/stat_sys_wifi_signal_3 mQSWifiIconId=0x7f02032f/com.android.systemui:drawable/qs_tile_wifi_signal_3 mWifiActivityIconId=0x7f020603/com.android.systemui:drawable/stat_sys_signal_inout mBluetoothTetherIconId=0x7f02062c/com.android.systemui:drawable/stat_sys_tether_bluetooth
04-28 22:50:16.170  2349  2349 D StatusBar.NetworkController: refreshNwBoosterIndicator - setNWBoosterIndicators(false)
04-28 22:50:16.170  2349  2349 D StatusBar.NetworkController: refreshNwBoosterIndicator - setNWBoosterIndicators(false)
04-28 22:50:16.180  2349  2349 D StatusBar.NetworkController: refreshNwBoosterIndicator - setNWBoosterIndicators(false)
04-28 22:50:16.180  2349  2349 D StatusBar.NetworkController: refreshNwBoosterIndicator - setNWBoosterIndicators(false)
04-28 22:50:16.330   416  2011 I APM::AudioPolicyManager: stopOutput() output 4, stream 1, session 12117
04-28 22:50:16.350 22466 22512 I System.out: (HTTPLog)-Static: isSBSettingEnabled false
04-28 22:50:16.350 22466 22512 I System.out: (HTTPLog)-Static: isSBSettingEnabled false
04-28 22:50:16.350  1553  1834 D DisplayPowerState: !@ [0] ColorFade entry
04-28 22:50:16.350  1553  1834 D PowerManagerService: [input device light] onColorFadeExit(false)
04-28 22:50:16.350  1553  1834 D DisplayPowerController: ColorFade: onAnimationEnd
04-28 22:50:16.360  1553  1834 I WindowManager: Screen turned off...
04-28 22:50:16.360  1553  2329 D lights  : lcd : 0 +
04-28 22:50:16.360  1553  1834 D ActivityTrigger: ActivityTrigger activityPauseTrigger 
04-28 22:50:16.360  1553  1834 D DisplayPowerController: animateScreenStateChange[0]: target=1
04-28 22:50:16.360  1553  1834 D DisplayPowerController: [M OS] 0 REPORTED_TO_POLICY_SCREEN_* -> REPORTED_TO_POLICY_SCREEN_OFF.
04-28 22:50:16.370  1553  2329 D lights  : lcd : 0 -
04-28 22:50:16.400  1553  1734 D ActivityTrigger: ActivityTrigger activityStopTrigger 
04-28 22:50:16.400  1553  1834 D SensorService: [SO] activate (ident=0xb84cf280, enabled=0)
04-28 22:50:16.400  1553  1834 I Sensors : AccelerometerSensor enable: mEnabled 1, handle 0, en 0
04-28 22:50:16.400 23400 23400 D conversations: app switched into background
04-28 22:50:16.400  1553  2290 D NetworkPolicy: isUidForegroundLocked: 10298, mScreenOn: true, uidstate: 5, mProxSensorScreenOff: false
04-28 22:50:16.400 23400 23400 V ActivityThread: updateVisibility : ActivityRecord{134bbba token=android.os.BinderProxy@39b973d {eu.siacs.conversations/eu.siacs.conversations.ui.ConversationActivity}} show : true
04-28 22:50:16.400  1553  2192 V AlarmManager: Expired Alarm result :4
