04-28 22:48:08.680 26274 26274 D ViewRootImpl: ViewPostImeInputStage processPointer 0
04-28 22:48:08.690  1553  4442 D SamsungWindowManager: f.b. a = false psme = false hdpsm = false hd = true lpm = false eme = false ksno = false ps = false
04-28 22:48:08.690  1553  4442 D SamsungWindowManager: haptic disabled by policy
04-28 22:48:08.790  1553  2198 D InputReader: Input event(4): value=0 when=437330347172000
04-28 22:48:08.790  1553  2198 I InputReader: Touch event's action is 0x1 (deviceType=0) [pCnt=1, s=] when=437330347172000
04-28 22:48:08.790  1553  2197 I InputDispatcher: Delivering touch to (26274): action: 0x1, toolType: 1
04-28 22:48:08.790 26274 26274 D ViewRootImpl: ViewPostImeInputStage processPointer 1
04-28 22:48:09.190  1553  2198 D InputReader: Input event(4): value=1 when=437330743943000
04-28 22:48:09.190  1553  2198 I InputReader: Touch event's action is 0x0 (deviceType=0) [pCnt=1, s=0.19358 ] when=437330743943000
04-28 22:48:09.190  1553  2198 D InputReader: lastThreadEndTime = 437330347452546, currentThreadStartTime = 437330347456556, diff = 0
04-28 22:48:09.190  1553  2197 I InputDispatcher: Delivering touch to (2349): action: 0x4, toolType: 1
04-28 22:48:09.190  1553  2197 I InputDispatcher: Delivering touch to (26274): action: 0x0, toolType: 1
04-28 22:48:09.190 26274 26274 D ViewRootImpl: ViewPostImeInputStage processPointer 0
04-28 22:48:09.190  1553  2171 D SamsungWindowManager: f.b. a = false psme = false hdpsm = false hd = true lpm = false eme = false ksno = false ps = false
04-28 22:48:09.190  1553  2171 D SamsungWindowManager: haptic disabled by policy
04-28 22:48:09.270  1553  2198 D InputReader: Input event(4): value=0 when=437330824650000
04-28 22:48:09.270  1553  2198 I InputReader: Touch event's action is 0x1 (deviceType=0) [pCnt=1, s=] when=437330824650000
04-28 22:48:09.270  1553  2197 I InputDispatcher: Delivering touch to (26274): action: 0x1, toolType: 1
04-28 22:48:09.270 26274 26274 D ViewRootImpl: ViewPostImeInputStage processPointer 1
04-28 22:48:09.500  2349  2349 D StatusBar.NetworkController: refreshViews connected={ wifi } level=4 combinedSignalIconId=0x7f020655/com.android.systemui:drawable/stat_sys_wifi_signal_4 mobileLabel=O2 - UK wifiLabel="VM348613-2G" emergencyOnly=false combinedLabel="VM348613-2G" mAirplaneMode=false mDataActivity=0 mPhoneSignalIconId=0x7f0205d0/com.android.systemui:drawable/stat_sys_signal_4_auto_rotate mQSPhoneSignalIconId=0x7f02015f/com.android.systemui:drawable/ic_qs_signal_4 mDataDirectionIconId=0x0/(null) mDataSignalIconId=0x7f0205d0/com.android.systemui:drawable/stat_sys_signal_4_auto_rotate mDataTypeIconId=0x7f020401/com.android.systemui:drawable/stat_sys_data_connected_4g mQSDataTypeIconId=0x7f020160/com.android.systemui:drawable/ic_qs_signal_4g mNoSimIconId=0x0/(null) mWifiIconId=0x7f020655/com.android.systemui:drawable/stat_sys_wifi_signal_4 mQSWifiIconId=0x7f020330/com.android.systemui:drawable/qs_tile_wifi_signal_4 mWifiActivityIconId=0x7f020603/com.android.systemui:drawable/stat_sys_signal_inout mBluetoothTetherIconId=0x7f02062c/com.android.systemui:drawable/stat_sys_tether_bluetooth
04-28 22:48:09.500  2349  2349 D StatusBar.NetworkController: refreshNwBoosterIndicator - setNWBoosterIndicators(false)
04-28 22:48:09.500  2349  2349 D StatusBar.NetworkController: refreshNwBoosterIndicator - setNWBoosterIndicators(false)
04-28 22:48:09.500  2349  2349 D StatusBar.NetworkController: refreshNwBoosterIndicator - setNWBoosterIndicators(false)
04-28 22:48:09.500  2349  2349 D StatusBar.NetworkController: refreshNwBoosterIndicator - setNWBoosterIndicators(false)
04-28 22:48:09.550  1553  2198 D InputReader: Input event(4): value=1 when=437331101150000
04-28 22:48:09.550  1553  2198 I InputReader: Touch event's action is 0x0 (deviceType=0) [pCnt=1, s=0.19359 ] when=437331101150000
04-28 22:48:09.550  1553  2198 D InputReader: lastThreadEndTime = 437330824889472, currentThreadStartTime = 437330824893275, diff = 0
04-28 22:48:09.550  1553  2197 I InputDispatcher: Delivering touch to (2349): action: 0x4, toolType: 1
04-28 22:48:09.550  1553  2197 I InputDispatcher: Delivering touch to (26274): action: 0x0, toolType: 1
04-28 22:48:09.550 26274 26274 D ViewRootImpl: ViewPostImeInputStage processPointer 0
04-28 22:48:09.550  1553  4442 D SamsungWindowManager: f.b. a = false psme = false hdpsm = false hd = true lpm = false eme = false ksno = false ps = false
04-28 22:48:09.550  1553  4442 D SamsungWindowManager: haptic disabled by policy
04-28 22:48:09.660  1553  2198 D InputReader: Input event(4): value=0 when=437331211559000
04-28 22:48:09.660  1553  2198 I InputReader: Touch event's action is 0x1 (deviceType=0) [pCnt=1, s=] when=437331211559000
04-28 22:48:09.660  1553  2197 I InputDispatcher: Delivering touch to (26274): action: 0x1, toolType: 1
04-28 22:48:09.660 26274 26274 D ViewRootImpl: ViewPostImeInputStage processPointer 1
04-28 22:48:09.850  1553  2198 D InputReader: Input event(4): value=1 when=437331407333000
04-28 22:48:09.850  1553  2198 I InputReader: Touch event's action is 0x0 (deviceType=0) [pCnt=1, s=0.19360 ] when=437331407333000
04-28 22:48:09.850  1553  2198 D InputReader: lastThreadEndTime = 437331211821504, currentThreadStartTime = 437331211825045, diff = 0
04-28 22:48:09.850  1553  2197 I InputDispatcher: Delivering touch to (2349): action: 0x4, toolType: 1
04-28 22:48:09.850  1553  2197 I InputDispatcher: Delivering touch to (26274): action: 0x0, toolType: 1
04-28 22:48:09.850 26274 26274 D ViewRootImpl: ViewPostImeInputStage processPointer 0
04-28 22:48:09.850  1553  2399 D SamsungWindowManager: f.b. a = false psme = false hdpsm = false hd = true lpm = false eme = false ksno = false ps = false
04-28 22:48:09.850  1553  2399 D SamsungWindowManager: haptic disabled by policy
04-28 22:48:09.950  1553  2198 D InputReader: Input event(4): value=0 when=437331500245000
04-28 22:48:09.950  1553  2198 I InputReader: Touch event's action is 0x1 (deviceType=0) [pCnt=1, s=] when=437331500245000
04-28 22:48:09.950  1553  2197 I InputDispatcher: Delivering touch to (26274): action: 0x1, toolType: 1
04-28 22:48:09.950 26274 26274 D ViewRootImpl: ViewPostImeInputStage processPointer 1
04-28 22:48:10.110  1553  2198 D InputReader: Input event(4): value=1 when=437331665035000
04-28 22:48:10.110  1553  2198 I InputReader: Touch event's action is 0x0 (deviceType=0) [pCnt=1, s=0.19361 ] when=437331665035000
04-28 22:48:10.110  1553  2198 D InputReader: lastThreadEndTime = 437331500488222, currentThreadStartTime = 437331500491868, diff = 0
04-28 22:48:10.110  1553  2197 I InputDispatcher: Delivering touch to (2349): action: 0x4, toolType: 1
04-28 22:48:10.110  1553  2197 I InputDispatcher: Delivering touch to (26274): action: 0x0, toolType: 1
04-28 22:48:10.110 26274 26274 D ViewRootImpl: ViewPostImeInputStage processPointer 0
04-28 22:48:10.110  1553  4445 D SamsungWindowManager: f.b. a = false psme = false hdpsm = false hd = true lpm = false eme = false ksno = false ps = false
04-28 22:48:10.110  1553  4445 D SamsungWindowManager: haptic disabled by policy
04-28 22:48:10.210  1553  2198 D InputReader: Input event(4): value=0 when=437331761631000
04-28 22:48:10.210  1553  2198 I InputReader: Touch event's action is 0x1 (deviceType=0) [pCnt=1, s=] when=437331761631000
04-28 22:48:10.210  1553  2197 I InputDispatcher: Delivering touch to (26274): action: 0x1, toolType: 1
04-28 22:48:10.210 26274 26274 D ViewRootImpl: ViewPostImeInputStage processPointer 1
04-28 22:48:10.330  1553  2198 D InputReader: Input event(4): value=1 when=437331886949000
04-28 22:48:10.330  1553  2198 I InputReader: Touch event's action is 0x0 (deviceType=0) [pCnt=1, s=0.19362 ] when=437331886949000
04-28 22:48:10.330  1553  2198 D InputReader: lastThreadEndTime = 437331761904264, currentThreadStartTime = 437331761907962, diff = 0
04-28 22:48:10.330  1553  2197 I InputDispatcher: Delivering touch to (2349): action: 0x4, toolType: 1
04-28 22:48:10.330  1553  2197 I InputDispatcher: Delivering touch to (26274): action: 0x0, toolType: 1
04-28 22:48:10.330 26274 26274 D ViewRootImpl: ViewPostImeInputStage processPointer 0
04-28 22:48:10.330  1553  4442 D SamsungWindowManager: f.b. a = false psme = false hdpsm = false hd = true lpm = false eme = false ksno = false ps = false
04-28 22:48:10.330  1553  4442 D SamsungWindowManager: haptic disabled by policy
04-28 22:48:10.400  1553  2198 D InputReader: Input event(4): value=0 when=437331958072000
04-28 22:48:10.400  1553  2198 I InputReader: Touch event's action is 0x1 (deviceType=0) [pCnt=1, s=] when=437331958072000
04-28 22:48:10.400  1553  2197 I InputDispatcher: Delivering touch to (26274): action: 0x1, toolType: 1
04-28 22:48:10.400 26274 26274 D ViewRootImpl: ViewPostImeInputStage processPointer 1
04-28 22:48:10.430  2349  2349 D StatusBar.NetworkController: onSignalStrengthsChanged signalStrength=SignalStrength: 99 99 -120 -160 -120 -1 -1 31 -77 -13 202 -1 2147483647 0x4000 gsm|lte level=4
04-28 22:48:10.430  2349  2349 D StatusBar.NetworkController: updateTelephonySignalStrength: hasService=true ss=SignalStrength: 99 99 -120 -160 -120 -1 -1 31 -77 -13 202 -1 2147483647 0x4000 gsm|lte
04-28 22:48:10.430  2349  2349 D StatusBar.NetworkController: updateTelephonySignalStrength: iconLevel=4
04-28 22:48:10.430  2349  2349 D StatusBar.NetworkController: updateTelephonySignalStrength, No signal level. mPhoneSignalIconId = com.android.systemui:drawable/stat_sys_signal_4_auto_rotate mDataSignalIconId = com.android.systemui:drawable/stat_sys_signal_4_auto_rotate mQSPhoneSignalIconId = com.android.systemui:drawable/ic_qs_signal_4 mContentDescriptionPhoneSignal = Phone signal full.
04-28 22:48:10.530  2349  2349 D StatusBar.NetworkController: refreshViews connected={ wifi } level=4 combinedSignalIconId=0x7f020655/com.android.systemui:drawable/stat_sys_wifi_signal_4 mobileLabel=O2 - UK wifiLabel="VM348613-2G" emergencyOnly=false combinedLabel="VM348613-2G" mAirplaneMode=false mDataActivity=0 mPhoneSignalIconId=0x7f0205d0/com.android.systemui:drawable/stat_sys_signal_4_auto_rotate mQSPhoneSignalIconId=0x7f02015f/com.android.systemui:drawable/ic_qs_signal_4 mDataDirectionIconId=0x0/(null) mDataSignalIconId=0x7f0205d0/com.android.systemui:drawable/stat_sys_signal_4_auto_rotate mDataTypeIconId=0x7f020401/com.android.systemui:drawable/stat_sys_data_connected_4g mQSDataTypeIconId=0x7f020160/com.android.systemui:drawable/ic_qs_signal_4g mNoSimIconId=0x0/(null) mWifiIconId=0x7f020655/com.android.systemui:drawable/stat_sys_wifi_signal_4 mQSWifiIconId=0x7f020330/com.android.systemui:drawable/qs_tile_wifi_signal_4 mWifiActivityIconId=0x7f020606/com.android.systemui:drawable/stat_sys_signal_no_inout mBluetoothTetherIconId=0x7f02062c/com.android.systemui:drawable/stat_sys_tether_bluetooth
04-28 22:48:10.530  2349  2349 D StatusBar.NetworkController: refreshNwBoosterIndicator - setNWBoosterIndicators(false)
04-28 22:48:10.530  2349  2349 D StatusBar.NetworkController: refreshNwBoosterIndicator - setNWBoosterIndicators(false)
04-28 22:48:10.530  2349  2349 D StatusBar.NetworkController: refreshNwBoosterIndicator - setNWBoosterIndicators(false)
04-28 22:48:10.530  2349  2349 D StatusBar.NetworkController: refreshNwBoosterIndicator - setNWBoosterIndicators(false)
04-28 22:48:11.020  1553  2198 D InputReader: Input event(4): value=1 when=437332576252000
04-28 22:48:11.020  1553  2198 I InputReader: Touch event's action is 0x0 (deviceType=0) [pCnt=1, s=0.19363 ] when=437332576252000
04-28 22:48:11.020  1553  2198 D InputReader: lastThreadEndTime = 437331958362597, currentThreadStartTime = 437331958365722, diff = 0
04-28 22:48:11.020  1553  2197 I InputDispatcher: Delivering touch to (2349): action: 0x4, toolType: 1
04-28 22:48:11.020  1553  2197 I InputDispatcher: Delivering touch to (26274): action: 0x0, toolType: 1
04-28 22:48:11.020 26274 26274 D ViewRootImpl: ViewPostImeInputStage processPointer 0
04-28 22:48:11.020  1553  4441 D SamsungWindowManager: f.b. a = false psme = false hdpsm = false hd = true lpm = false eme = false ksno = false ps = false
04-28 22:48:11.020  1553  4441 D SamsungWindowManager: haptic disabled by policy
04-28 22:48:11.140  1553  2198 D InputReader: Input event(4): value=0 when=437332694337000
04-28 22:48:11.140  1553  2198 I InputReader: Touch event's action is 0x1 (deviceType=0) [pCnt=1, s=] when=437332694337000
04-28 22:48:11.140  1553  2197 I InputDispatcher: Delivering touch to (26274): action: 0x1, toolType: 1
04-28 22:48:11.140 26274 26274 D ViewRootImpl: ViewPostImeInputStage processPointer 1
04-28 22:48:11.160  1553  1553 D InputMethodManagerService: [HARDWARE_KEYBOARD] (refreshImeWindowVis) mImeWindowVis= 3 inputVisible = truehaveHardKeyboard = false hardKeyShown = false
04-28 22:48:11.170  1553  4441 D ApplicationPolicy: isStatusBarNotificationAllowedAsUser: packageName = android,userId = -1
04-28 22:48:11.170  1553  4091 D ApplicationPolicy: isStatusBarNotificationAllowedAsUser: packageName = android,userId = -1
04-28 22:48:11.170  1553  1553 D InputMethodManagerService: [HARDWARE_KEYBOARD] (refreshImeWindowVis) mImeWindowVis= 3 inputVisible = truehaveHardKeyboard = false hardKeyShown = false
04-28 22:48:11.180  1553  1553 D MARsPolicyManager: NotificationListenerService OngoingNotificationPosted : android
04-28 22:48:11.190  1553  1553 D MARsPolicyManager: NotificationListenerService OngoingNotificationPosted : android
04-28 22:48:11.210  2349  2349 D StatusBar: ----- contentsUnchanged : true, bigContentsUnchanged - true, headsUpContentsUnchanged - true , publicUnchanged true
04-28 22:48:11.230  1553  4435 D BatteryService: !@BatteryListener : batteryPropertiesChanged!
04-28 22:48:11.230  1553  4435 D BatteryService: level:64, scale:100, status:2, health:2, present:true, voltage: 3972, temperature: 303, technology: Li-ion, AC powered:false, USB powered:true, POGO powered:false, Wireless powered:false, icon:17303606, invalid charger:0, maxChargingCurrent:0
04-28 22:48:11.230  1553  4435 D BatteryService: online:4, current avg:0, charge type:1, power sharing:false, high voltage charger:false, capacity:190000, batterySWSelfDischarging:false, current_now:0
04-28 22:48:11.230  1553  1553 D BatteryService: Sending ACTION_BATTERY_CHANGED.
04-28 22:48:11.230  1553  1553 I MotionRecognitionService: Plugged
04-28 22:48:11.230  1553  1553 D MotionRecognitionService:   cableConnection= 1
04-28 22:48:11.230  1553  1553 D MotionRecognitionService: setPowerConnected | current backoff  = 5120 , state =5120
04-28 22:48:11.230  1553  1553 D MotionRecognitionService: skip setTransmitPower. 
04-28 22:48:11.230  1553  1553 D GameManagerService: new battery level: 64
04-28 22:48:11.250  2349  2349 D PanelView: kidsfalse mQsExpansionEnabled:true
04-28 22:48:11.260  2349  2349 D PanelView: kidsfalse mQsExpansionEnabled:true
04-28 22:48:11.260  2349  2349 D StatusBar: ----- contentsUnchanged : true, bigContentsUnchanged - true, headsUpContentsUnchanged - true , publicUnchanged true
04-28 22:48:11.270  2349  2349 D PanelView: kidsfalse mQsExpansionEnabled:true
04-28 22:48:11.270  2349  2349 D PanelView: kidsfalse mQsExpansionEnabled:true
04-28 22:48:11.280  2349  2349 D KeyguardUpdateMonitor: received broadcast android.intent.action.BATTERY_CHANGED
04-28 22:48:11.280  2349  2349 I PERF    : received broadcast android.intent.action.BATTERY_CHANGED
04-28 22:48:11.280  2349  2349 D KeyguardUpdateMonitor: handleBatteryUpdate
04-28 22:48:11.280  2349  2349 D BatteryMeterView: ACTION_BATTERY_CHANGED : level:64 status:2 health:2
04-28 22:48:11.280  2349  2349 D BatteryMeterView: ACTION_BATTERY_CHANGED : level:64 status:2 health:2
04-28 22:48:11.280  2349  2349 D BatteryMeterView: ACTION_BATTERY_CHANGED : level:64 status:2 health:2
04-28 22:48:11.280  2349  2349 D SViewCoverView: BroadcastReceiver onReceive() : action : android.intent.action.BATTERY_CHANGED
04-28 22:48:11.280  2349  2349 D SViewCoverView: level :64 plugged : 2
04-28 22:48:11.750  1553  6841 D SSRM:s  : SIOP:: AP = 440, CP = 35, LCD = 4
04-28 22:48:11.750  1553  6841 D ConnectivityService: returning getNetworkInfo for network type 1 : [type: WIFI[] - WIFI, state: CONNECTED/CONNECTED, reason: (unspecified), extra: "VM348613-2G", roaming: false, failover: false, isAvailable: true]
04-28 22:48:11.750  1553  6841 D SSRM:P  : reading: 44 44 0
04-28 22:48:11.780  1553  2192 V AlarmManager: Expired Alarm result :4
04-28 22:48:11.780  1553  1734 V BroadcastQueue: [background] Process cur broadcast BroadcastRecord{371e984 u0 ping qIdx=4}, state= (APP_RECEIVE) DELIVERED for app ProcessRecord{7e76ce8 23400:eu.siacs.conversations/u0a298}
04-28 22:48:12.110  1553  4419 D ApplicationPolicy: isStatusBarNotificationAllowedAsUser: packageName = android,userId = -1
04-28 22:48:12.110  1553  1553 D InputMethodManagerService: [HARDWARE_KEYBOARD] (refreshImeWindowVis) mImeWindowVis= 3 inputVisible = truehaveHardKeyboard = false hardKeyShown = false
04-28 22:48:12.120  1553  4442 D ApplicationPolicy: isStatusBarNotificationAllowedAsUser: packageName = android,userId = -1
04-28 22:48:12.120  1553  1553 D MARsPolicyManager: NotificationListenerService OngoingNotificationPosted : android
04-28 22:48:12.130  1553  1553 D InputMethodManagerService: [HARDWARE_KEYBOARD] (refreshImeWindowVis) mImeWindowVis= 3 inputVisible = truehaveHardKeyboard = false hardKeyShown = false
04-28 22:48:12.130  1553  1553 D MARsPolicyManager: NotificationListenerService OngoingNotificationPosted : android
04-28 22:48:12.140  2349  2349 D StatusBar: ----- contentsUnchanged : true, bigContentsUnchanged - true, headsUpContentsUnchanged - true , publicUnchanged true
04-28 22:48:12.150  2349  2349 D PanelView: kidsfalse mQsExpansionEnabled:true
04-28 22:48:12.170  2349  2349 D PanelView: kidsfalse mQsExpansionEnabled:true
04-28 22:48:12.170  2349  2349 D StatusBar: ----- contentsUnchanged : true, bigContentsUnchanged - true, headsUpContentsUnchanged - true , publicUnchanged true
04-28 22:48:12.180  2349  2349 D PanelView: kidsfalse mQsExpansionEnabled:true
04-28 22:48:12.190  2349  2349 D PanelView: kidsfalse mQsExpansionEnabled:true
04-28 22:48:12.640  1553  4402 D ConnectivityService: returning getNetworkInfo for network type 1 : [type: WIFI[] - WIFI, state: CONNECTED/CONNECTED, reason: (unspecified), extra: "VM348613-2G", roaming: false, failover: false, isAvailable: true]
04-28 22:48:12.650  1553  2399 D ConnectivityService: returning getNetworkInfo for network type 0 : [type: MOBILE[] - MOBILE, state: DISCONNECTED/DISCONNECTED, reason: (unspecified), extra: (none), roaming: false, failover: false, isAvailable: true]
04-28 22:48:12.650  1553  1575 D ConnectivityService: returning getNetworkInfo for network type 4 : [type: MOBILE_DUN[] - MOBILE_DUN, state: DISCONNECTED/DISCONNECTED, reason: (unspecified), extra: (none), roaming: false, failover: false, isAvailable: true]
04-28 22:48:12.650  1553  4442 D ConnectivityService: returning getNetworkInfo for network type 5 : [type: MOBILE_HIPRI[] - MOBILE_HIPRI, state: DISCONNECTED/DISCONNECTED, reason: (unspecified), extra: (none), roaming: false, failover: false, isAvailable: true]
04-28 22:48:12.650  1553  4091 D ConnectivityService: returning getNetworkInfo for network type 3 : [type: MOBILE_SUPL[] - MOBILE_SUPL, state: DISCONNECTED/DISCONNECTED, reason: (unspecified), extra: (none), roaming: false, failover: false, isAvailable: true]
04-28 22:48:12.650  1553  4298 D ConnectivityService: returning getNetworkInfo for network type 2 : [type: MOBILE_MMS[] - MOBILE_MMS, state: DISCONNECTED/DISCONNECTED, reason: (unspecified), extra: (none), roaming: false, failover: false, isAvailable: true]
04-28 22:48:12.650  1553  4419 D ConnectivityService: returning getNetworkInfo for network type 7 : [type: BLUETOOTH[] - BLUETOOTH, state: DISCONNECTED/DISCONNECTED, reason: (unspecified), extra: (none), roaming: false, failover: false, isAvailable: true]
04-28 22:48:12.650  1553  4444 D ConnectivityService: returning getNetworkInfo for network type 9 : [type: ETHERNET[] - ETHERNET, state: DISCONNECTED/DISCONNECTED, reason: (unspecified), extra: (none), roaming: false, failover: false, isAvailable: true]
04-28 22:48:12.660  1553  4435 D InputDispatcher: Focused application set to: xxxx
04-28 22:48:12.660  1553  4435 D ActivityTrigger: ActivityTrigger activityPauseTrigger 
04-28 22:48:12.670  2349  2349 D StatusBar.NetworkController: onSignalStrengthsChanged signalStrength=SignalStrength: 99 99 -120 -160 -120 -1 -1 31 -77 -13 172 -1 2147483647 0x4000 gsm|lte level=4
04-28 22:48:12.670  2349  2349 D StatusBar.NetworkController: updateTelephonySignalStrength: hasService=true ss=SignalStrength: 99 99 -120 -160 -120 -1 -1 31 -77 -13 172 -1 2147483647 0x4000 gsm|lte
04-28 22:48:12.670  2349  2349 D StatusBar.NetworkController: updateTelephonySignalStrength: iconLevel=4
04-28 22:48:12.670  2349  2349 D StatusBar.NetworkController: updateTelephonySignalStrength, No signal level. mPhoneSignalIconId = com.android.systemui:drawable/stat_sys_signal_4_auto_rotate mDataSignalIconId = com.android.systemui:drawable/stat_sys_signal_4_auto_rotate mQSPhoneSignalIconId = com.android.systemui:drawable/ic_qs_signal_4 mContentDescriptionPhoneSignal = Phone signal full.
04-28 22:48:12.670  1553  1576 D InputDispatcher: Focus left window: 26274
04-28 22:48:12.670  1553  1826 D PointerIcon: setMouseIconStyle1 pointerType: 1001 iconType:101 flag:0 pid:1553 uid:1000
04-28 22:48:12.670  1553  1826 D PointerIcon: setMouseCustomIcon IconType is same.101
04-28 22:48:12.680  1553  2171 V WindowStateAnimator: Finishing drawing window Window{1d9621d u0 d0 p26274 com.agilebits.onepassword/com.agilebits.onepassword.activity.LockActivity}: mDrawState=HAS_DRAWN
04-28 22:48:12.680  1553  4402 D CustomFrequencyManagerService: acquireDVFSLockLocked : type : DVFS_MIN_LIMIT  frequency : 1190400  uid : 1000  pid : 1553  pkgName : ACTIVITY_RESUME_BOOSTER@10
04-28 22:48:12.690  1553  2399 D ConnectivityService: returning getNetworkInfo for network type 1 : [type: WIFI[] - WIFI, state: CONNECTED/CONNECTED, reason: (unspecified), extra: "VM348613-2G", roaming: false, failover: false, isAvailable: true]
04-28 22:48:12.690  1553  4442 D ConnectivityService: returning getNetworkInfo for network type 0 : [type: MOBILE[] - MOBILE, state: DISCONNECTED/DISCONNECTED, reason: (unspecified), extra: (none), roaming: false, failover: false, isAvailable: true]
04-28 22:48:12.690  1553  4113 D ConnectivityService: returning getNetworkInfo for network type 4 : [type: MOBILE_DUN[] - MOBILE_DUN, state: DISCONNECTED/DISCONNECTED, reason: (unspecified), extra: (none), roaming: false, failover: false, isAvailable: true]
04-28 22:48:12.690  1553  4091 D ConnectivityService: returning getNetworkInfo for network type 5 : [type: MOBILE_HIPRI[] - MOBILE_HIPRI, state: DISCONNECTED/DISCONNECTED, reason: (unspecified), extra: (none), roaming: false, failover: false, isAvailable: true]
04-28 22:48:12.690  1553  4402 D ActivityManager: mDVFSHelper.acquire()
04-28 22:48:12.690  1553  4419 D ConnectivityService: returning getNetworkInfo for network type 3 : [type: MOBILE_SUPL[] - MOBILE_SUPL, state: DISCONNECTED/DISCONNECTED, reason: (unspecified), extra: (none), roaming: false, failover: false, isAvailable: true]
04-28 22:48:12.690  1553  4444 D ConnectivityService: returning getNetworkInfo for network type 2 : [type: MOBILE_MMS[] - MOBILE_MMS, state: DISCONNECTED/DISCONNECTED, reason: (unspecified), extra: (none), roaming: false, failover: false, isAvailable: true]
04-28 22:48:12.690  1553  4441 D ConnectivityService: returning getNetworkInfo for network type 7 : [type: BLUETOOTH[] - BLUETOOTH, state: DISCONNECTED/DISCONNECTED, reason: (unspecified), extra: (none), roaming: false, failover: false, isAvailable: true]
04-28 22:48:12.690  1553  4435 D ConnectivityService: returning getNetworkInfo for network type 9 : [type: ETHERNET[] - ETHERNET, state: DISCONNECTED/DISCONNECTED, reason: (unspecified), extra: (none), roaming: false, failover: false, isAvailable: true]
04-28 22:48:12.690  1553  4402 V WindowOrientationListener: setCurrentAppOrientation :-1
04-28 22:48:12.690  1553  4402 V WindowOrientationListener: OrientationSensorJudge.getProposedRotation, Rotation: 0
04-28 22:48:12.690  1553  4402 V WindowManager: rotationForOrientationLw(orient=-1, last=0); user=0  sensorRotation=0 mLidState=-1 mDockMode=0 mHdmiPlugged=false mMobileKeyboardEnabled=false displayId=0
04-28 22:48:12.690  1553  4402 V WindowOrientationListener: OrientationSensorJudge.getProposedRotation, Rotation: 0
04-28 22:48:12.700  1553  1553 D GameManagerService: NotifyRunnable. pkg: com.agilebits.onepassword, type: 4, isMinimized: false, isTunableApp: false
04-28 22:48:12.700  1553  1553 D GameManagerService: unexpected mPrevNotiType: -1
04-28 22:48:12.700  1553  1734 V MARsPolicyManager: updatePackagesScore PackageInfo name -- com.agilebits.onepassword
04-28 22:48:12.710  1553  2171 D ApplicationPolicy: isStatusBarNotificationAllowedAsUser: packageName = com.agilebits.onepassword,userId = 0
04-28 22:48:12.730  1553  4113 V AlarmManager:  remove PendingIntent] PendingIntent{cbed56d: PendingIntentRecord{76aa4eb com.agilebits.onepassword broadcastIntent}}
04-28 22:48:12.740 26274 26320 I System.out: (HTTPLog)-Static: isSBSettingEnabled false
04-28 22:48:12.740 26274 26320 I System.out: (HTTPLog)-Static: isSBSettingEnabled false
04-28 22:48:12.760   401  2000 D EnterpriseController: netId is 0
04-28 22:48:12.760   401  2000 D Netd    : getNetworkForDns: using netid 740 for uid 10069
04-28 22:48:12.780 26274 26328 I System.out: (HTTPLog)-Static: isSBSettingEnabled false
04-28 22:48:12.780 26274 26328 I System.out: (HTTPLog)-Static: isSBSettingEnabled false
04-28 22:48:12.780   401  2000 D EnterpriseController: netId is 0
04-28 22:48:12.780   401  2000 D Netd    : getNetworkForDns: using netid 740 for uid 10069
04-28 22:48:12.810 26274 26274 D ViewRootImpl: #1 mView = com.android.internal.policy.PhoneWindow$DecorView{be120e0 I.E...... R.....ID 0,0-0,0}
04-28 22:48:12.810 26274 26274 D SecWifiDisplayUtil: Metadata value : none
04-28 22:48:12.820  1553  4402 D ActivityManager: post active user change for 0 fullscreen true isFloatingActivity() false isHomeActivity() false
04-28 22:48:12.820  1553  4402 D KnoxTimeoutHandler: postActiveUserChange [MsgParam] userId: 0 fullscreen is true showWhenlocked is false
04-28 22:48:12.820  1553  1553 D KnoxTimeoutHandler: handleActiveUserChange [MsgParam] userId: 0 fullscreen is true showWhenlocked is false
04-28 22:48:12.820  1553  1553 I KnoxTimeoutHandler: Shared devices show user statefalse
04-28 22:48:12.850  2349  2349 D KnoxNotification: ----- inflateViews : modified publicViewLocal -----
04-28 22:48:12.860  2349  2349 D KnoxNotification: ----- inflateViews : modified KnoxViewLocal -----
04-28 22:48:12.870   345   345 I SurfaceFlinger: id=3410 createSurf (1x1),1 flag=484, TelectItemA
04-28 22:48:12.870  1553  1740 D StatusBarManagerService: manageDisableList userId=0 what=0x0 pkg=Window{37f3233 u0 d0 p26274 com.agilebits.onepassword/com.agilebits.onepassword.activity.SelectItemActivity}
04-28 22:48:12.880  1553  4298 D InputDispatcher: Focus entered window: 26274
04-28 22:48:12.880  2349  2349 D PanelView: kidsfalse mQsExpansionEnabled:true
04-28 22:48:12.890  1553  1826 D PointerIcon: setMouseIconStyle1 pointerType: 1001 iconType:101 flag:0 pid:1553 uid:1000
04-28 22:48:12.890  1553  1826 D PointerIcon: setMouseCustomIcon IconType is same.101
04-28 22:48:12.900  2349  2349 D PanelView: kidsfalse mQsExpansionEnabled:true
04-28 22:48:12.900  2349  2349 D StatusBar.NetworkController: refreshViews connected={ wifi } level=4 combinedSignalIconId=0x7f020655/com.android.systemui:drawable/stat_sys_wifi_signal_4 mobileLabel=O2 - UK wifiLabel="VM348613-2G" emergencyOnly=false combinedLabel="VM348613-2G" mAirplaneMode=false mDataActivity=0 mPhoneSignalIconId=0x7f0205d0/com.android.systemui:drawable/stat_sys_signal_4_auto_rotate mQSPhoneSignalIconId=0x7f02015f/com.android.systemui:drawable/ic_qs_signal_4 mDataDirectionIconId=0x0/(null) mDataSignalIconId=0x7f0205d0/com.android.systemui:drawable/stat_sys_signal_4_auto_rotate mDataTypeIconId=0x7f020401/com.android.systemui:drawable/stat_sys_data_connected_4g mQSDataTypeIconId=0x7f020160/com.android.systemui:drawable/ic_qs_signal_4g mNoSimIconId=0x0/(null) mWifiIconId=0x7f020655/com.android.systemui:drawable/stat_sys_wifi_signal_4 mQSWifiIconId=0x7f020330/com.android.systemui:drawable/qs_tile_wifi_signal_4 mWifiActivityIconId=0x7f020606/com.android.systemui:drawable/stat_sys_signal_no_inout mBluetoothTetherIconId=0x7f02062c/com.android.systemui:drawable/stat_sys_tether_bluetooth
04-28 22:48:12.900  2349  2349 D StatusBar.NetworkController: refreshNwBoosterIndicator - setNWBoosterIndicators(false)
04-28 22:48:12.900  2349  2349 D StatusBar.NetworkController: refreshNwBoosterIndicator - setNWBoosterIndicators(false)
04-28 22:48:12.900  2349  2349 D StatusBar.NetworkController: refreshNwBoosterIndicator - setNWBoosterIndicators(false)
04-28 22:48:12.900  2349  2349 D StatusBar.NetworkController: refreshNwBoosterIndicator - setNWBoosterIndicators(false)
04-28 22:48:12.930  1553  4402 V WindowStateAnimator: Finishing drawing window Window{37f3233 u0 d0 p26274 com.agilebits.onepassword/com.agilebits.onepassword.activity.SelectItemActivity}: mDrawState=DRAW_PENDING
04-28 22:48:12.940  1553  1826 D KnoxTimeoutHandler: notifyActivityDrawn [MsgParam] userId: 0 fullscreen is true showWhenlocked is false
04-28 22:48:12.940  1553  1553 D KnoxTimeoutHandler: activityDrawn [MsgParam] userId: 0 fullscreen is true showWhenlocked is false
04-28 22:48:12.940  1553  1553 I KnoxTimeoutHandler: SD activityfalse
04-28 22:48:12.940  1553  1553 I KnoxTimeoutHandler: Fullscreen and mCurrent is not KNOX user. Hence hide keyguard
04-28 22:48:12.950 26274 26274 D ViewRootImpl: MSG_RESIZED_REPORT: ci=Rect(0, 36 - 0, 0) vi=Rect(0, 0 - 0, 336) or=1
04-28 22:48:12.960  1553  4090 D InputMethodManagerService: windowGainedFocus mCurrentFocusedUserId - 0 and mSecureKeypadEnabled-false
04-28 22:48:12.960  1553  4090 E InputMethodManagerService: Perflock object null
04-28 22:48:12.980  1553  1575 V WindowStateAnimator: Finishing drawing window Window{37f3233 u0 d0 p26274 com.agilebits.onepassword/com.agilebits.onepassword.activity.SelectItemActivity}: mDrawState=HAS_DRAWN
04-28 22:48:12.980  1553  1553 D EdgeLight: Turning off
04-28 22:48:12.980  1553  1553 D LightsService: [api] [SvcLED] turnOff:: id = 6 (uid: 1000 pid: 1553) 
04-28 22:48:12.980  1553  1553 D LightsService: [api] [SvcLED] LED indicator : Not supported.
04-28 22:48:12.990  1553  1553 D MARsPolicyManager: NotificationListenerService OngoingNotificationRemoved : android
04-28 22:48:12.990  1553  1553 D InputMethodManagerService: [HARDWARE_KEYBOARD] (refreshImeWindowVis) mImeWindowVis= 0 inputVisible = falsehaveHardKeyboard = false hardKeyShown = false
04-28 22:48:13.020  2349  2349 D PanelView: kidsfalse mQsExpansionEnabled:true
04-28 22:48:13.030 26274 26328 I System.out: (HTTPLog)-Static: isSBSettingEnabled false
04-28 22:48:13.030 26274 26274 D ViewRootImpl: MSG_RESIZED: ci=Rect(0, 36 - 0, 0) vi=Rect(0, 0 - 0, 0) or=1
04-28 22:48:13.030 26274 26274 I Timeline: Timeline: Activity_idle id: android.os.BinderProxy@45f7dcb time:437334587
04-28 22:48:13.030 26274 26328 I System.out: (HTTPLog)-Static: isSBSettingEnabled false
04-28 22:48:13.040  2349  2349 D PanelView: kidsfalse mQsExpansionEnabled:true
04-28 22:48:13.040  2349  2349 D BatteryMeterView: onDraw batteryColor : -1107296257
04-28 22:48:13.180  1553  1826 D CustomFrequencyManagerService: releaseDVFSLockLocked : Getting Lock type frm List : DVFS_MIN_LIMIT  frequency : 1190400  uid : 1000  pid : 1553  tag : ACTIVITY_RESUME_BOOSTER@10
04-28 22:48:13.190  1553  1826 I Timeline: Timeline: Activity_windows_visible id: ActivityRecord{36f439 u0 com.agilebits.onepassword/.activity.SelectItemActivity t15750} time:437334742
04-28 22:48:13.190   345  5484 I SurfaceFlinger: id=3409 Removed MockActivit (6/9)
04-28 22:48:13.190   345   528 I SurfaceFlinger: id=3409 Removed MockActivit (-2/9)
04-28 22:48:13.190  1553  1826 D CustomFrequencyManagerService: FrequencyrequestList.getNextCStateDisableRequest, index: 0
04-28 22:48:13.190  1553  1826 D ActivityManager: mDVFSHelper.release()
04-28 22:48:13.190  1553  1734 D CustomFrequencyManagerService: acquireDVFSLockLocked : type : DVFS_MIN_LIMIT  frequency : 1190400  uid : 1000  pid : 1553  pkgName : ACTIVITY_RESUME_BOOSTER@18
04-28 22:48:13.200  1553  1826 D KnoxTimeoutHandler: notifyActivityDrawn [MsgParam] userId: 0 fullscreen is true showWhenlocked is false
04-28 22:48:13.200  1553  1553 D KnoxTimeoutHandler: activityDrawn [MsgParam] userId: 0 fullscreen is true showWhenlocked is false
04-28 22:48:13.200  1553  1553 I KnoxTimeoutHandler: SD activityfalse
04-28 22:48:13.210  1553  1553 I KnoxTimeoutHandler: Fullscreen and mCurrent is not KNOX user. Hence hide keyguard
04-28 22:48:13.210 26274 26274 D ViewRootImpl: #3 mView = null
04-28 22:48:13.220 26274 26320 I System.out: (HTTPLog)-Static: isSBSettingEnabled false
04-28 22:48:13.220 26274 26320 I System.out: (HTTPLog)-Static: isSBSettingEnabled false
04-28 22:48:13.220  1553  2171 D ApplicationPolicy: isStatusBarNotificationAllowedAsUser: packageName = com.agilebits.onepassword,userId = 0
04-28 22:48:13.230  2349  2349 D StatusBar: ----- contentsUnchanged : true, bigContentsUnchanged - true, headsUpContentsUnchanged - true , publicUnchanged true
04-28 22:48:13.240  2349  2349 D PanelView: kidsfalse mQsExpansionEnabled:true
04-28 22:48:13.250   345   533 I SurfaceFlinger: id=3407 Removed JnputMethod (6/8)
04-28 22:48:13.250   345  2750 I SurfaceFlinger: id=3407 Removed JnputMethod (-2/8)
04-28 22:48:13.260  2349  2349 D PanelView: kidsfalse mQsExpansionEnabled:true
04-28 22:48:13.510  2349  2349 D StatusBar.NetworkController: refreshViews connected={ wifi } level=4 combinedSignalIconId=0x7f020655/com.android.systemui:drawable/stat_sys_wifi_signal_4 mobileLabel=O2 - UK wifiLabel="VM348613-2G" emergencyOnly=false combinedLabel="VM348613-2G" mAirplaneMode=false mDataActivity=0 mPhoneSignalIconId=0x7f0205d0/com.android.systemui:drawable/stat_sys_signal_4_auto_rotate mQSPhoneSignalIconId=0x7f02015f/com.android.systemui:drawable/ic_qs_signal_4 mDataDirectionIconId=0x0/(null) mDataSignalIconId=0x7f0205d0/com.android.systemui:drawable/stat_sys_signal_4_auto_rotate mDataTypeIconId=0x7f020401/com.android.systemui:drawable/stat_sys_data_connected_4g mQSDataTypeIconId=0x7f020160/com.android.systemui:drawable/ic_qs_signal_4g mNoSimIconId=0x0/(null) mWifiIconId=0x7f020655/com.android.systemui:drawable/stat_sys_wifi_signal_4 mQSWifiIconId=0x7f020330/com.android.systemui:drawable/qs_tile_wifi_signal_4 mWifiActivityIconId=0x7f020603/com.android.systemui:drawable/stat_sys_signal_inout mBluetoothTetherIconId=0x7f02062c/com.android.systemui:drawable/stat_sys_tether_bluetooth
04-28 22:48:13.510  2349  2349 D StatusBar.NetworkController: refreshNwBoosterIndicator - setNWBoosterIndicators(false)
04-28 22:48:13.510  2349  2349 D StatusBar.NetworkController: refreshNwBoosterIndicator - setNWBoosterIndicators(false)
04-28 22:48:13.510  2349  2349 D StatusBar.NetworkController: refreshNwBoosterIndicator - setNWBoosterIndicators(false)
04-28 22:48:13.510  2349  2349 D StatusBar.NetworkController: refreshNwBoosterIndicator - setNWBoosterIndicators(false)
04-28 22:48:13.700  2489  2489 D Recents : onTaskStackChanged
04-28 22:48:13.730  1553  2170 D SensorService: [SO] 0.144 9.567 2.624
04-28 22:48:13.790  1553  1553 D CustomFrequencyManagerService: releaseDVFSLockLocked : Getting Lock type frm List : DVFS_MIN_LIMIT  frequency : 1190400  uid : 1000  pid : 1553  tag : ACTIVITY_RESUME_BOOSTER@18
04-28 22:48:13.790  1553  1553 D CustomFrequencyManagerService: FrequencyrequestList.getNextCStateDisableRequest, index: 0
04-28 22:48:13.950  1553  2198 D InputReader: Input event(4): value=1 when=437335502641000
04-28 22:48:13.950  1553  2198 I InputReader: Touch event's action is 0x0 (deviceType=0) [pCnt=1, s=0.19364 ] when=437335502641000
04-28 22:48:13.950  1553  2198 D InputReader: lastThreadEndTime = 437332694597597, currentThreadStartTime = 437332694601399, diff = 0
04-28 22:48:13.950  1553  2197 I InputDispatcher: Delivering touch to (2349): action: 0x4, toolType: 1
04-28 22:48:13.950  1553  2197 I InputDispatcher: Delivering touch to (26274): action: 0x0, toolType: 1
04-28 22:48:13.950 26274 26274 D ViewRootImpl: ViewPostImeInputStage processPointer 0
04-28 22:48:13.950  1553  2197 D PowerManagerService: [api] userActivityFromNative : 40 (event: 2 flags: 0) eventTime = 437335502
04-28 22:48:13.950  1553  1575 V AlarmManager:  remove PendingIntent] PendingIntent{eef0ea1: PendingIntentRecord{76aa4eb com.agilebits.onepassword broadcastIntent}}
04-28 22:48:14.040  1553  2198 D InputReader: Input event(4): value=0 when=437335596661000
04-28 22:48:14.040  1553  2198 I InputReader: Touch event's action is 0x1 (deviceType=0) [pCnt=1, s=] when=437335596661000
04-28 22:48:14.040  1553  2197 I InputDispatcher: Delivering touch to (26274): action: 0x1, toolType: 1
04-28 22:48:14.040 26274 26274 D ViewRootImpl: ViewPostImeInputStage processPointer 1
04-28 22:48:14.050  1553  4091 V AudioService: AudioService playSoundEffect Type : 0, volume : -1.0
04-28 22:48:14.050  1553  2303 V AudioService: received MSG_PLAY_SOUND_EFFECT onPlaySoundEffect start
04-28 22:48:14.060   416  5390 I APM::AudioPolicyManager: getSituationVolume: isBTConnected:0 isHeadConnected:0
04-28 22:48:14.060   416   416 W AudioPolicyIntefaceImpl: Skipped to add effects on session 12091
04-28 22:48:14.060   416   416 I APM::AudioPolicyManager: startOutput() output 4, stream 1, session 12091
04-28 22:48:14.070   416  2015 D audio_hw_primary: out_set_parameters: enter: usecase(1: low-latency-playback) kvpairs: routing=2
04-28 22:48:14.070   416  2015 V audio_hw_primary: out_set_parameters: exit: code(0)
04-28 22:48:14.070   416  2015 D AudioFlinger: setCurDevice() 0x2
04-28 22:48:14.070   416  2010 D audio_hw_primary: adev_set_parameters: enter: TFA_SETVOLUME=15
04-28 22:48:14.070   416  2010 V voice   : voice_set_parameters: enter: TFA_SETVOLUME=15
04-28 22:48:14.070   416  2010 V voice   : voice_set_parameters: exit with code(-2)
04-28 22:48:14.070   416  2010 V msm8974_platform: platform_set_parameters: enter: TFA_SETVOLUME=15
04-28 22:48:14.070   416  2010 V msm8974_platform: platform_set_parameters: exit with code(-2)
04-28 22:48:14.070   416  2010 D NXP     : (AMP OFF) TFA_volume value (attenuation only) = 15, mode = 0
04-28 22:48:14.070   416  2010 D audio_hw_hfp: audio_extn_hfp_set_parameters: enter
04-28 22:48:14.070   416  2010 V audio_hw_primary: adev_set_parameters: exit
04-28 22:48:14.080   416  2010 D audio_hw_primary: adev_set_parameters: enter: TFA_SETVOLUME=15
04-28 22:48:14.080   416  2010 V voice   : voice_set_parameters: enter: TFA_SETVOLUME=15
04-28 22:48:14.080   416  2010 V voice   : voice_set_parameters: exit with code(-2)
04-28 22:48:14.080   416  2010 V msm8974_platform: platform_set_parameters: enter: TFA_SETVOLUME=15
04-28 22:48:14.080   416  2010 V msm8974_platform: platform_set_parameters: exit with code(-2)
04-28 22:48:14.080   416  2010 D NXP     : (AMP OFF) TFA_volume value (attenuation only) = 15, mode = 0
04-28 22:48:14.080   416  2010 D audio_hw_hfp: audio_extn_hfp_set_parameters: enter
04-28 22:48:14.080   416  2010 V audio_hw_primary: adev_set_parameters: exit
04-28 22:48:14.080   416  2015 D audio_hw_primary: start_output_stream: enter: stream(0xb739bf90)usecase(1: low-latency-playback) devices(0x2)
04-28 22:48:14.080   416  2015 V audio_hw_primary: select_devices: ENTER
04-28 22:48:14.080   416  2015 V audio_hw_primary: select_devices: usecase(normal)
04-28 22:48:14.080   416  2015 V audio_hw_primary: select_devices: usecase(PCM_PLAYBACK)
04-28 22:48:14.080   416  2015 V msm8974_platform: platform_get_output_snd_device: enter: output devices(0x2)
04-28 22:48:14.080   416  2015 V msm8974_platform: get_OUTPUT_snd_device: for Normal Playback
04-28 22:48:14.080   416  2015 V msm8974_platform: platform_get_output_snd_device: exit: snd_device(speaker)
04-28 22:48:14.080   416  2015 D audio_hw_primary: select_devices: out_snd_device(2: speaker)
04-28 22:48:14.080   416  2015 D audio_hw_primary: select_devices: in_snd_device(0: dummy)
04-28 22:48:14.080   416  2015 D hardware_info: hw_info_append_hw_type : device_name = speaker
04-28 22:48:14.080   416  2015 D ACDB-LOADER: ACDB -> send_audio_cal, acdb_id = 15, path =  0
04-28 22:48:14.080   416  2015 D ACDB-LOADER: ACDB -> send_asm_topology
04-28 22:48:14.080   416  2015 D ACDB-LOADER: ACDB -> ACDB_CMD_GET_AUDPROC_STREAM_TOPOLOGY_ID
04-28 22:48:14.080   416  2015 D ACDB-LOADER: ACDB -> send_adm_topology
04-28 22:48:14.080   416  2015 D ACDB-LOADER: ACDB -> ACDB_CMD_GET_AUDPROC_COMMON_TOPOLOGY_ID
04-28 22:48:14.080   416  2015 D ACDB-LOADER: ACDB -> send_audtable
04-28 22:48:14.080   416  2015 D ACDB-LOADER: ACDB -> ACDB_CMD_GET_AUDPROC_COMMON_TABLE_SIZE
04-28 22:48:14.080   416  2015 D ACDB-LOADER: ACDB -> ACDB_CMD_GET_AUDPROC_COMMON_TABLE
04-28 22:48:14.080   416  2015 D ACDB-LOADER: ACDB -> AUDIO_SET_AUDPROC_CAL
04-28 22:48:14.080   416  2015 D ACDB-LOADER: ACDB -> send_audvoltable
04-28 22:48:14.080   416  2015 D ACDB-LOADER: ACDB -> ACDB_CMD_GET_AUDPROC_GAIN_DEP_STEP_TABLE
04-28 22:48:14.080   416  2015 D ACDB-LOADER: ACDB -> AUDIO_SET_AUDPROC_VOL_CAL
04-28 22:48:14.080   416  2015 D ACDB-LOADER: ACDB -> send_afe_cal
04-28 22:48:14.080   416  2015 D ACDB-LOADER: ACDB -> ACDB_CMD_GET_AFE_COMMON_TABLE
04-28 22:48:14.080   416  2015 D ACDB-LOADER: ACDB -> AUDIO_SET_AFE_CAL
04-28 22:48:14.080   416  2015 D ACDB-LOADER: ACDB -> send_hw_delay : acdb_id = 15 path = 0
04-28 22:48:14.080   416  2015 D ACDB-LOADER: ACDB -> ACDB_AVSYNC_INFO: ACDB_CMD_GET_DEVICE_PROPERTY
04-28 22:48:14.080   416  2015 V audio_hw_primary: enable_snd_device: snd_device(2: speaker, speaker)
04-28 22:48:14.080   416  2015 D audio_route: ++++ audio_route_update_path ==============
04-28 22:48:14.080   416  2015 D audio_route: Setting mixer control: RX3 Digital Volume, value: 79
04-28 22:48:14.080   416  2015 D audio_route: ---- audio_route_update_path ==============
04-28 22:48:14.080   416  2015 D audio_route: ++++ audio_route_update_mixer ==============
04-28 22:48:14.080   416  2015 D audio_route: ------ audio_route_update_mixer ==============
04-28 22:48:14.080   416  2015 V audio_hw_primary: enable_audio_route: enter: usecase(1)
04-28 22:48:14.080   416  2015 D audio_hw_primary: enable_audio_route: apply mixer and update path: low-latency-playback speaker-amp
04-28 22:48:14.080   416  2015 D audio_route: ++++ audio_route_update_path ==============
04-28 22:48:14.080   416  2015 D audio_route: Setting mixer control: QUAT_MI2S_RX Audio Mixer MultiMedia5, value: 1
04-28 22:48:14.080   416  2015 D audio_route: ---- audio_route_update_path ==============
04-28 22:48:14.080   416  2015 V audio_hw_primary: enable_audio_route: exit
04-28 22:48:14.080   416  2015 V msm8974_platform: platform_get_output_snd_device: enter: output devices(0x2)
04-28 22:48:14.080   416  2015 V msm8974_platform: get_OUTPUT_snd_device: for Normal Playback
04-28 22:48:14.080   416  2015 V msm8974_platform: platform_get_output_snd_device: exit: snd_device(speaker)
04-28 22:48:14.080   416  2015 D ACDB-LOADER: ACDB -> send_audio_cal, acdb_id = 15, path =  0
04-28 22:48:14.080   416  2015 D ACDB-LOADER: ACDB -> send_asm_topology
04-28 22:48:14.080   416  2015 D ACDB-LOADER: ACDB -> ACDB_CMD_GET_AUDPROC_STREAM_TOPOLOGY_ID
04-28 22:48:14.080   416  2015 D ACDB-LOADER: ACDB -> send_adm_topology
04-28 22:48:14.080   416  2015 D ACDB-LOADER: ACDB -> ACDB_CMD_GET_AUDPROC_COMMON_TOPOLOGY_ID
04-28 22:48:14.080   416  2015 D ACDB-LOADER: ACDB -> send_audtable
04-28 22:48:14.080   416  2015 D ACDB-LOADER: ACDB -> ACDB_CMD_GET_AUDPROC_COMMON_TABLE_SIZE
04-28 22:48:14.080   416  2015 D ACDB-LOADER: ACDB -> ACDB_CMD_GET_AUDPROC_COMMON_TABLE
04-28 22:48:14.080   416  2015 D ACDB-LOADER: ACDB -> AUDIO_SET_AUDPROC_CAL
04-28 22:48:14.080   416  2015 D ACDB-LOADER: ACDB -> send_audvoltable
04-28 22:48:14.080   416  2015 D ACDB-LOADER: ACDB -> ACDB_CMD_GET_AUDPROC_GAIN_DEP_STEP_TABLE
04-28 22:48:14.080   416  2015 D ACDB-LOADER: ACDB -> AUDIO_SET_AUDPROC_VOL_CAL
04-28 22:48:14.080   416  2015 D ACDB-LOADER: ACDB -> send_afe_cal
04-28 22:48:14.080   416  2015 D ACDB-LOADER: ACDB -> ACDB_CMD_GET_AFE_COMMON_TABLE
04-28 22:48:14.080   416  2015 D ACDB-LOADER: ACDB -> AUDIO_SET_AFE_CAL
04-28 22:48:14.080   416  2015 D ACDB-LOADER: ACDB -> send_hw_delay : acdb_id = 15 path = 0
04-28 22:48:14.080   416  2015 D ACDB-LOADER: ACDB -> ACDB_AVSYNC_INFO: ACDB_CMD_GET_DEVICE_PROPERTY
04-28 22:48:14.080   416  2015 V audio_hw_primary: start_output_stream: Opening PCM device card_id(0) device_id(12)
04-28 22:48:14.090   416  2015 V audio_hw_primary: start_output_stream: NXP, adev->loopback->factory_test_state 0
04-28 22:48:14.090   416  2015 V audio_hw_primary: start_output_stream: check if element 0xb739bf90 is in the TFA list
04-28 22:48:14.090   416  2015 D tfa9895 : Loaded container file /system/etc/Tfa9895.cnt.
04-28 22:48:14.090   416  2015 E         : [NXP] tfaRunIsCold:0x001d
04-28 22:48:14.140 26274 26274 D AbsListView:  onsize change 
04-28 22:48:14.170   416  2015 D tfa9895 : tfa9895_speakeron START
04-28 22:48:14.170   416  2015 D tfa9895 : [1127] tfa9895_speakeron: set mode 0, current mode 0
04-28 22:48:14.170   416  2015 D tfa9895 : Loaded container file speaker_on /system/etc/Tfa9895.cnt.
04-28 22:48:14.170   416  2015 D tfa9895 : tfa start with volume 15.
04-28 22:48:14.170  1553  4402 D ApplicationPolicy: isStatusBarNotificationAllowedAsUser: packageName = android,userId = -1
04-28 22:48:14.170   416  2015 E         : [NXP] tfaRunIsCold:0x001d
04-28 22:48:14.180  1553  4419 D ApplicationPolicy: isStatusBarNotificationAllowedAsUser: packageName = android,userId = -1
04-28 22:48:14.180  1553  1553 D InputMethodManagerService: [HARDWARE_KEYBOARD] (refreshImeWindowVis) mImeWindowVis= 3 inputVisible = truehaveHardKeyboard = false hardKeyShown = false
04-28 22:48:14.190   345   345 I SurfaceFlinger: id=3411 createSurf (540x336),1 flag=4, JnputMethod
04-28 22:48:14.190   416  2015 D tfa9895 : start use case success
04-28 22:48:14.190   416  2015 D tfa9895 : [NXP] tfa9895 mode same, nothing to be done
04-28 22:48:14.190   416  2015 D tfa9895 : tfa9895 start use case success
04-28 22:48:14.190   416  2015 D tfa9895 : tfa9895_speakeron END
04-28 22:48:14.190   416  2015 D tfa9895 : Loaded container file set volume attenuation/system/etc/Tfa9895.cnt.
04-28 22:48:14.190   416  2015 D tfa9895 : [NXP] tfa9895 mode is set for 0 in set volume attenuation
04-28 22:48:14.190   416  2015 D tfa9895 : volume set to : 15
04-28 22:48:14.190   416  2015 E         : tfa98xx: ERROR vendor/samsung/common/frameworks/audio/tfa_amp/TFA9895/srv/src/tfaContainer.c:tfaContWriteVstepAttenuation:395: vstep[15] > 15
04-28 22:48:14.190   416  2015 D tfa9895 : tfa set volume successful
04-28 22:48:14.190   416  2015 V audio_hw_primary: start_output_stream: exit
04-28 22:48:14.190  1553  1553 D MARsPolicyManager: NotificationListenerService OngoingNotificationPosted : android
04-28 22:48:14.190  1553  1553 D MARsPolicyManager: NotificationListenerService OngoingNotificationPosted : android
04-28 22:48:14.220  1553  4090 V WindowStateAnimator: Finishing drawing window Window{8ed2a01 u0 d0 p26274 InputMethod}: mDrawState=DRAW_PENDING
04-28 22:48:14.230 26274 26274 D ViewRootImpl: MSG_RESIZED: ci=Rect(0, 36 - 0, 336) vi=Rect(0, 0 - 0, 336) or=1
04-28 22:48:14.240  2349  2349 D KnoxNotification: ----- inflateViews : modified publicViewLocal -----
04-28 22:48:14.260  2349  2349 D KnoxNotification: ----- inflateViews : modified KnoxViewLocal -----
04-28 22:48:14.270  2349  2349 D PanelView: kidsfalse mQsExpansionEnabled:true
04-28 22:48:14.280 26274 26274 D AbsListView:  onsize change 
04-28 22:48:14.290  2349  2349 D PanelView: kidsfalse mQsExpansionEnabled:true
04-28 22:48:14.290  2349  2349 D StatusBar: ----- contentsUnchanged : true, bigContentsUnchanged - true, headsUpContentsUnchanged - true , publicUnchanged true
04-28 22:48:14.310  2349  2349 D PanelView: kidsfalse mQsExpansionEnabled:true
04-28 22:48:14.320  2349  2349 D PanelView: kidsfalse mQsExpansionEnabled:true
04-28 22:48:14.330  2349  2349 D BatteryMeterView: onDraw batteryColor : -1107296257
04-28 22:48:14.360   416  2011 I APM::AudioPolicyManager: stopOutput() output 4, stream 1, session 12091
04-28 22:48:14.510  2349  2349 D StatusBar.NetworkController: refreshViews connected={ wifi } level=4 combinedSignalIconId=0x7f020655/com.android.systemui:drawable/stat_sys_wifi_signal_4 mobileLabel=O2 - UK wifiLabel="VM348613-2G" emergencyOnly=false combinedLabel="VM348613-2G" mAirplaneMode=false mDataActivity=0 mPhoneSignalIconId=0x7f0205d0/com.android.systemui:drawable/stat_sys_signal_4_auto_rotate mQSPhoneSignalIconId=0x7f02015f/com.android.systemui:drawable/ic_qs_signal_4 mDataDirectionIconId=0x0/(null) mDataSignalIconId=0x7f0205d0/com.android.systemui:drawable/stat_sys_signal_4_auto_rotate mDataTypeIconId=0x7f020401/com.android.systemui:drawable/stat_sys_data_connected_4g mQSDataTypeIconId=0x7f020160/com.android.systemui:drawable/ic_qs_signal_4g mNoSimIconId=0x0/(null) mWifiIconId=0x7f020655/com.android.systemui:drawable/stat_sys_wifi_signal_4 mQSWifiIconId=0x7f020330/com.android.systemui:drawable/qs_tile_wifi_signal_4 mWifiActivityIconId=0x7f020606/com.android.systemui:drawable/stat_sys_signal_no_inout mBluetoothTetherIconId=0x7f02062c/com.android.systemui:drawable/stat_sys_tether_bluetooth
04-28 22:48:14.510  2349  2349 D StatusBar.NetworkController: refreshNwBoosterIndicator - setNWBoosterIndicators(false)
04-28 22:48:14.510  2349  2349 D StatusBar.NetworkController: refreshNwBoosterIndicator - setNWBoosterIndicators(false)
