04-28 22:47:25.050  1553  1744 V WindowManager: addAppToken: AppWindowToken{8163b03 token=Token{493afb2 ActivityRecord{a65dbd u0 com.android.systemui/.usb.UsbDebuggingActivity t15748}}} to stack=1 task=15748 at 0
04-28 22:47:25.090  1553  1553 D GameManagerService: NotifyRunnable. pkg: com.android.systemui, type: 4, isMinimized: false, isTunableApp: false
04-28 22:47:25.090  1553  1553 D GameManagerService: unexpected mPrevNotiType: -1
04-28 22:47:25.100  1553  1734 V MARsPolicyManager: updatePackagesScore PackageInfo name -- com.android.systemui
04-28 22:47:25.360  2349  2349 D SecWifiDisplayUtil: Metadata value : none
04-28 22:47:25.420  1553  1740 D StatusBarManagerService: manageDisableList userId=0 what=0x0 pkg=Window{9727eac u0 d0 p2349 com.android.systemui/com.android.systemui.usb.UsbDebuggingActivity}
04-28 22:47:25.490  1553  1826 V WindowManager: Dim Duration=200
04-28 22:47:25.700  1553  1826 D CustomFrequencyManagerService: releaseDVFSLockLocked : Getting Lock type frm List : DVFS_MIN_LIMIT  frequency : 1190400  uid : 1000  pid : 1553  tag : ACTIVITY_RESUME_BOOSTER@10
04-28 22:47:25.700  1553  1826 D CustomFrequencyManagerService: FrequencyrequestList.getNextCStateDisableRequest, index: 0
04-28 22:47:25.700  1553  1826 D ActivityManager: mDVFSHelper.release()
04-28 22:47:25.700 25929 25929 V ActivityThread: updateVisibility : ActivityRecord{81add59 token=android.os.BinderProxy@57678d1 {org.yaxim.androidclient/org.yaxim.androidclient.preferences.MainPrefs}} show : true
04-28 22:47:25.700  1553  1734 D CustomFrequencyManagerService: acquireDVFSLockLocked : type : DVFS_MIN_LIMIT  frequency : 1190400  uid : 1000  pid : 1553  pkgName : ACTIVITY_RESUME_BOOSTER@18
04-28 22:47:25.770  1553  1575 D ConnectivityService: returning Blocked NetworkInfo for ifname=wlan0, uid=10254
04-28 22:47:26.100  2489  2489 D Recents : onTaskStackChanged
04-28 22:47:26.300  1553  1553 D CustomFrequencyManagerService: releaseDVFSLockLocked : Getting Lock type frm List : DVFS_MIN_LIMIT  frequency : 1190400  uid : 1000  pid : 1553  tag : ACTIVITY_RESUME_BOOSTER@18
04-28 22:47:26.310  1553  1553 D CustomFrequencyManagerService: FrequencyrequestList.getNextCStateDisableRequest, index: 0
04-28 22:47:26.650  1553 27365 D BatteryStatsImpl: poolsize= 1, curBatteryRealtime= 50726091000, mUpdateTime= 43135850000, mTimeout= 0, mNesting= 0, mTotalTime= 1159371000
04-28 22:47:26.720  1553 27365 D BatteryStatsImpl: poolsize= 1, curBatteryRealtime= 50726091000, mUpdateTime= 43135850000, mTimeout= 0, mNesting= 0, mTotalTime= 1159371000
04-28 22:47:27.490  1553  2297 D ConnectivityService: updateCapabilities: oldCap = [ Transports: WIFI Capabilities: INTERNET&NOT_RESTRICTED&TRUSTED&NOT_VPN&VALIDATED LinkUpBandwidth>=1048576Kbps LinkDnBandwidth>=1048576Kbps SignalStrength: -64], newCap = [ Transports: WIFI Capabilities: INTERNET&NOT_RESTRICTED&TRUSTED&NOT_VPN LinkUpBandwidth>=1048576Kbps LinkDnBandwidth>=1048576Kbps SignalStrength: -63]
04-28 22:47:27.490  1553  2297 D ConnectivityService: rematching NetworkAgentInfo [WIFI () - 740]
04-28 22:47:27.490  1553  2297 D ConnectivityService:  network has: NetworkAgentInfo{ ni{[type: WIFI[] - WIFI, state: CONNECTED/CONNECTED, reason: (unspecified), extra: "VM348613-2G", roaming: false, failover: false, isAvailable: true]}  network{740}  lp{{InterfaceName: wlan0 LinkAddresses: [192.168.0.5/24,fe80::aeee:9eff:fe04:1185/64,]  Routes: [fe80::/64 -> :: wlan0,192.168.0.0/24 -> 0.0.0.0 wlan0,0.0.0.0/0 -> 192.168.0.1 wlan0,] DnsAddresses: [192.168.0.1,] Domains:  MTU: 0 TcpBufferSizes: 524288,1048576,4525824,524288,1048576,4525824}}  nc{[ Transports: WIFI Capabilities: INTERNET&NOT_RESTRICTED&TRUSTED&NOT_VPN&VALIDATED LinkUpBandwidth>=1048576Kbps LinkDnBandwidth>=1048576Kbps SignalStrength: -63]}  Score{60}  everValidated{true}  lastValidated{true}  created{true} lingering{false} explicitlySelected{false} acceptUnvalidated{false} everCaptivePortalDetected{false} lastCaptivePortalDetected{false} }
04-28 22:47:27.490  1553  2297 D ConnectivityService:   checking if request is: NetworkRequest [ id=431, legacyType=-1, [ Capabilities: INTERNET&NOT_RESTRICTED&TRUSTED] ] satisfies: true nri.isRequest: false
04-28 22:47:27.490  1553  2297 D ConnectivityService:   checking if request is: NetworkRequest [ id=37, legacyType=-1, [ Capabilities: INTERNET&NOT_RESTRICTED&TRUSTED] ] satisfies: true nri.isRequest: false
04-28 22:47:27.490  1553  2297 D ConnectivityService:   checking if request is: NetworkRequest [ id=36, legacyType=-1, [ Capabilities: INTERNET&NOT_RESTRICTED&TRUSTED] ] satisfies: true nri.isRequest: false
04-28 22:47:27.490  1553  2297 D ConnectivityService:   checking if request is: NetworkRequest [ id=5, legacyType=-1, [ Transports: WIFI Capabilities: INTERNET&NOT_RESTRICTED&TRUSTED&NOT_VPN] ] satisfies: true nri.isRequest: false
04-28 22:47:27.490  1553  2297 D ConnectivityService:   checking if request is: NetworkRequest [ id=438, legacyType=-1, [ Capabilities: INTERNET&NOT_RESTRICTED&TRUSTED&NOT_VPN] ] satisfies: true nri.isRequest: false
04-28 22:47:27.490  1553  2297 D ConnectivityService:   checking if request is: NetworkRequest [ id=434, legacyType=-1, [ Capabilities: INTERNET&NOT_RESTRICTED&TRUSTED] ] satisfies: true nri.isRequest: false
04-28 22:47:27.490  1553  2297 D ConnectivityService:   checking if request is: NetworkRequest [ id=6, legacyType=-1, [ Capabilities: INTERNET&NOT_RESTRICTED&TRUSTED] ] satisfies: true nri.isRequest: false
04-28 22:47:27.490  1553  2297 D ConnectivityService:   checking if request is: NetworkRequest [ id=441, legacyType=-1, [ Capabilities: INTERNET&NOT_RESTRICTED&TRUSTED] ] satisfies: true nri.isRequest: false
04-28 22:47:27.490  1553  2297 D ConnectivityService:   checking if request is: NetworkRequest [ id=440, legacyType=-1, [ Capabilities: INTERNET&NOT_RESTRICTED&TRUSTED] ] satisfies: true nri.isRequest: false
04-28 22:47:27.490  1553  2297 D ConnectivityService: Network NetworkAgentInfo [WIFI () - 740] was already satisfying request 1. No change.
04-28 22:47:27.490  1553  2297 D ConnectivityService:   checking if request is: NetworkRequest [ id=398, legacyType=-1, [ Capabilities: INTERNET&NOT_RESTRICTED&TRUSTED] ] satisfies: true nri.isRequest: false
04-28 22:47:27.490  1553  2297 D ConnectivityService:   checking if request is: NetworkRequest [ id=3, legacyType=-1, [] ] satisfies: true nri.isRequest: false
04-28 22:47:27.490  1553  2297 D ConnectivityService:   checking if request is: NetworkRequest [ id=12, legacyType=-1, [ Capabilities: INTERNET&NOT_RESTRICTED&TRUSTED&NOT_VPN] ] satisfies: true nri.isRequest: false
04-28 22:47:27.490  1553  2297 D ConnectivityService:   checking if request is: NetworkRequest [ id=4, legacyType=-1, [ Transports: CELLULAR Capabilities: INTERNET&NOT_RESTRICTED&TRUSTED&NOT_VPN] ] satisfies: false nri.isRequest: false
04-28 22:47:27.490  1553  2297 D ConnectivityService:   checking if request is: NetworkRequest [ id=399, legacyType=-1, [ Capabilities: INTERNET&NOT_RESTRICTED&TRUSTED] ] satisfies: true nri.isRequest: false
04-28 22:47:27.490  1553  2297 D ConnectivityService:   checking if request is: NetworkRequest [ id=435, legacyType=-1, [ Capabilities: INTERNET&NOT_RESTRICTED&TRUSTED] ] satisfies: true nri.isRequest: false
04-28 22:47:27.490  1553  2297 D ConnectivityService:   checking if request is: NetworkRequest [ id=439, legacyType=-1, [ Capabilities: INTERNET&NOT_RESTRICTED&TRUSTED] ] satisfies: true nri.isRequest: false
04-28 22:47:27.490  1553  2297 D ConnectivityService: notifyType CAP_CHANGED for NetworkAgentInfo [WIFI () - 740]
04-28 22:47:27.490  1553  2297 D ConnectivityService:  sending notification for NetworkRequest [ id=1, legacyType=-1, [ Capabilities: INTERNET&NOT_RESTRICTED&TRUSTED&NOT_VPN] ]
04-28 22:47:27.490  1553  2297 D ConnectivityService:  sending notification for NetworkRequest [ id=3, legacyType=-1, [] ]
04-28 22:47:27.500  1553  2297 D ConnectivityService: sending notification CAP_CHANGED for NetworkRequest [ id=3, legacyType=-1, [] ]
04-28 22:47:27.500  1553  2297 D ConnectivityService:  sending notification for NetworkRequest [ id=5, legacyType=-1, [ Transports: WIFI Capabilities: INTERNET&NOT_RESTRICTED&TRUSTED&NOT_VPN] ]
04-28 22:47:27.500  1553  2297 D ConnectivityService: sending notification CAP_CHANGED for NetworkRequest [ id=5, legacyType=-1, [ Transports: WIFI Capabilities: INTERNET&NOT_RESTRICTED&TRUSTED&NOT_VPN] ]
04-28 22:47:27.500  1553  2297 D ConnectivityService:  sending notification for NetworkRequest [ id=6, legacyType=-1, [ Capabilities: INTERNET&NOT_RESTRICTED&TRUSTED] ]
04-28 22:47:27.500  1553  2297 D ConnectivityService: sending notification CAP_CHANGED for NetworkRequest [ id=6, legacyType=-1, [ Capabilities: INTERNET&NOT_RESTRICTED&TRUSTED] ]
04-28 22:47:27.500  1553  2297 D ConnectivityService:  sending notification for NetworkRequest [ id=12, legacyType=-1, [ Capabilities: INTERNET&NOT_RESTRICTED&TRUSTED&NOT_VPN] ]
04-28 22:47:27.500  1553  2297 D ConnectivityService: sending notification CAP_CHANGED for NetworkRequest [ id=12, legacyType=-1, [ Capabilities: INTERNET&NOT_RESTRICTED&TRUSTED&NOT_VPN] ]
04-28 22:47:27.500  1553  2297 D ConnectivityService:  sending notification for NetworkRequest [ id=36, legacyType=-1, [ Capabilities: INTERNET&NOT_RESTRICTED&TRUSTED] ]
04-28 22:47:27.500  1553  2297 D ConnectivityService: sending notification CAP_CHANGED for NetworkRequest [ id=36, legacyType=-1, [ Capabilities: INTERNET&NOT_RESTRICTED&TRUSTED] ]
04-28 22:47:27.500  1553  2297 D ConnectivityService:  sending notification for NetworkRequest [ id=37, legacyType=-1, [ Capabilities: INTERNET&NOT_RESTRICTED&TRUSTED] ]
04-28 22:47:27.500  1553  2297 D ConnectivityService: sending notification CAP_CHANGED for NetworkRequest [ id=37, legacyType=-1, [ Capabilities: INTERNET&NOT_RESTRICTED&TRUSTED] ]
04-28 22:47:27.500  1553  2297 D ConnectivityService:  sending notification for NetworkRequest [ id=398, legacyType=-1, [ Capabilities: INTERNET&NOT_RESTRICTED&TRUSTED] ]
04-28 22:47:27.500  1553  2297 D ConnectivityService: sending notification CAP_CHANGED for NetworkRequest [ id=398, legacyType=-1, [ Capabilities: INTERNET&NOT_RESTRICTED&TRUSTED] ]
04-28 22:47:27.500  1553  2297 D ConnectivityService:  sending notification for NetworkRequest [ id=399, legacyType=-1, [ Capabilities: INTERNET&NOT_RESTRICTED&TRUSTED] ]
04-28 22:47:27.500  1553  2297 D ConnectivityService: sending notification CAP_CHANGED for NetworkRequest [ id=399, legacyType=-1, [ Capabilities: INTERNET&NOT_RESTRICTED&TRUSTED] ]
04-28 22:47:27.500  1553  2297 D ConnectivityService:  sending notification for NetworkRequest [ id=431, legacyType=-1, [ Capabilities: INTERNET&NOT_RESTRICTED&TRUSTED] ]
04-28 22:47:27.500  1553  2297 D ConnectivityService: sending notification CAP_CHANGED for NetworkRequest [ id=431, legacyType=-1, [ Capabilities: INTERNET&NOT_RESTRICTED&TRUSTED] ]
04-28 22:47:27.500  1553  2297 D ConnectivityService:  sending notification for NetworkRequest [ id=434, legacyType=-1, [ Capabilities: INTERNET&NOT_RESTRICTED&TRUSTED] ]
04-28 22:47:27.500  1553  2297 D ConnectivityService: sending notification CAP_CHANGED for NetworkRequest [ id=434, legacyType=-1, [ Capabilities: INTERNET&NOT_RESTRICTED&TRUSTED] ]
04-28 22:47:27.500  1553  2297 D ConnectivityService:  sending notification for NetworkRequest [ id=435, legacyType=-1, [ Capabilities: INTERNET&NOT_RESTRICTED&TRUSTED] ]
04-28 22:47:27.500  1553  2297 D ConnectivityService: sending notification CAP_CHANGED for NetworkRequest [ id=435, legacyType=-1, [ Capabilities: INTERNET&NOT_RESTRICTED&TRUSTED] ]
04-28 22:47:27.500  1553  2297 D ConnectivityService:  sending notification for NetworkRequest [ id=438, legacyType=-1, [ Capabilities: INTERNET&NOT_RESTRICTED&TRUSTED&NOT_VPN] ]
04-28 22:47:27.500  1553  2297 D ConnectivityService: sending notification CAP_CHANGED for NetworkRequest [ id=438, legacyType=-1, [ Capabilities: INTERNET&NOT_RESTRICTED&TRUSTED&NOT_VPN] ]
04-28 22:47:27.500  1553  2297 D ConnectivityService:  sending notification for NetworkRequest [ id=439, legacyType=-1, [ Capabilities: INTERNET&NOT_RESTRICTED&TRUSTED] ]
04-28 22:47:27.500  1553  2297 D ConnectivityService: sending notification CAP_CHANGED for NetworkRequest [ id=439, legacyType=-1, [ Capabilities: INTERNET&NOT_RESTRICTED&TRUSTED] ]
04-28 22:47:27.500  1553  2297 D ConnectivityService:  sending notification for NetworkRequest [ id=440, legacyType=-1, [ Capabilities: INTERNET&NOT_RESTRICTED&TRUSTED] ]
04-28 22:47:27.500  1553  2297 D ConnectivityService: sending notification CAP_CHANGED for NetworkRequest [ id=440, legacyType=-1, [ Capabilities: INTERNET&NOT_RESTRICTED&TRUSTED] ]
04-28 22:47:27.500  1553  2297 D ConnectivityService:  sending notification for NetworkRequest [ id=441, legacyType=-1, [ Capabilities: INTERNET&NOT_RESTRICTED&TRUSTED] ]
04-28 22:47:27.500  1553  2297 D ConnectivityService: sending notification CAP_CHANGED for NetworkRequest [ id=441, legacyType=-1, [ Capabilities: INTERNET&NOT_RESTRICTED&TRUSTED] ]
04-28 22:47:27.500  1553  4441 D ConnectivityService: returning Blocked NetworkInfo for ifname=wlan0, uid=10169
04-28 22:47:27.500  1553  4435 D ConnectivityService: returning Blocked NetworkInfo for ifname=wlan0, uid=10169
04-28 22:47:28.250  1553  4090 D CustomFrequencyManagerService: acquireDVFSLockLocked : type : DVFS_MIN_LIMIT  frequency : 1190400  uid : 1000  pid : 1553  pkgName : ACTIVITY_RESUME_BOOSTER@10
04-28 22:47:28.260  1553  4090 D ActivityManager: mDVFSHelper.acquire()
04-28 22:47:28.270  1553  1553 D GameManagerService: NotifyRunnable. pkg: org.yaxim.androidclient, type: 4, isMinimized: false, isTunableApp: false
04-28 22:47:28.270  1553  1553 D GameManagerService: unexpected mPrevNotiType: -1
04-28 22:47:28.270  1553  1734 V MARsPolicyManager: updatePackagesScore PackageInfo name -- org.yaxim.androidclient
04-28 22:47:28.280  1553  1740 D StatusBarManagerService: manageDisableList userId=0 what=0x0 pkg=Window{92e2bd1 u0 d0 p25929 org.yaxim.androidclient/org.yaxim.androidclient.preferences.MainPrefs}
04-28 22:47:28.290  1553  2735 W InputMethodManagerService: Window already focused, ignoring focus gain of: com.android.internal.view.IInputMethodClient$Stub$Proxy@3fa077b attribute=android.view.inputmethod.EditorInfo@3ded998, token = android.os.BinderProxy@5f0caf8
04-28 22:47:28.960  1553  2192 V AlarmManager: Expired Alarm result :8
04-28 22:47:29.160  1553  2192 V AlarmManager: Expired Alarm result :4
04-28 22:47:29.280  2489  2489 D Recents : onTaskStackChanged
04-28 22:47:30.980  1553  1575 D BatteryService: !@BatteryListener : batteryPropertiesChanged!
04-28 22:47:30.980  1553  1575 D BatteryService: level:64, scale:100, status:2, health:2, present:true, voltage: 3902, temperature: 298, technology: Li-ion, AC powered:false, USB powered:true, POGO powered:false, Wireless powered:false, icon:17303606, invalid charger:0, maxChargingCurrent:0
04-28 22:47:30.980  1553  1575 D BatteryService: online:4, current avg:0, charge type:1, power sharing:false, high voltage charger:false, capacity:190000, batterySWSelfDischarging:false, current_now:0
04-28 22:47:30.980  1553  1553 D BatteryService: Sending ACTION_BATTERY_CHANGED.
04-28 22:47:30.980  1553  1553 I MotionRecognitionService: Plugged
04-28 22:47:30.980  1553  1553 D MotionRecognitionService:   cableConnection= 1
04-28 22:47:30.980  1553  1553 D MotionRecognitionService: setPowerConnected | current backoff  = 5120 , state =5120
04-28 22:47:30.980  1553  1553 D MotionRecognitionService: skip setTransmitPower. 
04-28 22:47:30.980  1553  1553 D GameManagerService: new battery level: 64
04-28 22:47:31.000  2349  2349 D BatteryMeterView: ACTION_BATTERY_CHANGED : level:64 status:2 health:2
04-28 22:47:31.000  2349  2349 D BatteryMeterView: ACTION_BATTERY_CHANGED : level:64 status:2 health:2
04-28 22:47:31.000  2349  2349 D BatteryMeterView: ACTION_BATTERY_CHANGED : level:64 status:2 health:2
04-28 22:47:31.000  2349  2349 D SViewCoverView: BroadcastReceiver onReceive() : action : android.intent.action.BATTERY_CHANGED
04-28 22:47:31.000  2349  2349 D SViewCoverView: level :64 plugged : 2
04-28 22:47:31.250  1553  1734 D CustomFrequencyManagerService: releaseDVFSLockLocked : Getting Lock type frm List : DVFS_MIN_LIMIT  frequency : 1190400  uid : 1000  pid : 1553  tag : ACTIVITY_RESUME_BOOSTER@10
04-28 22:47:31.250  1553  1734 D CustomFrequencyManagerService: FrequencyrequestList.getNextCStateDisableRequest, index: 0
04-28 22:47:31.260  1553  1734 D ActivityManager: mDVFSHelper.release()
04-28 22:47:31.260  1553  1734 D CustomFrequencyManagerService: acquireDVFSLockLocked : type : DVFS_MIN_LIMIT  frequency : 1190400  uid : 1000  pid : 1553  pkgName : ACTIVITY_RESUME_BOOSTER@18
04-28 22:47:31.560  1553  6841 D SSRM:s  : SIOP:: AP = 460, CP = 34, LCD = 4
04-28 22:47:31.560  1553  6841 D K       : broadcastSiopLevelIntent:: currentSiopLevel = 1
04-28 22:47:31.560  1553  6841 D ConnectivityService: returning getNetworkInfo for network type 1 : [type: WIFI[] - WIFI, state: CONNECTED/CONNECTED, reason: (unspecified), extra: "VM348613-2G", roaming: false, failover: false, isAvailable: true]
04-28 22:47:31.560  1553  1734 V BroadcastQueue: [background] Process cur broadcast BroadcastRecord{a97a057 u-1 android.intent.action.CHECK_SIOP_LEVEL qIdx=4}, state= (APP_RECEIVE) DELIVERED for app ProcessRecord{19c94d8 27280:com.sec.android.app.videoplayer/u0a43}
04-28 22:47:31.600  1553  6841 D SSRM:P  : reading: 46 46 0
04-28 22:47:31.860  1553  1553 D CustomFrequencyManagerService: releaseDVFSLockLocked : Getting Lock type frm List : DVFS_MIN_LIMIT  frequency : 1190400  uid : 1000  pid : 1553  tag : ACTIVITY_RESUME_BOOSTER@18
04-28 22:47:31.860  1553  1553 D CustomFrequencyManagerService: FrequencyrequestList.getNextCStateDisableRequest, index: 0
04-28 22:47:31.960  1553  2192 V AlarmManager: Expired Alarm result :8
04-28 22:47:32.670  1553  2198 D SamsungWindowManager: haptic disabled by policy
04-28 22:47:32.760  1553  2399 D CustomFrequencyManagerService: acquireDVFSLockLocked : type : DVFS_MIN_LIMIT  frequency : 1190400  uid : 1000  pid : 1553  pkgName : ACTIVITY_RESUME_BOOSTER@10
04-28 22:47:32.760  1553  2399 D ActivityManager: mDVFSHelper.acquire()
04-28 22:47:32.760  1553  2399 I ActivityManager: Killing 18582:com.samsung.android.fmm/1000 (adj 13): DHA:SPC_empty #9
04-28 22:47:32.760  1553  1553 D GameManagerService: NotifyRunnable. pkg: org.yaxim.androidclient, type: 4, isMinimized: false, isTunableApp: false
04-28 22:47:32.760  1553  1553 D GameManagerService: unexpected mPrevNotiType: -1
04-28 22:47:32.760  1553  1734 V MARsPolicyManager: updatePackagesScore PackageInfo name -- org.yaxim.androidclient
04-28 22:47:32.770  1553  4435 D CustomFrequencyManagerService: releaseDVFSLockLocked : Getting Lock type frm List : DVFS_MIN_LIMIT  frequency : 1190400  uid : 1000  pid : 1553  tag : ACTIVITY_RESUME_BOOSTER@10
04-28 22:47:32.780  1553  4435 D CustomFrequencyManagerService: acquireDVFSLockLocked : type : DVFS_MIN_LIMIT  frequency : 1190400  uid : 1000  pid : 1553  pkgName : ACTIVITY_RESUME_BOOSTER@10
04-28 22:47:32.780  1553  4435 D CustomFrequencyManagerService: FrequencyrequestList.getNextCStateDisableRequest, index: 0
04-28 22:47:32.780  1553  4435 D ActivityManager: mDVFSHelper.acquire()
04-28 22:47:33.100  1553  4441 I WindowManager: Screenshot max retries 4 of Token{7655423 ActivityRecord{2f8f952 u0 org.yaxim.androidclient/.MainWindow t15744 f}} appWin=Window{92e2bd1 u0 d0 p25929 org.yaxim.androidclient/org.yaxim.androidclient.preferences.MainPrefs} drawState=4
04-28 22:47:33.100  1553  1575 W ActivityManager: Scheduling restart of crashed service com.samsung.android.fmm/com.fmm.dm.XDMService in 1000ms
04-28 22:47:33.100  1553  1575 W ContextImpl: Calling a method in the system process without a qualified user: android.app.ContextImpl.sendBroadcast:843 com.android.server.am.ActivityManagerService.updateOomAdjLocked:27516 com.android.server.am.ActivityManagerService.appDiedLocked:7892 com.android.server.am.ActivityManagerService$AppDeathRecipient.binderDied:1937 android.os.BinderProxy.sendDeathNotice:558 
04-28 22:47:33.220  1553  4113 I ActivityManager: isWidgetUsingPkg : org.yaxim.androidclient no widget is using.
04-28 22:47:33.220  1553  4113 D CustomFrequencyManagerService: releaseDVFSLockLocked : Getting Lock type frm List : DVFS_MIN_LIMIT  frequency : 1190400  uid : 1000  pid : 1553  tag : ACTIVITY_RESUME_BOOSTER@10
04-28 22:47:33.220  1553  4113 D CustomFrequencyManagerService: acquireDVFSLockLocked : type : DVFS_MIN_LIMIT  frequency : 1190400  uid : 1000  pid : 1553  pkgName : ACTIVITY_RESUME_BOOSTER@10
04-28 22:47:33.220  1553  4113 D CustomFrequencyManagerService: FrequencyrequestList.getNextCStateDisableRequest, index: 0
04-28 22:47:33.230  1553  4113 D ActivityManager: mDVFSHelper.acquire()
04-28 22:47:33.230  1553  4113 V WindowManager: addAppToken: AppWindowToken{464c2ba token=Token{b6337e5 ActivityRecord{968eadc u0 org.yaxim.androidclient/.MainWindow t15749}}} to stack=1 task=15749 at 0
04-28 22:47:33.230  1553  4442 W ActivityManager: Finishing task with all activities already finished
04-28 22:47:33.230  1553  4442 W ActivityManager: Duplicate finish request for ActivityRecord{2f8f952 u0 org.yaxim.androidclient/.MainWindow t15744 f}
04-28 22:47:33.250  1553  1553 D GameManagerService: NotifyRunnable. pkg: org.yaxim.androidclient, type: 4, isMinimized: false, isTunableApp: false
04-28 22:47:33.250  1553  1553 D GameManagerService: unexpected mPrevNotiType: -1
04-28 22:47:33.250  1553  1734 V MARsPolicyManager: updatePackagesScore PackageInfo name -- org.yaxim.androidclient
04-28 22:47:33.270  1553  1826 D SecWifiDisplayUtil: Metadata value : none
04-28 22:47:33.310  1553  4091 D MotionRecognitionService:  ssp status : false
04-28 22:47:33.320  1553  1740 D StatusBarManagerService: manageDisableList userId=0 what=0x0 pkg=Window{fd34e6a u0 d0 p1553 Starting org.yaxim.androidclient}
04-28 22:47:33.340 25929 25929 D SecWifiDisplayUtil: Metadata value : none
04-28 22:47:33.490  1553  1553 D MARsPolicyManager: NotificationListenerService OngoingNotificationPosted : org.yaxim.androidclient
04-28 22:47:33.530  1553  1553 D LightsService: [api] [SvcLED] turnOff:: id = 6 (uid: 1000 pid: 1553) 
04-28 22:47:33.530  1553  1553 D LightsService: [api] [SvcLED] LED indicator : Not supported.
04-28 22:47:33.530  1553  4444 V AlarmManager:  remove PendingIntent] PendingIntent{2b40c2: PendingIntentRecord{b4b6861 org.yaxim.androidclient broadcastIntent}}
04-28 22:47:33.570  1553  1553 D MARsPolicyManager: NotificationListenerService OngoingNotificationPosted : org.yaxim.androidclient
04-28 22:47:33.570  1553  1553 D MARsPolicyManager: NotificationListenerService OngoingNotificationRemoved : org.yaxim.androidclient
04-28 22:47:33.570  1553  1553 D MARsPolicyManager: NotificationListenerService OngoingNotificationPosted : org.yaxim.androidclient
04-28 22:47:33.630  1553  1826 D CustomFrequencyManagerService: releaseDVFSLockLocked : Getting Lock type frm List : DVFS_MIN_LIMIT  frequency : 1190400  uid : 1000  pid : 1553  tag : ACTIVITY_RESUME_BOOSTER@10
04-28 22:47:33.630  1553  1734 D CustomFrequencyManagerService: acquireDVFSLockLocked : type : DVFS_MIN_LIMIT  frequency : 1190400  uid : 1000  pid : 1553  pkgName : ACTIVITY_RESUME_BOOSTER@18
04-28 22:47:33.640  1553  1826 D CustomFrequencyManagerService: FrequencyrequestList.getNextCStateDisableRequest, index: 0
04-28 22:47:33.640  1553  1826 D ActivityManager: mDVFSHelper.release()
04-28 22:47:34.100  1553  1734 D MountService: getExternalStorageMountMode : 1
04-28 22:47:34.100  1553  1734 D MountService: getExternalStorageMountMode : 3
04-28 22:47:34.100  1553  1734 D MountService: getExternalStorageMountMode : final mountMode=1, uid : 1000, packageName : com.samsung.android.fmm
04-28 22:47:34.120  1553  1734 I ActivityManager: Start proc 27387:com.samsung.android.fmm/1000 for service com.samsung.android.fmm/com.fmm.dm.XDMService
04-28 22:47:34.120 27387 27387 I libpersona: KNOX_SDCARD checking this for 1000
04-28 22:47:34.120 27387 27387 I libpersona: KNOX_SDCARD not a persona
04-28 22:47:34.240  1553  1553 D CustomFrequencyManagerService: releaseDVFSLockLocked : Getting Lock type frm List : DVFS_MIN_LIMIT  frequency : 1190400  uid : 1000  pid : 1553  tag : ACTIVITY_RESUME_BOOSTER@18
04-28 22:47:34.250  1553  1553 D CustomFrequencyManagerService: FrequencyrequestList.getNextCStateDisableRequest, index: 0
04-28 22:47:34.250  2489  2489 D Recents : onTaskStackChanged
04-28 22:47:34.400  1553  1553 D MARsPolicyManager: NotificationListenerService OngoingNotificationPosted : org.yaxim.androidclient
04-28 22:47:34.450  1553  4113 V AlarmManager:  remove PendingIntent] PendingIntent{ef0a70e: PendingIntentRecord{b4b6861 org.yaxim.androidclient broadcastIntent}}
04-28 22:47:34.470  1553  1553 D MARsPolicyManager: NotificationListenerService OngoingNotificationPosted : org.yaxim.androidclient
04-28 22:47:34.630 27387 27387 W ContextImpl: Calling a method in the system process without a qualified user: android.app.ContextImpl.startService:1320 android.content.ContextWrapper.startService:606 com.fmm.dm.b.a:-1 com.sec.pcw.device.FmmApplication.onCreate:-1 android.app.Instrumentation.callApplicationOnCreate:1037 
04-28 22:47:34.670  1553  4091 D ConnectivityService: returning getNetworkInfo for network type 1 : [type: WIFI[] - WIFI, state: CONNECTED/CONNECTED, reason: (unspecified), extra: "VM348613-2G", roaming: false, failover: false, isAvailable: true]
04-28 22:47:34.670  1553  4090 D ConnectivityService: returning getNetworkInfo for network type 1 : [type: WIFI[] - WIFI, state: CONNECTED/CONNECTED, reason: (unspecified), extra: "VM348613-2G", roaming: false, failover: false, isAvailable: true]
04-28 22:47:34.900  1553  4445 D ConnectivityService: returning getNetworkInfo for network type 1 : [type: WIFI[] - WIFI, state: CONNECTED/CONNECTED, reason: (unspecified), extra: "VM348613-2G", roaming: false, failover: false, isAvailable: true]
04-28 22:47:35.150  1553  2171 D ConnectivityService: returning getNetworkInfo for network type 1 : [type: WIFI[] - WIFI, state: CONNECTED/CONNECTED, reason: (unspecified), extra: "VM348613-2G", roaming: false, failover: false, isAvailable: true]
04-28 22:47:37.590  1553  2192 V AlarmManager: Expired Alarm result :4
04-28 22:47:38.020  1553  2198 D SamsungWindowManager: haptic disabled by policy
04-28 22:47:38.020  2349  2349 D Recents : handleProxyCall type=5
04-28 22:47:38.030  2489  2489 D Recents : handleProxyCall type=5
04-28 22:47:38.050  1553  2197 W ContextImpl: Calling a method in the system process without a qualified user: android.app.ContextImpl.sendBroadcast:843 com.android.server.policy.multiwindow.MultiPhoneWindowManager.stopDragDropService:1243 com.android.server.policy.PhoneWindowManager.interceptKeyBeforeDispatching:5754 com.android.server.wm.InputMonitor.interceptKeyBeforeDispatching:622 com.android.server.input.InputManagerService.interceptKeyBeforeDispatching:3028 
04-28 22:47:38.090  1553  2197 D PowerManagerService: [api] [s] userActivity : event: 0 flags: 0 (uid: 1000 pid: 1553) eventTime = 437299648
04-28 22:47:38.100  2349  2349 D Recents : handleProxyCall type=4
04-28 22:47:38.110  1553  1734 V BroadcastQueue: [background] Process cur broadcast BroadcastRecord{9cb76c u-1 com.samsung.settings.action.directaccess.CLOSE_DIALOG qIdx=4}, state= (APP_RECEIVE) DELIVERED for app ProcessRecord{a4e1a95 27325:com.android.settings/1000}
04-28 22:47:38.130  2489  2489 D Recents : handleProxyCall type=4
04-28 22:47:38.130  2489  2489 D Recents : startRecentsActivity() : isTopTaskHome=false, displayId=0
04-28 22:47:38.140  2489  2489 D Recents : getThumbnailTransitionActivityOptions is getting called
04-28 22:47:38.140  2349  2349 D PowerSavingTile: onReceive : android.intent.action.CLOSE_SYSTEM_DIALOGS
04-28 22:47:38.170  2489  2489 D DVFS_Recents: mRecentListHelper acquires to start
04-28 22:47:38.180  1553  4402 D CustomFrequencyManagerService: acquireDVFSLockLocked : type : DVFS_MIN_LIMIT  frequency : 1190400  uid : 1000  pid : 1553  pkgName : ACTIVITY_RESUME_BOOSTER@10
04-28 22:47:38.180  1553  4402 D ActivityManager: mDVFSHelper.acquire()
04-28 22:47:38.180  1553  4402 D FocusedStackFrame: Set to : 0
04-28 22:47:38.220  1553  4402 D ActivityManager:  Launching com.android.systemui, updated priority
04-28 22:47:38.220  1553  1553 D GameManagerService: NotifyRunnable. pkg: com.android.systemui, type: 4, isMinimized: false, isTunableApp: false
04-28 22:47:38.220  1553  1553 D GameManagerService: unexpected mPrevNotiType: -1
04-28 22:47:38.230  1553  1734 V MARsPolicyManager: updatePackagesScore PackageInfo name -- com.android.systemui
04-28 22:47:38.240 25929 25929 V ActivityThread: updateVisibility : ActivityRecord{3639580 token=android.os.BinderProxy@fe86642 {org.yaxim.androidclient/org.yaxim.androidclient.MainWindow}} show : false
04-28 22:47:38.240  2489  2489 D Recents_RecentsActivity: onStart
04-28 22:47:38.240  1553  6841 D GameManagerService: identifyGamePackage. com.android.systemui
04-28 22:47:38.240  1553  6841 D GameManagerService: GameService is not exist
04-28 22:47:38.240  1553  6841 D GameManagerService: identifyGamePackage. com.android.systemui
04-28 22:47:38.240  1553  6841 D GameManagerService: GameService is not exist
04-28 22:47:38.250  2489  2489 D Recents_RecentsActivity: updateRecentsTasks
04-28 22:47:38.250  1553  6841 D GameManagerService: identifyGamePackage. com.android.systemui
04-28 22:47:38.250  1553  6841 D GameManagerService: GameService is not exist
04-28 22:47:38.280  2489  2489 D Recents_RecentsActivity: onResume
04-28 22:47:38.280  1553  6841 D GameManagerService: identifyGamePackage. com.android.systemui
04-28 22:47:38.280  1553  6841 D GameManagerService: GameService is not exist
04-28 22:47:38.290  2489  2489 D Recents_RecentsActivity: onPause
04-28 22:47:38.300  2489  2489 D Recents_RecentsActivity: onNewIntent
04-28 22:47:38.300  2489  2489 D Recents_RecentsActivity: onResume
04-28 22:47:38.390  1553  1740 D StatusBarManagerService: manageDisableList userId=0 what=0x0 pkg=Window{139b2a9 u0 d0 p2489 com.android.systemui/com.android.systemui.recents.SeparatedRecentsActivity}
04-28 22:47:38.450  2489  2489 D Recents_TaskView: prepareEnterRecentsAnimation()
04-28 22:47:38.450  2489  2489 D Recents_TaskView: prepareEnterRecentsAnimation()
04-28 22:47:38.450  2489  2489 D Recents_TaskView: prepareEnterRecentsAnimation()
04-28 22:47:38.450  2489  2489 D Recents_TaskView: prepareEnterRecentsAnimation()
04-28 22:47:38.450  2489  2489 D Recents_TaskView: prepareEnterRecentsAnimation()
04-28 22:47:38.450  2489  2489 D Recents_TaskView: prepareEnterRecentsAnimation()
04-28 22:47:38.450  2489  2489 D Recents_TaskView: prepareEnterRecentsAnimation()
04-28 22:47:38.650  1553  1740 D StatusBarManagerService: manageDisableList userId=0 what=0x0 pkg=Window{139b2a9 u0 d0 p2489 com.android.systemui/com.android.systemui.recents.SeparatedRecentsActivity}
04-28 22:47:38.670  2349  2349 D BatteryMeterView: onDraw batteryColor : -1107296257
04-28 22:47:38.690  2489  2489 D Recents_TaskView: startEnterRecentsAnimation()
04-28 22:47:38.690  2489  2489 D Recents_TaskView: startEnterRecentsAnimation()
04-28 22:47:38.690  2489  2489 D Recents_TaskView: startEnterRecentsAnimation()
04-28 22:47:38.690  2489  2489 D Recents_TaskView: startEnterRecentsAnimation()
04-28 22:47:38.690  2489  2489 D Recents_TaskView: startEnterRecentsAnimation()
04-28 22:47:38.690  2489  2489 D Recents_TaskView: startEnterRecentsAnimation()
04-28 22:47:38.690  2489  2489 D Recents_TaskView: startEnterRecentsAnimation()
04-28 22:47:38.710  1553  1740 W ContextImpl: Calling a method in the system process without a qualified user: android.app.ContextImpl.sendBroadcast:843 com.android.server.policy.PhoneWindowManager.notifyToSSRM:9101 com.android.server.policy.PhoneWindowManager.access$2100:325 com.android.server.policy.PhoneWindowManager$PolicyHandler.handleMessage:1265 android.os.Handler.dispatchMessage:102 
04-28 22:47:39.020  1553  1826 D CustomFrequencyManagerService: releaseDVFSLockLocked : Getting Lock type frm List : DVFS_MIN_LIMIT  frequency : 1190400  uid : 1000  pid : 1553  tag : ACTIVITY_RESUME_BOOSTER@10
04-28 22:47:39.020  1553  1734 D CustomFrequencyManagerService: acquireDVFSLockLocked : type : DVFS_MIN_LIMIT  frequency : 1190400  uid : 1000  pid : 1553  pkgName : ACTIVITY_RESUME_BOOSTER@18
04-28 22:47:39.020  1553  1826 D CustomFrequencyManagerService: FrequencyrequestList.getNextCStateDisableRequest, index: 0
04-28 22:47:39.020  1553  1826 D ActivityManager: mDVFSHelper.release()
04-28 22:47:39.210  2489  2489 D Recents : onTaskStackChanged
04-28 22:47:39.620  1553  1553 D CustomFrequencyManagerService: releaseDVFSLockLocked : Getting Lock type frm List : DVFS_MIN_LIMIT  frequency : 1190400  uid : 1000  pid : 1553  tag : ACTIVITY_RESUME_BOOSTER@18
04-28 22:47:39.620  1553  1553 D CustomFrequencyManagerService: FrequencyrequestList.getNextCStateDisableRequest, index: 0
04-28 22:47:40.400  2489  2489 D Recents_RecentsActivity: onTaskViewClicked is getting called 
04-28 22:47:40.400  2489  2489 D DVFS_Recents: mRecentListHelper acquires to start
04-28 22:47:40.410  1553  4435 D FocusedStackFrame: Set to : 0
04-28 22:47:40.420  1553  2192 V AlarmManager: Expired Alarm result :4
04-28 22:47:40.420  1553  4435 D ActivityManager:  Launching eu.siacs.conversations, updated priority
04-28 22:47:40.430  2489  2489 D Recents_RecentsActivity: onPause
04-28 22:47:40.430  1553  4444 D CustomFrequencyManagerService: acquireDVFSLockLocked : type : DVFS_MIN_LIMIT  frequency : 1190400  uid : 1000  pid : 1553  pkgName : ACTIVITY_RESUME_BOOSTER@10
04-28 22:47:40.430  1553  4444 D ActivityManager: mDVFSHelper.acquire()
04-28 22:47:40.440  1553  1553 D GameManagerService: NotifyRunnable. pkg: eu.siacs.conversations, type: 4, isMinimized: false, isTunableApp: false
04-28 22:47:40.440  1553  1553 D GameManagerService: unexpected mPrevNotiType: -1
04-28 22:47:40.450  1553  2290 D NetworkPolicy: isUidForegroundLocked: 10298, mScreenOn: true, uidstate: 2, mProxSensorScreenOff: false
04-28 22:47:40.450  1553  6841 D GameManagerService: identifyGamePackage. eu.siacs.conversations
04-28 22:47:40.450  1553  6841 D GameManagerService: GameService is not exist
04-28 22:47:40.450  1553  1740 W ContextImpl: Calling a method in the system process without a qualified user: android.app.ContextImpl.sendBroadcast:843 com.android.server.policy.PhoneWindowManager.notifyToSSRM:9101 com.android.server.policy.PhoneWindowManager.access$2100:325 com.android.server.policy.PhoneWindowManager$PolicyHandler.handleMessage:1265 android.os.Handler.dispatchMessage:102 
04-28 22:47:40.450  1553  6841 D GameManagerService: identifyGamePackage. eu.siacs.conversations
04-28 22:47:40.450  1553  6841 D GameManagerService: GameService is not exist
04-28 22:47:40.450  1553  6841 D GameManagerService: identifyGamePackage. eu.siacs.conversations
04-28 22:47:40.450  1553  6841 D GameManagerService: GameService is not exist
04-28 22:47:40.460  1553  1734 V MARsPolicyManager: updatePackagesScore PackageInfo name -- eu.siacs.conversations
04-28 22:47:40.540  1553  1740 D StatusBarManagerService: manageDisableList userId=0 what=0x0 pkg=Window{332f7c2 u0 d0 p23400 eu.siacs.conversations/eu.siacs.conversations.ui.EditAccountActivity}
04-28 22:47:41.050  1553  4091 D BatteryService: !@BatteryListener : batteryPropertiesChanged!
04-28 22:47:41.050  1553  4091 D BatteryService: level:64, scale:100, status:2, health:2, present:true, voltage: 3941, temperature: 299, technology: Li-ion, AC powered:false, USB powered:true, POGO powered:false, Wireless powered:false, icon:17303606, invalid charger:0, maxChargingCurrent:0
04-28 22:47:41.050  1553  4091 D BatteryService: online:4, current avg:0, charge type:1, power sharing:false, high voltage charger:false, capacity:190000, batterySWSelfDischarging:false, current_now:0
04-28 22:47:41.050  1553  1553 D BatteryService: Sending ACTION_BATTERY_CHANGED.
04-28 22:47:41.050  1553  1553 I MotionRecognitionService: Plugged
04-28 22:47:41.050  1553  1553 D MotionRecognitionService:   cableConnection= 1
04-28 22:47:41.050  1553  1553 D MotionRecognitionService: setPowerConnected | current backoff  = 5120 , state =5120
04-28 22:47:41.050  1553  1553 D MotionRecognitionService: skip setTransmitPower. 
04-28 22:47:41.050  1553  1553 D GameManagerService: new battery level: 64
04-28 22:47:41.080  2349  2349 D BatteryMeterView: ACTION_BATTERY_CHANGED : level:64 status:2 health:2
04-28 22:47:41.090  2349  2349 D BatteryMeterView: ACTION_BATTERY_CHANGED : level:64 status:2 health:2
04-28 22:47:41.090  2349  2349 D BatteryMeterView: ACTION_BATTERY_CHANGED : level:64 status:2 health:2
04-28 22:47:41.090  2349  2349 D SViewCoverView: BroadcastReceiver onReceive() : action : android.intent.action.BATTERY_CHANGED
04-28 22:47:41.090  2349  2349 D SViewCoverView: level :64 plugged : 2
04-28 22:47:41.320  1553  1826 D CustomFrequencyManagerService: releaseDVFSLockLocked : Getting Lock type frm List : DVFS_MIN_LIMIT  frequency : 1190400  uid : 1000  pid : 1553  tag : ACTIVITY_RESUME_BOOSTER@10
04-28 22:47:41.320  1553  1826 D CustomFrequencyManagerService: FrequencyrequestList.getNextCStateDisableRequest, index: 0
04-28 22:47:41.320  1553  1826 D ActivityManager: mDVFSHelper.release()
04-28 22:47:41.330  2489  2489 D Recents_RecentsActivity: onStop
04-28 22:47:41.330  1553  1734 D CustomFrequencyManagerService: acquireDVFSLockLocked : type : DVFS_MIN_LIMIT  frequency : 1190400  uid : 1000  pid : 1553  pkgName : ACTIVITY_RESUME_BOOSTER@18
04-28 22:47:41.340  2489  2489 V ActivityThread: updateVisibility : ActivityRecord{bbc8e39 token=android.os.BinderProxy@8a06b35 {com.android.systemui/com.android.systemui.recents.SeparatedRecentsActivity}} show : false
04-28 22:47:41.450  2489  2489 D Recents : onTaskStackChanged
04-28 22:47:41.630  1553  6841 D SSRM:s  : SIOP:: AP = 470, CP = 34, LCD = 4
04-28 22:47:41.630  1553  6841 D ConnectivityService: returning getNetworkInfo for network type 1 : [type: WIFI[] - WIFI, state: CONNECTED/CONNECTED, reason: (unspecified), extra: "VM348613-2G", roaming: false, failover: false, isAvailable: true]
04-28 22:47:41.630  1553  6841 D SSRM:P  : reading: 47 47 0
04-28 22:47:41.930  1553  1553 D CustomFrequencyManagerService: releaseDVFSLockLocked : Getting Lock type frm List : DVFS_MIN_LIMIT  frequency : 1190400  uid : 1000  pid : 1553  tag : ACTIVITY_RESUME_BOOSTER@18
04-28 22:47:41.930  1553  1553 D CustomFrequencyManagerService: FrequencyrequestList.getNextCStateDisableRequest, index: 0
04-28 22:47:42.030  1553  4090 D CustomFrequencyManagerService: acquireDVFSLockLocked : type : DVFS_MIN_LIMIT  frequency : 1190400  uid : 1000  pid : 1553  pkgName : ACTIVITY_RESUME_BOOSTER@10
04-28 22:47:42.030  1553  4090 D ActivityManager: mDVFSHelper.acquire()
04-28 22:47:42.040  1553  1553 D GameManagerService: NotifyRunnable. pkg: eu.siacs.conversations, type: 4, isMinimized: false, isTunableApp: false
04-28 22:47:42.040  1553  1553 D GameManagerService: unexpected mPrevNotiType: -1
04-28 22:47:42.040  1553  1734 V MARsPolicyManager: updatePackagesScore PackageInfo name -- eu.siacs.conversations
04-28 22:47:42.220  1553  1740 D StatusBarManagerService: manageDisableList userId=0 what=0x0 pkg=Window{b6e0a99 u0 d0 p23400 eu.siacs.conversations/eu.siacs.conversations.ui.ManageAccountActivity}
04-28 22:47:42.780  1553  1826 D CustomFrequencyManagerService: releaseDVFSLockLocked : Getting Lock type frm List : DVFS_MIN_LIMIT  frequency : 1190400  uid : 1000  pid : 1553  tag : ACTIVITY_RESUME_BOOSTER@10
04-28 22:47:42.780  1553  1826 D CustomFrequencyManagerService: FrequencyrequestList.getNextCStateDisableRequest, index: 0
04-28 22:47:42.780  1553  1826 D ActivityManager: mDVFSHelper.release()
04-28 22:47:42.790  1553  1734 D CustomFrequencyManagerService: acquireDVFSLockLocked : type : DVFS_MIN_LIMIT  frequency : 1190400  uid : 1000  pid : 1553  pkgName : ACTIVITY_RESUME_BOOSTER@18
04-28 22:47:42.980  1553  2297 D ConnectivityService: updateCapabilities: oldCap = [ Transports: WIFI Capabilities: INTERNET&NOT_RESTRICTED&TRUSTED&NOT_VPN&VALIDATED LinkUpBandwidth>=1048576Kbps LinkDnBandwidth>=1048576Kbps SignalStrength: -63], newCap = [ Transports: WIFI Capabilities: INTERNET&NOT_RESTRICTED&TRUSTED&NOT_VPN LinkUpBandwidth>=1048576Kbps LinkDnBandwidth>=1048576Kbps SignalStrength: -64]
04-28 22:47:42.980  1553  2297 D ConnectivityService: rematching NetworkAgentInfo [WIFI () - 740]
04-28 22:47:42.980  1553  2297 D ConnectivityService:  network has: NetworkAgentInfo{ ni{[type: WIFI[] - WIFI, state: CONNECTED/CONNECTED, reason: (unspecified), extra: "VM348613-2G", roaming: false, failover: false, isAvailable: true]}  network{740}  lp{{InterfaceName: wlan0 LinkAddresses: [192.168.0.5/24,fe80::aeee:9eff:fe04:1185/64,]  Routes: [fe80::/64 -> :: wlan0,192.168.0.0/24 -> 0.0.0.0 wlan0,0.0.0.0/0 -> 192.168.0.1 wlan0,] DnsAddresses: [192.168.0.1,] Domains:  MTU: 0 TcpBufferSizes: 524288,1048576,4525824,524288,1048576,4525824}}  nc{[ Transports: WIFI Capabilities: INTERNET&NOT_RESTRICTED&TRUSTED&NOT_VPN&VALIDATED LinkUpBandwidth>=1048576Kbps LinkDnBandwidth>=1048576Kbps SignalStrength: -64]}  Score{60}  everValidated{true}  lastValidated{true}  created{true} lingering{false} explicitlySelected{false} acceptUnvalidated{false} everCaptivePortalDetected{false} lastCaptivePortalDetected{false} }
04-28 22:47:42.980  1553  2297 D ConnectivityService:   checking if request is: NetworkRequest [ id=431, legacyType=-1, [ Capabilities: INTERNET&NOT_RESTRICTED&TRUSTED] ] satisfies: true nri.isRequest: false
04-28 22:47:42.980  1553  2297 D ConnectivityService:   checking if request is: NetworkRequest [ id=37, legacyType=-1, [ Capabilities: INTERNET&NOT_RESTRICTED&TRUSTED] ] satisfies: true nri.isRequest: false
04-28 22:47:42.980  1553  2297 D ConnectivityService:   checking if request is: NetworkRequest [ id=36, legacyType=-1, [ Capabilities: INTERNET&NOT_RESTRICTED&TRUSTED] ] satisfies: true nri.isRequest: false
04-28 22:47:42.980  1553  2297 D ConnectivityService:   checking if request is: NetworkRequest [ id=5, legacyType=-1, [ Transports: WIFI Capabilities: INTERNET&NOT_RESTRICTED&TRUSTED&NOT_VPN] ] satisfies: true nri.isRequest: false
04-28 22:47:42.980  1553  2297 D ConnectivityService:   checking if request is: NetworkRequest [ id=438, legacyType=-1, [ Capabilities: INTERNET&NOT_RESTRICTED&TRUSTED&NOT_VPN] ] satisfies: true nri.isRequest: false
04-28 22:47:42.980  1553  2297 D ConnectivityService:   checking if request is: NetworkRequest [ id=434, legacyType=-1, [ Capabilities: INTERNET&NOT_RESTRICTED&TRUSTED] ] satisfies: true nri.isRequest: false
04-28 22:47:42.980  1553  2297 D ConnectivityService:   checking if request is: NetworkRequest [ id=6, legacyType=-1, [ Capabilities: INTERNET&NOT_RESTRICTED&TRUSTED] ] satisfies: true nri.isRequest: false
04-28 22:47:42.980  1553  2297 D ConnectivityService:   checking if request is: NetworkRequest [ id=441, legacyType=-1, [ Capabilities: INTERNET&NOT_RESTRICTED&TRUSTED] ] satisfies: true nri.isRequest: false
04-28 22:47:42.980  1553  2297 D ConnectivityService:   checking if request is: NetworkRequest [ id=440, legacyType=-1, [ Capabilities: INTERNET&NOT_RESTRICTED&TRUSTED] ] satisfies: true nri.isRequest: false
04-28 22:47:42.980  1553  2297 D ConnectivityService: Network NetworkAgentInfo [WIFI () - 740] was already satisfying request 1. No change.
04-28 22:47:42.980  1553  2297 D ConnectivityService:   checking if request is: NetworkRequest [ id=398, legacyType=-1, [ Capabilities: INTERNET&NOT_RESTRICTED&TRUSTED] ] satisfies: true nri.isRequest: false
04-28 22:47:42.980  1553  2297 D ConnectivityService:   checking if request is: NetworkRequest [ id=3, legacyType=-1, [] ] satisfies: true nri.isRequest: false
04-28 22:47:42.980  1553  2297 D ConnectivityService:   checking if request is: NetworkRequest [ id=12, legacyType=-1, [ Capabilities: INTERNET&NOT_RESTRICTED&TRUSTED&NOT_VPN] ] satisfies: true nri.isRequest: false
04-28 22:47:42.980  1553  2297 D ConnectivityService:   checking if request is: NetworkRequest [ id=4, legacyType=-1, [ Transports: CELLULAR Capabilities: INTERNET&NOT_RESTRICTED&TRUSTED&NOT_VPN] ] satisfies: false nri.isRequest: false
04-28 22:47:42.980  1553  2297 D ConnectivityService:   checking if request is: NetworkRequest [ id=399, legacyType=-1, [ Capabilities: INTERNET&NOT_RESTRICTED&TRUSTED] ] satisfies: true nri.isRequest: false
04-28 22:47:42.980  1553  2297 D ConnectivityService:   checking if request is: NetworkRequest [ id=435, legacyType=-1, [ Capabilities: INTERNET&NOT_RESTRICTED&TRUSTED] ] satisfies: true nri.isRequest: false
04-28 22:47:42.980  1553  2297 D ConnectivityService:   checking if request is: NetworkRequest [ id=439, legacyType=-1, [ Capabilities: INTERNET&NOT_RESTRICTED&TRUSTED] ] satisfies: true nri.isRequest: false
04-28 22:47:42.980  1553  2297 D ConnectivityService: notifyType CAP_CHANGED for NetworkAgentInfo [WIFI () - 740]
04-28 22:47:42.980  1553  2297 D ConnectivityService:  sending notification for NetworkRequest [ id=1, legacyType=-1, [ Capabilities: INTERNET&NOT_RESTRICTED&TRUSTED&NOT_VPN] ]
04-28 22:47:42.980  1553  2297 D ConnectivityService:  sending notification for NetworkRequest [ id=3, legacyType=-1, [] ]
04-28 22:47:42.980  1553  2297 D ConnectivityService: sending notification CAP_CHANGED for NetworkRequest [ id=3, legacyType=-1, [] ]
04-28 22:47:42.980  1553  2297 D ConnectivityService:  sending notification for NetworkRequest [ id=5, legacyType=-1, [ Transports: WIFI Capabilities: INTERNET&NOT_RESTRICTED&TRUSTED&NOT_VPN] ]
04-28 22:47:42.980  1553  2297 D ConnectivityService: sending notification CAP_CHANGED for NetworkRequest [ id=5, legacyType=-1, [ Transports: WIFI Capabilities: INTERNET&NOT_RESTRICTED&TRUSTED&NOT_VPN] ]
04-28 22:47:42.980  1553  2297 D ConnectivityService:  sending notification for NetworkRequest [ id=6, legacyType=-1, [ Capabilities: INTERNET&NOT_RESTRICTED&TRUSTED] ]
04-28 22:47:42.980  1553  2297 D ConnectivityService: sending notification CAP_CHANGED for NetworkRequest [ id=6, legacyType=-1, [ Capabilities: INTERNET&NOT_RESTRICTED&TRUSTED] ]
04-28 22:47:42.980  1553  2297 D ConnectivityService:  sending notification for NetworkRequest [ id=12, legacyType=-1, [ Capabilities: INTERNET&NOT_RESTRICTED&TRUSTED&NOT_VPN] ]
04-28 22:47:42.980  1553  2297 D ConnectivityService: sending notification CAP_CHANGED for NetworkRequest [ id=12, legacyType=-1, [ Capabilities: INTERNET&NOT_RESTRICTED&TRUSTED&NOT_VPN] ]
04-28 22:47:42.980  1553  2297 D ConnectivityService:  sending notification for NetworkRequest [ id=36, legacyType=-1, [ Capabilities: INTERNET&NOT_RESTRICTED&TRUSTED] ]
04-28 22:47:42.990  1553  2297 D ConnectivityService: sending notification CAP_CHANGED for NetworkRequest [ id=36, legacyType=-1, [ Capabilities: INTERNET&NOT_RESTRICTED&TRUSTED] ]
04-28 22:47:42.990  1553  2297 D ConnectivityService:  sending notification for NetworkRequest [ id=37, legacyType=-1, [ Capabilities: INTERNET&NOT_RESTRICTED&TRUSTED] ]
04-28 22:47:42.990  1553  2297 D ConnectivityService: sending notification CAP_CHANGED for NetworkRequest [ id=37, legacyType=-1, [ Capabilities: INTERNET&NOT_RESTRICTED&TRUSTED] ]
04-28 22:47:42.990  1553  2297 D ConnectivityService:  sending notification for NetworkRequest [ id=398, legacyType=-1, [ Capabilities: INTERNET&NOT_RESTRICTED&TRUSTED] ]
04-28 22:47:42.990  1553  2297 D ConnectivityService: sending notification CAP_CHANGED for NetworkRequest [ id=398, legacyType=-1, [ Capabilities: INTERNET&NOT_RESTRICTED&TRUSTED] ]
04-28 22:47:42.990  1553  2297 D ConnectivityService:  sending notification for NetworkRequest [ id=399, legacyType=-1, [ Capabilities: INTERNET&NOT_RESTRICTED&TRUSTED] ]
04-28 22:47:42.990  1553  2297 D ConnectivityService: sending notification CAP_CHANGED for NetworkRequest [ id=399, legacyType=-1, [ Capabilities: INTERNET&NOT_RESTRICTED&TRUSTED] ]
04-28 22:47:42.990  1553  2297 D ConnectivityService:  sending notification for NetworkRequest [ id=431, legacyType=-1, [ Capabilities: INTERNET&NOT_RESTRICTED&TRUSTED] ]
04-28 22:47:42.990  1553  2297 D ConnectivityService: sending notification CAP_CHANGED for NetworkRequest [ id=431, legacyType=-1, [ Capabilities: INTERNET&NOT_RESTRICTED&TRUSTED] ]
04-28 22:47:42.990  1553  2297 D ConnectivityService:  sending notification for NetworkRequest [ id=434, legacyType=-1, [ Capabilities: INTERNET&NOT_RESTRICTED&TRUSTED] ]
04-28 22:47:42.990  1553  2297 D ConnectivityService: sending notification CAP_CHANGED for NetworkRequest [ id=434, legacyType=-1, [ Capabilities: INTERNET&NOT_RESTRICTED&TRUSTED] ]
04-28 22:47:42.990  1553  2297 D ConnectivityService:  sending notification for NetworkRequest [ id=435, legacyType=-1, [ Capabilities: INTERNET&NOT_RESTRICTED&TRUSTED] ]
04-28 22:47:42.990  1553  2297 D ConnectivityService: sending notification CAP_CHANGED for NetworkRequest [ id=435, legacyType=-1, [ Capabilities: INTERNET&NOT_RESTRICTED&TRUSTED] ]
04-28 22:47:42.990  1553  2297 D ConnectivityService:  sending notification for NetworkRequest [ id=438, legacyType=-1, [ Capabilities: INTERNET&NOT_RESTRICTED&TRUSTED&NOT_VPN] ]
04-28 22:47:42.990  1553  2297 D ConnectivityService: sending notification CAP_CHANGED for NetworkRequest [ id=438, legacyType=-1, [ Capabilities: INTERNET&NOT_RESTRICTED&TRUSTED&NOT_VPN] ]
04-28 22:47:42.990  1553  2297 D ConnectivityService:  sending notification for NetworkRequest [ id=439, legacyType=-1, [ Capabilities: INTERNET&NOT_RESTRICTED&TRUSTED] ]
04-28 22:47:42.990  1553  2297 D ConnectivityService: sending notification CAP_CHANGED for NetworkRequest [ id=439, legacyType=-1, [ Capabilities: INTERNET&NOT_RESTRICTED&TRUSTED] ]
04-28 22:47:42.990  1553  2297 D ConnectivityService:  sending notification for NetworkRequest [ id=440, legacyType=-1, [ Capabilities: INTERNET&NOT_RESTRICTED&TRUSTED] ]
