04-28 22:49:55.980  1553  2297 D ConnectivityService: notifyType CAP_CHANGED for NetworkAgentInfo [WIFI () - 740]
04-28 22:49:55.980  1553  2297 D ConnectivityService:  sending notification for NetworkRequest [ id=1, legacyType=-1, [ Capabilities: INTERNET&NOT_RESTRICTED&TRUSTED&NOT_VPN] ]
04-28 22:49:55.980  1553  2297 D ConnectivityService:  sending notification for NetworkRequest [ id=3, legacyType=-1, [] ]
04-28 22:49:55.980  1553  2297 D ConnectivityService: sending notification CAP_CHANGED for NetworkRequest [ id=3, legacyType=-1, [] ]
04-28 22:49:55.980  1553  2297 D ConnectivityService:  sending notification for NetworkRequest [ id=5, legacyType=-1, [ Transports: WIFI Capabilities: INTERNET&NOT_RESTRICTED&TRUSTED&NOT_VPN] ]
04-28 22:49:55.980  1553  2297 D ConnectivityService: sending notification CAP_CHANGED for NetworkRequest [ id=5, legacyType=-1, [ Transports: WIFI Capabilities: INTERNET&NOT_RESTRICTED&TRUSTED&NOT_VPN] ]
04-28 22:49:55.980  1553  2297 D ConnectivityService:  sending notification for NetworkRequest [ id=6, legacyType=-1, [ Capabilities: INTERNET&NOT_RESTRICTED&TRUSTED] ]
04-28 22:49:55.980  1553  2297 D ConnectivityService: sending notification CAP_CHANGED for NetworkRequest [ id=6, legacyType=-1, [ Capabilities: INTERNET&NOT_RESTRICTED&TRUSTED] ]
04-28 22:49:55.980  1553  2297 D ConnectivityService:  sending notification for NetworkRequest [ id=12, legacyType=-1, [ Capabilities: INTERNET&NOT_RESTRICTED&TRUSTED&NOT_VPN] ]
04-28 22:49:55.980  1553  2297 D ConnectivityService: sending notification CAP_CHANGED for NetworkRequest [ id=12, legacyType=-1, [ Capabilities: INTERNET&NOT_RESTRICTED&TRUSTED&NOT_VPN] ]
04-28 22:49:55.980  1553  2297 D ConnectivityService:  sending notification for NetworkRequest [ id=36, legacyType=-1, [ Capabilities: INTERNET&NOT_RESTRICTED&TRUSTED] ]
04-28 22:49:55.990  1553  2297 D ConnectivityService: sending notification CAP_CHANGED for NetworkRequest [ id=36, legacyType=-1, [ Capabilities: INTERNET&NOT_RESTRICTED&TRUSTED] ]
04-28 22:49:55.990  1553  2297 D ConnectivityService:  sending notification for NetworkRequest [ id=37, legacyType=-1, [ Capabilities: INTERNET&NOT_RESTRICTED&TRUSTED] ]
04-28 22:49:55.990  1553  2297 D ConnectivityService: sending notification CAP_CHANGED for NetworkRequest [ id=37, legacyType=-1, [ Capabilities: INTERNET&NOT_RESTRICTED&TRUSTED] ]
04-28 22:49:55.990  1553  2297 D ConnectivityService:  sending notification for NetworkRequest [ id=398, legacyType=-1, [ Capabilities: INTERNET&NOT_RESTRICTED&TRUSTED] ]
04-28 22:49:55.990  1553  2297 D ConnectivityService: sending notification CAP_CHANGED for NetworkRequest [ id=398, legacyType=-1, [ Capabilities: INTERNET&NOT_RESTRICTED&TRUSTED] ]
04-28 22:49:55.990  1553  2297 D ConnectivityService:  sending notification for NetworkRequest [ id=399, legacyType=-1, [ Capabilities: INTERNET&NOT_RESTRICTED&TRUSTED] ]
04-28 22:49:55.990  1553  2297 D ConnectivityService: sending notification CAP_CHANGED for NetworkRequest [ id=399, legacyType=-1, [ Capabilities: INTERNET&NOT_RESTRICTED&TRUSTED] ]
04-28 22:49:55.990  1553  2297 D ConnectivityService:  sending notification for NetworkRequest [ id=431, legacyType=-1, [ Capabilities: INTERNET&NOT_RESTRICTED&TRUSTED] ]
04-28 22:49:55.990  1553  2297 D ConnectivityService: sending notification CAP_CHANGED for NetworkRequest [ id=431, legacyType=-1, [ Capabilities: INTERNET&NOT_RESTRICTED&TRUSTED] ]
04-28 22:49:55.990  1553  2297 D ConnectivityService:  sending notification for NetworkRequest [ id=434, legacyType=-1, [ Capabilities: INTERNET&NOT_RESTRICTED&TRUSTED] ]
04-28 22:49:55.990  1553  2297 D ConnectivityService: sending notification CAP_CHANGED for NetworkRequest [ id=434, legacyType=-1, [ Capabilities: INTERNET&NOT_RESTRICTED&TRUSTED] ]
04-28 22:49:55.990  1553  2297 D ConnectivityService:  sending notification for NetworkRequest [ id=435, legacyType=-1, [ Capabilities: INTERNET&NOT_RESTRICTED&TRUSTED] ]
04-28 22:49:55.990  1553  2297 D ConnectivityService: sending notification CAP_CHANGED for NetworkRequest [ id=435, legacyType=-1, [ Capabilities: INTERNET&NOT_RESTRICTED&TRUSTED] ]
04-28 22:49:55.990  1553  2297 D ConnectivityService:  sending notification for NetworkRequest [ id=442, legacyType=-1, [ Capabilities: INTERNET&NOT_RESTRICTED&TRUSTED] ]
04-28 22:49:55.990  1553  2297 D ConnectivityService: sending notification CAP_CHANGED for NetworkRequest [ id=442, legacyType=-1, [ Capabilities: INTERNET&NOT_RESTRICTED&TRUSTED] ]
04-28 22:49:55.990  1553  2297 D ConnectivityService:  sending notification for NetworkRequest [ id=443, legacyType=-1, [ Capabilities: INTERNET&NOT_RESTRICTED&TRUSTED] ]
04-28 22:49:55.990  1553  2297 D ConnectivityService: sending notification CAP_CHANGED for NetworkRequest [ id=443, legacyType=-1, [ Capabilities: INTERNET&NOT_RESTRICTED&TRUSTED] ]
04-28 22:49:55.990  1553  2399 D ConnectivityService: returning Blocked NetworkInfo for ifname=wlan0, uid=10169
04-28 22:49:56.000  1553  4402 D ConnectivityService: returning Blocked NetworkInfo for ifname=wlan0, uid=10169
04-28 22:49:56.080  1553  4091 D ConnectivityService: returning Blocked NetworkInfo for ifname=wlan0, uid=10170
04-28 22:49:56.090  1553  4091 D ConnectivityService: returning getNetworkInfo for network type 1 : [type: WIFI[] - WIFI, state: DISCONNECTED/BLOCKED, reason: (unspecified), extra: (none), roaming: false, failover: false, isAvailable: true]
04-28 22:49:56.090  1553  4442 D ConnectivityService: returning Blocked NetworkInfo for ifname=null, uid=10170
04-28 22:49:56.090  1553  4442 D ConnectivityService: returning getNetworkInfo for network type 0 : [type: MOBILE[] - MOBILE, state: DISCONNECTED/BLOCKED, reason: (unspecified), extra: (none), roaming: false, failover: false, isAvailable: true]
04-28 22:49:56.140  1553  1553 D VibratorService: Turning vibrator off
04-28 22:49:56.140  1553  1553 D LightsService: [api] [SvcLED] turnOff:: id = 6 (uid: 1000 pid: 1553) 
04-28 22:49:56.140  1553  1553 D LightsService: [api] [SvcLED] LED indicator : Not supported.
04-28 22:49:56.140  1553  1553 D MARsPolicyManager: NotificationListenerService OngoingNotificationRemoved : org.yaxim.androidclient
04-28 22:49:56.150  1553  1553 D LightsService: [api] [SvcLED] turnOff:: id = 6 (uid: 1000 pid: 1553) 
04-28 22:49:56.150  1553  1553 D LightsService: [api] [SvcLED] LED indicator : Not supported.
04-28 22:49:56.160  1553  1734 V BroadcastQueue: [background] Process cur broadcast BroadcastRecord{a7ef437 u0 android.intent.action.BADGE_COUNT_UPDATE qIdx=4}, state= (APP_RECEIVE) DELIVERED for app ProcessRecord{3a625b2 27932:com.sec.android.provider.badge/u0a70}
04-28 22:49:58.800  1553  1834 D PowerManagerService: [s] UserActivityState : 1 -> 2
04-28 22:49:58.800  1553  1834 D PowerManagerService: mDisplayReady: false
04-28 22:49:58.800  1553  1834 D DisplayPowerController: animateScreenStateChange[0]: target=2
04-28 22:49:58.800  1553  1834 D DisplayPowerController: [Dual Screen Compatible] state[0] :2
04-28 22:49:58.800  1553  1834 D DisplayPowerController: getFinalBrightness : Summary is 1 -> 1
04-28 22:49:58.800  1553  1834 D DisplayPowerController: Animating brightness: target=1, rate=500 (PSM:false, AB limit:(-1 ~ -1) MB Limit:(-1 ~ -1))
04-28 22:49:58.800  1553  1834 D PowerManagerService: [s] DisplayPowerCallbacks : onStateChanged()
04-28 22:49:58.800  1553  1834 D PowerManagerService: mDisplayReady: true
04-28 22:49:58.820  1553  1834 D DisplayPowerController: animateScreenStateChange[0]: target=2
04-28 22:49:58.820  1553  1834 D DisplayPowerController: [Dual Screen Compatible] state[0] :2
04-28 22:49:58.820  1553  1834 D DisplayPowerController: getFinalBrightness : Summary is 1 -> 1
04-28 22:49:58.820  1553  1834 D DisplayPowerController: Animating brightness: target=1, rate=500 (PSM:false, AB limit:(-1 ~ -1) MB Limit:(-1 ~ -1))
04-28 22:49:59.540  1553  2192 V AlarmManager: Expired Alarm result :4
04-28 22:49:59.990  1553  2192 V AlarmManager: Expired Alarm result :8
04-28 22:50:00.040  2349  2349 D SViewCoverWidget: initClock() : TimeZone =libcore.util.ZoneInfo[id="Europe/London",mRawOffset=0,mEarliestRawOffset=0,mUseDst=true,mDstSavings=3600000,transitions=242]
04-28 22:50:00.290  1553  2197 D PowerManagerService: [s] UserActivityState : 2 -> 1
04-28 22:50:00.290  1553  2197 D PowerManagerService: mDisplayReady: false
04-28 22:50:00.290  1553  1834 D DisplayPowerController: animateScreenStateChange[0]: target=2
04-28 22:50:00.290  1553  1834 D DisplayPowerController: [Dual Screen Compatible] state[0] :2
04-28 22:50:00.290  1553  1834 D DisplayPowerController: getFinalBrightness : Summary is 4 -> 4
04-28 22:50:00.290  1553  1834 D DisplayPowerController: Animating brightness: target=4, rate=2000 (PSM:false, AB limit:(-1 ~ -1) MB Limit:(-1 ~ -1))
04-28 22:50:00.290  1553  1834 D PowerManagerService: [s] DisplayPowerCallbacks : onStateChanged()
04-28 22:50:00.290  1553  1834 D PowerManagerService: mDisplayReady: true
04-28 22:50:00.300  1553  1834 D DisplayPowerController: animateScreenStateChange[0]: target=2
04-28 22:50:00.300  1553  1834 D DisplayPowerController: [Dual Screen Compatible] state[0] :2
04-28 22:50:00.300  1553  1834 D DisplayPowerController: getFinalBrightness : Summary is 4 -> 4
04-28 22:50:00.300  1553  1834 D DisplayPowerController: Animating brightness: target=4, rate=500 (PSM:false, AB limit:(-1 ~ -1) MB Limit:(-1 ~ -1))
04-28 22:50:00.310  2349  2349 D STATUSBAR-PhoneStatusBar:  mBrightnessEnablebySettings = true mBrightnessEnablebyBattery = true mBrightnessEnablebyDisableFlag = true mPmsBrightnessEnablebySettings = true
04-28 22:50:00.310  2349  2349 D STATUSBAR-PhoneStatusBar: showHideQConnectLayout  emMode:false, mQconnectEnable:true
04-28 22:50:00.310  1553  1575 D VibratorService: Turning vibrator off
04-28 22:50:00.310  1553  1575 D LightsService: [api] [SvcLED] turnOff:: id = 6 (uid: 1000 pid: 1553) 
04-28 22:50:00.310  1553  1575 D LightsService: [api] [SvcLED] LED indicator : Not supported.
04-28 22:50:00.360  1553  1740 D StatusBarManagerService: manageDisableList userId=0 what=0x0 pkg=Window{ab05a70 u0 d0 p2349 StatusBar}
04-28 22:50:00.400  2349  2349 D BatteryMeterView: onDraw batteryColor : -1107296257
04-28 22:50:00.440  2349  2349 D BatteryMeterView: onDraw batteryColor : -1107296257
04-28 22:50:00.500 22808 27179 V MediaScanner:  prescan time: 29696ms (DB items: 55240)
04-28 22:50:00.500 22808 27179 V MediaScanner:     scan time: 54921ms (Caching mode: false), (makeEntry time: 28268ms ~51%),  (parsing time: 0ms ~0%),  (bitmapDecoding time: 0ms ~0%), (exifExtracting time : 0ms ~0%), (sefExtracting time : 0ms ~0%), (bulkInserter time : 0ms ~0%)
04-28 22:50:00.500 22808 27179 V MediaScanner: postscan time: 4ms (bulkDeleter : 0), (delete DeadThumbnail time : 0ms)
04-28 22:50:00.500 22808 27179 V MediaScanner:    total time: 84621ms
04-28 22:50:00.500 22808 27179 V MediaScanner: checked files: 51341  directories : 1955  (I: 0, U: 0)
04-28 22:50:00.550  1553  1734 D MountService: getExternalStorageMountMode : 3
04-28 22:50:00.550  1553  1734 D MountService: getExternalStorageMountMode : 3
04-28 22:50:00.550  1553  1734 D MountService: getExternalStorageMountMode : final mountMode=3, uid : 5004, packageName : com.sec.face
04-28 22:50:00.550 22808 27179 D MediaScannerService: !@done scanning volume external
04-28 22:50:00.570  1553  1734 I ActivityManager: Start proc 27997:com.sec.face:FaceProvider/5004 for broadcast-3 com.sec.face/.framework.broadcastreceivers.SystemBroadcastReceiver$FaceBroadcastReceiver
04-28 22:50:00.580 27997 27997 I libpersona: KNOX_SDCARD checking this for 5004
04-28 22:50:00.580 27997 27997 I libpersona: KNOX_SDCARD not a persona
04-28 22:50:00.750  1553  1576 V BroadcastQueue: [background] Process cur broadcast BroadcastRecord{f449cd3 u0 android.intent.action.MEDIA_SCANNER_FINISHED qIdx=4}, state= (APP_RECEIVE) DELIVERED for app ProcessRecord{cfa36c2 27997:com.sec.face:FaceProvider/5004}
04-28 22:50:00.780  2349  2349 D STATUSBAR-QSTileView: onStateChanged: Wi-Fi
04-28 22:50:00.780  2349  2349 D STATUSBAR-QSTileView: onStateChanged: Location
04-28 22:50:00.780  2349  2349 D STATUSBAR-QSTileView: onStateChanged: Sound
04-28 22:50:00.780  2349  2349 D STATUSBAR-QSTileView: onStateChanged: Screen
04-28 22:50:00.780  2349  2349 D STATUSBAR-QSTileView: rotation
04-28 22:50:00.790  2349  2349 D BluetoothTile:  onBluetoothStateChange:
04-28 22:50:00.790  2349  2349 D STATUSBAR-QSTileView: onStateChanged: Bluetooth
04-28 22:50:00.790  2349  2349 D STATUSBAR-QSTileView: onStateChanged: NFC
04-28 22:50:00.790  2349  2349 D STATUSBAR-QSTileView: onStateChanged: Mobile
04-28 22:50:00.790  2349  2349 D STATUSBAR-QSTileView: data
04-28 22:50:00.790  2349  2349 D STATUSBAR-QSTileView: onStateChanged: Flight
04-28 22:50:00.790  2349  2349 D STATUSBAR-QSTileView: mode
04-28 22:50:00.790  2349  2349 D STATUSBAR-QSTileView: onStateChanged: U. power
04-28 22:50:00.790  2349  2349 D STATUSBAR-QSTileView: saving
04-28 22:50:00.790  2349  2349 D STATUSBAR-QSTileView: onStateChanged: Screen
04-28 22:50:00.790  2349  2349 D STATUSBAR-QSTileView: Mirroring
04-28 22:50:00.790  2349  2349 D STATUSBAR-QSTileView: onStateChanged: Mobile
04-28 22:50:00.790  2349  2349 D STATUSBAR-QSTileView: hotspot
04-28 22:50:00.790  2349  2349 D STATUSBAR-QSTileView: onStateChanged: Sync
04-28 22:50:00.790  2349  2349 D STATUSBAR-QSTileView: onStateChanged: Smart
04-28 22:50:00.790  2349  2349 D STATUSBAR-QSTileView: stay
04-28 22:50:00.790  2349  2349 D STATUSBAR-QSTileView: onStateChanged: Power
04-28 22:50:00.790  2349  2349 D STATUSBAR-QSTileView: saving
04-28 22:50:00.790  2349  2349 D STATUSBAR-QSTileView: onStateChanged: Do not
04-28 22:50:00.790  2349  2349 D STATUSBAR-QSTileView: disturb
04-28 22:50:00.790  2349  2349 D STATUSBAR-QSTileView: onStateChanged: Private
04-28 22:50:00.790  2349  2349 D STATUSBAR-QSTileView: mode
04-28 22:50:00.800  2349  2349 D STATUSBAR-QSTileView: dynamicallyReduceTextSize: 101
04-28 22:50:00.800  2349  2349 D STATUSBAR-QSTileView: dynamicallyReduceTextSize: 101
04-28 22:50:00.800  2349  2349 D STATUSBAR-QSTileView: dynamicallyCutandReduceTextSize: 101
04-28 22:50:00.800  2349  2349 D STATUSBAR-QSTileView: text: Sound
04-28 22:50:00.800  2349  2349 D STATUSBAR-QSTileView: dynamicallyReduceTextSize: 101
04-28 22:50:00.800  2349  2349 D STATUSBAR-QSTileView: dynamicallyReduceTextSize: 101
04-28 22:50:00.800  2349  2349 D STATUSBAR-QSTileView: dynamicallyReduceTextSize: 101
04-28 22:50:00.800  2349  2349 D STATUSBAR-QSTileView: dynamicallyReduceTextSize: 101
04-28 22:50:00.800  2349  2349 D STATUSBAR-QSTileView: dynamicallyReduceTextSize: 101
04-28 22:50:00.800  2349  2349 D STATUSBAR-QSTileView: dynamicallyReduceTextSize: 101
04-28 22:50:00.800  2349  2349 D STATUSBAR-QSTileView: dynamicallyReduceTextSize: 101
04-28 22:50:00.800  2349  2349 D STATUSBAR-QSTileView: dynamicallyReduceTextSize: 0
04-28 22:50:00.800  2349  2349 D STATUSBAR-QSTileView: dynamicallyReduceTextSize: 0
04-28 22:50:00.800  2349  2349 D STATUSBAR-QSTileView: dynamicallyReduceTextSize: 0
04-28 22:50:00.800  2349  2349 D STATUSBAR-QSTileView: dynamicallyReduceTextSize: 0
04-28 22:50:00.800  2349  2349 D STATUSBAR-QSTileView: dynamicallyReduceTextSize: 0
04-28 22:50:00.800  2349  2349 D STATUSBAR-QSTileView: dynamicallyReduceTextSize: 0
04-28 22:50:00.950  1553  4091 V BroadcastQueue: [background] Process cur broadcast BroadcastRecord{f449cd3 u0 android.intent.action.MEDIA_SCANNER_FINISHED qIdx=4}, state= (APP_RECEIVE) DELIVERED for app ProcessRecord{ffdfcc9 25691:com.sec.android.gallery3d/u0a37}
04-28 22:50:00.970  1553  4090 V BroadcastQueue: [background] Process cur broadcast BroadcastRecord{f449cd3 u0 android.intent.action.MEDIA_SCANNER_FINISHED qIdx=4}, state= (APP_RECEIVE) DELIVERED for app ProcessRecord{cb6eab2 27615:com.sec.android.app.music:service/u0a144}
04-28 22:50:01.010  1553  4419 V BroadcastQueue: [background] Process cur broadcast BroadcastRecord{f449cd3 u0 android.intent.action.MEDIA_SCANNER_FINISHED qIdx=4}, state= (APP_RECEIVE) DELIVERED for app ProcessRecord{d105a03 27629:uk.amazon.mShop.android/u0a169}
04-28 22:50:01.520  1553  4090 I ActivityManager: Process com.amazon.kindle (pid 27705)(adj 15) has died(64,104)
04-28 22:50:01.820  1553  1740 D StatusBarManagerService: manageDisableList userId=0 what=0x0 pkg=Window{eacbbc2 u0 d0 p23400 eu.siacs.conversations/eu.siacs.conversations.ui.ConversationActivity}
04-28 22:50:01.830  1553  2399 D BatteryService: !@BatteryListener : batteryPropertiesChanged!
04-28 22:50:01.830  1553  2399 D BatteryService: level:64, scale:100, status:2, health:2, present:true, voltage: 3977, temperature: 317, technology: Li-ion, AC powered:false, USB powered:true, POGO powered:false, Wireless powered:false, icon:17303606, invalid charger:0, maxChargingCurrent:0
04-28 22:50:01.830  1553  2399 D BatteryService: online:4, current avg:0, charge type:1, power sharing:false, high voltage charger:false, capacity:190000, batterySWSelfDischarging:false, current_now:0
04-28 22:50:01.830  1553  1553 D BatteryService: Sending ACTION_BATTERY_CHANGED.
04-28 22:50:01.840  1553  4113 D CustomFrequencyManagerService: acquireDVFSLockLocked : type : DVFS_MIN_LIMIT  frequency : 1190400  uid : 1000  pid : 1553  pkgName : ACTIVITY_RESUME_BOOSTER@10
04-28 22:50:01.840  1553  4298 W InputMethodManagerService: Window already focused, ignoring focus gain of: com.android.internal.view.IInputMethodClient$Stub$Proxy@28bdc1a attribute=android.view.inputmethod.EditorInfo@8b8d34b, token = android.os.BinderProxy@22ad00d
04-28 22:50:01.860  1553  4113 D ActivityManager: mDVFSHelper.acquire()
04-28 22:50:01.860  1553  4113 W ActivityManager: startActivity called from non-Activity context; forcing Intent.FLAG_ACTIVITY_NEW_TASK for: Intent { flg=0x4000000 cmp=org.yaxim.androidclient/.MainWindow }
04-28 22:50:01.940  1553  4113 D ActivityManager:  Launching org.yaxim.androidclient, updated priority
04-28 22:50:01.950  2349  2349 D Recents : handleProxyCall type=3
04-28 22:50:01.990  2489  2489 D Recents : handleProxyCall type=3
04-28 22:50:02.020  1553  1734 V MARsPolicyManager: updatePackagesScore PackageInfo name -- org.yaxim.androidclient
04-28 22:50:02.020  1553  1553 V MARsPolicyManager: handelNotificationBarClicked pkgName = org.yaxim.androidclient
04-28 22:50:02.030  1553  1553 D GameManagerService: NotifyRunnable. pkg: org.yaxim.androidclient, type: 4, isMinimized: false, isTunableApp: false
04-28 22:50:02.030  1553  1553 D GameManagerService: unexpected mPrevNotiType: -1
04-28 22:50:02.030  1553  1553 I MotionRecognitionService: Plugged
04-28 22:50:02.030  1553  1553 D MotionRecognitionService:   cableConnection= 1
04-28 22:50:02.030  1553  1553 D MotionRecognitionService: setPowerConnected | current backoff  = 5120 , state =5120
04-28 22:50:02.030  1553  1553 D MotionRecognitionService: skip setTransmitPower. 
04-28 22:50:02.030  1553  1553 D GameManagerService: new battery level: 64
04-28 22:50:02.030  1553  1553 D InputMethodManagerService: [HARDWARE_KEYBOARD] (refreshImeWindowVis) mImeWindowVis= 3 inputVisible = truehaveHardKeyboard = false hardKeyShown = false
04-28 22:50:02.030  1553  1553 D MARsPolicyManager: NotificationListenerService OngoingNotificationPosted : android
04-28 22:50:02.040  1553  6841 D GameManagerService: identifyGamePackage. org.yaxim.androidclient
04-28 22:50:02.040  1553  6841 D GameManagerService: GameService is not exist
04-28 22:50:02.060  1553  6841 D GameManagerService: identifyGamePackage. org.yaxim.androidclient
04-28 22:50:02.060  1553  6841 D GameManagerService: GameService is not exist
04-28 22:50:02.060  2349  2349 D BatteryMeterView: ACTION_BATTERY_CHANGED : level:64 status:2 health:2
04-28 22:50:02.060  2349  2349 D BatteryMeterView: ACTION_BATTERY_CHANGED : level:64 status:2 health:2
04-28 22:50:02.060  2349  2349 D BatteryMeterView: ACTION_BATTERY_CHANGED : level:64 status:2 health:2
04-28 22:50:02.060  2349  2349 D SViewCoverView: BroadcastReceiver onReceive() : action : android.intent.action.BATTERY_CHANGED
04-28 22:50:02.060  2349  2349 D SViewCoverView: level :64 plugged : 2
04-28 22:50:02.080  1553  6841 D GameManagerService: identifyGamePackage. org.yaxim.androidclient
04-28 22:50:02.080  1553  6841 D GameManagerService: GameService is not exist
04-28 22:50:02.090  1553  1740 D StatusBarManagerService: manageDisableList userId=0 what=0x0 pkg=Window{a2c490d u0 d0 p25929 org.yaxim.androidclient/org.yaxim.androidclient.MainWindow}
04-28 22:50:02.150  1553  4442 E InputMethodManagerService: Perflock object null
04-28 22:50:02.170  1553  1553 D MARsPolicyManager: NotificationListenerService OngoingNotificationPosted : android
04-28 22:50:02.170  1553  1553 D LightsService: [api] [SvcLED] turnOff:: id = 6 (uid: 1000 pid: 1553) 
04-28 22:50:02.170  1553  1553 D LightsService: [api] [SvcLED] LED indicator : Not supported.
04-28 22:50:02.170  1553  1553 D MARsPolicyManager: NotificationListenerService OngoingNotificationRemoved : android
04-28 22:50:02.190  1553  1553 D InputMethodManagerService: [HARDWARE_KEYBOARD] (refreshImeWindowVis) mImeWindowVis= 0 inputVisible = falsehaveHardKeyboard = false hardKeyShown = false
04-28 22:50:02.220  1553  1740 D StatusBarManagerService: manageDisableList userId=0 what=0x0 pkg=Window{a2c490d u0 d0 p25929 org.yaxim.androidclient/org.yaxim.androidclient.MainWindow}
04-28 22:50:02.260  2349  2349 D BatteryMeterView: onDraw batteryColor : -1107296257
04-28 22:50:02.270  1553  2290 D NetworkPolicy: isUidForegroundLocked: 10073, mScreenOn: true, uidstate: 7, mProxSensorScreenOff: false
04-28 22:50:02.280  2349  2349 D BatteryMeterView: onDraw batteryColor : -1107296257
04-28 22:50:02.420  2349  2349 D STATUSBAR-PhoneStatusBar:  mBrightnessEnablebySettings = true mBrightnessEnablebyBattery = true mBrightnessEnablebyDisableFlag = true mPmsBrightnessEnablebySettings = true
04-28 22:50:02.420  2349  2349 D STATUSBAR-PhoneStatusBar: showHideQConnectLayout  emMode:false, mQconnectEnable:true
04-28 22:50:02.510  2349  2349 D BatteryMeterView: onDraw batteryColor : -1107296257
04-28 22:50:02.730  1553  1826 D CustomFrequencyManagerService: releaseDVFSLockLocked : Getting Lock type frm List : DVFS_MIN_LIMIT  frequency : 1190400  uid : 1000  pid : 1553  tag : ACTIVITY_RESUME_BOOSTER@10
04-28 22:50:02.740  1553  1826 D CustomFrequencyManagerService: FrequencyrequestList.getNextCStateDisableRequest, index: 0
04-28 22:50:02.740  1553  1826 D ActivityManager: mDVFSHelper.release()
04-28 22:50:02.750  1553  1734 D CustomFrequencyManagerService: acquireDVFSLockLocked : type : DVFS_MIN_LIMIT  frequency : 1190400  uid : 1000  pid : 1553  pkgName : ACTIVITY_RESUME_BOOSTER@18
04-28 22:50:02.750  1553  2290 D NetworkPolicy: isUidForegroundLocked: 10298, mScreenOn: true, uidstate: 10, mProxSensorScreenOff: false
04-28 22:50:02.800 23400 23400 V ActivityThread: updateVisibility : ActivityRecord{134bbba token=android.os.BinderProxy@39b973d {eu.siacs.conversations/eu.siacs.conversations.ui.ConversationActivity}} show : false
04-28 22:50:02.990  2489  2489 D Recents : onTaskStackChanged
04-28 22:50:03.190  1553  6841 D SSRM:s  : SIOP:: AP = 440, CP = 36, LCD = 4
04-28 22:50:03.190  1553  6841 D ConnectivityService: returning getNetworkInfo for network type 1 : [type: WIFI[] - WIFI, state: CONNECTED/CONNECTED, reason: (unspecified), extra: "VM348613-2G", roaming: false, failover: false, isAvailable: true]
04-28 22:50:03.190  1553  6841 D SSRM:P  : reading: 44 44 0
04-28 22:50:03.350  1553  1553 D CustomFrequencyManagerService: releaseDVFSLockLocked : Getting Lock type frm List : DVFS_MIN_LIMIT  frequency : 1190400  uid : 1000  pid : 1553  tag : ACTIVITY_RESUME_BOOSTER@18
04-28 22:50:03.360  1553  1553 D CustomFrequencyManagerService: FrequencyrequestList.getNextCStateDisableRequest, index: 0
04-28 22:50:04.620  1553  4091 D CustomFrequencyManagerService: acquireDVFSLockLocked : type : DVFS_MIN_LIMIT  frequency : 1190400  uid : 1000  pid : 1553  pkgName : ACTIVITY_RESUME_BOOSTER@10
04-28 22:50:04.620  1553  4091 D ActivityManager: mDVFSHelper.acquire()
04-28 22:50:04.620  1553  4091 V WindowManager: addAppToken: AppWindowToken{a49253b token=Token{2237fca ActivityRecord{fc17f35 u0 org.yaxim.androidclient/.chat.ChatWindow t15749}}} to stack=1 task=15749 at 1
04-28 22:50:04.640  1553  1553 D GameManagerService: NotifyRunnable. pkg: org.yaxim.androidclient, type: 4, isMinimized: false, isTunableApp: false
04-28 22:50:04.640  1553  1553 D GameManagerService: unexpected mPrevNotiType: -1
04-28 22:50:04.640  1553  1734 V MARsPolicyManager: updatePackagesScore PackageInfo name -- org.yaxim.androidclient
04-28 22:50:04.770  1553  4441 D MotionRecognitionService:  ssp status : false
04-28 22:50:04.840 25929 25929 D SecWifiDisplayUtil: Metadata value : none
04-28 22:50:04.850  1553  1740 D StatusBarManagerService: manageDisableList userId=0 what=0x0 pkg=Window{81ada17 u0 d0 p25929 org.yaxim.androidclient/org.yaxim.androidclient.chat.ChatWindow}
04-28 22:50:05.410 25929 25929 D SecWifiDisplayUtil: Metadata value : none
04-28 22:50:05.450  1553  4444 W ContextImpl: Calling a method in the system process without a qualified user: android.app.ContextImpl.sendBroadcast:858 com.android.server.am.ActivityManagerService.requestKnoxVpnToSendProxyBroadcast:30433 com.android.server.am.ActivityManagerService.registerReceiver:23293 android.app.ActivityManagerNative.onTransact:435 com.android.server.am.ActivityManagerService.onTransact:4187 
04-28 22:50:05.580  1553  4402 D ConnectivityService: listenForNetwork for Listen from uid/pid:10104/25929 for NetworkRequest [ id=444, legacyType=-1, [ Capabilities: INTERNET&NOT_RESTRICTED&TRUSTED] ]
04-28 22:50:05.580  1553  2297 D ConnectivityService: rematching NetworkAgentInfo [WIFI () - 740]
04-28 22:50:05.580  1553  2297 D ConnectivityService:  network has: NetworkAgentInfo{ ni{[type: WIFI[] - WIFI, state: CONNECTED/CONNECTED, reason: (unspecified), extra: "VM348613-2G", roaming: false, failover: false, isAvailable: true]}  network{740}  lp{{InterfaceName: wlan0 LinkAddresses: [192.168.0.5/24,fe80::aeee:9eff:fe04:1185/64,]  Routes: [fe80::/64 -> :: wlan0,192.168.0.0/24 -> 0.0.0.0 wlan0,0.0.0.0/0 -> 192.168.0.1 wlan0,] DnsAddresses: [192.168.0.1,] Domains:  MTU: 0 TcpBufferSizes: 524288,1048576,4525824,524288,1048576,4525824}}  nc{[ Transports: WIFI Capabilities: INTERNET&NOT_RESTRICTED&TRUSTED&NOT_VPN&VALIDATED LinkUpBandwidth>=1048576Kbps LinkDnBandwidth>=1048576Kbps SignalStrength: -63]}  Score{60}  everValidated{true}  lastValidated{true}  created{true} lingering{false} explicitlySelected{false} acceptUnvalidated{false} everCaptivePortalDetected{false} lastCaptivePortalDetected{false} }
04-28 22:50:05.580  1553  2297 D ConnectivityService:   checking if request is: NetworkRequest [ id=443, legacyType=-1, [ Capabilities: INTERNET&NOT_RESTRICTED&TRUSTED] ] satisfies: true nri.isRequest: false
04-28 22:50:05.580  1553  2297 D ConnectivityService:   checking if request is: NetworkRequest [ id=431, legacyType=-1, [ Capabilities: INTERNET&NOT_RESTRICTED&TRUSTED] ] satisfies: true nri.isRequest: false
04-28 22:50:05.580  1553  2297 D ConnectivityService:   checking if request is: NetworkRequest [ id=37, legacyType=-1, [ Capabilities: INTERNET&NOT_RESTRICTED&TRUSTED] ] satisfies: true nri.isRequest: false
04-28 22:50:05.580  1553  2297 D ConnectivityService:   checking if request is: NetworkRequest [ id=36, legacyType=-1, [ Capabilities: INTERNET&NOT_RESTRICTED&TRUSTED] ] satisfies: true nri.isRequest: false
04-28 22:50:05.580  1553  2297 D ConnectivityService:   checking if request is: NetworkRequest [ id=5, legacyType=-1, [ Transports: WIFI Capabilities: INTERNET&NOT_RESTRICTED&TRUSTED&NOT_VPN] ] satisfies: true nri.isRequest: false
04-28 22:50:05.580  1553  2297 D ConnectivityService:   checking if request is: NetworkRequest [ id=434, legacyType=-1, [ Capabilities: INTERNET&NOT_RESTRICTED&TRUSTED] ] satisfies: true nri.isRequest: false
04-28 22:50:05.580  1553  2297 D ConnectivityService:   checking if request is: NetworkRequest [ id=6, legacyType=-1, [ Capabilities: INTERNET&NOT_RESTRICTED&TRUSTED] ] satisfies: true nri.isRequest: false
04-28 22:50:05.580  1553  2297 D ConnectivityService:   checking if request is: NetworkRequest [ id=442, legacyType=-1, [ Capabilities: INTERNET&NOT_RESTRICTED&TRUSTED] ] satisfies: true nri.isRequest: false
04-28 22:50:05.580  1553  2297 D ConnectivityService: Network NetworkAgentInfo [WIFI () - 740] was already satisfying request 1. No change.
04-28 22:50:05.580  1553  2297 D ConnectivityService:   checking if request is: NetworkRequest [ id=398, legacyType=-1, [ Capabilities: INTERNET&NOT_RESTRICTED&TRUSTED] ] satisfies: true nri.isRequest: false
04-28 22:50:05.580  1553  2297 D ConnectivityService:   checking if request is: NetworkRequest [ id=3, legacyType=-1, [] ] satisfies: true nri.isRequest: false
04-28 22:50:05.580  1553  2297 D ConnectivityService:   checking if request is: NetworkRequest [ id=12, legacyType=-1, [ Capabilities: INTERNET&NOT_RESTRICTED&TRUSTED&NOT_VPN] ] satisfies: true nri.isRequest: false
04-28 22:50:05.580  1553  2297 D ConnectivityService:   checking if request is: NetworkRequest [ id=4, legacyType=-1, [ Transports: CELLULAR Capabilities: INTERNET&NOT_RESTRICTED&TRUSTED&NOT_VPN] ] satisfies: false nri.isRequest: false
04-28 22:50:05.580  1553  2297 D ConnectivityService:   checking if request is: NetworkRequest [ id=399, legacyType=-1, [ Capabilities: INTERNET&NOT_RESTRICTED&TRUSTED] ] satisfies: true nri.isRequest: false
04-28 22:50:05.580  1553  2297 D ConnectivityService:   checking if request is: NetworkRequest [ id=435, legacyType=-1, [ Capabilities: INTERNET&NOT_RESTRICTED&TRUSTED] ] satisfies: true nri.isRequest: false
04-28 22:50:05.580  1553  2297 D ConnectivityService:   checking if request is: NetworkRequest [ id=444, legacyType=-1, [ Capabilities: INTERNET&NOT_RESTRICTED&TRUSTED] ] satisfies: true nri.isRequest: false
04-28 22:50:05.580  1553  2297 D ConnectivityService: sending notification AVAILABLE for NetworkRequest [ id=444, legacyType=-1, [ Capabilities: INTERNET&NOT_RESTRICTED&TRUSTED] ]
04-28 22:50:05.600  1553  1826 D WindowAnimator: Skip setting animation background if there is an exiting window only.
04-28 22:50:05.620  1553  1826 D WindowAnimator: Skip setting animation background if there is an exiting window only.
04-28 22:50:05.630  1553  1826 D WindowAnimator: Skip setting animation background if there is an exiting window only.
04-28 22:50:05.640  2489  2489 D Recents : onTaskStackChanged
04-28 22:50:05.650  1553  1826 D WindowAnimator: Skip setting animation background if there is an exiting window only.
04-28 22:50:05.670  1553  1826 D WindowAnimator: Skip setting animation background if there is an exiting window only.
04-28 22:50:05.680  1553  1826 D WindowAnimator: Skip setting animation background if there is an exiting window only.
04-28 22:50:05.700  1553  1826 D WindowAnimator: Skip setting animation background if there is an exiting window only.
04-28 22:50:05.720  1553  1826 D WindowAnimator: Skip setting animation background if there is an exiting window only.
04-28 22:50:05.730  1553  1826 D WindowAnimator: Skip setting animation background if there is an exiting window only.
04-28 22:50:05.750  1553  1826 D WindowAnimator: Skip setting animation background if there is an exiting window only.
04-28 22:50:05.770  1553  1826 D WindowAnimator: Skip setting animation background if there is an exiting window only.
04-28 22:50:05.780  1553  1826 D WindowAnimator: Skip setting animation background if there is an exiting window only.
04-28 22:50:05.800  1553  1826 D CustomFrequencyManagerService: releaseDVFSLockLocked : Getting Lock type frm List : DVFS_MIN_LIMIT  frequency : 1190400  uid : 1000  pid : 1553  tag : ACTIVITY_RESUME_BOOSTER@10
04-28 22:50:05.800  1553  1826 D CustomFrequencyManagerService: FrequencyrequestList.getNextCStateDisableRequest, index: 0
04-28 22:50:05.800  1553  1826 D ActivityManager: mDVFSHelper.release()
04-28 22:50:05.810 25929 25929 V ActivityThread: updateVisibility : ActivityRecord{3639580 token=android.os.BinderProxy@fe86642 {org.yaxim.androidclient/org.yaxim.androidclient.MainWindow}} show : false
04-28 22:50:05.810  1553  1734 D CustomFrequencyManagerService: acquireDVFSLockLocked : type : DVFS_MIN_LIMIT  frequency : 1190400  uid : 1000  pid : 1553  pkgName : ACTIVITY_RESUME_BOOSTER@18
04-28 22:50:06.410  1553  1553 D CustomFrequencyManagerService: releaseDVFSLockLocked : Getting Lock type frm List : DVFS_MIN_LIMIT  frequency : 1190400  uid : 1000  pid : 1553  tag : ACTIVITY_RESUME_BOOSTER@18
04-28 22:50:06.410  1553  1553 D CustomFrequencyManagerService: FrequencyrequestList.getNextCStateDisableRequest, index: 0
04-28 22:50:07.970  1553  2192 V AlarmManager: Expired Alarm result :4
04-28 22:50:08.410  1553  2192 V AlarmManager: Expired Alarm result :4
04-28 22:50:08.720  1553  2198 D SamsungWindowManager: haptic disabled by policy
04-28 22:50:08.800  1553  1575 D CustomFrequencyManagerService: acquireDVFSLockLocked : type : DVFS_MIN_LIMIT  frequency : 1190400  uid : 1000  pid : 1553  pkgName : ACTIVITY_RESUME_BOOSTER@10
04-28 22:50:08.810  1553  1575 D ActivityManager: mDVFSHelper.acquire()
04-28 22:50:08.810  1553  1553 D GameManagerService: NotifyRunnable. pkg: org.yaxim.androidclient, type: 4, isMinimized: false, isTunableApp: false
04-28 22:50:08.810  1553  1553 D GameManagerService: unexpected mPrevNotiType: -1
04-28 22:50:08.810  1553  1734 V MARsPolicyManager: updatePackagesScore PackageInfo name -- org.yaxim.androidclient
04-28 22:50:08.830  1553  1740 D StatusBarManagerService: manageDisableList userId=0 what=0x0 pkg=Window{a2c490d u0 d0 p25929 org.yaxim.androidclient/org.yaxim.androidclient.MainWindow}
04-28 22:50:09.150  1553  1826 D CustomFrequencyManagerService: releaseDVFSLockLocked : Getting Lock type frm List : DVFS_MIN_LIMIT  frequency : 1190400  uid : 1000  pid : 1553  tag : ACTIVITY_RESUME_BOOSTER@10
04-28 22:50:09.150  1553  1826 D CustomFrequencyManagerService: FrequencyrequestList.getNextCStateDisableRequest, index: 0
04-28 22:50:09.150  1553  1826 D ActivityManager: mDVFSHelper.release()
04-28 22:50:09.160  1553  1734 D CustomFrequencyManagerService: acquireDVFSLockLocked : type : DVFS_MIN_LIMIT  frequency : 1190400  uid : 1000  pid : 1553  pkgName : ACTIVITY_RESUME_BOOSTER@18
04-28 22:50:09.760  1553  1553 D CustomFrequencyManagerService: releaseDVFSLockLocked : Getting Lock type frm List : DVFS_MIN_LIMIT  frequency : 1190400  uid : 1000  pid : 1553  tag : ACTIVITY_RESUME_BOOSTER@18
04-28 22:50:09.760  1553  1553 D CustomFrequencyManagerService: FrequencyrequestList.getNextCStateDisableRequest, index: 0
04-28 22:50:09.820  2489  2489 D Recents : onTaskStackChanged
04-28 22:50:11.070  1553  2297 D ConnectivityService: updateCapabilities: oldCap = [ Transports: WIFI Capabilities: INTERNET&NOT_RESTRICTED&TRUSTED&NOT_VPN&VALIDATED LinkUpBandwidth>=1048576Kbps LinkDnBandwidth>=1048576Kbps SignalStrength: -63], newCap = [ Transports: WIFI Capabilities: INTERNET&NOT_RESTRICTED&TRUSTED&NOT_VPN LinkUpBandwidth>=1048576Kbps LinkDnBandwidth>=1048576Kbps SignalStrength: -64]
04-28 22:50:11.070  1553  2297 D ConnectivityService: rematching NetworkAgentInfo [WIFI () - 740]
04-28 22:50:11.070  1553  2297 D ConnectivityService:  network has: NetworkAgentInfo{ ni{[type: WIFI[] - WIFI, state: CONNECTED/CONNECTED, reason: (unspecified), extra: "VM348613-2G", roaming: false, failover: false, isAvailable: true]}  network{740}  lp{{InterfaceName: wlan0 LinkAddresses: [192.168.0.5/24,fe80::aeee:9eff:fe04:1185/64,]  Routes: [fe80::/64 -> :: wlan0,192.168.0.0/24 -> 0.0.0.0 wlan0,0.0.0.0/0 -> 192.168.0.1 wlan0,] DnsAddresses: [192.168.0.1,] Domains:  MTU: 0 TcpBufferSizes: 524288,1048576,4525824,524288,1048576,4525824}}  nc{[ Transports: WIFI Capabilities: INTERNET&NOT_RESTRICTED&TRUSTED&NOT_VPN&VALIDATED LinkUpBandwidth>=1048576Kbps LinkDnBandwidth>=1048576Kbps SignalStrength: -64]}  Score{60}  everValidated{true}  lastValidated{true}  created{true} lingering{false} explicitlySelected{false} acceptUnvalidated{false} everCaptivePortalDetected{false} lastCaptivePortalDetected{false} }
04-28 22:50:11.070  1553  2297 D ConnectivityService:   checking if request is: NetworkRequest [ id=443, legacyType=-1, [ Capabilities: INTERNET&NOT_RESTRICTED&TRUSTED] ] satisfies: true nri.isRequest: false
04-28 22:50:11.070  1553  2297 D ConnectivityService:   checking if request is: NetworkRequest [ id=431, legacyType=-1, [ Capabilities: INTERNET&NOT_RESTRICTED&TRUSTED] ] satisfies: true nri.isRequest: false
04-28 22:50:11.070  1553  2297 D ConnectivityService:   checking if request is: NetworkRequest [ id=37, legacyType=-1, [ Capabilities: INTERNET&NOT_RESTRICTED&TRUSTED] ] satisfies: true nri.isRequest: false
04-28 22:50:11.070  1553  2297 D ConnectivityService:   checking if request is: NetworkRequest [ id=36, legacyType=-1, [ Capabilities: INTERNET&NOT_RESTRICTED&TRUSTED] ] satisfies: true nri.isRequest: false
04-28 22:50:11.070  1553  2297 D ConnectivityService:   checking if request is: NetworkRequest [ id=5, legacyType=-1, [ Transports: WIFI Capabilities: INTERNET&NOT_RESTRICTED&TRUSTED&NOT_VPN] ] satisfies: true nri.isRequest: false
04-28 22:50:11.070  1553  2297 D ConnectivityService:   checking if request is: NetworkRequest [ id=434, legacyType=-1, [ Capabilities: INTERNET&NOT_RESTRICTED&TRUSTED] ] satisfies: true nri.isRequest: false
04-28 22:50:11.070  1553  2297 D ConnectivityService:   checking if request is: NetworkRequest [ id=6, legacyType=-1, [ Capabilities: INTERNET&NOT_RESTRICTED&TRUSTED] ] satisfies: true nri.isRequest: false
04-28 22:50:11.080  1553  2297 D ConnectivityService:   checking if request is: NetworkRequest [ id=442, legacyType=-1, [ Capabilities: INTERNET&NOT_RESTRICTED&TRUSTED] ] satisfies: true nri.isRequest: false
04-28 22:50:11.080  1553  2297 D ConnectivityService: Network NetworkAgentInfo [WIFI () - 740] was already satisfying request 1. No change.
04-28 22:50:11.080  1553  2297 D ConnectivityService:   checking if request is: NetworkRequest [ id=398, legacyType=-1, [ Capabilities: INTERNET&NOT_RESTRICTED&TRUSTED] ] satisfies: true nri.isRequest: false
04-28 22:50:11.080  1553  2297 D ConnectivityService:   checking if request is: NetworkRequest [ id=3, legacyType=-1, [] ] satisfies: true nri.isRequest: false
04-28 22:50:11.080  1553  2297 D ConnectivityService:   checking if request is: NetworkRequest [ id=12, legacyType=-1, [ Capabilities: INTERNET&NOT_RESTRICTED&TRUSTED&NOT_VPN] ] satisfies: true nri.isRequest: false
04-28 22:50:11.080  1553  2297 D ConnectivityService:   checking if request is: NetworkRequest [ id=4, legacyType=-1, [ Transports: CELLULAR Capabilities: INTERNET&NOT_RESTRICTED&TRUSTED&NOT_VPN] ] satisfies: false nri.isRequest: false
04-28 22:50:11.080  1553  2297 D ConnectivityService:   checking if request is: NetworkRequest [ id=399, legacyType=-1, [ Capabilities: INTERNET&NOT_RESTRICTED&TRUSTED] ] satisfies: true nri.isRequest: false
04-28 22:50:11.080  1553  2297 D ConnectivityService:   checking if request is: NetworkRequest [ id=435, legacyType=-1, [ Capabilities: INTERNET&NOT_RESTRICTED&TRUSTED] ] satisfies: true nri.isRequest: false
04-28 22:50:11.080  1553  2297 D ConnectivityService:   checking if request is: NetworkRequest [ id=444, legacyType=-1, [ Capabilities: INTERNET&NOT_RESTRICTED&TRUSTED] ] satisfies: true nri.isRequest: false
04-28 22:50:11.080  1553  2297 D ConnectivityService: notifyType CAP_CHANGED for NetworkAgentInfo [WIFI () - 740]
04-28 22:50:11.080  1553  2297 D ConnectivityService:  sending notification for NetworkRequest [ id=1, legacyType=-1, [ Capabilities: INTERNET&NOT_RESTRICTED&TRUSTED&NOT_VPN] ]
04-28 22:50:11.080  1553  2297 D ConnectivityService:  sending notification for NetworkRequest [ id=3, legacyType=-1, [] ]
04-28 22:50:11.080  1553  2297 D ConnectivityService: sending notification CAP_CHANGED for NetworkRequest [ id=3, legacyType=-1, [] ]
04-28 22:50:11.080  1553  2297 D ConnectivityService:  sending notification for NetworkRequest [ id=5, legacyType=-1, [ Transports: WIFI Capabilities: INTERNET&NOT_RESTRICTED&TRUSTED&NOT_VPN] ]
04-28 22:50:11.080  1553  2297 D ConnectivityService: sending notification CAP_CHANGED for NetworkRequest [ id=5, legacyType=-1, [ Transports: WIFI Capabilities: INTERNET&NOT_RESTRICTED&TRUSTED&NOT_VPN] ]
04-28 22:50:11.080  1553  2297 D ConnectivityService:  sending notification for NetworkRequest [ id=6, legacyType=-1, [ Capabilities: INTERNET&NOT_RESTRICTED&TRUSTED] ]
04-28 22:50:11.080  1553  2297 D ConnectivityService: sending notification CAP_CHANGED for NetworkRequest [ id=6, legacyType=-1, [ Capabilities: INTERNET&NOT_RESTRICTED&TRUSTED] ]
04-28 22:50:11.080  1553  2297 D ConnectivityService:  sending notification for NetworkRequest [ id=12, legacyType=-1, [ Capabilities: INTERNET&NOT_RESTRICTED&TRUSTED&NOT_VPN] ]
04-28 22:50:11.090  1553  2297 D ConnectivityService: sending notification CAP_CHANGED for NetworkRequest [ id=12, legacyType=-1, [ Capabilities: INTERNET&NOT_RESTRICTED&TRUSTED&NOT_VPN] ]
04-28 22:50:11.090  1553  2297 D ConnectivityService:  sending notification for NetworkRequest [ id=36, legacyType=-1, [ Capabilities: INTERNET&NOT_RESTRICTED&TRUSTED] ]
04-28 22:50:11.090  1553  2297 D ConnectivityService: sending notification CAP_CHANGED for NetworkRequest [ id=36, legacyType=-1, [ Capabilities: INTERNET&NOT_RESTRICTED&TRUSTED] ]
04-28 22:50:11.090  1553  2297 D ConnectivityService:  sending notification for NetworkRequest [ id=37, legacyType=-1, [ Capabilities: INTERNET&NOT_RESTRICTED&TRUSTED] ]
04-28 22:50:11.090  1553  2297 D ConnectivityService: sending notification CAP_CHANGED for NetworkRequest [ id=37, legacyType=-1, [ Capabilities: INTERNET&NOT_RESTRICTED&TRUSTED] ]
04-28 22:50:11.090  1553  2297 D ConnectivityService:  sending notification for NetworkRequest [ id=398, legacyType=-1, [ Capabilities: INTERNET&NOT_RESTRICTED&TRUSTED] ]
04-28 22:50:11.090  1553  2297 D ConnectivityService: sending notification CAP_CHANGED for NetworkRequest [ id=398, legacyType=-1, [ Capabilities: INTERNET&NOT_RESTRICTED&TRUSTED] ]
04-28 22:50:11.090  1553  2297 D ConnectivityService:  sending notification for NetworkRequest [ id=399, legacyType=-1, [ Capabilities: INTERNET&NOT_RESTRICTED&TRUSTED] ]
04-28 22:50:11.090  1553  2297 D ConnectivityService: sending notification CAP_CHANGED for NetworkRequest [ id=399, legacyType=-1, [ Capabilities: INTERNET&NOT_RESTRICTED&TRUSTED] ]
04-28 22:50:11.090  1553  2297 D ConnectivityService:  sending notification for NetworkRequest [ id=431, legacyType=-1, [ Capabilities: INTERNET&NOT_RESTRICTED&TRUSTED] ]
04-28 22:50:11.090  1553  2297 D ConnectivityService: sending notification CAP_CHANGED for NetworkRequest [ id=431, legacyType=-1, [ Capabilities: INTERNET&NOT_RESTRICTED&TRUSTED] ]
04-28 22:50:11.100  1553  2297 D ConnectivityService:  sending notification for NetworkRequest [ id=434, legacyType=-1, [ Capabilities: INTERNET&NOT_RESTRICTED&TRUSTED] ]
04-28 22:50:11.100  1553  2297 D ConnectivityService: sending notification CAP_CHANGED for NetworkRequest [ id=434, legacyType=-1, [ Capabilities: INTERNET&NOT_RESTRICTED&TRUSTED] ]
04-28 22:50:11.100  1553  2297 D ConnectivityService:  sending notification for NetworkRequest [ id=435, legacyType=-1, [ Capabilities: INTERNET&NOT_RESTRICTED&TRUSTED] ]
04-28 22:50:11.100  1553  2297 D ConnectivityService: sending notification CAP_CHANGED for NetworkRequest [ id=435, legacyType=-1, [ Capabilities: INTERNET&NOT_RESTRICTED&TRUSTED] ]
04-28 22:50:11.100  1553  2297 D ConnectivityService:  sending notification for NetworkRequest [ id=442, legacyType=-1, [ Capabilities: INTERNET&NOT_RESTRICTED&TRUSTED] ]
04-28 22:50:11.100  1553  2297 D ConnectivityService: sending notification CAP_CHANGED for NetworkRequest [ id=442, legacyType=-1, [ Capabilities: INTERNET&NOT_RESTRICTED&TRUSTED] ]
04-28 22:50:11.100  1553  2297 D ConnectivityService:  sending notification for NetworkRequest [ id=443, legacyType=-1, [ Capabilities: INTERNET&NOT_RESTRICTED&TRUSTED] ]
04-28 22:50:11.100  1553  2297 D ConnectivityService: sending notification CAP_CHANGED for NetworkRequest [ id=443, legacyType=-1, [ Capabilities: INTERNET&NOT_RESTRICTED&TRUSTED] ]
04-28 22:50:11.100  1553  2297 D ConnectivityService:  sending notification for NetworkRequest [ id=444, legacyType=-1, [ Capabilities: INTERNET&NOT_RESTRICTED&TRUSTED] ]
04-28 22:50:11.100  1553  4090 D ConnectivityService: returning Blocked NetworkInfo for ifname=wlan0, uid=10169
04-28 22:50:11.100  1553  2297 D ConnectivityService: sending notification CAP_CHANGED for NetworkRequest [ id=444, legacyType=-1, [ Capabilities: INTERNET&NOT_RESTRICTED&TRUSTED] ]
04-28 22:50:11.100  1553  1576 D ConnectivityService: returning Blocked NetworkInfo for ifname=wlan0, uid=10169
04-28 22:50:11.880  1553  2171 D BatteryService: !@BatteryListener : batteryPropertiesChanged!
04-28 22:50:11.880  1553  2171 D BatteryService: level:64, scale:100, status:2, health:2, present:true, voltage: 4010, temperature: 318, technology: Li-ion, AC powered:false, USB powered:true, POGO powered:false, Wireless powered:false, icon:17303606, invalid charger:0, maxChargingCurrent:0
04-28 22:50:11.880  1553  2171 D BatteryService: online:4, current avg:0, charge type:1, power sharing:false, high voltage charger:false, capacity:190000, batterySWSelfDischarging:false, current_now:0
04-28 22:50:11.880  1553  1553 D BatteryService: Sending ACTION_BATTERY_CHANGED.
04-28 22:50:11.880  1553  1553 I MotionRecognitionService: Plugged
04-28 22:50:11.880  1553  1553 D MotionRecognitionService:   cableConnection= 1
04-28 22:50:11.880  1553  1553 D MotionRecognitionService: setPowerConnected | current backoff  = 5120 , state =5120
04-28 22:50:11.880  1553  1553 D MotionRecognitionService: skip setTransmitPower. 
04-28 22:50:11.880  1553  1553 D GameManagerService: new battery level: 64
04-28 22:50:11.900  2349  2349 D BatteryMeterView: ACTION_BATTERY_CHANGED : level:64 status:2 health:2
04-28 22:50:11.900  2349  2349 D BatteryMeterView: ACTION_BATTERY_CHANGED : level:64 status:2 health:2
04-28 22:50:11.900  2349  2349 D BatteryMeterView: ACTION_BATTERY_CHANGED : level:64 status:2 health:2
04-28 22:50:11.900  2349  2349 D SViewCoverView: BroadcastReceiver onReceive() : action : android.intent.action.BATTERY_CHANGED
04-28 22:50:11.900  2349  2349 D SViewCoverView: level :64 plugged : 2
04-28 22:50:12.760  1553  2198 D SamsungWindowManager: haptic disabled by policy
04-28 22:50:12.900  1553  4445 D CustomFrequencyManagerService: acquireDVFSLockLocked : type : DVFS_MIN_LIMIT  frequency : 1190400  uid : 1000  pid : 1553  pkgName : ACTIVITY_RESUME_BOOSTER@10
04-28 22:50:12.910  1553  4445 D ActivityManager: mDVFSHelper.acquire()
04-28 22:50:12.910  1553  4445 D ActivityManager:  Launching eu.siacs.conversations, updated priority
04-28 22:50:12.910  1553  1553 D GameManagerService: NotifyRunnable. pkg: eu.siacs.conversations, type: 4, isMinimized: false, isTunableApp: false
04-28 22:50:12.910  1553  1553 D GameManagerService: unexpected mPrevNotiType: -1
04-28 22:50:12.910  1553  1734 V MARsPolicyManager: updatePackagesScore PackageInfo name -- eu.siacs.conversations
04-28 22:50:12.930  1553  6841 D GameManagerService: identifyGamePackage. eu.siacs.conversations
04-28 22:50:12.930  1553  6841 D GameManagerService: GameService is not exist
04-28 22:50:12.930  1553  6841 D GameManagerService: identifyGamePackage. eu.siacs.conversations
04-28 22:50:12.930  1553  6841 D GameManagerService: GameService is not exist
04-28 22:50:12.930  1553  2290 D NetworkPolicy: isUidForegroundLocked: 10298, mScreenOn: true, uidstate: 2, mProxSensorScreenOff: false
04-28 22:50:12.940  1553  6841 D GameManagerService: identifyGamePackage. eu.siacs.conversations
04-28 22:50:12.940  1553  6841 D GameManagerService: GameService is not exist
04-28 22:50:13.000  1553  1740 D StatusBarManagerService: manageDisableList userId=0 what=0x0 pkg=Window{eacbbc2 u0 d0 p23400 eu.siacs.conversations/eu.siacs.conversations.ui.ConversationActivity}
04-28 22:50:13.110  1553  1740 D StatusBarManagerService: manageDisableList userId=0 what=0x0 pkg=Window{eacbbc2 u0 d0 p23400 eu.siacs.conversations/eu.siacs.conversations.ui.ConversationActivity}
04-28 22:50:13.130  2349  2349 D BatteryMeterView: onDraw batteryColor : -1107296257
04-28 22:50:13.130  1553  2297 D ConnectivityService: updateCapabilities: oldCap = [ Transports: WIFI Capabilities: INTERNET&NOT_RESTRICTED&TRUSTED&NOT_VPN&VALIDATED LinkUpBandwidth>=1048576Kbps LinkDnBandwidth>=1048576Kbps SignalStrength: -64], newCap = [ Transports: WIFI Capabilities: INTERNET&NOT_RESTRICTED&TRUSTED&NOT_VPN LinkUpBandwidth>=1048576Kbps LinkDnBandwidth>=1048576Kbps SignalStrength: -63]
04-28 22:50:13.130  1553  2297 D ConnectivityService: rematching NetworkAgentInfo [WIFI () - 740]
04-28 22:50:13.130  1553  2297 D ConnectivityService:  network has: NetworkAgentInfo{ ni{[type: WIFI[] - WIFI, state: CONNECTED/CONNECTED, reason: (unspecified), extra: "VM348613-2G", roaming: false, failover: false, isAvailable: true]}  network{740}  lp{{InterfaceName: wlan0 LinkAddresses: [192.168.0.5/24,fe80::aeee:9eff:fe04:1185/64,]  Routes: [fe80::/64 -> :: wlan0,192.168.0.0/24 -> 0.0.0.0 wlan0,0.0.0.0/0 -> 192.168.0.1 wlan0,] DnsAddresses: [192.168.0.1,] Domains:  MTU: 0 TcpBufferSizes: 524288,1048576,4525824,524288,1048576,4525824}}  nc{[ Transports: WIFI Capabilities: INTERNET&NOT_RESTRICTED&TRUSTED&NOT_VPN&VALIDATED LinkUpBandwidth>=1048576Kbps LinkDnBandwidth>=1048576Kbps SignalStrength: -63]}  Score{60}  everValidated{true}  lastValidated{true}  created{true} lingering{false} explicitlySelected{false} acceptUnvalidated{false} everCaptivePortalDetected{false} lastCaptivePortalDetected{false} }
