* daemon not running. starting it now on port 5037 *
* daemon started successfully *
--------- beginning of system
04-28 22:48:19.310  1553  1826 D WindowAnimator: Skip setting animation background if there is an exiting window only.
04-28 22:48:19.330  1553  1826 D CustomFrequencyManagerService: releaseDVFSLockLocked : Getting Lock type frm List : DVFS_MIN_LIMIT  frequency : 1190400  uid : 1000  pid : 1553  tag : ACTIVITY_RESUME_BOOSTER@10
04-28 22:48:19.330  1553  1826 D CustomFrequencyManagerService: FrequencyrequestList.getNextCStateDisableRequest, index: 0
04-28 22:48:19.330  1553  1826 D ActivityManager: mDVFSHelper.release()
04-28 22:48:19.340  1553  1734 D CustomFrequencyManagerService: acquireDVFSLockLocked : type : DVFS_MIN_LIMIT  frequency : 1190400  uid : 1000  pid : 1553  pkgName : ACTIVITY_RESUME_BOOSTER@18
04-28 22:48:19.610  2489  2489 D Recents : onTaskStackChanged
04-28 22:48:19.940  1553  1553 D CustomFrequencyManagerService: releaseDVFSLockLocked : Getting Lock type frm List : DVFS_MIN_LIMIT  frequency : 1190400  uid : 1000  pid : 1553  tag : ACTIVITY_RESUME_BOOSTER@18
04-28 22:48:19.940  1553  1553 D CustomFrequencyManagerService: FrequencyrequestList.getNextCStateDisableRequest, index: 0
04-28 22:48:20.350  1553  2171 D MotionRecognitionService:  ssp status : false
04-28 22:48:21.260  1553  2399 D BatteryService: !@BatteryListener : batteryPropertiesChanged!
04-28 22:48:21.260  1553  2399 D BatteryService: level:64, scale:100, status:2, health:2, present:true, voltage: 3950, temperature: 305, technology: Li-ion, AC powered:false, USB powered:true, POGO powered:false, Wireless powered:false, icon:17303606, invalid charger:0, maxChargingCurrent:0
04-28 22:48:21.260  1553  2399 D BatteryService: online:4, current avg:0, charge type:1, power sharing:false, high voltage charger:false, capacity:190000, batterySWSelfDischarging:false, current_now:0
04-28 22:48:21.260  1553  1553 D BatteryService: Sending ACTION_BATTERY_CHANGED.
04-28 22:48:21.270  1553  1553 I MotionRecognitionService: Plugged
04-28 22:48:21.270  1553  1553 D MotionRecognitionService:   cableConnection= 1
04-28 22:48:21.270  1553  1553 D MotionRecognitionService: setPowerConnected | current backoff  = 5120 , state =5120
04-28 22:48:21.270  1553  1553 D MotionRecognitionService: skip setTransmitPower. 
04-28 22:48:21.270  1553  1553 D GameManagerService: new battery level: 64
04-28 22:48:21.270  2349  2349 D BatteryMeterView: ACTION_BATTERY_CHANGED : level:64 status:2 health:2
04-28 22:48:21.280  2349  2349 D BatteryMeterView: ACTION_BATTERY_CHANGED : level:64 status:2 health:2
04-28 22:48:21.290  2349  2349 D BatteryMeterView: ACTION_BATTERY_CHANGED : level:64 status:2 health:2
04-28 22:48:21.290  2349  2349 D SViewCoverView: BroadcastReceiver onReceive() : action : android.intent.action.BATTERY_CHANGED
04-28 22:48:21.290  2349  2349 D SViewCoverView: level :64 plugged : 2
04-28 22:48:21.780  1553  6841 D SSRM:s  : SIOP:: AP = 450, CP = 35, LCD = 4
04-28 22:48:21.780  1553  6841 D ConnectivityService: returning getNetworkInfo for network type 1 : [type: WIFI[] - WIFI, state: CONNECTED/CONNECTED, reason: (unspecified), extra: "VM348613-2G", roaming: false, failover: false, isAvailable: true]
04-28 22:48:21.790  1553  6841 D SSRM:P  : reading: 45 45 0
04-28 22:48:21.880  1553  1553 D InputMethodManagerService: [HARDWARE_KEYBOARD] (refreshImeWindowVis) mImeWindowVis= 3 inputVisible = truehaveHardKeyboard = false hardKeyShown = false
04-28 22:48:21.900  1553  1553 D MARsPolicyManager: NotificationListenerService OngoingNotificationPosted : android
04-28 22:48:22.520  1553  1553 D InputMethodManagerService: [HARDWARE_KEYBOARD] (refreshImeWindowVis) mImeWindowVis= 3 inputVisible = truehaveHardKeyboard = false hardKeyShown = false
04-28 22:48:22.540  1553  1553 D MARsPolicyManager: NotificationListenerService OngoingNotificationPosted : android
04-28 22:48:22.540  1553  1553 D InputMethodManagerService: [HARDWARE_KEYBOARD] (refreshImeWindowVis) mImeWindowVis= 3 inputVisible = truehaveHardKeyboard = false hardKeyShown = false
04-28 22:48:22.550  1553  1553 D MARsPolicyManager: NotificationListenerService OngoingNotificationPosted : android
04-28 22:48:23.720  1553  3875 E Watchdog: !@Sync 14576 [04-28 22:48:23.725]
04-28 22:48:24.560  1553  1553 D InputMethodManagerService: [HARDWARE_KEYBOARD] (refreshImeWindowVis) mImeWindowVis= 3 inputVisible = truehaveHardKeyboard = false hardKeyShown = false
04-28 22:48:24.570  1553  1553 D MARsPolicyManager: NotificationListenerService OngoingNotificationPosted : android
04-28 22:48:26.700  1553  1553 D LightsService: [api] [SvcLED] turnOff:: id = 6 (uid: 1000 pid: 1553) 
04-28 22:48:26.700  1553  1553 D LightsService: [api] [SvcLED] LED indicator : Not supported.
04-28 22:48:31.310  1553  4090 D BatteryService: !@BatteryListener : batteryPropertiesChanged!
04-28 22:48:31.310  1553  4090 D BatteryService: level:64, scale:100, status:2, health:2, present:true, voltage: 3962, temperature: 306, technology: Li-ion, AC powered:false, USB powered:true, POGO powered:false, Wireless powered:false, icon:17303606, invalid charger:0, maxChargingCurrent:0
04-28 22:48:31.310  1553  4090 D BatteryService: online:4, current avg:0, charge type:1, power sharing:false, high voltage charger:false, capacity:190000, batterySWSelfDischarging:false, current_now:0
04-28 22:48:31.310  1553  1553 D BatteryService: Sending ACTION_BATTERY_CHANGED.
04-28 22:48:31.310  1553  1553 I MotionRecognitionService: Plugged
04-28 22:48:31.310  1553  1553 D MotionRecognitionService:   cableConnection= 1
04-28 22:48:31.310  1553  1553 D MotionRecognitionService: setPowerConnected | current backoff  = 5120 , state =5120
04-28 22:48:31.310  1553  1553 D MotionRecognitionService: skip setTransmitPower. 
04-28 22:48:31.310  1553  1553 D GameManagerService: new battery level: 64
04-28 22:48:31.330  2349  2349 D BatteryMeterView: ACTION_BATTERY_CHANGED : level:64 status:2 health:2
04-28 22:48:31.330  2349  2349 D BatteryMeterView: ACTION_BATTERY_CHANGED : level:64 status:2 health:2
04-28 22:48:31.340  2349  2349 D BatteryMeterView: ACTION_BATTERY_CHANGED : level:64 status:2 health:2
04-28 22:48:31.340  2349  2349 D SViewCoverView: BroadcastReceiver onReceive() : action : android.intent.action.BATTERY_CHANGED
04-28 22:48:31.340  2349  2349 D SViewCoverView: level :64 plugged : 2
04-28 22:48:31.810  1553  6841 D SSRM:s  : SIOP:: AP = 440, CP = 35, LCD = 4
04-28 22:48:31.810  1553  6841 D ConnectivityService: returning getNetworkInfo for network type 1 : [type: WIFI[] - WIFI, state: CONNECTED/CONNECTED, reason: (unspecified), extra: "VM348613-2G", roaming: false, failover: false, isAvailable: true]
04-28 22:48:31.810  1553  6841 D SSRM:P  : reading: 44 44 0
04-28 22:48:32.470  1553  4441 E InputMethodManagerService: Perflock object null
04-28 22:48:32.470  1553  1553 D LightsService: [api] [SvcLED] turnOff:: id = 6 (uid: 1000 pid: 1553) 
04-28 22:48:32.470  1553  1553 D LightsService: [api] [SvcLED] LED indicator : Not supported.
04-28 22:48:32.470  1553  1553 D MARsPolicyManager: NotificationListenerService OngoingNotificationRemoved : android
04-28 22:48:32.480  1553  4419 D CustomFrequencyManagerService: acquireDVFSLockLocked : type : DVFS_MIN_LIMIT  frequency : 1190400  uid : 1000  pid : 1553  pkgName : ACTIVITY_RESUME_BOOSTER@10
04-28 22:48:32.480  1553  4419 D ActivityManager: mDVFSHelper.acquire()
04-28 22:48:32.500  1553  1553 D InputMethodManagerService: [HARDWARE_KEYBOARD] (refreshImeWindowVis) mImeWindowVis= 0 inputVisible = falsehaveHardKeyboard = false hardKeyShown = false
04-28 22:48:32.500  1553  2399 W ActivityManager: Duplicate finish request for ActivityRecord{ab11ce u0 eu.siacs.conversations/.ui.EditAccountActivity t15742 f}
04-28 22:48:32.540  1553  1553 D GameManagerService: NotifyRunnable. pkg: eu.siacs.conversations, type: 4, isMinimized: false, isTunableApp: false
04-28 22:48:32.540  1553  1553 D GameManagerService: unexpected mPrevNotiType: -1
04-28 22:48:32.540  1553  1734 V MARsPolicyManager: updatePackagesScore PackageInfo name -- eu.siacs.conversations
04-28 22:48:32.540  1553  2290 D NetworkPolicy: isUidForegroundLocked: 10069, mScreenOn: true, uidstate: 7, mProxSensorScreenOff: false
04-28 22:48:32.560  2349  2349 D BatteryMeterView: onDraw batteryColor : -1107296257
04-28 22:48:32.600  1553  1740 D StatusBarManagerService: manageDisableList userId=0 what=0x0 pkg=Window{c155e4f u0 d0 p23400 eu.siacs.conversations/eu.siacs.conversations.ui.StartConversationActivity}
04-28 22:48:32.950  1553  1826 D CustomFrequencyManagerService: releaseDVFSLockLocked : Getting Lock type frm List : DVFS_MIN_LIMIT  frequency : 1190400  uid : 1000  pid : 1553  tag : ACTIVITY_RESUME_BOOSTER@10
04-28 22:48:32.950  1553  1826 D CustomFrequencyManagerService: FrequencyrequestList.getNextCStateDisableRequest, index: 0
04-28 22:48:32.950  1553  1826 D ActivityManager: mDVFSHelper.release()
04-28 22:48:32.950  1553  1734 D CustomFrequencyManagerService: acquireDVFSLockLocked : type : DVFS_MIN_LIMIT  frequency : 1190400  uid : 1000  pid : 1553  pkgName : ACTIVITY_RESUME_BOOSTER@18
04-28 22:48:33.550  2489  2489 D Recents : onTaskStackChanged
04-28 22:48:33.550  1553  1553 D CustomFrequencyManagerService: releaseDVFSLockLocked : Getting Lock type frm List : DVFS_MIN_LIMIT  frequency : 1190400  uid : 1000  pid : 1553  tag : ACTIVITY_RESUME_BOOSTER@18
04-28 22:48:33.550  1553  1553 D CustomFrequencyManagerService: FrequencyrequestList.getNextCStateDisableRequest, index: 0
04-28 22:48:34.400 22808 27179 V MediaScanner:  prescan time: 25922ms (DB items: 55239)
04-28 22:48:34.400 22808 27179 V MediaScanner:     scan time: 61152ms (Caching mode: false), (makeEntry time: 35089ms ~57%),  (parsing time: 0ms ~0%),  (bitmapDecoding time: 0ms ~0%), (exifExtracting time : 0ms ~0%), (sefExtracting time : 0ms ~0%), (bulkInserter time : 74ms ~0%)
04-28 22:48:34.400 22808 27179 V MediaScanner: postscan time: 10ms (bulkDeleter : 0), (delete DeadThumbnail time : 0ms)
04-28 22:48:34.400 22808 27179 V MediaScanner:    total time: 87084ms
04-28 22:48:34.400 22808 27179 V MediaScanner: checked files: 51341  directories : 1955  (I: 1, U: 18)
04-28 22:48:34.460 22808 27179 D MediaScannerService: !@done scanning volume external
04-28 22:48:34.460  1553  1734 D MountService: getExternalStorageMountMode : 3
04-28 22:48:34.460  1553  1734 D MountService: getExternalStorageMountMode : 3
04-28 22:48:34.460  1553  1734 D MountService: getExternalStorageMountMode : final mountMode=3, uid : 5004, packageName : com.sec.face
04-28 22:48:34.470  1553  1734 I ActivityManager: Start proc 27599:com.sec.face:FaceProvider/5004 for broadcast-3 com.sec.face/.framework.broadcastreceivers.SystemBroadcastReceiver$FaceBroadcastReceiver
04-28 22:48:34.480 27599 27599 I libpersona: KNOX_SDCARD checking this for 5004
04-28 22:48:34.480 27599 27599 I libpersona: KNOX_SDCARD not a persona
04-28 22:48:34.480 22808 27179 D MediaScannerService: !@start scanning volume external: [/storage/emulated/0, /storage/47A7-42FD, /storage/Private]
04-28 22:48:34.610  1553  4442 V BroadcastQueue: [background] Process cur broadcast BroadcastRecord{b12d968 u0 android.intent.action.MEDIA_SCANNER_FINISHED qIdx=4}, state= (APP_RECEIVE) DELIVERED for app ProcessRecord{4a1e48b 27599:com.sec.face:FaceProvider/5004}
04-28 22:48:34.810  1553  4442 I ActivityManager: Killing 26841:uk.amazon.mShop.android/u0a169 (adj 13): DHA:empty #9
04-28 22:48:34.810  1553  4442 V BroadcastQueue: [background] Process cur broadcast BroadcastRecord{b12d968 u0 android.intent.action.MEDIA_SCANNER_FINISHED qIdx=4}, state= (APP_RECEIVE) DELIVERED for app ProcessRecord{ffdfcc9 25691:com.sec.android.gallery3d/u0a37}
04-28 22:48:34.890  1553  4445 D MountService: getExternalStorageMountMode : 1
04-28 22:48:34.890  1553  4445 D MountService: getExternalStorageMountMode : 3
04-28 22:48:34.890  1553  4445 D MountService: getExternalStorageMountMode : final mountMode=1, uid : 10144, packageName : com.sec.android.app.music
04-28 22:48:34.900  1553  1575 D ConnectivityService: ConnectivityService NetworkRequestInfo binderDied(NetworkRequest [ id=439, legacyType=-1, [ Capabilities: INTERNET&NOT_RESTRICTED&TRUSTED] ], android.os.BinderProxy@4f02414)
04-28 22:48:34.900  1553  4402 D ConnectivityService: ConnectivityService NetworkRequestInfo binderDied(NetworkRequest [ id=440, legacyType=-1, [ Capabilities: INTERNET&NOT_RESTRICTED&TRUSTED] ], android.os.BinderProxy@b5a4bd)
04-28 22:48:34.900  1553  2297 D ConnectivityService: releasing NetworkRequest NetworkRequest [ id=439, legacyType=-1, [ Capabilities: INTERNET&NOT_RESTRICTED&TRUSTED] ]
04-28 22:48:34.920  1553  2297 D ConnectivityService: sending notification RELEASED for NetworkRequest [ id=439, legacyType=-1, [ Capabilities: INTERNET&NOT_RESTRICTED&TRUSTED] ]
04-28 22:48:34.920  1553  4445 I ActivityManager: Start proc 27615:com.sec.android.app.music:service/u0a144 for broadcast-3 com.sec.android.app.music/.appwidget.MusicAppWidgetProvider
04-28 22:48:34.930 27615 27615 I libpersona: KNOX_SDCARD checking this for 10144
04-28 22:48:34.930 27615 27615 I libpersona: KNOX_SDCARD not a persona
04-28 22:48:34.940  1553  2297 E ConnectivityService: RemoteException caught trying to send a callback msg for NetworkRequest [ id=439, legacyType=-1, [ Capabilities: INTERNET&NOT_RESTRICTED&TRUSTED] ]
04-28 22:48:34.940  1553  2297 D ConnectivityService: releasing NetworkRequest NetworkRequest [ id=440, legacyType=-1, [ Capabilities: INTERNET&NOT_RESTRICTED&TRUSTED] ]
04-28 22:48:34.940  1553  2297 D ConnectivityService: sending notification RELEASED for NetworkRequest [ id=440, legacyType=-1, [ Capabilities: INTERNET&NOT_RESTRICTED&TRUSTED] ]
04-28 22:48:34.940  1553  2297 E ConnectivityService: RemoteException caught trying to send a callback msg for NetworkRequest [ id=440, legacyType=-1, [ Capabilities: INTERNET&NOT_RESTRICTED&TRUSTED] ]
04-28 22:48:35.010  1553  4090 W ContextImpl: Calling a method in the system process without a qualified user: android.app.ContextImpl.sendBroadcast:843 com.android.server.am.ActivityManagerService.updateOomAdjLocked:27516 com.android.server.am.ActivityManagerService.appDiedLocked:7892 com.android.server.am.ActivityManagerService$AppDeathRecipient.binderDied:1937 android.os.BinderProxy.sendDeathNotice:558 
04-28 22:48:35.020  1553  2735 V BroadcastQueue: [background] Process cur broadcast BroadcastRecord{b12d968 u0 android.intent.action.MEDIA_SCANNER_FINISHED qIdx=4}, state= (APP_RECEIVE) DELIVERED for app ProcessRecord{cb6eab2 27615:com.sec.android.app.music:service/u0a144}
04-28 22:48:35.020  1553  1734 V MARsPolicyManager: executePolicy policy  spcmpolicy(1) reason Adj 14 BG Killed
04-28 22:48:35.030  1553  1734 V MARsPolicyManager: CurrentImportantPackage com.maxmpz.audioplayer -has running widgets 1
04-28 22:48:35.040  1553  1734 V MARsPolicyManager: CurrentImportantPackage com.innologica.inoreader -has running widgets 1
04-28 22:48:35.040  1553  1734 V MARsPolicyManager: Choosed Package com.htsu.hsbcpersonalbanking has the process under ADJ 5 - Skip NON-STICKY KILL
04-28 22:48:35.040  1553  1734 I ActivityManager: Force stopping com.estrongs.android.taskmanager appid=10254 user=0: MARs-NonSticky-Kill-spcmpolicy(1)
04-28 22:48:35.040  1553  1734 I ActivityManager: Killing 24039:com.estrongs.android.taskmanager:local/u0a254 (adj 8): stop com.estrongs.android.taskmanager cause MARs-NonSticky-Kill-spcmpolicy(1)
04-28 22:48:35.040  1553  1734 W ActivityManager: Scheduling restart of crashed service com.estrongs.android.taskmanager/com.android.apps.pros.LocalCService in 1000ms
04-28 22:48:35.040  1553  1734 I ActivityManager: Killing 24068:com.estrongs.android.taskmanager/u0a254 (adj 0): stop com.estrongs.android.taskmanager cause MARs-NonSticky-Kill-spcmpolicy(1)
04-28 22:48:35.050  1553  1734 I ActivityManager:   Force stopping service ServiceRecord{8237ce5 u0 com.estrongs.android.taskmanager/com.android.apps.pros.LocalCService}
04-28 22:48:35.320  1553  4113 D MountService: getExternalStorageMountMode : 1
04-28 22:48:35.320  1553  4113 D MountService: getExternalStorageMountMode : 3
04-28 22:48:35.320  1553  4113 D MountService: getExternalStorageMountMode : final mountMode=1, uid : 10169, packageName : uk.amazon.mShop.android
04-28 22:48:35.340 27629 27629 I libpersona: KNOX_SDCARD checking this for 10169
04-28 22:48:35.340 27629 27629 I libpersona: KNOX_SDCARD not a persona
04-28 22:48:35.340  1553  4113 I ActivityManager: Start proc 27629:uk.amazon.mShop.android/u0a169 for broadcast-3 uk.amazon.mShop.android/com.amazon.clouddrive.library.device.receivers.ExternalMediaChangeReceiverProxy
04-28 22:48:35.340  1553  4113 I ActivityManager: Killing 27280:com.sec.android.app.videoplayer/u0a43 (adj 13): DHA:empty #9
04-28 22:48:35.400  1553  4090 V BroadcastQueue: [background] Process cur broadcast BroadcastRecord{b12d968 u0 android.intent.action.MEDIA_SCANNER_FINISHED qIdx=4}, state= (APP_RECEIVE) DELIVERED for app ProcessRecord{d105a03 27629:uk.amazon.mShop.android/u0a169}
04-28 22:48:35.430  1553  2171 W ContextImpl: Calling a method in the system process without a qualified user: android.app.ContextImpl.sendBroadcast:843 com.android.server.am.ActivityManagerService.updateOomAdjLocked:27516 com.android.server.am.ActivityManagerService.appDiedLocked:7892 com.android.server.am.ActivityManagerService$AppDeathRecipient.binderDied:1937 android.os.BinderProxy.sendDeathNotice:558 
04-28 22:48:37.150  1553  2735 D ConnectivityService: returning Blocked NetworkInfo for ifname=wlan0, uid=10169
04-28 22:48:37.150  1553  1576 D ConnectivityService: returning Blocked NetworkInfo for ifname=wlan0, uid=10169
04-28 22:48:37.160  1553  1575 D ConnectivityService: returning Blocked NetworkInfo for ifname=wlan0, uid=10169
04-28 22:48:37.160  1553  4435 D ConnectivityService: returning Blocked NetworkInfo for ifname=wlan0, uid=10169
04-28 22:48:37.220  1553  4442 D ConnectivityService: returning Blocked NetworkInfo for ifname=wlan0, uid=10169
04-28 22:48:37.220  1553  1575 D ConnectivityService: returning Blocked NetworkInfo for ifname=wlan0, uid=10169
04-28 22:48:37.230  1553  4435 D ConnectivityService: returning Blocked NetworkInfo for ifname=wlan0, uid=10169
04-28 22:48:37.370 27629 27629 D SecWifiDisplayUtil: Metadata value : none
04-28 22:48:37.420  1553  4298 W ContextImpl: Calling a method in the system process without a qualified user: android.app.ContextImpl.sendBroadcast:858 com.android.server.am.ActivityManagerService.requestKnoxVpnToSendProxyBroadcast:30433 com.android.server.am.ActivityManagerService.registerReceiver:23293 android.app.ActivityManagerNative.onTransact:435 com.android.server.am.ActivityManagerService.onTransact:4187 
04-28 22:48:37.510  1553  4445 D ConnectivityService: returning Blocked NetworkInfo for ifname=wlan0, uid=10169
04-28 22:48:37.520  1553  4444 D ConnectivityService: listenForNetwork for Listen from uid/pid:10169/27629 for NetworkRequest [ id=442, legacyType=-1, [ Capabilities: INTERNET&NOT_RESTRICTED&TRUSTED] ]
04-28 22:48:37.530  1553  2297 D ConnectivityService: rematching NetworkAgentInfo [WIFI () - 740]
04-28 22:48:37.530  1553  2297 D ConnectivityService:  network has: NetworkAgentInfo{ ni{[type: WIFI[] - WIFI, state: CONNECTED/CONNECTED, reason: (unspecified), extra: "VM348613-2G", roaming: false, failover: false, isAvailable: true]}  network{740}  lp{{InterfaceName: wlan0 LinkAddresses: [192.168.0.5/24,fe80::aeee:9eff:fe04:1185/64,]  Routes: [fe80::/64 -> :: wlan0,192.168.0.0/24 -> 0.0.0.0 wlan0,0.0.0.0/0 -> 192.168.0.1 wlan0,] DnsAddresses: [192.168.0.1,] Domains:  MTU: 0 TcpBufferSizes: 524288,1048576,4525824,524288,1048576,4525824}}  nc{[ Transports: WIFI Capabilities: INTERNET&NOT_RESTRICTED&TRUSTED&NOT_VPN&VALIDATED LinkUpBandwidth>=1048576Kbps LinkDnBandwidth>=1048576Kbps SignalStrength: -63]}  Score{60}  everValidated{true}  lastValidated{true}  created{true} lingering{false} explicitlySelected{false} acceptUnvalidated{false} everCaptivePortalDetected{false} lastCaptivePortalDetected{false} }
04-28 22:48:37.530  1553  2297 D ConnectivityService:   checking if request is: NetworkRequest [ id=431, legacyType=-1, [ Capabilities: INTERNET&NOT_RESTRICTED&TRUSTED] ] satisfies: true nri.isRequest: false
04-28 22:48:37.530  1553  2297 D ConnectivityService:   checking if request is: NetworkRequest [ id=37, legacyType=-1, [ Capabilities: INTERNET&NOT_RESTRICTED&TRUSTED] ] satisfies: true nri.isRequest: false
04-28 22:48:37.530  1553  2297 D ConnectivityService:   checking if request is: NetworkRequest [ id=36, legacyType=-1, [ Capabilities: INTERNET&NOT_RESTRICTED&TRUSTED] ] satisfies: true nri.isRequest: false
04-28 22:48:37.530  1553  2297 D ConnectivityService:   checking if request is: NetworkRequest [ id=5, legacyType=-1, [ Transports: WIFI Capabilities: INTERNET&NOT_RESTRICTED&TRUSTED&NOT_VPN] ] satisfies: true nri.isRequest: false
04-28 22:48:37.530  1553  2297 D ConnectivityService:   checking if request is: NetworkRequest [ id=434, legacyType=-1, [ Capabilities: INTERNET&NOT_RESTRICTED&TRUSTED] ] satisfies: true nri.isRequest: false
04-28 22:48:37.530  1553  2297 D ConnectivityService:   checking if request is: NetworkRequest [ id=6, legacyType=-1, [ Capabilities: INTERNET&NOT_RESTRICTED&TRUSTED] ] satisfies: true nri.isRequest: false
04-28 22:48:37.530  1553  2297 D ConnectivityService:   checking if request is: NetworkRequest [ id=442, legacyType=-1, [ Capabilities: INTERNET&NOT_RESTRICTED&TRUSTED] ] satisfies: true nri.isRequest: false
04-28 22:48:37.530  1553  2297 D ConnectivityService:   checking if request is: NetworkRequest [ id=441, legacyType=-1, [ Capabilities: INTERNET&NOT_RESTRICTED&TRUSTED] ] satisfies: true nri.isRequest: false
04-28 22:48:37.530  1553  2297 D ConnectivityService: Network NetworkAgentInfo [WIFI () - 740] was already satisfying request 1. No change.
04-28 22:48:37.530  1553  2297 D ConnectivityService:   checking if request is: NetworkRequest [ id=398, legacyType=-1, [ Capabilities: INTERNET&NOT_RESTRICTED&TRUSTED] ] satisfies: true nri.isRequest: false
04-28 22:48:37.530  1553  2297 D ConnectivityService:   checking if request is: NetworkRequest [ id=3, legacyType=-1, [] ] satisfies: true nri.isRequest: false
04-28 22:48:37.530  1553  2297 D ConnectivityService:   checking if request is: NetworkRequest [ id=12, legacyType=-1, [ Capabilities: INTERNET&NOT_RESTRICTED&TRUSTED&NOT_VPN] ] satisfies: true nri.isRequest: false
04-28 22:48:37.530  1553  2297 D ConnectivityService:   checking if request is: NetworkRequest [ id=4, legacyType=-1, [ Transports: CELLULAR Capabilities: INTERNET&NOT_RESTRICTED&TRUSTED&NOT_VPN] ] satisfies: false nri.isRequest: false
04-28 22:48:37.530  1553  2297 D ConnectivityService:   checking if request is: NetworkRequest [ id=399, legacyType=-1, [ Capabilities: INTERNET&NOT_RESTRICTED&TRUSTED] ] satisfies: true nri.isRequest: false
04-28 22:48:37.530  1553  2297 D ConnectivityService:   checking if request is: NetworkRequest [ id=435, legacyType=-1, [ Capabilities: INTERNET&NOT_RESTRICTED&TRUSTED] ] satisfies: true nri.isRequest: false
04-28 22:48:37.540  1553  2297 D ConnectivityService: sending notification AVAILABLE for NetworkRequest [ id=442, legacyType=-1, [ Capabilities: INTERNET&NOT_RESTRICTED&TRUSTED] ]
04-28 22:48:37.540  1553  4435 D ConnectivityService: returning Blocked NetworkInfo for ifname=wlan0, uid=10169
04-28 22:48:37.690  1553  1575 D ConnectivityService: returning Blocked NetworkInfo for ifname=wlan0, uid=10169
04-28 22:48:37.690  1553  4298 D ConnectivityService: returning Blocked NetworkInfo for ifname=wlan0, uid=10169
04-28 22:48:37.960  1553  2171 D MountService: getExternalStorageMountMode : 3
04-28 22:48:37.960  1553  2171 D MountService: getExternalStorageMountMode : 3
04-28 22:48:37.960  1553  2171 D MountService: getExternalStorageMountMode : final mountMode=3, uid : 10170, packageName : com.amazon.kindle
04-28 22:48:37.970  1553  2171 I ActivityManager: Start proc 27705:com.amazon.kindle/u0a170 for content provider com.amazon.kindle/.map.StandaloneMAPInformationProvider
04-28 22:48:37.970  1553  2290 D NetworkPolicy: isUidForegroundLocked: 10170, mScreenOn: true, uidstate: -1, mProxSensorScreenOff: false
04-28 22:48:37.970 27705 27705 I libpersona: KNOX_SDCARD checking this for 10170
04-28 22:48:37.970 27705 27705 I libpersona: KNOX_SDCARD not a persona
04-28 22:48:38.010  1553  2290 D NetworkPolicy: isUidForegroundLocked: 10170, mScreenOn: true, uidstate: 11, mProxSensorScreenOff: false
04-28 22:48:38.110  1553  4419 D ConnectivityService: returning Blocked NetworkInfo for ifname=wlan0, uid=10169
04-28 22:48:38.500  1553  2197 D PowerManagerService: [api] userActivityFromNative : 50 (event: 2 flags: 0) eventTime = 437360044
04-28 22:48:38.600 27705 27725 E ActivityThread: Failed to find provider info for com.amazon.dcp.settings
04-28 22:48:38.750  1553  4091 D CustomFrequencyManagerService: acquireDVFSLockLocked : type : DVFS_MIN_LIMIT  frequency : 1190400  uid : 1000  pid : 1553  pkgName : ACTIVITY_RESUME_BOOSTER@10
04-28 22:48:38.760  1553  4091 D ActivityManager: mDVFSHelper.acquire()
04-28 22:48:38.780  1553  4091 V WindowManager: addAppToken: AppWindowToken{5ac696a token=Token{7db8b55 ActivityRecord{569a60c u0 eu.siacs.conversations/.ui.ConversationActivity t15742}}} to stack=1 task=15742 at 1
04-28 22:48:38.800  1553  1734 V MARsPolicyManager: updatePackagesScore PackageInfo name -- eu.siacs.conversations
04-28 22:48:38.810  1553  1553 D GameManagerService: NotifyRunnable. pkg: eu.siacs.conversations, type: 4, isMinimized: false, isTunableApp: false
04-28 22:48:38.810  1553  1553 D GameManagerService: unexpected mPrevNotiType: -1
04-28 22:48:38.890  1553  4435 D MountService: getExternalStorageMountMode : 3
04-28 22:48:38.890  1553  4435 D MountService: getExternalStorageMountMode : 3
04-28 22:48:38.890  1553  4435 D MountService: getExternalStorageMountMode : final mountMode=3, uid : 10172, packageName : com.amazon.mp3
04-28 22:48:38.910  1553  4435 I ActivityManager: Start proc 27736:com.amazon.mp3/u0a172 for content provider com.amazon.mp3/.account.auth.AmazonMusicMAPInformationProvider
04-28 22:48:38.910 27736 27736 I libpersona: KNOX_SDCARD checking this for 10172
04-28 22:48:38.910 27736 27736 I libpersona: KNOX_SDCARD not a persona
04-28 22:48:38.910  1553  2290 D NetworkPolicy: isUidForegroundLocked: 10172, mScreenOn: true, uidstate: -1, mProxSensorScreenOff: false
04-28 22:48:38.910  1553  4419 D MotionRecognitionService:  ssp status : false
04-28 22:48:38.960  1553  2290 D NetworkPolicy: isUidForegroundLocked: 10172, mScreenOn: true, uidstate: 10, mProxSensorScreenOff: false
04-28 22:48:38.980 23400 23400 D SecWifiDisplayUtil: Metadata value : none
04-28 22:48:39.120  1553  1740 D StatusBarManagerService: manageDisableList userId=0 what=0x0 pkg=Window{66bcd10 u0 d0 p23400 eu.siacs.conversations/eu.siacs.conversations.ui.ConversationActivity}
04-28 22:48:39.160  1553  4298 D ConnectivityService: returning Blocked NetworkInfo for ifname=null, uid=10172
04-28 22:48:39.160  1553  4298 D ConnectivityService: returning getNetworkInfo for network type 0 : [type: MOBILE[] - MOBILE, state: DISCONNECTED/BLOCKED, reason: (unspecified), extra: (none), roaming: false, failover: false, isAvailable: true]
04-28 22:48:39.170  1553  4298 D ConnectivityService: returning Blocked NetworkInfo for ifname=wlan0, uid=10172
04-28 22:48:39.170  1553  4298 D ConnectivityService: returning getNetworkInfo for network type 1 : [type: WIFI[] - WIFI, state: DISCONNECTED/BLOCKED, reason: (unspecified), extra: (none), roaming: false, failover: false, isAvailable: true]
04-28 22:48:39.170  1553  4298 D ConnectivityService: returning Blocked NetworkInfo for ifname=null, uid=10172
04-28 22:48:39.170  1553  4298 D ConnectivityService: returning getNetworkInfo for network type 2 : [type: MOBILE_MMS[] - MOBILE_MMS, state: DISCONNECTED/BLOCKED, reason: (unspecified), extra: (none), roaming: false, failover: false, isAvailable: true]
04-28 22:48:39.170  1553  4298 D ConnectivityService: returning Blocked NetworkInfo for ifname=null, uid=10172
04-28 22:48:39.170  1553  4298 D ConnectivityService: returning getNetworkInfo for network type 3 : [type: MOBILE_SUPL[] - MOBILE_SUPL, state: DISCONNECTED/BLOCKED, reason: (unspecified), extra: (none), roaming: false, failover: false, isAvailable: true]
04-28 22:48:39.170  1553  4298 D ConnectivityService: returning Blocked NetworkInfo for ifname=null, uid=10172
04-28 22:48:39.170  1553  4298 D ConnectivityService: returning getNetworkInfo for network type 4 : [type: MOBILE_DUN[] - MOBILE_DUN, state: DISCONNECTED/BLOCKED, reason: (unspecified), extra: (none), roaming: false, failover: false, isAvailable: true]
04-28 22:48:39.170  1553  4298 D ConnectivityService: returning Blocked NetworkInfo for ifname=null, uid=10172
04-28 22:48:39.170  1553  4298 D ConnectivityService: returning getNetworkInfo for network type 5 : [type: MOBILE_HIPRI[] - MOBILE_HIPRI, state: DISCONNECTED/BLOCKED, reason: (unspecified), extra: (none), roaming: false, failover: false, isAvailable: true]
04-28 22:48:39.170  1553  4298 D ConnectivityService: returning Blocked NetworkInfo for ifname=null, uid=10172
04-28 22:48:39.170  1553  4298 D ConnectivityService: returning getNetworkInfo for network type 7 : [type: BLUETOOTH[] - BLUETOOTH, state: DISCONNECTED/BLOCKED, reason: (unspecified), extra: (none), roaming: false, failover: false, isAvailable: true]
04-28 22:48:39.170  1553  4298 D ConnectivityService: returning Blocked NetworkInfo for ifname=null, uid=10172
04-28 22:48:39.170  1553  4298 D ConnectivityService: returning getNetworkInfo for network type 9 : [type: ETHERNET[] - ETHERNET, state: DISCONNECTED/BLOCKED, reason: (unspecified), extra: (none), roaming: false, failover: false, isAvailable: true]
04-28 22:48:39.170  1553  4298 D ConnectivityService: returning Blocked NetworkInfo for ifname=null, uid=10172
04-28 22:48:39.170  1553  4298 D ConnectivityService: returning getNetworkInfo for network type 10 : [type: MOBILE_FOTA[] - MOBILE_FOTA, state: DISCONNECTED/BLOCKED, reason: (unspecified), extra: (none), roaming: false, failover: false, isAvailable: true]
04-28 22:48:39.170  1553  4298 D ConnectivityService: returning Blocked NetworkInfo for ifname=null, uid=10172
04-28 22:48:39.170  1553  4298 D ConnectivityService: returning getNetworkInfo for network type 11 : [type: MOBILE_IMS[] - MOBILE_IMS, state: DISCONNECTED/BLOCKED, reason: (unspecified), extra: (none), roaming: false, failover: false, isAvailable: true]
04-28 22:48:39.170  1553  4298 D ConnectivityService: returning Blocked NetworkInfo for ifname=null, uid=10172
04-28 22:48:39.170  1553  4298 D ConnectivityService: returning getNetworkInfo for network type 12 : [type: MOBILE_CBS[] - MOBILE_CBS, state: DISCONNECTED/BLOCKED, reason: (unspecified), extra: (none), roaming: false, failover: false, isAvailable: true]
04-28 22:48:39.170  1553  4298 D ConnectivityService: returning Blocked NetworkInfo for ifname=null, uid=10172
04-28 22:48:39.170  1553  4298 D ConnectivityService: returning getNetworkInfo for network type 13 : [type: WIFI_P2P[] - WIFI_P2P, state: DISCONNECTED/BLOCKED, reason: (unspecified), extra: (none), roaming: false, failover: false, isAvailable: true]
04-28 22:48:39.170  1553  4298 D ConnectivityService: returning Blocked NetworkInfo for ifname=null, uid=10172
04-28 22:48:39.170  1553  4298 D ConnectivityService: returning getNetworkInfo for network type 14 : [type: MOBILE_IA[] - MOBILE_IA, state: DISCONNECTED/BLOCKED, reason: (unspecified), extra: (none), roaming: false, failover: false, isAvailable: true]
04-28 22:48:39.170  1553  4298 D ConnectivityService: returning Blocked NetworkInfo for ifname=null, uid=10172
04-28 22:48:39.170  1553  4298 D ConnectivityService: returning getNetworkInfo for network type 15 : [type: MOBILE_EMERGENCY[] - MOBILE_EMERGENCY, state: DISCONNECTED/BLOCKED, reason: (unspecified), extra: (none), roaming: false, failover: false, isAvailable: true]
04-28 22:48:39.170  1553  4298 D ConnectivityService: returning Blocked NetworkInfo for ifname=null, uid=10172
04-28 22:48:39.170  1553  4298 D ConnectivityService: returning getNetworkInfo for network type 17 : [type: VPN[] - VPN, state: DISCONNECTED/BLOCKED, reason: (unspecified), extra: (none), roaming: false, failover: false, isAvailable: true]
04-28 22:48:39.360  1553  1826 V WindowManager: Dim Duration=150
04-28 22:48:39.450  1553  1826 D WindowAnimator: Skip setting animation background if there is an exiting window only.
04-28 22:48:39.460  1553  1826 D WindowAnimator: Skip setting animation background if there is an exiting window only.
04-28 22:48:39.480  1553  1826 D WindowAnimator: Skip setting animation background if there is an exiting window only.
04-28 22:48:39.500  1553  1826 D WindowAnimator: Skip setting animation background if there is an exiting window only.
04-28 22:48:39.510  1553  1826 D WindowAnimator: Skip setting animation background if there is an exiting window only.
04-28 22:48:39.530  1553  1826 D WindowAnimator: Skip setting animation background if there is an exiting window only.
04-28 22:48:39.550  1553  1826 D WindowAnimator: Skip setting animation background if there is an exiting window only.
04-28 22:48:39.560  1553  1826 D WindowAnimator: Skip setting animation background if there is an exiting window only.
04-28 22:48:39.580  1553  1826 D WindowAnimator: Skip setting animation background if there is an exiting window only.
04-28 22:48:39.590 27736 27758 E ActivityThread: Failed to find provider info for com.amazon.dcp.settings
04-28 22:48:39.600  1553  1826 D CustomFrequencyManagerService: releaseDVFSLockLocked : Getting Lock type frm List : DVFS_MIN_LIMIT  frequency : 1190400  uid : 1000  pid : 1553  tag : ACTIVITY_RESUME_BOOSTER@10
04-28 22:48:39.600  1553  1826 D CustomFrequencyManagerService: FrequencyrequestList.getNextCStateDisableRequest, index: 0
04-28 22:48:39.600  1553  1826 D ActivityManager: mDVFSHelper.release()
04-28 22:48:39.600  1553  1734 D CustomFrequencyManagerService: acquireDVFSLockLocked : type : DVFS_MIN_LIMIT  frequency : 1190400  uid : 1000  pid : 1553  pkgName : ACTIVITY_RESUME_BOOSTER@18
04-28 22:48:39.810  2489  2489 D Recents : onTaskStackChanged
04-28 22:48:40.210  1553  1553 D CustomFrequencyManagerService: releaseDVFSLockLocked : Getting Lock type frm List : DVFS_MIN_LIMIT  frequency : 1190400  uid : 1000  pid : 1553  tag : ACTIVITY_RESUME_BOOSTER@18
04-28 22:48:40.210  1553  1553 D CustomFrequencyManagerService: FrequencyrequestList.getNextCStateDisableRequest, index: 0
04-28 22:48:40.810 27705 27705 W ActivityThread: ClassLoader.loadClass: The class loader returned by Thread.getContextClassLoader() may fail for processes that host multiple applications. You should explicitly specify a context class loader. For example: Thread.setContextClassLoader(getClass().getClassLoader());
04-28 22:48:40.960  1553  4090 D ConnectivityService: returning Blocked NetworkInfo for ifname=wlan0, uid=10172
04-28 22:48:40.960  1553  4442 D ConnectivityService: returning Blocked NetworkInfo for ifname=wlan0, uid=10172
04-28 22:48:41.070  1553  1575 D ConnectivityService: returning Blocked NetworkInfo for ifname=wlan0, uid=10170
04-28 22:48:41.080  1553  4444 D ConnectivityService: returning Blocked NetworkInfo for ifname=wlan0, uid=10170
04-28 22:48:41.140  1553  4090 W ActivityManager: Unable to start service Intent { act=com.urbanairship.richpush.USER_UPDATE cmp=com.amazon.mp3/com.urbanairship.richpush.RichPushUpdateService (has extras) } U=0: not found
04-28 22:48:41.360  1553  4419 D BatteryService: !@BatteryListener : batteryPropertiesChanged!
04-28 22:48:41.380  1553  4419 D BatteryService: level:64, scale:100, status:2, health:2, present:true, voltage: 3950, temperature: 308, technology: Li-ion, AC powered:false, USB powered:true, POGO powered:false, Wireless powered:false, icon:17303606, invalid charger:0, maxChargingCurrent:0
04-28 22:48:41.380  1553  4419 D BatteryService: online:4, current avg:0, charge type:1, power sharing:false, high voltage charger:false, capacity:190000, batterySWSelfDischarging:false, current_now:0
04-28 22:48:41.390  1553  1553 D BatteryService: Sending ACTION_BATTERY_CHANGED.
04-28 22:48:41.530  1553  4091 D CustomFrequencyManagerService: acquireDVFSLockLocked : type : DVFS_MIN_LIMIT  frequency : 1190400  uid : 1000  pid : 1553  pkgName : ACTIVITY_RESUME_BOOSTER@10
04-28 22:48:41.530  1553  4091 D ActivityManager: mDVFSHelper.acquire()
04-28 22:48:41.550  1553  4091 V WindowManager: addAppToken: AppWindowToken{8b5d1cd token=Token{6ef9b64 ActivityRecord{fe8c0f7 u0 com.android.settings/.fuelgauge.RequestIgnoreBatteryOptimizations t15742}}} to stack=1 task=15742 at 1
04-28 22:48:41.550  1553  1740 D StatusBarManagerService: manageDisableList userId=0 what=0x0 pkg=Window{eacbbc2 u0 d0 p23400 eu.siacs.conversations/eu.siacs.conversations.ui.ConversationActivity}
04-28 22:48:41.580  1553  1553 I MotionRecognitionService: Plugged
04-28 22:48:41.580  1553  1553 D MotionRecognitionService:   cableConnection= 1
04-28 22:48:41.580  1553  1553 D MotionRecognitionService: setPowerConnected | current backoff  = 5120 , state =5120
04-28 22:48:41.580  1553  1553 D MotionRecognitionService: skip setTransmitPower. 
04-28 22:48:41.660  1553  1553 D GameManagerService: new battery level: 64
04-28 22:48:41.680  2349  2349 D BatteryMeterView: ACTION_BATTERY_CHANGED : level:64 status:2 health:2
04-28 22:48:41.690  2349  2349 D BatteryMeterView: ACTION_BATTERY_CHANGED : level:64 status:2 health:2
04-28 22:48:41.690  2349  2349 D BatteryMeterView: ACTION_BATTERY_CHANGED : level:64 status:2 health:2
04-28 22:48:41.690  2349  2349 D SViewCoverView: BroadcastReceiver onReceive() : action : android.intent.action.BATTERY_CHANGED
04-28 22:48:41.690  2349  2349 D SViewCoverView: level :64 plugged : 2
04-28 22:48:41.800  1553  4444 D ActivityManager:  Launching com.android.settings, updated priority
04-28 22:48:41.810  1553  1553 D GameManagerService: NotifyRunnable. pkg: com.android.settings, type: 4, isMinimized: false, isTunableApp: false
04-28 22:48:41.810  1553  1553 D GameManagerService: unexpected mPrevNotiType: -1
04-28 22:48:41.810  1553  1734 V MARsPolicyManager: updatePackagesScore PackageInfo name -- com.android.settings
04-28 22:48:41.950  1553  6841 D SSRM:s  : SIOP:: AP = 460, CP = 35, LCD = 4
04-28 22:48:42.230  1553  6841 D ConnectivityService: returning getNetworkInfo for network type 1 : [type: WIFI[] - WIFI, state: CONNECTED/CONNECTED, reason: (unspecified), extra: "VM348613-2G", roaming: false, failover: false, isAvailable: true]
04-28 22:48:42.580  1553  4442 D ConnectivityService: returning Blocked NetworkInfo for ifname=wlan0, uid=10169
04-28 22:48:42.590  1553  2735 D ConnectivityService: listenForNetwork for Listen from uid/pid:10169/27629 for NetworkRequest [ id=443, legacyType=-1, [ Capabilities: INTERNET&NOT_RESTRICTED&TRUSTED] ]
04-28 22:48:42.590  1553  2297 D ConnectivityService: rematching NetworkAgentInfo [WIFI () - 740]
04-28 22:48:42.600  1553  4444 D ConnectivityService: returning Blocked NetworkInfo for ifname=wlan0, uid=10169
04-28 22:48:42.600  1553  2297 D ConnectivityService:  network has: NetworkAgentInfo{ ni{[type: WIFI[] - WIFI, state: CONNECTED/CONNECTED, reason: (unspecified), extra: "VM348613-2G", roaming: false, failover: false, isAvailable: true]}  network{740}  lp{{InterfaceName: wlan0 LinkAddresses: [192.168.0.5/24,fe80::aeee:9eff:fe04:1185/64,]  Routes: [fe80::/64 -> :: wlan0,192.168.0.0/24 -> 0.0.0.0 wlan0,0.0.0.0/0 -> 192.168.0.1 wlan0,] DnsAddresses: [192.168.0.1,] Domains:  MTU: 0 TcpBufferSizes: 524288,1048576,4525824,524288,1048576,4525824}}  nc{[ Transports: WIFI Capabilities: INTERNET&NOT_RESTRICTED&TRUSTED&NOT_VPN&VALIDATED LinkUpBandwidth>=1048576Kbps LinkDnBandwidth>=1048576Kbps SignalStrength: -63]}  Score{60}  everValidated{true}  lastValidated{true}  created{true} lingering{false} explicitlySelected{false} acceptUnvalidated{false} everCaptivePortalDetected{false} lastCaptivePortalDetected{false} }
04-28 22:48:42.610  1553  2297 D ConnectivityService:   checking if request is: NetworkRequest [ id=443, legacyType=-1, [ Capabilities: INTERNET&NOT_RESTRICTED&TRUSTED] ] satisfies: true nri.isRequest: false
04-28 22:48:42.610  1553  2297 D ConnectivityService:   checking if request is: NetworkRequest [ id=431, legacyType=-1, [ Capabilities: INTERNET&NOT_RESTRICTED&TRUSTED] ] satisfies: true nri.isRequest: false
04-28 22:48:42.610  1553  2297 D ConnectivityService:   checking if request is: NetworkRequest [ id=37, legacyType=-1, [ Capabilities: INTERNET&NOT_RESTRICTED&TRUSTED] ] satisfies: true nri.isRequest: false
04-28 22:48:42.610  1553  2297 D ConnectivityService:   checking if request is: NetworkRequest [ id=36, legacyType=-1, [ Capabilities: INTERNET&NOT_RESTRICTED&TRUSTED] ] satisfies: true nri.isRequest: false
04-28 22:48:42.610  1553  2297 D ConnectivityService:   checking if request is: NetworkRequest [ id=5, legacyType=-1, [ Transports: WIFI Capabilities: INTERNET&NOT_RESTRICTED&TRUSTED&NOT_VPN] ] satisfies: true nri.isRequest: false
04-28 22:48:42.610  1553  2297 D ConnectivityService:   checking if request is: NetworkRequest [ id=434, legacyType=-1, [ Capabilities: INTERNET&NOT_RESTRICTED&TRUSTED] ] satisfies: true nri.isRequest: false
04-28 22:48:42.610  1553  2297 D ConnectivityService:   checking if request is: NetworkRequest [ id=6, legacyType=-1, [ Capabilities: INTERNET&NOT_RESTRICTED&TRUSTED] ] satisfies: true nri.isRequest: false
04-28 22:48:42.610  1553  2297 D ConnectivityService:   checking if request is: NetworkRequest [ id=442, legacyType=-1, [ Capabilities: INTERNET&NOT_RESTRICTED&TRUSTED] ] satisfies: true nri.isRequest: false
04-28 22:48:42.610  1553  2297 D ConnectivityService:   checking if request is: NetworkRequest [ id=441, legacyType=-1, [ Capabilities: INTERNET&NOT_RESTRICTED&TRUSTED] ] satisfies: true nri.isRequest: false
04-28 22:48:42.610  1553  2297 D ConnectivityService: Network NetworkAgentInfo [WIFI () - 740] was already satisfying request 1. No change.
04-28 22:48:42.610  1553  2297 D ConnectivityService:   checking if request is: NetworkRequest [ id=398, legacyType=-1, [ Capabilities: INTERNET&NOT_RESTRICTED&TRUSTED] ] satisfies: true nri.isRequest: false
04-28 22:48:42.610  1553  2297 D ConnectivityService:   checking if request is: NetworkRequest [ id=3, legacyType=-1, [] ] satisfies: true nri.isRequest: false
04-28 22:48:42.610  1553  2297 D ConnectivityService:   checking if request is: NetworkRequest [ id=12, legacyType=-1, [ Capabilities: INTERNET&NOT_RESTRICTED&TRUSTED&NOT_VPN] ] satisfies: true nri.isRequest: false
04-28 22:48:42.610  1553  2297 D ConnectivityService:   checking if request is: NetworkRequest [ id=4, legacyType=-1, [ Transports: CELLULAR Capabilities: INTERNET&NOT_RESTRICTED&TRUSTED&NOT_VPN] ] satisfies: false nri.isRequest: false
04-28 22:48:42.610  1553  2297 D ConnectivityService:   checking if request is: NetworkRequest [ id=399, legacyType=-1, [ Capabilities: INTERNET&NOT_RESTRICTED&TRUSTED] ] satisfies: true nri.isRequest: false
04-28 22:48:42.610  1553  2297 D ConnectivityService:   checking if request is: NetworkRequest [ id=435, legacyType=-1, [ Capabilities: INTERNET&NOT_RESTRICTED&TRUSTED] ] satisfies: true nri.isRequest: false
04-28 22:48:42.610  1553  2297 D ConnectivityService: sending notification AVAILABLE for NetworkRequest [ id=443, legacyType=-1, [ Capabilities: INTERNET&NOT_RESTRICTED&TRUSTED] ]
04-28 22:48:42.610  1553  4441 D ConnectivityService: returning Blocked NetworkInfo for ifname=wlan0, uid=10169
04-28 22:48:42.710  1553  4444 D ConnectivityService: returning Blocked NetworkInfo for ifname=wlan0, uid=10169
04-28 22:48:42.740 27325 27325 D SecWifiDisplayUtil: Metadata value : none
04-28 22:48:42.830  2489  2489 D Recents : onTaskStackChanged
04-28 22:48:42.840  1553  1575 W ActivityManager: Unable to start service Intent { act=com.urbanairship.location.ACTION_STOP_UPDATES cmp=com.amazon.mp3/com.urbanairship.location.LocationService } U=0: not found
04-28 22:48:42.860  1553  4091 D ConnectivityService: returning Blocked NetworkInfo for ifname=wlan0, uid=10172
04-28 22:48:42.860  1553  6841 D SSRM:P  : reading: 46 46 0
04-28 22:48:42.900  1553  1740 D StatusBarManagerService: manageDisableList userId=0 what=0x0 pkg=Window{a22a594 u0 d0 p27325 com.android.settings/com.android.settings.fuelgauge.RequestIgnoreBatteryOptimizations}
04-28 22:48:42.900  1553  6841 D GameManagerService: identifyGamePackage. com.android.settings
04-28 22:48:42.900  1553  6841 D GameManagerService: GameService is not exist
04-28 22:48:42.930  1553  6841 D GameManagerService: identifyGamePackage. com.android.settings
04-28 22:48:42.930  1553  6841 D GameManagerService: GameService is not exist
04-28 22:48:42.980  1553  6841 D GameManagerService: identifyGamePackage. com.android.settings
04-28 22:48:42.980  1553  6841 D GameManagerService: GameService is not exist
04-28 22:48:43.170  1553  1576 D ActivityManager:  Launching eu.siacs.conversations, updated priority
04-28 22:48:43.190  1553  1553 D GameManagerService: NotifyRunnable. pkg: eu.siacs.conversations, type: 4, isMinimized: false, isTunableApp: false
04-28 22:48:43.190  1553  1553 D GameManagerService: unexpected mPrevNotiType: -1
04-28 22:48:43.190  1553  1734 V MARsPolicyManager: updatePackagesScore PackageInfo name -- eu.siacs.conversations
04-28 22:48:43.200  1553  1740 D StatusBarManagerService: manageDisableList userId=0 what=0x0 pkg=Window{eacbbc2 u0 d0 p23400 eu.siacs.conversations/eu.siacs.conversations.ui.ConversationActivity}
04-28 22:48:43.200  1553  1826 D CustomFrequencyManagerService: releaseDVFSLockLocked : Getting Lock type frm List : DVFS_MIN_LIMIT  frequency : 1190400  uid : 1000  pid : 1553  tag : ACTIVITY_RESUME_BOOSTER@10
04-28 22:48:43.210  1553  1826 D CustomFrequencyManagerService: FrequencyrequestList.getNextCStateDisableRequest, index: 0
04-28 22:48:43.210  1553  1826 D ActivityManager: mDVFSHelper.release()
04-28 22:48:43.210  1553  1734 D CustomFrequencyManagerService: acquireDVFSLockLocked : type : DVFS_MIN_LIMIT  frequency : 1190400  uid : 1000  pid : 1553  pkgName : ACTIVITY_RESUME_BOOSTER@18
04-28 22:48:43.220  1553  2399 V AlarmManager:  remove PendingIntent] PendingIntent{c4e8700: PendingIntentRecord{491ab39 uk.amazon.mShop.android startService}}
04-28 22:48:43.250  1553  2399 I ActivityManager: Killing 27134:com.google.android.googlequicksearchbox:search/u0a49 (adj 13): DHA:empty #9
04-28 22:48:43.300  1553  4298 D ConnectivityService: ConnectivityService NetworkRequestInfo binderDied(NetworkRequest [ id=441, legacyType=-1, [ Capabilities: INTERNET&NOT_RESTRICTED&TRUSTED] ], android.os.BinderProxy@ad9adf)
04-28 22:48:43.300  1553  4445 I ActivityManager: Killing 27457:com.dropbox.android:crashes/u0a88 (adj 13): DHA:empty #9
04-28 22:48:43.300  1553  2297 D ConnectivityService: releasing NetworkRequest NetworkRequest [ id=441, legacyType=-1, [ Capabilities: INTERNET&NOT_RESTRICTED&TRUSTED] ]
04-28 22:48:43.310  1553  2297 D ConnectivityService: sending notification RELEASED for NetworkRequest [ id=441, legacyType=-1, [ Capabilities: INTERNET&NOT_RESTRICTED&TRUSTED] ]
04-28 22:48:43.350  1553  2297 E ConnectivityService: RemoteException caught trying to send a callback msg for NetworkRequest [ id=441, legacyType=-1, [ Capabilities: INTERNET&NOT_RESTRICTED&TRUSTED] ]
04-28 22:48:43.430  1553  4402 W ContextImpl: Calling a method in the system process without a qualified user: android.app.ContextImpl.sendBroadcast:843 com.android.server.am.ActivityManagerService.updateOomAdjLocked:27516 com.android.server.am.ActivityManagerService.appDiedLocked:7892 com.android.server.am.ActivityManagerService$AppDeathRecipient.binderDied:1937 android.os.BinderProxy.sendDeathNotice:558 
04-28 22:48:43.440  1553  4435 W ContextImpl: Calling a method in the system process without a qualified user: android.app.ContextImpl.sendBroadcast:843 com.android.server.am.ActivityManagerService.updateOomAdjLocked:27516 com.android.server.am.ActivityManagerService.appDiedLocked:7892 com.android.server.am.ActivityManagerService$AppDeathRecipient.binderDied:1937 android.os.BinderProxy.sendDeathNotice:558 
04-28 22:48:43.740  1553  6841 D GameManagerService: identifyGamePackage. eu.siacs.conversations
04-28 22:48:43.740  1553  6841 D GameManagerService: GameService is not exist
04-28 22:48:43.740  1553  6841 D GameManagerService: identifyGamePackage. eu.siacs.conversations
04-28 22:48:43.740  1553  6841 D GameManagerService: GameService is not exist
04-28 22:48:43.740  1553  6841 D GameManagerService: identifyGamePackage. eu.siacs.conversations
04-28 22:48:43.740  1553  6841 D GameManagerService: GameService is not exist
04-28 22:48:43.810  1553  1553 D CustomFrequencyManagerService: releaseDVFSLockLocked : Getting Lock type frm List : DVFS_MIN_LIMIT  frequency : 1190400  uid : 1000  pid : 1553  tag : ACTIVITY_RESUME_BOOSTER@18
04-28 22:48:43.810  1553  1553 D CustomFrequencyManagerService: FrequencyrequestList.getNextCStateDisableRequest, index: 0
04-28 22:48:44.200  2489  2489 D Recents : onTaskStackChanged
04-28 22:48:45.220  2349  2349 D BatteryMeterView: onDraw batteryColor : -1107296257
04-28 22:48:45.240  1553  1553 D InputMethodManagerService: [HARDWARE_KEYBOARD] (refreshImeWindowVis) mImeWindowVis= 3 inputVisible = truehaveHardKeyboard = false hardKeyShown = false
04-28 22:48:45.260  1553  1553 D MARsPolicyManager: NotificationListenerService OngoingNotificationPosted : android
04-28 22:48:45.260  1553  1553 D InputMethodManagerService: [HARDWARE_KEYBOARD] (refreshImeWindowVis) mImeWindowVis= 3 inputVisible = truehaveHardKeyboard = false hardKeyShown = false
04-28 22:48:45.270  1553  1553 D MARsPolicyManager: NotificationListenerService OngoingNotificationPosted : android
