04-28 22:44:27.790  2349  2349 D StatusBar.NetworkController: refreshNwBoosterIndicator - setNWBoosterIndicators(false)
04-28 22:44:27.790  2349  2349 D StatusBar.NetworkController: refreshNwBoosterIndicator - setNWBoosterIndicators(false)
04-28 22:44:27.790  2349  2349 D StatusBar.NetworkController: refreshNwBoosterIndicator - setNWBoosterIndicators(false)
04-28 22:44:27.790  2349  2349 D StatusBar.NetworkController: refreshNwBoosterIndicator - setNWBoosterIndicators(false)
04-28 22:44:27.800 26274 26300 D OpenGLRenderer: endAllStagingAnimators on 0xb9631f30 (RippleDrawable) with handle 0xb7e2fe48
04-28 22:44:27.810  1553  4113 D InputMethodManagerService: windowGainedFocus mCurrentFocusedUserId - 0 and mSecureKeypadEnabled-false
04-28 22:44:27.810  1553  4113 D ActivityManager:  Launching com.agilebits.onepassword, updated priority
04-28 22:44:27.810  1553  4113 E InputMethodManagerService: Perflock object null
04-28 22:44:27.820   416  2011 I APM::AudioPolicyManager: stopOutput() output 4, stream 1, session 12057
04-28 22:44:27.820  1553  1826 D WindowAnimator: Skip setting animation background if there is an exiting window only.
04-28 22:44:27.830  1553  4113 D ApplicationPolicy: isStatusBarNotificationAllowedAsUser: packageName = android,userId = -1
04-28 22:44:27.830  1553  1553 D MARsPolicyManager: NotificationListenerService OngoingNotificationPosted : android
04-28 22:44:27.830  1553  1826 D WindowAnimator: Skip setting animation background if there is an exiting window only.
04-28 22:44:27.840  2349  2349 D StatusBar: ----- contentsUnchanged : true, bigContentsUnchanged - true, headsUpContentsUnchanged - true , publicUnchanged true
04-28 22:44:27.850  1553  1553 D EdgeLight: Turning off
04-28 22:44:27.850 25929 25929 I yaxim.Service: called onCreate()
04-28 22:44:27.850 25929 25929 D YaximApplication: app = org.yaxim.androidclient.YaximApplication@25a1252
04-28 22:44:27.850  1553  1553 D LightsService: [api] [SvcLED] turnOff:: id = 6 (uid: 1000 pid: 1553) 
04-28 22:44:27.850  1553  1553 D LightsService: [api] [SvcLED] LED indicator : Not supported.
04-28 22:44:27.850  1553  1553 D MARsPolicyManager: NotificationListenerService OngoingNotificationRemoved : android
04-28 22:44:27.850  1553  1826 D WindowAnimator: Skip setting animation background if there is an exiting window only.
04-28 22:44:27.850  1553  1553 D InputMethodManagerService: [HARDWARE_KEYBOARD] (refreshImeWindowVis) mImeWindowVis= 0 inputVisible = falsehaveHardKeyboard = false hardKeyShown = false
04-28 22:44:27.860  2349  2349 D PanelView: kidsfalse mQsExpansionEnabled:true
04-28 22:44:27.860 25929 25929 I yaxim.Service: configureSmartAwayMode: null
04-28 22:44:27.860 25929 25929 D yaxim.BroadcastReceiver: Init: ACTIVE NetworkInfo: [type: WIFI[] - WIFI, state: CONNECTED/CONNECTED, reason: (unspecified), extra: "VM348613-2G", roaming: false, failover: false, isAvailable: true]
04-28 22:44:27.860 25929 25929 D yaxim.BroadcastReceiver: initNetworkStatus -> 1
04-28 22:44:27.870 25929 25929 I yaxim.Service: userStartedWatching: 1
04-28 22:44:27.870  1553  1826 D WindowAnimator: Skip setting animation background if there is an exiting window only.
04-28 22:44:27.880  2349  2349 D PanelView: kidsfalse mQsExpansionEnabled:true
04-28 22:44:27.880  1553  1826 D WindowAnimator: Skip setting animation background if there is an exiting window only.
04-28 22:44:27.890  1553  2735 V WindowStateAnimator: Finishing drawing window Window{10f39c8 u0 d0 p25929 org.yaxim.androidclient/org.yaxim.androidclient.MainWindow}: mDrawState=DRAW_PENDING
04-28 22:44:27.890 25929 25929 I yaxim.Service: Ringer mode changed: Intent { act=android.media.RINGER_MODE_CHANGED flg=0x34000010 bqHint=2 (has extras) }
04-28 22:44:27.900 25929 25929 I yaxim.Service: configureSmartAwayMode: null
04-28 22:44:27.900 25929 25929 I yaxim.MainWindow: called onServiceConnected()
04-28 22:44:27.900 25929 25929 I yaxim.XMPPRSAdapter: New XMPPRosterServiceAdapter construced
04-28 22:44:27.900 25929 25929 I yaxim.MainWindow: getConnectionState(): OFFLINE
04-28 22:44:27.900 25929 25929 D yaxim.MainWindow: updateConnectionState: OFFLINE
04-28 22:44:27.900  1553  1826 D WindowAnimator: Skip setting animation background if there is an exiting window only.
04-28 22:44:27.920  2349  2349 D PanelView: kidsfalse mQsExpansionEnabled:true
04-28 22:44:27.920  1553  1826 D WindowAnimator: Skip setting animation background if there is an exiting window only.
04-28 22:44:27.930  2349  2349 D PanelView: kidsfalse mQsExpansionEnabled:true
04-28 22:44:27.940 25929 25929 D yaxim.MainWindow: handleJabberIntent: Intent { act=android.intent.action.MAIN cat=[android.intent.category.LAUNCHER] flg=0x10000000 pkg=org.yaxim.androidclient cmp=org.yaxim.androidclient/.MainWindow }
04-28 22:44:27.940  2349  2349 D BatteryMeterView: onDraw batteryColor : -1107296257
04-28 22:44:27.940  1553  1826 D WindowAnimator: Skip setting animation background if there is an exiting window only.
04-28 22:44:27.950  1553  1826 D WindowAnimator: Skip setting animation background if there is an exiting window only.
04-28 22:44:27.960 25929 25929 I Timeline: Timeline: Activity_idle id: android.os.BinderProxy@69bf481 time:437109516
04-28 22:44:27.970  1553  1826 D WindowAnimator: Skip setting animation background if there is an exiting window only.
04-28 22:44:27.980  1553  1826 D WindowAnimator: Skip setting animation background if there is an exiting window only.
04-28 22:44:28.000  1553  1563 I art     : Background partial concurrent mark sweep GC freed 82689(4MB) AllocSpace objects, 21(1304KB) LOS objects, 22% free, 55MB/71MB, paused 4.180ms total 449.403ms
04-28 22:44:28.010  1553  1826 D WindowAnimator: Skip setting animation background if there is an exiting window only.
04-28 22:44:28.020 26274 26274 D ViewRootImpl: #1 mView = android.widget.LinearLayout{7f356f6 V.E...... ......I. 0,0-0,0 #10203af android:id/toast_layout_root}
04-28 22:44:28.020  1553  1826 D WindowAnimator: Skip setting animation background if there is an exiting window only.
04-28 22:44:28.030 25929 25929 D ViewRootImpl: MSG_RESIZED: ci=Rect(0, 36 - 0, 0) vi=Rect(0, 36 - 0, 0) or=1
04-28 22:44:28.030  1553  4444 V MARsPolicyManager: handelAlertToastWindowStarted pkgName = com.agilebits.onepassword
04-28 22:44:28.030  1553  1826 D WindowAnimator: Skip setting animation background if there is an exiting window only.
04-28 22:44:28.050   345   345 I SurfaceFlinger: id=3375 createSurf (1x1),1 flag=4, Uoast
04-28 22:44:28.070  1553  4091 D PowerManagerService: [api] acquire WakeLock flags=0x2000000a tag=WindowManager uid=1000 pid=1553
04-28 22:44:28.080 26274 26274 D ViewRootImpl: MSG_RESIZED_REPORT: ci=Rect(0, 0 - 0, 0) vi=Rect(0, 0 - 0, 0) or=1
04-28 22:44:28.080  1553  1826 D WindowAnimator: Skip setting animation background if there is an exiting window only.
04-28 22:44:28.080  1553  1826 D WindowAnimator: Skip setting animation background if there is an exiting window only.
04-28 22:44:28.100 26274 26325 I System.out: (HTTPLog)-Static: isSBSettingEnabled false
04-28 22:44:28.100 26274 26325 I System.out: (HTTPLog)-Static: isSBSettingEnabled false
04-28 22:44:28.100  1553  1826 D WindowAnimator: Skip setting animation background if there is an exiting window only.
04-28 22:44:28.110  1553  4090 V WindowStateAnimator: Finishing drawing window Window{a612595 u0 d0 p26274 Toast}: mDrawState=DRAW_PENDING
04-28 22:44:28.120  1553  4298 D ApplicationPolicy: isStatusBarNotificationAllowedAsUser: packageName = com.agilebits.onepassword,userId = 0
04-28 22:44:28.120  1553  1826 D WindowAnimator: Skip setting animation background if there is an exiting window only.
04-28 22:44:28.130  2349  2349 D StatusBar: ----- contentsUnchanged : true, bigContentsUnchanged - true, headsUpContentsUnchanged - true , publicUnchanged true
04-28 22:44:28.130  1553  1826 D WindowAnimator: Skip setting animation background if there is an exiting window only.
04-28 22:44:28.140  2349  2349 D PanelView: kidsfalse mQsExpansionEnabled:true
04-28 22:44:28.150  1553  1826 D WindowAnimator: Skip setting animation background if there is an exiting window only.
04-28 22:44:28.160  2349  2349 D PanelView: kidsfalse mQsExpansionEnabled:true
04-28 22:44:28.160 26274 26328 I System.out: (HTTPLog)-Static: isSBSettingEnabled false
04-28 22:44:28.160 26274 26328 I System.out: (HTTPLog)-Static: isSBSettingEnabled false
04-28 22:44:28.170  1553  1826 D WindowAnimator: Skip setting animation background if there is an exiting window only.
04-28 22:44:28.180  1553  1826 D WindowAnimator: Skip setting animation background if there is an exiting window only.
04-28 22:44:28.200 26274 26328 I System.out: (HTTPLog)-Static: isSBSettingEnabled false
04-28 22:44:28.200 26274 26328 I System.out: (HTTPLog)-Static: isSBSettingEnabled false
04-28 22:44:28.200  1553  1826 D WindowAnimator: Skip setting animation background if there is an exiting window only.
04-28 22:44:28.220   345   528 I SurfaceFlinger: id=3372 Removed JnputMethod (8/11)
04-28 22:44:28.220   345   533 I SurfaceFlinger: id=3372 Removed JnputMethod (-2/11)
04-28 22:44:28.220  1553  1826 D WindowAnimator: Skip setting animation background if there is an exiting window only.
04-28 22:44:28.230  1553  1826 D WindowAnimator: Skip setting animation background if there is an exiting window only.
04-28 22:44:28.250  1553  1826 D WindowAnimator: Skip setting animation background if there is an exiting window only.
04-28 22:44:28.270  1553  1826 D WindowAnimator: Skip setting animation background if there is an exiting window only.
04-28 22:44:28.290   345  2750 I SurfaceFlinger: id=3371 Removed TelectItemA (2/10)
04-28 22:44:28.290   345   528 I SurfaceFlinger: id=3371 Removed TelectItemA (-2/10)
04-28 22:44:28.290  1553  1826 D KnoxTimeoutHandler: notifyActivityDrawn [MsgParam] userId: 0 fullscreen is true showWhenlocked is false
04-28 22:44:28.290  1553  1553 D KnoxTimeoutHandler: activityDrawn [MsgParam] userId: 0 fullscreen is true showWhenlocked is false
04-28 22:44:28.290  1553  1553 I KnoxTimeoutHandler: SD activityfalse
04-28 22:44:28.290  1553  1553 I KnoxTimeoutHandler: Fullscreen and mCurrent is not KNOX user. Hence hide keyguard
04-28 22:44:28.360 26178 26208 I qtaguid : Untagging socket 23
04-28 22:44:28.380 26178 26178 D Volley  : [1] Request.finish: 30346 ms: [ ] https://openapi.etsy.com/v2/apps/config?currency=GBP&region=GB&language=en&device_type=android&app_identifier=com.etsy.android&version=4.64.0&device_udid=mBhAZcZTRQeWfyUpja1OBw 0x5afaa006 NORMAL 1
04-28 22:44:28.420  1553  1826 I Timeline: Timeline: Activity_windows_visible id: ActivityRecord{2f8f952 u0 org.yaxim.androidclient/.MainWindow t15744} time:437109976
04-28 22:44:28.420  1553  1826 D CustomFrequencyManagerService: releaseDVFSLockLocked : Getting Lock type frm List : DVFS_MIN_LIMIT  frequency : 1190400  uid : 1000  pid : 1553  tag : ACTIVITY_RESUME_BOOSTER@10
04-28 22:44:28.420  1553  1826 D CustomFrequencyManagerService: FrequencyrequestList.getNextCStateDisableRequest, index: 0
04-28 22:44:28.420  1553  1826 D ActivityManager: mDVFSHelper.release()
04-28 22:44:28.430  1553  2290 D NetworkPolicy: isUidForegroundLocked: 10069, mScreenOn: true, uidstate: 6, mProxSensorScreenOff: false
04-28 22:44:28.430  1553  1734 D CustomFrequencyManagerService: acquireDVFSLockLocked : type : DVFS_MIN_LIMIT  frequency : 1190400  uid : 1000  pid : 1553  pkgName : ACTIVITY_RESUME_BOOSTER@18
04-28 22:44:28.440 26274 26274 D ViewRootImpl: #3 mView = null
04-28 22:44:28.440 26274 26328 I System.out: (HTTPLog)-Static: isSBSettingEnabled false
04-28 22:44:28.440 26274 26328 I System.out: (HTTPLog)-Static: isSBSettingEnabled false
04-28 22:44:28.540 26274 26325 I System.out: (HTTPLog)-Static: isSBSettingEnabled false
04-28 22:44:28.540 26274 26325 I System.out: (HTTPLog)-Static: isSBSettingEnabled false
04-28 22:44:28.580 26178 26211 I qtaguid : Untagging socket 29
04-28 22:44:28.580 26178 26178 D Volley  : [1] Request.finish: 30155 ms: [ ] https://openapi.etsy.com/etsyapps/v3/member/locale-preferences 0x5afaa006 NORMAL 2
04-28 22:44:28.650  2489  2489 D Recents : onTaskStackChanged
04-28 22:44:28.700 26274 26328 I System.out: (HTTPLog)-Static: isSBSettingEnabled false
04-28 22:44:28.700 26274 26328 I System.out: (HTTPLog)-Static: isSBSettingEnabled false
04-28 22:44:28.730  2349  2349 D StatusBar.NetworkController: onSignalStrengthsChanged signalStrength=SignalStrength: 99 99 -120 -160 -120 -1 -1 31 -77 -10 212 -1 2147483647 0x4000 gsm|lte level=4
04-28 22:44:28.730  2349  2349 D StatusBar.NetworkController: updateTelephonySignalStrength: hasService=true ss=SignalStrength: 99 99 -120 -160 -120 -1 -1 31 -77 -10 212 -1 2147483647 0x4000 gsm|lte
04-28 22:44:28.730  2349  2349 D StatusBar.NetworkController: updateTelephonySignalStrength: iconLevel=4
04-28 22:44:28.730  2349  2349 D StatusBar.NetworkController: updateTelephonySignalStrength, No signal level. mPhoneSignalIconId = com.android.systemui:drawable/stat_sys_signal_4_auto_rotate mDataSignalIconId = com.android.systemui:drawable/stat_sys_signal_4_auto_rotate mQSPhoneSignalIconId = com.android.systemui:drawable/ic_qs_signal_4 mContentDescriptionPhoneSignal = Phone signal full.
04-28 22:44:28.800 26178 26209 I qtaguid : Untagging socket 22
04-28 22:44:28.800 26178 26178 D Volley  : [1] Request.finish: 10075 ms: [ ] https://openapi.etsy.com/v2/apps/batch?language=en&region=GB&currency=GBP&commands=%5B%7B%22method%22%3A%22GET%22%2C%22uri%22%3A%22%5C%2Flocale%5C%2Fpreference%3Flanguage%3Den%26region%3DGB%26currency%3DGBP%22%2C%22name%22%3A%22locale_prefs%22%7D%2C%7B%22method%22%3A%22GET%22%2C%22uri%22%3A%22%5C%2Fusers%5C%2F__SELF__%3Flanguage%3Den%26region%3DGB%26currency%3DGBP%26fields%3Duser_id%252Clogin_name%252Cawaiting_feedback_count%252Cprimary_email%252Cuser_pub_key%26includes%3DProfile%2528image_url_75x75%252Ccity%252Cis_seller%252Cfirst_name%252Clast_name%252Clogin_name%2529%252FCountry%2528country_id%252Cname%2529%252CShops%2528shop_id%252Cshop_name%252Ccurrency_code%252Cicon_url_fullxfull%2529%252CAddresses%2528zip%252Ccountry_id%252Cis_default_shipping%2529%22%2C%22name%22%3A%22user%22%7D%5D 0x5afaa006 HIGH 5
04-28 22:44:28.830  2349  2349 D StatusBar.NetworkController: refreshViews connected={ wifi } level=4 combinedSignalIconId=0x7f020655/com.android.systemui:drawable/stat_sys_wifi_signal_4 mobileLabel=O2 - UK wifiLabel="VM348613-2G" emergencyOnly=false combinedLabel="VM348613-2G" mAirplaneMode=false mDataActivity=0 mPhoneSignalIconId=0x7f0205d0/com.android.systemui:drawable/stat_sys_signal_4_auto_rotate mQSPhoneSignalIconId=0x7f02015f/com.android.systemui:drawable/ic_qs_signal_4 mDataDirectionIconId=0x0/(null) mDataSignalIconId=0x7f0205d0/com.android.systemui:drawable/stat_sys_signal_4_auto_rotate mDataTypeIconId=0x7f020401/com.android.systemui:drawable/stat_sys_data_connected_4g mQSDataTypeIconId=0x7f020160/com.android.systemui:drawable/ic_qs_signal_4g mNoSimIconId=0x0/(null) mWifiIconId=0x7f020655/com.android.systemui:drawable/stat_sys_wifi_signal_4 mQSWifiIconId=0x7f020330/com.android.systemui:drawable/qs_tile_wifi_signal_4 mWifiActivityIconId=0x7f020603/com.android.systemui:drawable/stat_sys_signal_inout mBluetoothTetherIconId=0x7f02062c/com.android.systemui:drawable/stat_sys_tether_bluetooth
04-28 22:44:28.830  2349  2349 D StatusBar.NetworkController: refreshNwBoosterIndicator - setNWBoosterIndicators(false)
04-28 22:44:28.830  2349  2349 D StatusBar.NetworkController: refreshNwBoosterIndicator - setNWBoosterIndicators(false)
04-28 22:44:28.830  2349  2349 D StatusBar.NetworkController: refreshNwBoosterIndicator - setNWBoosterIndicators(false)
04-28 22:44:28.830  2349  2349 D StatusBar.NetworkController: refreshNwBoosterIndicator - setNWBoosterIndicators(false)
04-28 22:44:28.970 26274 26328 I System.out: (HTTPLog)-Static: isSBSettingEnabled false
04-28 22:44:28.970 26274 26328 I System.out: (HTTPLog)-Static: isSBSettingEnabled false
04-28 22:44:29.030  1553  1553 D CustomFrequencyManagerService: releaseDVFSLockLocked : Getting Lock type frm List : DVFS_MIN_LIMIT  frequency : 1190400  uid : 1000  pid : 1553  tag : ACTIVITY_RESUME_BOOSTER@18
04-28 22:44:29.030  1553  1553 D CustomFrequencyManagerService: FrequencyrequestList.getNextCStateDisableRequest, index: 0
04-28 22:44:29.310  1553  2198 D InputReader: Input event(4): value=1 when=437110863292000
04-28 22:44:29.310  1553  2198 I InputReader: Touch event's action is 0x0 (deviceType=0) [pCnt=1, s=0.19249 ] when=437110863292000
04-28 22:44:29.310  1553  2198 D InputReader: lastThreadEndTime = 437109060363151, currentThreadStartTime = 437109060366432, diff = 0
04-28 22:44:29.310  1553  2197 I InputDispatcher: Delivering touch to (26274): action: 0x4, toolType: 1
04-28 22:44:29.310  1553  2197 I InputDispatcher: Delivering touch to (2349): action: 0x4, toolType: 1
04-28 22:44:29.310  1553  2197 I InputDispatcher: Delivering touch to (25929): action: 0x0, toolType: 1
04-28 22:44:29.310 25929 25929 D ViewRootImpl: ViewPostImeInputStage processPointer 0
04-28 22:44:29.310  1553  4113 I NotificationService: cancelToast pkg=com.agilebits.onepassword callback=android.app.ITransientNotification$Stub$Proxy@f0e2638
04-28 22:44:29.320 26274 26274 D ViewRootImpl: #3 mView = null
04-28 22:44:29.330  1553  4090 D PowerManagerService: [api] [s] userActivity : event: 0 flags: 0 (uid: 1000 pid: 1553) eventTime = 437110881
04-28 22:44:29.330  1553  4090 D PowerManagerService: [api] release WakeLock flags=0x2000000a tag=WindowManager uid=1000 pid=1553 (0x0)
04-28 22:44:29.330  1553  4090 D PowerManagerService: [api] applyWakeLockFlagsOnReleaseLocked : userActivityNoUpdateLocked is called : SCREEN_BRIGHT_WAKE_LOCK        'WindowManager' ON_AFTER_RELEASE (uid=1000, pid=1553, ws=WorkSource{10069}) (elapsedTime=1258)
04-28 22:44:29.340 26274 26325 I System.out: (HTTPLog)-Static: isSBSettingEnabled false
04-28 22:44:29.340 26274 26325 I System.out: (HTTPLog)-Static: isSBSettingEnabled false
04-28 22:44:29.340  1553  4441 D ApplicationPolicy: isStatusBarNotificationAllowedAsUser: packageName = com.agilebits.onepassword,userId = 0
04-28 22:44:29.340  2349  2349 D StatusBar: ----- contentsUnchanged : true, bigContentsUnchanged - true, headsUpContentsUnchanged - true , publicUnchanged true
04-28 22:44:29.370  2349  2349 D PanelView: kidsfalse mQsExpansionEnabled:true
04-28 22:44:29.380  2349  2349 D PanelView: kidsfalse mQsExpansionEnabled:true
04-28 22:44:29.380 26274 26328 I System.out: (HTTPLog)-Static: isSBSettingEnabled false
04-28 22:44:29.380 26274 26328 I System.out: (HTTPLog)-Static: isSBSettingEnabled false
04-28 22:44:29.420  1553  2198 D InputReader: Input event(4): value=0 when=437110970622000
04-28 22:44:29.420  1553  2198 I InputReader: Touch event's action is 0x1 (deviceType=0) [pCnt=1, s=] when=437110970622000
04-28 22:44:29.420  1553  2197 I InputDispatcher: Delivering touch to (25929): action: 0x1, toolType: 1
04-28 22:44:29.430 25929 25929 D ViewRootImpl: ViewPostImeInputStage processPointer 1
04-28 22:44:29.440  1553  4441 D ApplicationPolicy: isStatusBarNotificationAllowedAsUser: packageName = android,userId = -1
04-28 22:44:29.440  1553  4442 V AudioService: AudioService playSoundEffect Type : 0, volume : -1.0
04-28 22:44:29.440  1553  2303 V AudioService: received MSG_PLAY_SOUND_EFFECT onPlaySoundEffect start
04-28 22:44:29.440   416 11953 I APM::AudioPolicyManager: getSituationVolume: isBTConnected:0 isHeadConnected:0
04-28 22:44:29.440  1553  1553 D MARsPolicyManager: NotificationListenerService OngoingNotificationPosted : android
04-28 22:44:29.450   416   416 W AudioPolicyIntefaceImpl: Skipped to add effects on session 12058
04-28 22:44:29.450   416   416 I APM::AudioPolicyManager: startOutput() output 4, stream 1, session 12058
04-28 22:44:29.450  1553  4298 D ApplicationPolicy: isStatusBarNotificationAllowedAsUser: packageName = android,userId = -1
04-28 22:44:29.450   416  2015 D audio_hw_primary: out_set_parameters: enter: usecase(1: low-latency-playback) kvpairs: routing=2
04-28 22:44:29.450   416  2015 V audio_hw_primary: select_devices: ENTER
04-28 22:44:29.450   416  2015 V audio_hw_primary: select_devices: usecase(normal)
04-28 22:44:29.450   416  2015 V audio_hw_primary: select_devices: usecase(PCM_PLAYBACK)
04-28 22:44:29.450   416  2015 V msm8974_platform: platform_get_output_snd_device: enter: output devices(0x2)
04-28 22:44:29.450   416  2015 V msm8974_platform: get_OUTPUT_snd_device: for Normal Playback
04-28 22:44:29.450   416  2015 V msm8974_platform: platform_get_output_snd_device: exit: snd_device(speaker)
04-28 22:44:29.450   416  2015 V audio_hw_primary: out_set_parameters: exit: code(0)
04-28 22:44:29.450   416  2015 D AudioFlinger: setCurDevice() 0x2
04-28 22:44:29.450  1553  1553 D InputMethodManagerService: [HARDWARE_KEYBOARD] (refreshImeWindowVis) mImeWindowVis= 3 inputVisible = truehaveHardKeyboard = false hardKeyShown = false
04-28 22:44:29.460   416  2010 D audio_hw_primary: adev_set_parameters: enter: TFA_SETVOLUME=15
04-28 22:44:29.460   416  2010 V voice   : voice_set_parameters: enter: TFA_SETVOLUME=15
04-28 22:44:29.460   416  2010 V voice   : voice_set_parameters: exit with code(-2)
04-28 22:44:29.460   416  2010 V msm8974_platform: platform_set_parameters: enter: TFA_SETVOLUME=15
04-28 22:44:29.460   416  2010 V msm8974_platform: platform_set_parameters: exit with code(-2)
04-28 22:44:29.460   416  2010 D audio_hw_hfp: audio_extn_hfp_set_parameters: enter
04-28 22:44:29.460   416  2010 V audio_hw_primary: adev_set_parameters: exit
04-28 22:44:29.460   345   345 I SurfaceFlinger: id=3376 createSurf (540x336),1 flag=4, JnputMethod
04-28 22:44:29.460   416  2010 D audio_hw_primary: adev_set_parameters: enter: TFA_SETVOLUME=15
04-28 22:44:29.460   416  2010 V voice   : voice_set_parameters: enter: TFA_SETVOLUME=15
04-28 22:44:29.460   416  2010 V voice   : voice_set_parameters: exit with code(-2)
04-28 22:44:29.460   416  2010 V msm8974_platform: platform_set_parameters: enter: TFA_SETVOLUME=15
04-28 22:44:29.460   416  2010 V msm8974_platform: platform_set_parameters: exit with code(-2)
04-28 22:44:29.460   416  2010 D audio_hw_hfp: audio_extn_hfp_set_parameters: enter
04-28 22:44:29.460   416  2010 V audio_hw_primary: adev_set_parameters: exit
04-28 22:44:29.460  1553  1553 D MARsPolicyManager: NotificationListenerService OngoingNotificationPosted : android
04-28 22:44:29.490   416  2015 D AudioFlinger: mixer(0xb0706008) throttle end: throttle time(4)
04-28 22:44:29.490  1553  2735 D ApplicationPolicy: isStatusBarNotificationAllowedAsUser: packageName = android,userId = -1
04-28 22:44:29.490 26274 26274 D ViewRootImpl: MSG_RESIZED_REPORT: ci=Rect(0, 0 - 0, 0) vi=Rect(0, 0 - 0, 0) or=1
04-28 22:44:29.490  1553  1553 D InputMethodManagerService: [HARDWARE_KEYBOARD] (refreshImeWindowVis) mImeWindowVis= 3 inputVisible = truehaveHardKeyboard = false hardKeyShown = false
04-28 22:44:29.500  1553  1553 D MARsPolicyManager: NotificationListenerService OngoingNotificationPosted : android
04-28 22:44:29.520  1553  2399 V WindowStateAnimator: Finishing drawing window Window{8ed2a01 u0 d0 p26274 InputMethod}: mDrawState=DRAW_PENDING
04-28 22:44:29.540 25929 25929 D ViewRootImpl: MSG_RESIZED: ci=Rect(0, 36 - 0, 0) vi=Rect(0, 36 - 0, 411) or=1
04-28 22:44:29.540 25929 25929 D ViewRootImpl: MSG_RESIZED: ci=Rect(0, 0 - 0, 0) vi=Rect(0, 0 - 0, 43) or=1
04-28 22:44:29.570  2349  2349 D KnoxNotification: ----- inflateViews : modified publicViewLocal -----
04-28 22:44:29.580  2349  2349 D KnoxNotification: ----- inflateViews : modified KnoxViewLocal -----
04-28 22:44:29.600  2349  2349 D PanelView: kidsfalse mQsExpansionEnabled:true
04-28 22:44:29.600   416  2011 I APM::AudioPolicyManager: stopOutput() output 4, stream 1, session 12058
04-28 22:44:29.610  2349  2349 D PanelView: kidsfalse mQsExpansionEnabled:true
04-28 22:44:29.610  2349  2349 D StatusBar: ----- contentsUnchanged : true, bigContentsUnchanged - true, headsUpContentsUnchanged - true , publicUnchanged true
04-28 22:44:29.610  2349  2349 D BatteryMeterView: onDraw batteryColor : -1107296257
04-28 22:44:29.620 26274 26328 I System.out: (HTTPLog)-Static: isSBSettingEnabled false
04-28 22:44:29.620 26274 26328 I System.out: (HTTPLog)-Static: isSBSettingEnabled false
04-28 22:44:29.620  2349  2349 D PanelView: kidsfalse mQsExpansionEnabled:true
04-28 22:44:29.630  2349  2349 D PanelView: kidsfalse mQsExpansionEnabled:true
04-28 22:44:29.640  2349  2349 D StatusBar: ----- contentsUnchanged : true, bigContentsUnchanged - true, headsUpContentsUnchanged - true , publicUnchanged true
04-28 22:44:29.650  2349  2349 D PanelView: kidsfalse mQsExpansionEnabled:true
04-28 22:44:29.660  2349  2349 D PanelView: kidsfalse mQsExpansionEnabled:true
04-28 22:44:29.740 26274 26328 I System.out: (HTTPLog)-Static: isSBSettingEnabled false
04-28 22:44:29.740 26274 26328 I System.out: (HTTPLog)-Static: isSBSettingEnabled false
04-28 22:44:29.800  1553  6841 D SSRM:s  : SIOP:: AP = 440, CP = 31, LCD = 6
04-28 22:44:29.800  1553  6841 D K       : broadcastSiopLevelIntent:: currentSiopLevel = 0
04-28 22:44:29.810  1553  6841 D ConnectivityService: returning getNetworkInfo for network type 1 : [type: WIFI[] - WIFI, state: CONNECTED/CONNECTED, reason: (unspecified), extra: "VM348613-2G", roaming: false, failover: false, isAvailable: true]
04-28 22:44:29.810  1553  1734 D MountService: getExternalStorageMountMode : 1
04-28 22:44:29.810  1553  1734 D MountService: getExternalStorageMountMode : 3
04-28 22:44:29.810  1553  1734 D MountService: getExternalStorageMountMode : final mountMode=1, uid : 10043, packageName : com.sec.android.app.videoplayer
04-28 22:44:29.820 22808 22808 D ContentApp:  LEVEL : 0
04-28 22:44:29.830 26357 26357 E Zygote  : v2
04-28 22:44:29.830 26357 26357 I libpersona: KNOX_SDCARD checking this for 10043
04-28 22:44:29.830 26357 26357 I libpersona: KNOX_SDCARD not a persona
04-28 22:44:29.840 26357 26357 I SELinux : Function: selinux_compare_spd_ram, index[1], SPD-policy is existed. and_ver=SEPF_SM-A300FU_5.0.2-1 ver=51
04-28 22:44:29.840 26357 26357 W SELinux : Function: selinux_compare_spd_ram, index[1], priority [2], priority version is VE=SEPF_SECMOBILE_6.0.1_0020
04-28 22:44:29.840  1553  1734 I ActivityManager: Start proc 26357:com.sec.android.app.videoplayer/u0a43 for broadcast-3 com.sec.android.app.videoplayer/.videowall.TranscodeReceiver
04-28 22:44:29.840  1553  2290 D NetworkPolicy: isUidForegroundLocked: 10043, mScreenOn: true, uidstate: -1, mProxSensorScreenOff: false
04-28 22:44:29.850 26357 26357 W SELinux : SELinux: seapp_context_lookup: seinfo=platform, level=s0:c512,c768, pkgname=com.sec.android.app.videoplayer 
04-28 22:44:29.850   345   528 I SurfaceFlinger: id=3375 Removed Uoast (10/10)
04-28 22:44:29.850   345 10596 I SurfaceFlinger: id=3375 Removed Uoast (-2/10)
04-28 22:44:29.870  1553  6841 D SSRM:P  : reading: 44 44 0
04-28 22:44:29.930  2349  2349 D StatusBar.NetworkController: onSignalStrengthsChanged signalStrength=SignalStrength: 99 99 -120 -160 -120 -1 -1 31 -77 -10 192 -1 2147483647 0x4000 gsm|lte level=4
04-28 22:44:29.930  2349  2349 D StatusBar.NetworkController: updateTelephonySignalStrength: hasService=true ss=SignalStrength: 99 99 -120 -160 -120 -1 -1 31 -77 -10 192 -1 2147483647 0x4000 gsm|lte
04-28 22:44:29.930  2349  2349 D StatusBar.NetworkController: updateTelephonySignalStrength: iconLevel=4
04-28 22:44:29.930  2349  2349 D StatusBar.NetworkController: updateTelephonySignalStrength, No signal level. mPhoneSignalIconId = com.android.systemui:drawable/stat_sys_signal_4_auto_rotate mDataSignalIconId = com.android.systemui:drawable/stat_sys_signal_4_auto_rotate mQSPhoneSignalIconId = com.android.systemui:drawable/ic_qs_signal_4 mContentDescriptionPhoneSignal = Phone signal full.
04-28 22:44:29.960 26274 26325 I System.out: (HTTPLog)-Static: isSBSettingEnabled false
04-28 22:44:29.960 26274 26325 I System.out: (HTTPLog)-Static: isSBSettingEnabled false
04-28 22:44:29.970 26274 26328 I System.out: (HTTPLog)-Static: isSBSettingEnabled false
04-28 22:44:29.970 26274 26328 I System.out: (HTTPLog)-Static: isSBSettingEnabled false
04-28 22:44:29.970   401  2000 D EnterpriseController: netId is 0
04-28 22:44:29.970   401  2000 D Netd    : getNetworkForDns: using netid 740 for uid 10069
04-28 22:44:30.020 26357 26357 D TimaKeyStoreProvider: TimaSignature is unavailable
04-28 22:44:30.020 26357 26357 D ActivityThread: Added TimaKeyStore provider
04-28 22:44:30.030  1553  4402 V BroadcastQueue: [background] Process cur broadcast BroadcastRecord{7957b4e u-1 android.intent.action.CHECK_SIOP_LEVEL qIdx=4}, state= (APP_RECEIVE) DELIVERED for app ProcessRecord{1ffe649 26357:com.sec.android.app.videoplayer/u0a43}
04-28 22:44:30.040  2349  2349 D StatusBar.NetworkController: refreshViews connected={ wifi } level=4 combinedSignalIconId=0x7f020655/com.android.systemui:drawable/stat_sys_wifi_signal_4 mobileLabel=O2 - UK wifiLabel="VM348613-2G" emergencyOnly=false combinedLabel="VM348613-2G" mAirplaneMode=false mDataActivity=0 mPhoneSignalIconId=0x7f0205d0/com.android.systemui:drawable/stat_sys_signal_4_auto_rotate mQSPhoneSignalIconId=0x7f02015f/com.android.systemui:drawable/ic_qs_signal_4 mDataDirectionIconId=0x0/(null) mDataSignalIconId=0x7f0205d0/com.android.systemui:drawable/stat_sys_signal_4_auto_rotate mDataTypeIconId=0x7f020401/com.android.systemui:drawable/stat_sys_data_connected_4g mQSDataTypeIconId=0x7f020160/com.android.systemui:drawable/ic_qs_signal_4g mNoSimIconId=0x0/(null) mWifiIconId=0x7f020655/com.android.systemui:drawable/stat_sys_wifi_signal_4 mQSWifiIconId=0x7f020330/com.android.systemui:drawable/qs_tile_wifi_signal_4 mWifiActivityIconId=0x7f020603/com.android.systemui:drawable/stat_sys_signal_inout mBluetoothTetherIconId=0x7f02062c/com.android.systemui:drawable/stat_sys_tether_bluetooth
04-28 22:44:30.040  2349  2349 D StatusBar.NetworkController: refreshNwBoosterIndicator - setNWBoosterIndicators(false)
04-28 22:44:30.040  2349  2349 D StatusBar.NetworkController: refreshNwBoosterIndicator - setNWBoosterIndicators(false)
04-28 22:44:30.040  2349  2349 D StatusBar.NetworkController: refreshNwBoosterIndicator - setNWBoosterIndicators(false)
04-28 22:44:30.040  2349  2349 D StatusBar.NetworkController: refreshNwBoosterIndicator - setNWBoosterIndicators(false)
04-28 22:44:30.040  1553  2290 D NetworkPolicy: isUidForegroundLocked: 10069, mScreenOn: true, uidstate: 3, mProxSensorScreenOff: false
04-28 22:44:30.040  1553  2290 D NetworkPolicy: isUidForegroundLocked: 10043, mScreenOn: true, uidstate: 11, mProxSensorScreenOff: false
04-28 22:44:30.110 26274 26328 I System.out: (HTTPLog)-Static: isSBSettingEnabled false
04-28 22:44:30.110 26274 26328 I System.out: (HTTPLog)-Static: isSBSettingEnabled false
04-28 22:44:30.150 26357 26357 W System  : ClassLoader referenced unknown path: /system/priv-app/SecVideoPlayer/lib/arm
04-28 22:44:30.220 26357 26366 W art     : Suspending all threads took: 5.879ms
04-28 22:44:30.220  1553  2198 D InputReader: Input event(4): value=1 when=437111774270000
04-28 22:44:30.220  1553  2198 I InputReader: Touch event's action is 0x0 (deviceType=0) [pCnt=1, s=0.19250 ] when=437111774270000
04-28 22:44:30.220  1553  2198 D InputReader: lastThreadEndTime = 437110970868879, currentThreadStartTime = 437110970872004, diff = 0
04-28 22:44:30.220  1553  2197 I InputDispatcher: Delivering touch to (2349): action: 0x4, toolType: 1
04-28 22:44:30.220  1553  2197 I InputDispatcher: Delivering touch to (26274): action: 0x0, toolType: 1
04-28 22:44:30.220 26274 26274 D ViewRootImpl: ViewPostImeInputStage processPointer 0
04-28 22:44:30.280  1553  2198 D InputReader: Input event(4): value=0 when=437111837766000
04-28 22:44:30.280  1553  2198 I InputReader: Touch event's action is 0x1 (deviceType=0) [pCnt=1, s=] when=437111837766000
04-28 22:44:30.280  1553  2197 I InputDispatcher: Delivering touch to (26274): action: 0x1, toolType: 1
04-28 22:44:30.280 26274 26274 D ViewRootImpl: ViewPostImeInputStage processPointer 1
04-28 22:44:30.280  1553  4402 V AudioService: AudioService playSoundEffect Type : 0, volume : -1.0
04-28 22:44:30.280  1553  2303 V AudioService: received MSG_PLAY_SOUND_EFFECT onPlaySoundEffect start
04-28 22:44:30.280   416  2021 I APM::AudioPolicyManager: getSituationVolume: isBTConnected:0 isHeadConnected:0
04-28 22:44:30.290   416  5390 W AudioPolicyIntefaceImpl: Skipped to add effects on session 12059
04-28 22:44:30.290   416  5390 I APM::AudioPolicyManager: startOutput() output 4, stream 1, session 12059
04-28 22:44:30.290   416  2015 D audio_hw_primary: out_set_parameters: enter: usecase(1: low-latency-playback) kvpairs: routing=2
04-28 22:44:30.290   416  2015 V audio_hw_primary: select_devices: ENTER
04-28 22:44:30.290   416  2015 V audio_hw_primary: select_devices: usecase(normal)
04-28 22:44:30.290   416  2015 V audio_hw_primary: select_devices: usecase(PCM_PLAYBACK)
04-28 22:44:30.290   416  2015 V msm8974_platform: platform_get_output_snd_device: enter: output devices(0x2)
04-28 22:44:30.290   416  2015 V msm8974_platform: get_OUTPUT_snd_device: for Normal Playback
04-28 22:44:30.290   416  2015 V msm8974_platform: platform_get_output_snd_device: exit: snd_device(speaker)
04-28 22:44:30.290   416  2015 V audio_hw_primary: out_set_parameters: exit: code(0)
04-28 22:44:30.290   416  2015 D AudioFlinger: setCurDevice() 0x2
04-28 22:44:30.290   416  2010 D audio_hw_primary: adev_set_parameters: enter: TFA_SETVOLUME=15
04-28 22:44:30.290   416  2010 V voice   : voice_set_parameters: enter: TFA_SETVOLUME=15
04-28 22:44:30.290   416  2010 V voice   : voice_set_parameters: exit with code(-2)
04-28 22:44:30.290   416  2010 V msm8974_platform: platform_set_parameters: enter: TFA_SETVOLUME=15
04-28 22:44:30.290   416  2010 V msm8974_platform: platform_set_parameters: exit with code(-2)
04-28 22:44:30.290   416  2010 D audio_hw_hfp: audio_extn_hfp_set_parameters: enter
04-28 22:44:30.290   416  2010 V audio_hw_primary: adev_set_parameters: exit
04-28 22:44:30.300   416  2010 D audio_hw_primary: adev_set_parameters: enter: TFA_SETVOLUME=15
04-28 22:44:30.300   416  2010 V voice   : voice_set_parameters: enter: TFA_SETVOLUME=15
04-28 22:44:30.300   416  2010 V voice   : voice_set_parameters: exit with code(-2)
04-28 22:44:30.300   416  2010 V msm8974_platform: platform_set_parameters: enter: TFA_SETVOLUME=15
04-28 22:44:30.300   416  2010 V msm8974_platform: platform_set_parameters: exit with code(-2)
04-28 22:44:30.300   416  2010 D audio_hw_hfp: audio_extn_hfp_set_parameters: enter
04-28 22:44:30.300   416  2010 V audio_hw_primary: adev_set_parameters: exit
04-28 22:44:30.310 26274 26325 I System.out: (HTTPLog)-Static: isSBSettingEnabled false
04-28 22:44:30.310 26274 26325 I System.out: (HTTPLog)-Static: isSBSettingEnabled false
04-28 22:44:30.320  1553  4091 D ApplicationPolicy: isStatusBarNotificationAllowedAsUser: packageName = com.agilebits.onepassword,userId = 0
04-28 22:44:30.320  2349  2349 D StatusBar: ----- contentsUnchanged : true, bigContentsUnchanged - true, headsUpContentsUnchanged - true , publicUnchanged true
04-28 22:44:30.330 26274 26328 I System.out: (HTTPLog)-Static: isSBSettingEnabled false
04-28 22:44:30.330 26274 26328 I System.out: (HTTPLog)-Static: isSBSettingEnabled false
04-28 22:44:30.330   416  2015 D AudioFlinger: mixer(0xb0706008) throttle end: throttle time(4)
04-28 22:44:30.330  2349  2349 D PanelView: kidsfalse mQsExpansionEnabled:true
04-28 22:44:30.340  2349  2349 D PanelView: kidsfalse mQsExpansionEnabled:true
04-28 22:44:30.400 25929 25929 D ViewRootImpl: #1 mView = android.widget.PopupWindow$PopupDecorView{3742b24 V.E...... ......I. 0,0-0,0}
04-28 22:44:30.410 26357 26357 E TranscodeReceiver: onReceive : android.intent.action.CHECK_SIOP_LEVEL
04-28 22:44:30.420 26357 26357 D videowall-Global: core_num = 4
04-28 22:44:30.440   416  2011 I APM::AudioPolicyManager: stopOutput() output 4, stream 1, session 12059
04-28 22:44:30.440 26357 26357 W linker  : /system/lib/libvwengine.so has text relocations. This is wasting memory and prevents security hardening. Please fix.
04-28 22:44:30.470 25929 25929 D ViewRootImpl: #3 mView = null
04-28 22:44:30.540 26357 26357 D videowall-Global: density : 1.5 width : 540 height : 960 Raw width : 540 Raw height : 960
04-28 22:44:30.540 26357 26357 D videowall-Global: dsp : 540, swkey : false, Cores : 4, Clock : 0
04-28 22:44:30.550 26274 26328 I System.out: (HTTPLog)-Static: isSBSettingEnabled false
04-28 22:44:30.550 26274 26328 I System.out: (HTTPLog)-Static: isSBSettingEnabled false
04-28 22:44:30.590   342   342 E lowmemorykiller: Error writing /proc/26000/oom_score_adj; errno=22
04-28 22:44:30.590  1553  4113 I ActivityManager: Killing 26000:com.sec.android.app.samsungapps/u0a10 (adj 13): DHA:empty #9
04-28 22:44:30.640 24068 24083 I System.out: stts calls detatch()
04-28 22:44:30.690  1553  2399 D ActivityManager: removeProcessNameLocked mProcessNames.remove pid=26000 ,hash=27491338 ,name=com.sec.android.app.samsungapps
04-28 22:44:30.710 26274 26325 I System.out: (HTTPLog)-Static: isSBSettingEnabled false
04-28 22:44:30.710 26274 26325 I System.out: (HTTPLog)-Static: isSBSettingEnabled false
04-28 22:44:30.720  1553  2399 W ContextImpl: Calling a method in the system process without a qualified user: android.app.ContextImpl.sendBroadcast:843 com.android.server.am.ActivityManagerService.updateOomAdjLocked:27516 com.android.server.am.ActivityManagerService.appDiedLocked:7892 com.android.server.am.ActivityManagerService$AppDeathRecipient.binderDied:1937 android.os.BinderProxy.sendDeathNotice:558 
04-28 22:44:30.730 24068 24083 I System.out: Thread-35281(ApacheHTTPLog):isSBSettingEnabled false
04-28 22:44:30.730 24068 24083 I System.out: Thread-35281(ApacheHTTPLog):isShipBuild true
04-28 22:44:30.730 24068 24083 I System.out: Thread-35281(ApacheHTTPLog):getDebugLevel 0x4f4c
04-28 22:44:30.730 24068 24083 I System.out: Thread-35281(ApacheHTTPLog):Smart Bonding Setting is false
04-28 22:44:30.730 24068 24083 I System.out: Thread-35281(ApacheHTTPLog):SmartBonding Setting is false, SHIP_BUILD is true, log to file is false, DBG is false, DEBUG_LEVEL (1-LOW, 2-MID, 3-HIGH) is 1
04-28 22:44:30.730   401  2000 D EnterpriseController: netId is 0
04-28 22:44:30.730   401  2000 D Netd    : getNetworkForDns: using netid 740 for uid 10254
04-28 22:44:30.730  1553  4402 D ConnectivityService: returning Blocked NetworkInfo for ifname=wlan0, uid=10254
04-28 22:44:30.770 26274 26328 I System.out: (HTTPLog)-Static: isSBSettingEnabled false
04-28 22:44:30.770 26274 26328 I System.out: (HTTPLog)-Static: isSBSettingEnabled false
04-28 22:44:30.900  1553  2198 D InputReader: Input event(4): value=1 when=437112457647000
04-28 22:44:30.900  1553  2198 I InputReader: Touch event's action is 0x0 (deviceType=0) [pCnt=1, s=0.19251 ] when=437112457647000
04-28 22:44:30.900  1553  2198 D InputReader: lastThreadEndTime = 437111838020962, currentThreadStartTime = 437111838024035, diff = 0
04-28 22:44:30.900  1553  2197 I InputDispatcher: Delivering touch to (2349): action: 0x4, toolType: 1
04-28 22:44:30.900  1553  2197 I InputDispatcher: Delivering touch to (25929): action: 0x0, toolType: 1
04-28 22:44:30.900 25929 25929 D ViewRootImpl: ViewPostImeInputStage processPointer 0
04-28 22:44:31.010  1553  2198 D InputReader: Input event(4): value=0 when=437112564243000
04-28 22:44:31.010  1553  2198 I InputReader: Touch event's action is 0x1 (deviceType=0) [pCnt=1, s=] when=437112564243000
04-28 22:44:31.010  1553  2197 I InputDispatcher: Delivering touch to (25929): action: 0x1, toolType: 1
04-28 22:44:31.010 25929 25929 D ViewRootImpl: ViewPostImeInputStage processPointer 1
04-28 22:44:31.020  1553  1553 D InputMethodManagerService: [HARDWARE_KEYBOARD] (refreshImeWindowVis) mImeWindowVis= 3 inputVisible = truehaveHardKeyboard = false hardKeyShown = false
04-28 22:44:31.030  1553  1576 D ApplicationPolicy: isStatusBarNotificationAllowedAsUser: packageName = android,userId = -1
04-28 22:44:31.040  1553  2171 D ApplicationPolicy: isStatusBarNotificationAllowedAsUser: packageName = android,userId = -1
04-28 22:44:31.040  1553  1553 D InputMethodManagerService: [HARDWARE_KEYBOARD] (refreshImeWindowVis) mImeWindowVis= 3 inputVisible = truehaveHardKeyboard = false hardKeyShown = false
04-28 22:44:31.040  1553  1553 D MARsPolicyManager: NotificationListenerService OngoingNotificationPosted : android
04-28 22:44:31.050  1553  1553 D MARsPolicyManager: NotificationListenerService OngoingNotificationPosted : android
04-28 22:44:31.060  2349  2349 D StatusBar: ----- contentsUnchanged : true, bigContentsUnchanged - true, headsUpContentsUnchanged - true , publicUnchanged true
04-28 22:44:31.060 26274 26328 I System.out: (HTTPLog)-Static: isSBSettingEnabled false
04-28 22:44:31.070 26274 26328 I System.out: (HTTPLog)-Static: isSBSettingEnabled false
04-28 22:44:31.070  1553  4441 D ApplicationPolicy: isStatusBarNotificationAllowedAsUser: packageName = com.agilebits.onepassword,userId = 0
04-28 22:44:31.080  2349  2349 D PanelView: kidsfalse mQsExpansionEnabled:true
04-28 22:44:31.080  1553  4113 D ApplicationPolicy: isStatusBarNotificationAllowedAsUser: packageName = com.agilebits.onepassword,userId = 0
04-28 22:44:31.090  1553  4444 D ApplicationPolicy: isStatusBarNotificationAllowedAsUser: packageName = com.agilebits.onepassword,userId = 0
04-28 22:44:31.100  2349  2349 D PanelView: kidsfalse mQsExpansionEnabled:true
04-28 22:44:31.100  2349  2349 D StatusBar: ----- contentsUnchanged : true, bigContentsUnchanged - true, headsUpContentsUnchanged - true , publicUnchanged true
04-28 22:44:31.110  2349  2349 D PanelView: kidsfalse mQsExpansionEnabled:true
04-28 22:44:31.110  2349  2349 D PanelView: kidsfalse mQsExpansionEnabled:true
04-28 22:44:31.120  2349  2349 D StatusBar: ----- contentsUnchanged : true, bigContentsUnchanged - true, headsUpContentsUnchanged - true , publicUnchanged true
04-28 22:44:31.120  2349  2349 D PanelView: kidsfalse mQsExpansionEnabled:true
04-28 22:44:31.130  2349  2349 D PanelView: kidsfalse mQsExpansionEnabled:true
04-28 22:44:31.140  2349  2349 D StatusBar: ----- contentsUnchanged : true, bigContentsUnchanged - true, headsUpContentsUnchanged - true , publicUnchanged true
04-28 22:44:31.150  2349  2349 D PanelView: kidsfalse mQsExpansionEnabled:true
04-28 22:44:31.160 26274 26325 I System.out: (HTTPLog)-Static: isSBSettingEnabled false
04-28 22:44:31.160 26274 26325 I System.out: (HTTPLog)-Static: isSBSettingEnabled false
04-28 22:44:31.160  2349  2349 D PanelView: kidsfalse mQsExpansionEnabled:true
04-28 22:44:31.160  2349  2349 D StatusBar: ----- contentsUnchanged : true, bigContentsUnchanged - true, headsUpContentsUnchanged - true , publicUnchanged true
04-28 22:44:31.170  2349  2349 D PanelView: kidsfalse mQsExpansionEnabled:true
04-28 22:44:31.180  2349  2349 D PanelView: kidsfalse mQsExpansionEnabled:true
04-28 22:44:31.290 26274 26328 I System.out: (HTTPLog)-Static: isSBSettingEnabled false
04-28 22:44:31.290 26274 26328 I System.out: (HTTPLog)-Static: isSBSettingEnabled false
04-28 22:44:31.530 26274 26328 I System.out: (HTTPLog)-Static: isSBSettingEnabled false
04-28 22:44:31.530 26274 26328 I System.out: (HTTPLog)-Static: isSBSettingEnabled false
04-28 22:44:31.730  2349  2349 D StatusBar.NetworkController: onSignalStrengthsChanged signalStrength=SignalStrength: 99 99 -120 -160 -120 -1 -1 31 -77 -10 146 -1 2147483647 0x4000 gsm|lte level=4
04-28 22:44:31.730  2349  2349 D StatusBar.NetworkController: updateTelephonySignalStrength: hasService=true ss=SignalStrength: 99 99 -120 -160 -120 -1 -1 31 -77 -10 146 -1 2147483647 0x4000 gsm|lte
04-28 22:44:31.730  2349  2349 D StatusBar.NetworkController: updateTelephonySignalStrength: iconLevel=4
04-28 22:44:31.730  2349  2349 D StatusBar.NetworkController: updateTelephonySignalStrength, No signal level. mPhoneSignalIconId = com.android.systemui:drawable/stat_sys_signal_4_auto_rotate mDataSignalIconId = com.android.systemui:drawable/stat_sys_signal_4_auto_rotate mQSPhoneSignalIconId = com.android.systemui:drawable/ic_qs_signal_4 mContentDescriptionPhoneSignal = Phone signal full.
04-28 22:44:31.810  1553  2198 D InputReader: Input event(4): value=1 when=437113367996000
04-28 22:44:31.810  1553  2198 I InputReader: Touch event's action is 0x0 (deviceType=0) [pCnt=1, s=0.19252 ] when=437113367996000
04-28 22:44:31.810  1553  2198 D InputReader: lastThreadEndTime = 437112564472993, currentThreadStartTime = 437112564476587, diff = 0
04-28 22:44:31.810  1553  2197 I InputDispatcher: Delivering touch to (2349): action: 0x4, toolType: 1
04-28 22:44:31.810  1553  2197 I InputDispatcher: Delivering touch to (26274): action: 0x0, toolType: 1
04-28 22:44:31.810 26274 26274 D ViewRootImpl: ViewPostImeInputStage processPointer 0
04-28 22:44:31.830  2349  2349 D StatusBar.NetworkController: refreshViews connected={ wifi } level=4 combinedSignalIconId=0x7f020655/com.android.systemui:drawable/stat_sys_wifi_signal_4 mobileLabel=O2 - UK wifiLabel="VM348613-2G" emergencyOnly=false combinedLabel="VM348613-2G" mAirplaneMode=false mDataActivity=0 mPhoneSignalIconId=0x7f0205d0/com.android.systemui:drawable/stat_sys_signal_4_auto_rotate mQSPhoneSignalIconId=0x7f02015f/com.android.systemui:drawable/ic_qs_signal_4 mDataDirectionIconId=0x0/(null) mDataSignalIconId=0x7f0205d0/com.android.systemui:drawable/stat_sys_signal_4_auto_rotate mDataTypeIconId=0x7f020401/com.android.systemui:drawable/stat_sys_data_connected_4g mQSDataTypeIconId=0x7f020160/com.android.systemui:drawable/ic_qs_signal_4g mNoSimIconId=0x0/(null) mWifiIconId=0x7f020655/com.android.systemui:drawable/stat_sys_wifi_signal_4 mQSWifiIconId=0x7f020330/com.android.systemui:drawable/qs_tile_wifi_signal_4 mWifiActivityIconId=0x7f020603/com.android.systemui:drawable/stat_sys_signal_inout mBluetoothTetherIconId=0x7f02062c/com.android.systemui:drawable/stat_sys_tether_bluetooth
04-28 22:44:31.830  2349  2349 D StatusBar.NetworkController: refreshNwBoosterIndicator - setNWBoosterIndicators(false)
04-28 22:44:31.830  2349  2349 D StatusBar.NetworkController: refreshNwBoosterIndicator - setNWBoosterIndicators(false)
04-28 22:44:31.830  2349  2349 D StatusBar.NetworkController: refreshNwBoosterIndicator - setNWBoosterIndicators(false)
04-28 22:44:31.830  2349  2349 D StatusBar.NetworkController: refreshNwBoosterIndicator - setNWBoosterIndicators(false)
04-28 22:44:31.900  1553  2198 D InputReader: Input event(4): value=0 when=437113450107000
04-28 22:44:31.900  1553  2198 I InputReader: Touch event's action is 0x1 (deviceType=0) [pCnt=1, s=] when=437113450107000
04-28 22:44:31.900  1553  2197 I InputDispatcher: Delivering touch to (26274): action: 0x1, toolType: 1
04-28 22:44:31.900 26274 26274 D ViewRootImpl: ViewPostImeInputStage processPointer 1
04-28 22:44:31.900  1553  4441 V AudioService: AudioService playSoundEffect Type : 0, volume : -1.0
04-28 22:44:31.900  1553  2303 V AudioService: received MSG_PLAY_SOUND_EFFECT onPlaySoundEffect start
04-28 22:44:31.900   416  5390 I APM::AudioPolicyManager: getSituationVolume: isBTConnected:0 isHeadConnected:0
04-28 22:44:31.900   416  2021 W AudioPolicyIntefaceImpl: Skipped to add effects on session 12060
04-28 22:44:31.900   416  2021 I APM::AudioPolicyManager: startOutput() output 4, stream 1, session 12060
04-28 22:44:31.910   416  2015 D audio_hw_primary: out_set_parameters: enter: usecase(1: low-latency-playback) kvpairs: routing=2
04-28 22:44:31.910   416  2015 V audio_hw_primary: select_devices: ENTER
04-28 22:44:31.910   416  2015 V audio_hw_primary: select_devices: usecase(normal)
04-28 22:44:31.910   416  2015 V audio_hw_primary: select_devices: usecase(PCM_PLAYBACK)
04-28 22:44:31.910   416  2015 V msm8974_platform: platform_get_output_snd_device: enter: output devices(0x2)
04-28 22:44:31.910   416  2015 V msm8974_platform: get_OUTPUT_snd_device: for Normal Playback
04-28 22:44:31.910   416  2015 V msm8974_platform: platform_get_output_snd_device: exit: snd_device(speaker)
04-28 22:44:31.910   416  2015 V audio_hw_primary: out_set_parameters: exit: code(0)
04-28 22:44:31.910   416  2015 D AudioFlinger: setCurDevice() 0x2
04-28 22:44:31.910   416  2010 D audio_hw_primary: adev_set_parameters: enter: TFA_SETVOLUME=15
04-28 22:44:31.910   416  2010 V voice   : voice_set_parameters: enter: TFA_SETVOLUME=15
04-28 22:44:31.910   416  2010 V voice   : voice_set_parameters: exit with code(-2)
04-28 22:44:31.910   416  2010 V msm8974_platform: platform_set_parameters: enter: TFA_SETVOLUME=15
04-28 22:44:31.910   416  2010 V msm8974_platform: platform_set_parameters: exit with code(-2)
04-28 22:44:31.910   416  2010 D audio_hw_hfp: audio_extn_hfp_set_parameters: enter
04-28 22:44:31.910   416  2010 V audio_hw_primary: adev_set_parameters: exit
04-28 22:44:31.920   416  2010 D audio_hw_primary: adev_set_parameters: enter: TFA_SETVOLUME=15
04-28 22:44:31.920   416  2010 V voice   : voice_set_parameters: enter: TFA_SETVOLUME=15
04-28 22:44:31.920   416  2010 V voice   : voice_set_parameters: exit with code(-2)
04-28 22:44:31.920   416  2010 V msm8974_platform: platform_set_parameters: enter: TFA_SETVOLUME=15
04-28 22:44:31.920   416  2010 V msm8974_platform: platform_set_parameters: exit with code(-2)
04-28 22:44:31.920   416  2010 D audio_hw_hfp: audio_extn_hfp_set_parameters: enter
04-28 22:44:31.920   416  2010 V audio_hw_primary: adev_set_parameters: exit
04-28 22:44:31.950   416  2015 D AudioFlinger: mixer(0xb0706008) throttle end: throttle time(4)
04-28 22:44:32.020  1553  4419 D ApplicationPolicy: isStatusBarNotificationAllowedAsUser: packageName = com.agilebits.onepassword,userId = 0
04-28 22:44:32.030 26274 26325 I System.out: (HTTPLog)-Static: isSBSettingEnabled false
04-28 22:44:32.030 26274 26325 I System.out: (HTTPLog)-Static: isSBSettingEnabled false
04-28 22:44:32.030  2349  2349 D StatusBar: ----- contentsUnchanged : true, bigContentsUnchanged - true, headsUpContentsUnchanged - true , publicUnchanged true
