* daemon not running. starting it now on port 5037 *
* daemon started successfully *
--------- beginning of system
04-28 22:47:00.890  1553  1553 D MotionRecognitionService:   cableConnection= 1
04-28 22:47:00.890  1553  1553 D MotionRecognitionService: setPowerConnected | current backoff  = 5120 , state =5120
04-28 22:47:00.890  1553  1553 D MotionRecognitionService: skip setTransmitPower. 
04-28 22:47:00.910  2349  2349 D BatteryMeterView: ACTION_BATTERY_CHANGED : level:65 status:2 health:2
04-28 22:47:00.910  2349  2349 D BatteryMeterView: ACTION_BATTERY_CHANGED : level:65 status:2 health:2
04-28 22:47:00.910  2349  2349 D BatteryMeterView: ACTION_BATTERY_CHANGED : level:65 status:2 health:2
04-28 22:47:00.910  2349  2349 D SViewCoverView: BroadcastReceiver onReceive() : action : android.intent.action.BATTERY_CHANGED
04-28 22:47:00.910  2349  2349 D SViewCoverView: level :65 plugged : 2
04-28 22:47:00.920  1553  1553 D GameManagerService: new battery level: 65
04-28 22:47:01.090  1553  4402 V BroadcastQueue: [background] Process cur broadcast BroadcastRecord{47d196e u0 com.google.android.gms.udc.action.SETTING_CHANGED qIdx=4}, state= (APP_RECEIVE) DELIVERED for app ProcessRecord{c4f2372 27134:com.google.android.googlequicksearchbox:search/u0a49}
04-28 22:47:01.090  1553  4091 I ActivityManager: Killing 1759:com.android.chrome/u0a78 (adj 13): DHA:empty #9
04-28 22:47:01.090  1553  4091 V BroadcastQueue: [background] Process cur broadcast BroadcastRecord{17880f u0 com.google.android.gms.gcm.ACTION_SCHEDULE qIdx=4}, state= (APP_RECEIVE) DELIVERED for app ProcessRecord{90092e4 10053:com.google.android.gms.persistent/u0a12}
04-28 22:47:01.150  1553  4442 V BroadcastQueue: [background] Process cur broadcast BroadcastRecord{7f93a88 u0 com.google.android.gms.gcm.ACTION_SCHEDULE qIdx=4}, state= (APP_RECEIVE) DELIVERED for app ProcessRecord{90092e4 10053:com.google.android.gms.persistent/u0a12}
04-28 22:47:01.160  1553  4442 V BroadcastQueue: [background] Process cur broadcast BroadcastRecord{2238c21 u0 com.google.android.gms.gcm.ACTION_SCHEDULE qIdx=4}, state= (APP_RECEIVE) DELIVERED for app ProcessRecord{90092e4 10053:com.google.android.gms.persistent/u0a12}
04-28 22:47:01.160  1553  4442 V BroadcastQueue: [background] Process cur broadcast BroadcastRecord{5ae846 u0 com.google.android.gms.gcm.ACTION_SCHEDULE qIdx=4}, state= (APP_RECEIVE) DELIVERED for app ProcessRecord{90092e4 10053:com.google.android.gms.persistent/u0a12}
04-28 22:47:01.170  1553  4442 V BroadcastQueue: [background] Process cur broadcast BroadcastRecord{59e6a07 u0 com.google.android.gms.gcm.ACTION_SCHEDULE qIdx=4}, state= (APP_RECEIVE) DELIVERED for app ProcessRecord{90092e4 10053:com.google.android.gms.persistent/u0a12}
04-28 22:47:01.170  1553  4442 V BroadcastQueue: [background] Process cur broadcast BroadcastRecord{12b7734 u0 com.samsung.intent.action.MTP_FILE_SCAN qIdx=4}, state= (APP_RECEIVE) DELIVERED for app ProcessRecord{c7d670a 22808:android.process.media/u0a36}
04-28 22:47:01.210  1553  4442 D ConnectivityService: ConnectivityService NetworkRequestInfo binderDied(NetworkRequest [ id=418, legacyType=-1, [ Capabilities: INTERNET&NOT_RESTRICTED&TRUSTED] ], android.os.BinderProxy@b4d42d2)
04-28 22:47:01.210  1553  2171 W ActivityManager: Scheduling restart of crashed service com.android.chrome/org.chromium.chrome.browser.customtabs.CustomTabsConnectionService in 1000ms
04-28 22:47:01.220  1553  2297 D ConnectivityService: releasing NetworkRequest NetworkRequest [ id=418, legacyType=-1, [ Capabilities: INTERNET&NOT_RESTRICTED&TRUSTED] ]
04-28 22:47:01.280 22808 22808 D MediaScannerReceiver: action: com.samsung.intent.action.MTP_FILE_SCAN
04-28 22:47:01.300  1553  2297 D ConnectivityService: sending notification RELEASED for NetworkRequest [ id=418, legacyType=-1, [ Capabilities: INTERNET&NOT_RESTRICTED&TRUSTED] ]
04-28 22:47:01.300  1553  2297 E ConnectivityService: RemoteException caught trying to send a callback msg for NetworkRequest [ id=418, legacyType=-1, [ Capabilities: INTERNET&NOT_RESTRICTED&TRUSTED] ]
04-28 22:47:01.370  1553  2171 W ContextImpl: Calling a method in the system process without a qualified user: android.app.ContextImpl.sendBroadcast:843 com.android.server.am.ActivityManagerService.updateOomAdjLocked:27516 com.android.server.am.ActivityManagerService.appDiedLocked:7892 com.android.server.am.ActivityManagerService$AppDeathRecipient.binderDied:1937 android.os.BinderProxy.sendDeathNotice:558 
04-28 22:47:01.390  1553  4441 V BroadcastQueue: [background] Process cur broadcast BroadcastRecord{5f092ff u0 com.samsung.intent.action.MTP_FILE_SCAN qIdx=4}, state= (APP_RECEIVE) DELIVERED for app ProcessRecord{c7d670a 22808:android.process.media/u0a36}
04-28 22:47:01.430  1553  2297 D ConnectivityService: updateCapabilities: oldCap = [ Transports: WIFI Capabilities: INTERNET&NOT_RESTRICTED&TRUSTED&NOT_VPN&VALIDATED LinkUpBandwidth>=1048576Kbps LinkDnBandwidth>=1048576Kbps SignalStrength: -64], newCap = [ Transports: WIFI Capabilities: INTERNET&NOT_RESTRICTED&TRUSTED&NOT_VPN LinkUpBandwidth>=1048576Kbps LinkDnBandwidth>=1048576Kbps SignalStrength: -63]
04-28 22:47:01.430  1553  2297 D ConnectivityService: rematching NetworkAgentInfo [WIFI () - 740]
04-28 22:47:01.430  1553  2297 D ConnectivityService:  network has: NetworkAgentInfo{ ni{[type: WIFI[] - WIFI, state: CONNECTED/CONNECTED, reason: (unspecified), extra: "VM348613-2G", roaming: false, failover: false, isAvailable: true]}  network{740}  lp{{InterfaceName: wlan0 LinkAddresses: [192.168.0.5/24,fe80::aeee:9eff:fe04:1185/64,]  Routes: [fe80::/64 -> :: wlan0,192.168.0.0/24 -> 0.0.0.0 wlan0,0.0.0.0/0 -> 192.168.0.1 wlan0,] DnsAddresses: [192.168.0.1,] Domains:  MTU: 0 TcpBufferSizes: 524288,1048576,4525824,524288,1048576,4525824}}  nc{[ Transports: WIFI Capabilities: INTERNET&NOT_RESTRICTED&TRUSTED&NOT_VPN&VALIDATED LinkUpBandwidth>=1048576Kbps LinkDnBandwidth>=1048576Kbps SignalStrength: -63]}  Score{60}  everValidated{true}  lastValidated{true}  created{true} lingering{false} explicitlySelected{false} acceptUnvalidated{false} everCaptivePortalDetected{false} lastCaptivePortalDetected{false} }
04-28 22:47:01.430  1553  2297 D ConnectivityService:   checking if request is: NetworkRequest [ id=431, legacyType=-1, [ Capabilities: INTERNET&NOT_RESTRICTED&TRUSTED] ] satisfies: true nri.isRequest: false
04-28 22:47:01.430  1553  2297 D ConnectivityService:   checking if request is: NetworkRequest [ id=37, legacyType=-1, [ Capabilities: INTERNET&NOT_RESTRICTED&TRUSTED] ] satisfies: true nri.isRequest: false
04-28 22:47:01.430  1553  2297 D ConnectivityService:   checking if request is: NetworkRequest [ id=36, legacyType=-1, [ Capabilities: INTERNET&NOT_RESTRICTED&TRUSTED] ] satisfies: true nri.isRequest: false
04-28 22:47:01.430  1553  2297 D ConnectivityService:   checking if request is: NetworkRequest [ id=5, legacyType=-1, [ Transports: WIFI Capabilities: INTERNET&NOT_RESTRICTED&TRUSTED&NOT_VPN] ] satisfies: true nri.isRequest: false
04-28 22:47:01.430  1553  2297 D ConnectivityService:   checking if request is: NetworkRequest [ id=438, legacyType=-1, [ Capabilities: INTERNET&NOT_RESTRICTED&TRUSTED&NOT_VPN] ] satisfies: true nri.isRequest: false
04-28 22:47:01.430  1553  2297 D ConnectivityService:   checking if request is: NetworkRequest [ id=434, legacyType=-1, [ Capabilities: INTERNET&NOT_RESTRICTED&TRUSTED] ] satisfies: true nri.isRequest: false
04-28 22:47:01.430  1553  2297 D ConnectivityService:   checking if request is: NetworkRequest [ id=6, legacyType=-1, [ Capabilities: INTERNET&NOT_RESTRICTED&TRUSTED] ] satisfies: true nri.isRequest: false
04-28 22:47:01.430  1553  2297 D ConnectivityService:   checking if request is: NetworkRequest [ id=440, legacyType=-1, [ Capabilities: INTERNET&NOT_RESTRICTED&TRUSTED] ] satisfies: true nri.isRequest: false
04-28 22:47:01.430  1553  2297 D ConnectivityService: Network NetworkAgentInfo [WIFI () - 740] was already satisfying request 1. No change.
04-28 22:47:01.430  1553  2297 D ConnectivityService:   checking if request is: NetworkRequest [ id=398, legacyType=-1, [ Capabilities: INTERNET&NOT_RESTRICTED&TRUSTED] ] satisfies: true nri.isRequest: false
04-28 22:47:01.430  1553  2297 D ConnectivityService:   checking if request is: NetworkRequest [ id=3, legacyType=-1, [] ] satisfies: true nri.isRequest: false
04-28 22:47:01.430  1553  2297 D ConnectivityService:   checking if request is: NetworkRequest [ id=12, legacyType=-1, [ Capabilities: INTERNET&NOT_RESTRICTED&TRUSTED&NOT_VPN] ] satisfies: true nri.isRequest: false
04-28 22:47:01.430  1553  2297 D ConnectivityService:   checking if request is: NetworkRequest [ id=4, legacyType=-1, [ Transports: CELLULAR Capabilities: INTERNET&NOT_RESTRICTED&TRUSTED&NOT_VPN] ] satisfies: false nri.isRequest: false
04-28 22:47:01.430  1553  2297 D ConnectivityService:   checking if request is: NetworkRequest [ id=399, legacyType=-1, [ Capabilities: INTERNET&NOT_RESTRICTED&TRUSTED] ] satisfies: true nri.isRequest: false
04-28 22:47:01.430  1553  2297 D ConnectivityService:   checking if request is: NetworkRequest [ id=435, legacyType=-1, [ Capabilities: INTERNET&NOT_RESTRICTED&TRUSTED] ] satisfies: true nri.isRequest: false
04-28 22:47:01.430  1553  2297 D ConnectivityService:   checking if request is: NetworkRequest [ id=439, legacyType=-1, [ Capabilities: INTERNET&NOT_RESTRICTED&TRUSTED] ] satisfies: true nri.isRequest: false
04-28 22:47:01.430  1553  2297 D ConnectivityService: notifyType CAP_CHANGED for NetworkAgentInfo [WIFI () - 740]
04-28 22:47:01.430  1553  2297 D ConnectivityService:  sending notification for NetworkRequest [ id=1, legacyType=-1, [ Capabilities: INTERNET&NOT_RESTRICTED&TRUSTED&NOT_VPN] ]
04-28 22:47:01.430  1553  2297 D ConnectivityService:  sending notification for NetworkRequest [ id=3, legacyType=-1, [] ]
04-28 22:47:01.430  1553  2297 D ConnectivityService: sending notification CAP_CHANGED for NetworkRequest [ id=3, legacyType=-1, [] ]
04-28 22:47:01.430  1553  2297 D ConnectivityService:  sending notification for NetworkRequest [ id=5, legacyType=-1, [ Transports: WIFI Capabilities: INTERNET&NOT_RESTRICTED&TRUSTED&NOT_VPN] ]
04-28 22:47:01.440  1553  2297 D ConnectivityService: sending notification CAP_CHANGED for NetworkRequest [ id=5, legacyType=-1, [ Transports: WIFI Capabilities: INTERNET&NOT_RESTRICTED&TRUSTED&NOT_VPN] ]
04-28 22:47:01.440  1553  2297 D ConnectivityService:  sending notification for NetworkRequest [ id=6, legacyType=-1, [ Capabilities: INTERNET&NOT_RESTRICTED&TRUSTED] ]
04-28 22:47:01.440  1553  2297 D ConnectivityService: sending notification CAP_CHANGED for NetworkRequest [ id=6, legacyType=-1, [ Capabilities: INTERNET&NOT_RESTRICTED&TRUSTED] ]
04-28 22:47:01.440  1553  2297 D ConnectivityService:  sending notification for NetworkRequest [ id=12, legacyType=-1, [ Capabilities: INTERNET&NOT_RESTRICTED&TRUSTED&NOT_VPN] ]
04-28 22:47:01.440  1553  2297 D ConnectivityService: sending notification CAP_CHANGED for NetworkRequest [ id=12, legacyType=-1, [ Capabilities: INTERNET&NOT_RESTRICTED&TRUSTED&NOT_VPN] ]
04-28 22:47:01.440  1553  2297 D ConnectivityService:  sending notification for NetworkRequest [ id=36, legacyType=-1, [ Capabilities: INTERNET&NOT_RESTRICTED&TRUSTED] ]
04-28 22:47:01.450  1553  2297 D ConnectivityService: sending notification CAP_CHANGED for NetworkRequest [ id=36, legacyType=-1, [ Capabilities: INTERNET&NOT_RESTRICTED&TRUSTED] ]
04-28 22:47:01.450  1553  2297 D ConnectivityService:  sending notification for NetworkRequest [ id=37, legacyType=-1, [ Capabilities: INTERNET&NOT_RESTRICTED&TRUSTED] ]
04-28 22:47:01.450  1553  2297 D ConnectivityService: sending notification CAP_CHANGED for NetworkRequest [ id=37, legacyType=-1, [ Capabilities: INTERNET&NOT_RESTRICTED&TRUSTED] ]
04-28 22:47:01.450  1553  2297 D ConnectivityService:  sending notification for NetworkRequest [ id=398, legacyType=-1, [ Capabilities: INTERNET&NOT_RESTRICTED&TRUSTED] ]
04-28 22:47:01.450  1553  2297 D ConnectivityService: sending notification CAP_CHANGED for NetworkRequest [ id=398, legacyType=-1, [ Capabilities: INTERNET&NOT_RESTRICTED&TRUSTED] ]
04-28 22:47:01.450  1553  2297 D ConnectivityService:  sending notification for NetworkRequest [ id=399, legacyType=-1, [ Capabilities: INTERNET&NOT_RESTRICTED&TRUSTED] ]
04-28 22:47:01.450  1553  2297 D ConnectivityService: sending notification CAP_CHANGED for NetworkRequest [ id=399, legacyType=-1, [ Capabilities: INTERNET&NOT_RESTRICTED&TRUSTED] ]
04-28 22:47:01.450  1553  2297 D ConnectivityService:  sending notification for NetworkRequest [ id=431, legacyType=-1, [ Capabilities: INTERNET&NOT_RESTRICTED&TRUSTED] ]
04-28 22:47:01.450  1553  2297 D ConnectivityService: sending notification CAP_CHANGED for NetworkRequest [ id=431, legacyType=-1, [ Capabilities: INTERNET&NOT_RESTRICTED&TRUSTED] ]
04-28 22:47:01.460  1553  2297 D ConnectivityService:  sending notification for NetworkRequest [ id=434, legacyType=-1, [ Capabilities: INTERNET&NOT_RESTRICTED&TRUSTED] ]
04-28 22:47:01.460  1553  2297 D ConnectivityService: sending notification CAP_CHANGED for NetworkRequest [ id=434, legacyType=-1, [ Capabilities: INTERNET&NOT_RESTRICTED&TRUSTED] ]
04-28 22:47:01.460  1553  2297 D ConnectivityService:  sending notification for NetworkRequest [ id=435, legacyType=-1, [ Capabilities: INTERNET&NOT_RESTRICTED&TRUSTED] ]
04-28 22:47:01.460  1553  2297 D ConnectivityService: sending notification CAP_CHANGED for NetworkRequest [ id=435, legacyType=-1, [ Capabilities: INTERNET&NOT_RESTRICTED&TRUSTED] ]
04-28 22:47:01.460  1553  2297 D ConnectivityService:  sending notification for NetworkRequest [ id=438, legacyType=-1, [ Capabilities: INTERNET&NOT_RESTRICTED&TRUSTED&NOT_VPN] ]
04-28 22:47:01.460  1553  2297 D ConnectivityService: sending notification CAP_CHANGED for NetworkRequest [ id=438, legacyType=-1, [ Capabilities: INTERNET&NOT_RESTRICTED&TRUSTED&NOT_VPN] ]
04-28 22:47:01.460  1553  2297 D ConnectivityService:  sending notification for NetworkRequest [ id=439, legacyType=-1, [ Capabilities: INTERNET&NOT_RESTRICTED&TRUSTED] ]
04-28 22:47:01.460  1553  2297 D ConnectivityService: sending notification CAP_CHANGED for NetworkRequest [ id=439, legacyType=-1, [ Capabilities: INTERNET&NOT_RESTRICTED&TRUSTED] ]
04-28 22:47:01.460  1553  2297 D ConnectivityService:  sending notification for NetworkRequest [ id=440, legacyType=-1, [ Capabilities: INTERNET&NOT_RESTRICTED&TRUSTED] ]
04-28 22:47:01.460  1553  2297 D ConnectivityService: sending notification CAP_CHANGED for NetworkRequest [ id=440, legacyType=-1, [ Capabilities: INTERNET&NOT_RESTRICTED&TRUSTED] ]
04-28 22:47:01.470  1553  4402 D ConnectivityService: returning Blocked NetworkInfo for ifname=wlan0, uid=10169
04-28 22:47:01.470  1553  4445 D ConnectivityService: returning Blocked NetworkInfo for ifname=wlan0, uid=10169
04-28 22:47:01.570 22808 22808 D MediaScannerReceiver: action: com.samsung.intent.action.MTP_FILE_SCAN
04-28 22:47:01.590 22808 27179 D MediaScannerService: !@start scanning volume external: [/storage/emulated/0, /storage/47A7-42FD, /storage/Private]
04-28 22:47:02.210  1553  1734 D MountService: getExternalStorageMountMode : 3
04-28 22:47:02.210  1553  1734 D MountService: getExternalStorageMountMode : 3
04-28 22:47:02.210  1553  1734 D MountService: getExternalStorageMountMode : final mountMode=3, uid : 10078, packageName : com.android.chrome
04-28 22:47:02.400 27185 27185 I libpersona: KNOX_SDCARD checking this for 10078
04-28 22:47:02.400 27185 27185 I libpersona: KNOX_SDCARD not a persona
04-28 22:47:02.410  1553  1734 I ActivityManager: Start proc 27185:com.android.chrome/u0a78 for service com.android.chrome/org.chromium.chrome.browser.customtabs.CustomTabsConnectionService
04-28 22:47:02.430  1553  2290 D NetworkPolicy: isUidForegroundLocked: 10078, mScreenOn: true, uidstate: -1, mProxSensorScreenOff: false
04-28 22:47:02.460  1553  2399 D ConnectivityService: returning Blocked NetworkInfo for ifname=wlan0, uid=10170
04-28 22:47:02.550  1553  2399 W BackupManagerService: dataChanged but no participant pkg='com.amazon.kindle' uid=10170
04-28 22:47:02.560  1553  1575 W BackupManagerService: dataChanged but no participant pkg='com.amazon.kindle' uid=10170
04-28 22:47:02.810  1553  2290 D NetworkPolicy: isUidForegroundLocked: 10078, mScreenOn: true, uidstate: 10, mProxSensorScreenOff: false
04-28 22:47:02.940  1553  1576 D MountService: getExternalStorageMountMode : 1
04-28 22:47:02.940  1553  1576 D MountService: getExternalStorageMountMode : 3
04-28 22:47:02.940  1553  1576 D MountService: getExternalStorageMountMode : final mountMode=1, uid : 10015, packageName : com.google.android.partnersetup
04-28 22:47:02.950 27207 27207 I libpersona: KNOX_SDCARD checking this for 10015
04-28 22:47:02.950 27207 27207 I libpersona: KNOX_SDCARD not a persona
04-28 22:47:02.960  1553  1576 I ActivityManager: Start proc 27207:com.google.android.partnersetup/u0a15 for content provider com.google.android.partnersetup/.RlzAppProvider
04-28 22:47:02.960  1553  2290 D NetworkPolicy: isUidForegroundLocked: 10015, mScreenOn: true, uidstate: -1, mProxSensorScreenOff: false
04-28 22:47:03.000  1553  2290 D NetworkPolicy: isUidForegroundLocked: 10015, mScreenOn: true, uidstate: 10, mProxSensorScreenOff: false
04-28 22:47:03.520  1553  4445 D ConnectivityService: returning Blocked NetworkInfo for ifname=wlan0, uid=10172
04-28 22:47:03.640  1553  4435 D MountService: getExternalStorageMountMode : 3
04-28 22:47:03.640  1553  4435 D MountService: getExternalStorageMountMode : 3
04-28 22:47:03.640  1553  4435 D MountService: getExternalStorageMountMode : final mountMode=3, uid : 10012, packageName : com.google.android.gsf
04-28 22:47:03.650 27227 27227 I libpersona: KNOX_SDCARD checking this for 10012
04-28 22:47:03.650 27227 27227 I libpersona: KNOX_SDCARD not a persona
04-28 22:47:03.660  1553  4435 I ActivityManager: Start proc 27227:com.google.process.gapps/u0a12 for content provider com.google.android.gsf/.gservices.GservicesProvider
04-28 22:47:03.660  1553  4298 W BackupManagerService: dataChanged but no participant pkg='com.amazon.kindle' uid=10170
04-28 22:47:04.060  1553  2171 D ConnectivityService: returning Blocked NetworkInfo for ifname=wlan0, uid=10170
04-28 22:47:04.410  1553  4441 I ActivityManager: Killing 26867:com.android.settings/1000 (adj 13): DHA:empty #9
04-28 22:47:04.480  1553  4419 I ActivityManager: Killing 26891:com.sec.app.TransmitPowerService/u0a266 (adj 13): DHA:empty #9
04-28 22:47:04.570  1553  4090 W ContextImpl: Calling a method in the system process without a qualified user: android.app.ContextImpl.sendBroadcast:843 com.android.server.am.ActivityManagerService.updateOomAdjLocked:27516 com.android.server.am.ActivityManagerService.appDiedLocked:7892 com.android.server.am.ActivityManagerService$AppDeathRecipient.binderDied:1937 android.os.BinderProxy.sendDeathNotice:558 
04-28 22:47:04.580  1553  4444 W ContextImpl: Calling a method in the system process without a qualified user: android.app.ContextImpl.sendBroadcast:843 com.android.server.am.ActivityManagerService.updateOomAdjLocked:27516 com.android.server.am.ActivityManagerService.appDiedLocked:7892 com.android.server.am.ActivityManagerService$AppDeathRecipient.binderDied:1937 android.os.BinderProxy.sendDeathNotice:558 
04-28 22:47:05.030  1553  4113 D ConnectivityService: returning Blocked NetworkInfo for ifname=wlan0, uid=10172
04-28 22:47:05.110  1553  4445 D ConnectivityService: returning Blocked NetworkInfo for ifname=wlan0, uid=10256
04-28 22:47:05.180  1553  4090 V AlarmManager:  remove PendingIntent] PendingIntent{4b9595c: PendingIntentRecord{fc47b5c com.google.android.gms broadcastIntent}}
04-28 22:47:05.210  1553  4402 D ConnectivityService: returning Blocked NetworkInfo for ifname=wlan0, uid=10256
04-28 22:47:05.300  1553  4113 D ConnectivityService: returning Blocked NetworkInfo for ifname=wlan0, uid=10256
04-28 22:47:05.390  1553  4442 D ConnectivityService: returning Blocked NetworkInfo for ifname=wlan0, uid=10256
04-28 22:47:05.400  1553  4445 D ConnectivityService: returning Blocked NetworkInfo for ifname=wlan0, uid=10256
04-28 22:47:05.480  1553  1576 V AlarmManager:  remove PendingIntent] PendingIntent{64577f4: PendingIntentRecord{fc47b5c com.google.android.gms broadcastIntent}}
04-28 22:47:05.610  1553  4419 V AlarmManager:  remove PendingIntent] PendingIntent{268cc19: PendingIntentRecord{fc47b5c com.google.android.gms broadcastIntent}}
04-28 22:47:06.350  1553  4298 I ActivityManager: Process com.sec.android.app.camera (pid 23270)(adj 15) has died(27,161)
04-28 22:47:06.840  1553  1734 V BroadcastQueue: [background] Process cur broadcast BroadcastRecord{a98d945 u0 com.google.android.apps.gsa.search.core.location.FLP_LOCATION qIdx=4}, state= (APP_RECEIVE) DELIVERED for app ProcessRecord{c4f2372 27134:com.google.android.googlequicksearchbox:search/u0a49}
04-28 22:47:07.490  1553  4113 D ConnectivityService: listenForNetwork for Listen from uid/pid:10049/27134 for NetworkRequest [ id=441, legacyType=-1, [ Capabilities: INTERNET&NOT_RESTRICTED&TRUSTED] ]
04-28 22:47:07.500  1553  2297 D ConnectivityService: rematching NetworkAgentInfo [WIFI () - 740]
04-28 22:47:07.500  1553  2297 D ConnectivityService:  network has: NetworkAgentInfo{ ni{[type: WIFI[] - WIFI, state: CONNECTED/CONNECTED, reason: (unspecified), extra: "VM348613-2G", roaming: false, failover: false, isAvailable: true]}  network{740}  lp{{InterfaceName: wlan0 LinkAddresses: [192.168.0.5/24,fe80::aeee:9eff:fe04:1185/64,]  Routes: [fe80::/64 -> :: wlan0,192.168.0.0/24 -> 0.0.0.0 wlan0,0.0.0.0/0 -> 192.168.0.1 wlan0,] DnsAddresses: [192.168.0.1,] Domains:  MTU: 0 TcpBufferSizes: 524288,1048576,4525824,524288,1048576,4525824}}  nc{[ Transports: WIFI Capabilities: INTERNET&NOT_RESTRICTED&TRUSTED&NOT_VPN&VALIDATED LinkUpBandwidth>=1048576Kbps LinkDnBandwidth>=1048576Kbps SignalStrength: -63]}  Score{60}  everValidated{true}  lastValidated{true}  created{true} lingering{false} explicitlySelected{false} acceptUnvalidated{false} everCaptivePortalDetected{false} lastCaptivePortalDetected{false} }
04-28 22:47:07.500  1553  2297 D ConnectivityService:   checking if request is: NetworkRequest [ id=431, legacyType=-1, [ Capabilities: INTERNET&NOT_RESTRICTED&TRUSTED] ] satisfies: true nri.isRequest: false
04-28 22:47:07.500  1553  2297 D ConnectivityService:   checking if request is: NetworkRequest [ id=37, legacyType=-1, [ Capabilities: INTERNET&NOT_RESTRICTED&TRUSTED] ] satisfies: true nri.isRequest: false
04-28 22:47:07.500  1553  2297 D ConnectivityService:   checking if request is: NetworkRequest [ id=36, legacyType=-1, [ Capabilities: INTERNET&NOT_RESTRICTED&TRUSTED] ] satisfies: true nri.isRequest: false
04-28 22:47:07.500  1553  2297 D ConnectivityService:   checking if request is: NetworkRequest [ id=5, legacyType=-1, [ Transports: WIFI Capabilities: INTERNET&NOT_RESTRICTED&TRUSTED&NOT_VPN] ] satisfies: true nri.isRequest: false
04-28 22:47:07.500  1553  2297 D ConnectivityService:   checking if request is: NetworkRequest [ id=438, legacyType=-1, [ Capabilities: INTERNET&NOT_RESTRICTED&TRUSTED&NOT_VPN] ] satisfies: true nri.isRequest: false
04-28 22:47:07.500  1553  2297 D ConnectivityService:   checking if request is: NetworkRequest [ id=434, legacyType=-1, [ Capabilities: INTERNET&NOT_RESTRICTED&TRUSTED] ] satisfies: true nri.isRequest: false
04-28 22:47:07.500  1553  2297 D ConnectivityService:   checking if request is: NetworkRequest [ id=6, legacyType=-1, [ Capabilities: INTERNET&NOT_RESTRICTED&TRUSTED] ] satisfies: true nri.isRequest: false
04-28 22:47:07.500  1553  2297 D ConnectivityService:   checking if request is: NetworkRequest [ id=441, legacyType=-1, [ Capabilities: INTERNET&NOT_RESTRICTED&TRUSTED] ] satisfies: true nri.isRequest: false
04-28 22:47:07.500  1553  2297 D ConnectivityService:   checking if request is: NetworkRequest [ id=440, legacyType=-1, [ Capabilities: INTERNET&NOT_RESTRICTED&TRUSTED] ] satisfies: true nri.isRequest: false
04-28 22:47:07.500  1553  2297 D ConnectivityService: Network NetworkAgentInfo [WIFI () - 740] was already satisfying request 1. No change.
04-28 22:47:07.500  1553  2297 D ConnectivityService:   checking if request is: NetworkRequest [ id=398, legacyType=-1, [ Capabilities: INTERNET&NOT_RESTRICTED&TRUSTED] ] satisfies: true nri.isRequest: false
04-28 22:47:07.500  1553  2297 D ConnectivityService:   checking if request is: NetworkRequest [ id=3, legacyType=-1, [] ] satisfies: true nri.isRequest: false
04-28 22:47:07.500  1553  2297 D ConnectivityService:   checking if request is: NetworkRequest [ id=12, legacyType=-1, [ Capabilities: INTERNET&NOT_RESTRICTED&TRUSTED&NOT_VPN] ] satisfies: true nri.isRequest: false
04-28 22:47:07.500  1553  2297 D ConnectivityService:   checking if request is: NetworkRequest [ id=4, legacyType=-1, [ Transports: CELLULAR Capabilities: INTERNET&NOT_RESTRICTED&TRUSTED&NOT_VPN] ] satisfies: false nri.isRequest: false
04-28 22:47:07.500  1553  2297 D ConnectivityService:   checking if request is: NetworkRequest [ id=399, legacyType=-1, [ Capabilities: INTERNET&NOT_RESTRICTED&TRUSTED] ] satisfies: true nri.isRequest: false
04-28 22:47:07.500  1553  2297 D ConnectivityService:   checking if request is: NetworkRequest [ id=435, legacyType=-1, [ Capabilities: INTERNET&NOT_RESTRICTED&TRUSTED] ] satisfies: true nri.isRequest: false
04-28 22:47:07.500  1553  2297 D ConnectivityService:   checking if request is: NetworkRequest [ id=439, legacyType=-1, [ Capabilities: INTERNET&NOT_RESTRICTED&TRUSTED] ] satisfies: true nri.isRequest: false
04-28 22:47:07.500  1553  2297 D ConnectivityService: sending notification AVAILABLE for NetworkRequest [ id=441, legacyType=-1, [ Capabilities: INTERNET&NOT_RESTRICTED&TRUSTED] ]
04-28 22:47:07.560  1553  4090 W ContextImpl: Calling a method in the system process without a qualified user: android.app.ContextImpl.sendBroadcast:858 com.android.server.am.ActivityManagerService.requestKnoxVpnToSendProxyBroadcast:30433 com.android.server.am.ActivityManagerService.registerReceiver:23293 android.app.ActivityManagerNative.onTransact:435 com.android.server.am.ActivityManagerService.onTransact:4187 
04-28 22:47:08.010  1553  4113 V AlarmManager:  remove PendingIntent] PendingIntent{bf8a7bb: PendingIntentRecord{4377677 com.google.android.googlequicksearchbox startService}}
04-28 22:47:08.800  1553  4445 D ConnectivityService: returning Blocked NetworkInfo for ifname=wlan0, uid=10170
04-28 22:47:08.800  1553  4445 D ConnectivityService: returning getNetworkInfo for network type 1 : [type: WIFI[] - WIFI, state: DISCONNECTED/BLOCKED, reason: (unspecified), extra: (none), roaming: false, failover: false, isAvailable: true]
04-28 22:47:08.800  1553  4444 D ConnectivityService: returning Blocked NetworkInfo for ifname=null, uid=10170
04-28 22:47:08.800  1553  4444 D ConnectivityService: returning getNetworkInfo for network type 0 : [type: MOBILE[] - MOBILE, state: DISCONNECTED/BLOCKED, reason: (unspecified), extra: (none), roaming: false, failover: false, isAvailable: true]
04-28 22:47:09.430  1553  2297 D ConnectivityService: updateCapabilities: oldCap = [ Transports: WIFI Capabilities: INTERNET&NOT_RESTRICTED&TRUSTED&NOT_VPN&VALIDATED LinkUpBandwidth>=1048576Kbps LinkDnBandwidth>=1048576Kbps SignalStrength: -63], newCap = [ Transports: WIFI Capabilities: INTERNET&NOT_RESTRICTED&TRUSTED&NOT_VPN LinkUpBandwidth>=1048576Kbps LinkDnBandwidth>=1048576Kbps SignalStrength: -64]
04-28 22:47:09.430  1553  2297 D ConnectivityService: rematching NetworkAgentInfo [WIFI () - 740]
04-28 22:47:09.430  1553  2297 D ConnectivityService:  network has: NetworkAgentInfo{ ni{[type: WIFI[] - WIFI, state: CONNECTED/CONNECTED, reason: (unspecified), extra: "VM348613-2G", roaming: false, failover: false, isAvailable: true]}  network{740}  lp{{InterfaceName: wlan0 LinkAddresses: [192.168.0.5/24,fe80::aeee:9eff:fe04:1185/64,]  Routes: [fe80::/64 -> :: wlan0,192.168.0.0/24 -> 0.0.0.0 wlan0,0.0.0.0/0 -> 192.168.0.1 wlan0,] DnsAddresses: [192.168.0.1,] Domains:  MTU: 0 TcpBufferSizes: 524288,1048576,4525824,524288,1048576,4525824}}  nc{[ Transports: WIFI Capabilities: INTERNET&NOT_RESTRICTED&TRUSTED&NOT_VPN&VALIDATED LinkUpBandwidth>=1048576Kbps LinkDnBandwidth>=1048576Kbps SignalStrength: -64]}  Score{60}  everValidated{true}  lastValidated{true}  created{true} lingering{false} explicitlySelected{false} acceptUnvalidated{false} everCaptivePortalDetected{false} lastCaptivePortalDetected{false} }
04-28 22:47:09.430  1553  2297 D ConnectivityService:   checking if request is: NetworkRequest [ id=431, legacyType=-1, [ Capabilities: INTERNET&NOT_RESTRICTED&TRUSTED] ] satisfies: true nri.isRequest: false
04-28 22:47:09.430  1553  2297 D ConnectivityService:   checking if request is: NetworkRequest [ id=37, legacyType=-1, [ Capabilities: INTERNET&NOT_RESTRICTED&TRUSTED] ] satisfies: true nri.isRequest: false
04-28 22:47:09.430  1553  2297 D ConnectivityService:   checking if request is: NetworkRequest [ id=36, legacyType=-1, [ Capabilities: INTERNET&NOT_RESTRICTED&TRUSTED] ] satisfies: true nri.isRequest: false
04-28 22:47:09.430  1553  2297 D ConnectivityService:   checking if request is: NetworkRequest [ id=5, legacyType=-1, [ Transports: WIFI Capabilities: INTERNET&NOT_RESTRICTED&TRUSTED&NOT_VPN] ] satisfies: true nri.isRequest: false
04-28 22:47:09.430  1553  2297 D ConnectivityService:   checking if request is: NetworkRequest [ id=438, legacyType=-1, [ Capabilities: INTERNET&NOT_RESTRICTED&TRUSTED&NOT_VPN] ] satisfies: true nri.isRequest: false
04-28 22:47:09.430  1553  2297 D ConnectivityService:   checking if request is: NetworkRequest [ id=434, legacyType=-1, [ Capabilities: INTERNET&NOT_RESTRICTED&TRUSTED] ] satisfies: true nri.isRequest: false
04-28 22:47:09.430  1553  2297 D ConnectivityService:   checking if request is: NetworkRequest [ id=6, legacyType=-1, [ Capabilities: INTERNET&NOT_RESTRICTED&TRUSTED] ] satisfies: true nri.isRequest: false
04-28 22:47:09.430  1553  2297 D ConnectivityService:   checking if request is: NetworkRequest [ id=441, legacyType=-1, [ Capabilities: INTERNET&NOT_RESTRICTED&TRUSTED] ] satisfies: true nri.isRequest: false
04-28 22:47:09.430  1553  2297 D ConnectivityService:   checking if request is: NetworkRequest [ id=440, legacyType=-1, [ Capabilities: INTERNET&NOT_RESTRICTED&TRUSTED] ] satisfies: true nri.isRequest: false
04-28 22:47:09.430  1553  2297 D ConnectivityService: Network NetworkAgentInfo [WIFI () - 740] was already satisfying request 1. No change.
04-28 22:47:09.430  1553  2297 D ConnectivityService:   checking if request is: NetworkRequest [ id=398, legacyType=-1, [ Capabilities: INTERNET&NOT_RESTRICTED&TRUSTED] ] satisfies: true nri.isRequest: false
04-28 22:47:09.430  1553  2297 D ConnectivityService:   checking if request is: NetworkRequest [ id=3, legacyType=-1, [] ] satisfies: true nri.isRequest: false
04-28 22:47:09.430  1553  2297 D ConnectivityService:   checking if request is: NetworkRequest [ id=12, legacyType=-1, [ Capabilities: INTERNET&NOT_RESTRICTED&TRUSTED&NOT_VPN] ] satisfies: true nri.isRequest: false
04-28 22:47:09.430  1553  2297 D ConnectivityService:   checking if request is: NetworkRequest [ id=4, legacyType=-1, [ Transports: CELLULAR Capabilities: INTERNET&NOT_RESTRICTED&TRUSTED&NOT_VPN] ] satisfies: false nri.isRequest: false
04-28 22:47:09.430  1553  2297 D ConnectivityService:   checking if request is: NetworkRequest [ id=399, legacyType=-1, [ Capabilities: INTERNET&NOT_RESTRICTED&TRUSTED] ] satisfies: true nri.isRequest: false
04-28 22:47:09.430  1553  2297 D ConnectivityService:   checking if request is: NetworkRequest [ id=435, legacyType=-1, [ Capabilities: INTERNET&NOT_RESTRICTED&TRUSTED] ] satisfies: true nri.isRequest: false
04-28 22:47:09.430  1553  2297 D ConnectivityService:   checking if request is: NetworkRequest [ id=439, legacyType=-1, [ Capabilities: INTERNET&NOT_RESTRICTED&TRUSTED] ] satisfies: true nri.isRequest: false
04-28 22:47:09.430  1553  2297 D ConnectivityService: notifyType CAP_CHANGED for NetworkAgentInfo [WIFI () - 740]
04-28 22:47:09.430  1553  2297 D ConnectivityService:  sending notification for NetworkRequest [ id=1, legacyType=-1, [ Capabilities: INTERNET&NOT_RESTRICTED&TRUSTED&NOT_VPN] ]
04-28 22:47:09.430  1553  2297 D ConnectivityService:  sending notification for NetworkRequest [ id=3, legacyType=-1, [] ]
04-28 22:47:09.430  1553  2297 D ConnectivityService: sending notification CAP_CHANGED for NetworkRequest [ id=3, legacyType=-1, [] ]
04-28 22:47:09.430  1553  2297 D ConnectivityService:  sending notification for NetworkRequest [ id=5, legacyType=-1, [ Transports: WIFI Capabilities: INTERNET&NOT_RESTRICTED&TRUSTED&NOT_VPN] ]
04-28 22:47:09.430  1553  2297 D ConnectivityService: sending notification CAP_CHANGED for NetworkRequest [ id=5, legacyType=-1, [ Transports: WIFI Capabilities: INTERNET&NOT_RESTRICTED&TRUSTED&NOT_VPN] ]
04-28 22:47:09.430  1553  2297 D ConnectivityService:  sending notification for NetworkRequest [ id=6, legacyType=-1, [ Capabilities: INTERNET&NOT_RESTRICTED&TRUSTED] ]
04-28 22:47:09.430  1553  2297 D ConnectivityService: sending notification CAP_CHANGED for NetworkRequest [ id=6, legacyType=-1, [ Capabilities: INTERNET&NOT_RESTRICTED&TRUSTED] ]
04-28 22:47:09.440  1553  2297 D ConnectivityService:  sending notification for NetworkRequest [ id=12, legacyType=-1, [ Capabilities: INTERNET&NOT_RESTRICTED&TRUSTED&NOT_VPN] ]
04-28 22:47:09.440  1553  2297 D ConnectivityService: sending notification CAP_CHANGED for NetworkRequest [ id=12, legacyType=-1, [ Capabilities: INTERNET&NOT_RESTRICTED&TRUSTED&NOT_VPN] ]
04-28 22:47:09.440  1553  2297 D ConnectivityService:  sending notification for NetworkRequest [ id=36, legacyType=-1, [ Capabilities: INTERNET&NOT_RESTRICTED&TRUSTED] ]
04-28 22:47:09.440  1553  2297 D ConnectivityService: sending notification CAP_CHANGED for NetworkRequest [ id=36, legacyType=-1, [ Capabilities: INTERNET&NOT_RESTRICTED&TRUSTED] ]
04-28 22:47:09.440  1553  2297 D ConnectivityService:  sending notification for NetworkRequest [ id=37, legacyType=-1, [ Capabilities: INTERNET&NOT_RESTRICTED&TRUSTED] ]
04-28 22:47:09.440  1553  2297 D ConnectivityService: sending notification CAP_CHANGED for NetworkRequest [ id=37, legacyType=-1, [ Capabilities: INTERNET&NOT_RESTRICTED&TRUSTED] ]
04-28 22:47:09.440  1553  2297 D ConnectivityService:  sending notification for NetworkRequest [ id=398, legacyType=-1, [ Capabilities: INTERNET&NOT_RESTRICTED&TRUSTED] ]
04-28 22:47:09.440  1553  2297 D ConnectivityService: sending notification CAP_CHANGED for NetworkRequest [ id=398, legacyType=-1, [ Capabilities: INTERNET&NOT_RESTRICTED&TRUSTED] ]
04-28 22:47:09.440  1553  2297 D ConnectivityService:  sending notification for NetworkRequest [ id=399, legacyType=-1, [ Capabilities: INTERNET&NOT_RESTRICTED&TRUSTED] ]
04-28 22:47:09.440  1553  2297 D ConnectivityService: sending notification CAP_CHANGED for NetworkRequest [ id=399, legacyType=-1, [ Capabilities: INTERNET&NOT_RESTRICTED&TRUSTED] ]
04-28 22:47:09.440  1553  2297 D ConnectivityService:  sending notification for NetworkRequest [ id=431, legacyType=-1, [ Capabilities: INTERNET&NOT_RESTRICTED&TRUSTED] ]
04-28 22:47:09.440  1553  2297 D ConnectivityService: sending notification CAP_CHANGED for NetworkRequest [ id=431, legacyType=-1, [ Capabilities: INTERNET&NOT_RESTRICTED&TRUSTED] ]
04-28 22:47:09.440  1553  2297 D ConnectivityService:  sending notification for NetworkRequest [ id=434, legacyType=-1, [ Capabilities: INTERNET&NOT_RESTRICTED&TRUSTED] ]
04-28 22:47:09.440  1553  2297 D ConnectivityService: sending notification CAP_CHANGED for NetworkRequest [ id=434, legacyType=-1, [ Capabilities: INTERNET&NOT_RESTRICTED&TRUSTED] ]
04-28 22:47:09.440  1553  2297 D ConnectivityService:  sending notification for NetworkRequest [ id=435, legacyType=-1, [ Capabilities: INTERNET&NOT_RESTRICTED&TRUSTED] ]
04-28 22:47:09.450  1553  2297 D ConnectivityService: sending notification CAP_CHANGED for NetworkRequest [ id=435, legacyType=-1, [ Capabilities: INTERNET&NOT_RESTRICTED&TRUSTED] ]
04-28 22:47:09.450  1553  2297 D ConnectivityService:  sending notification for NetworkRequest [ id=438, legacyType=-1, [ Capabilities: INTERNET&NOT_RESTRICTED&TRUSTED&NOT_VPN] ]
04-28 22:47:09.450  1553  2297 D ConnectivityService: sending notification CAP_CHANGED for NetworkRequest [ id=438, legacyType=-1, [ Capabilities: INTERNET&NOT_RESTRICTED&TRUSTED&NOT_VPN] ]
04-28 22:47:09.450  1553  2297 D ConnectivityService:  sending notification for NetworkRequest [ id=439, legacyType=-1, [ Capabilities: INTERNET&NOT_RESTRICTED&TRUSTED] ]
04-28 22:47:09.450  1553  2297 D ConnectivityService: sending notification CAP_CHANGED for NetworkRequest [ id=439, legacyType=-1, [ Capabilities: INTERNET&NOT_RESTRICTED&TRUSTED] ]
04-28 22:47:09.450  1553  2297 D ConnectivityService:  sending notification for NetworkRequest [ id=440, legacyType=-1, [ Capabilities: INTERNET&NOT_RESTRICTED&TRUSTED] ]
04-28 22:47:09.450  1553  2297 D ConnectivityService: sending notification CAP_CHANGED for NetworkRequest [ id=440, legacyType=-1, [ Capabilities: INTERNET&NOT_RESTRICTED&TRUSTED] ]
04-28 22:47:09.460  1553  2297 D ConnectivityService:  sending notification for NetworkRequest [ id=441, legacyType=-1, [ Capabilities: INTERNET&NOT_RESTRICTED&TRUSTED] ]
04-28 22:47:09.460  1553  2297 D ConnectivityService: sending notification CAP_CHANGED for NetworkRequest [ id=441, legacyType=-1, [ Capabilities: INTERNET&NOT_RESTRICTED&TRUSTED] ]
04-28 22:47:09.460  1553  4435 D ConnectivityService: returning Blocked NetworkInfo for ifname=wlan0, uid=10169
04-28 22:47:09.460  1553  4419 D ConnectivityService: returning Blocked NetworkInfo for ifname=wlan0, uid=10169
04-28 22:47:10.860  1553  6841 D SSRM:s  : SIOP:: AP = 440, CP = 33, LCD = 6
04-28 22:47:10.860  1553  6841 D K       : broadcastSiopLevelIntent:: currentSiopLevel = 0
04-28 22:47:10.870  1553  6841 D ConnectivityService: returning getNetworkInfo for network type 1 : [type: WIFI[] - WIFI, state: CONNECTED/CONNECTED, reason: (unspecified), extra: "VM348613-2G", roaming: false, failover: false, isAvailable: true]
04-28 22:47:10.870  1553  1734 D MountService: getExternalStorageMountMode : 1
04-28 22:47:10.870  1553  1734 D MountService: getExternalStorageMountMode : 3
04-28 22:47:10.870  1553  1734 D MountService: getExternalStorageMountMode : final mountMode=1, uid : 10043, packageName : com.sec.android.app.videoplayer
04-28 22:47:10.890  1553  4435 D BatteryService: !@BatteryListener : batteryPropertiesChanged!
04-28 22:47:10.890  1553  4435 D BatteryService: level:64, scale:100, status:2, health:2, present:true, voltage: 3932, temperature: 296, technology: Li-ion, AC powered:false, USB powered:true, POGO powered:false, Wireless powered:false, icon:17303606, invalid charger:0, maxChargingCurrent:0
04-28 22:47:10.890  1553  4435 D BatteryService: online:4, current avg:0, charge type:1, power sharing:false, high voltage charger:false, capacity:190000, batterySWSelfDischarging:false, current_now:0
04-28 22:47:10.890  1553  1553 D BatteryService: Sending ACTION_BATTERY_CHANGED.
04-28 22:47:10.900  1553  1734 I ActivityManager: Start proc 27280:com.sec.android.app.videoplayer/u0a43 for broadcast-3 com.sec.android.app.videoplayer/.videowall.TranscodeReceiver
04-28 22:47:10.910 27280 27280 I libpersona: KNOX_SDCARD checking this for 10043
04-28 22:47:10.910 27280 27280 I libpersona: KNOX_SDCARD not a persona
04-28 22:47:10.910  1553  2290 D NetworkPolicy: isUidForegroundLocked: 10043, mScreenOn: true, uidstate: -1, mProxSensorScreenOff: false
04-28 22:47:10.970  1553  1834 D PowerManagerService: [PSM] lowPowerModeEnabled: false (mLowPowerModeSetting: false, mIsPowered: true, mAutoLowPowerModeConfigured: false, mBatteryLevel: 64, mLowBatteryTriggerLevel: 0, mEmergencyMode: false)
04-28 22:47:11.000  2349  2349 D BatteryMeterView: ACTION_BATTERY_CHANGED : level:64 status:2 health:2
04-28 22:47:11.010  2349  2349 D BatteryMeterView: ACTION_BATTERY_CHANGED : level:64 status:2 health:2
04-28 22:47:11.010  2349  2349 D BatteryMeterView: ACTION_BATTERY_CHANGED : level:64 status:2 health:2
04-28 22:47:11.010  1553  1553 I MotionRecognitionService: Plugged
04-28 22:47:11.010  1553  1553 D MotionRecognitionService:   cableConnection= 1
04-28 22:47:11.010  1553  1553 D MotionRecognitionService: setPowerConnected | current backoff  = 5120 , state =5120
04-28 22:47:11.010  1553  1553 D MotionRecognitionService: skip setTransmitPower. 
04-28 22:47:11.020  2349  2349 D SViewCoverView: BroadcastReceiver onReceive() : action : android.intent.action.BATTERY_CHANGED
04-28 22:47:11.020  2349  2349 D SViewCoverView: level :64 plugged : 2
04-28 22:47:11.030  1553  1553 D GameManagerService: new battery level: 64
04-28 22:47:11.060  2349  2349 D BatteryMeterView: onDraw batteryColor : -1107296257
04-28 22:47:11.080  1553  2192 V AlarmManager: Expired Alarm result :4
04-28 22:47:11.130  1553  6841 D SSRM:P  : reading: 44 44 0
04-28 22:47:11.150  1553  2290 D NetworkPolicy: isUidForegroundLocked: 10043, mScreenOn: true, uidstate: 16, mProxSensorScreenOff: false
04-28 22:47:11.350  1553  4419 V BroadcastQueue: [background] Process cur broadcast BroadcastRecord{ba14aa2 u-1 android.intent.action.CHECK_SIOP_LEVEL qIdx=4}, state= (APP_RECEIVE) DELIVERED for app ProcessRecord{19c94d8 27280:com.sec.android.app.videoplayer/u0a43}
04-28 22:47:11.700  1553  1834 D PowerManagerService: [s] UserActivityState : 1 -> 2
04-28 22:47:11.700  1553  1834 D PowerManagerService: mDisplayReady: false
04-28 22:47:11.710  1553  1834 D DisplayPowerController: animateScreenStateChange[0]: target=2
04-28 22:47:11.720  1553  2192 V AlarmManager: Expired Alarm result :4
04-28 22:47:11.720  1553  1834 D DisplayPowerController: [Dual Screen Compatible] state[0] :2
04-28 22:47:11.720  1553  1834 D DisplayPowerController: getFinalBrightness : Summary is 1 -> 1
04-28 22:47:11.720  1553  1834 D DisplayPowerController: Animating brightness: target=1, rate=500 (PSM:false, AB limit:(-1 ~ -1) MB Limit:(-1 ~ -1))
04-28 22:47:11.740  1553  1834 D PowerManagerService: [s] DisplayPowerCallbacks : onStateChanged()
04-28 22:47:11.740  1553  1834 D PowerManagerService: mDisplayReady: true
04-28 22:47:11.770  1553  1834 D DisplayPowerController: animateScreenStateChange[0]: target=2
04-28 22:47:11.770  1553  1834 D DisplayPowerController: [Dual Screen Compatible] state[0] :2
04-28 22:47:11.770  1553  1834 D DisplayPowerController: getFinalBrightness : Summary is 1 -> 1
04-28 22:47:11.770  1553  1834 D DisplayPowerController: Animating brightness: target=1, rate=500 (PSM:false, AB limit:(-1 ~ -1) MB Limit:(-1 ~ -1))
04-28 22:47:12.140  1553  2171 I ActivityManager: Killing 26607:com.wssnps/1000 (adj 13): DHA:empty #9
04-28 22:47:12.300  1553  4444 W ContextImpl: Calling a method in the system process without a qualified user: android.app.ContextImpl.sendBroadcast:843 com.android.server.am.ActivityManagerService.updateOomAdjLocked:27516 com.android.server.am.ActivityManagerService.appDiedLocked:7892 com.android.server.am.ActivityManagerService$AppDeathRecipient.binderDied:1937 android.os.BinderProxy.sendDeathNotice:558 
04-28 22:47:12.300  1553  1575 V BroadcastQueue: [background] Process cur broadcast BroadcastRecord{b95c21c u0 io.wecloud.message.action.METHOD qIdx=4}, state= (APP_RECEIVE) DELIVERED for app ProcessRecord{80acd05 19981:com.jb.gokeyboardpro/u0a73}
04-28 22:47:12.310  1553  1734 I ActivityManager: Waited long enough for: ServiceRecord{175c5c2 u0 com.amazon.mp3/com.urbanairship.push.PushService}
04-28 22:47:12.310  1553  4442 V AlarmManager:  remove PendingIntent] PendingIntent{d905e25: PendingIntentRecord{4377677 com.google.android.googlequicksearchbox startService}}
04-28 22:47:12.320  1553  1734 V MARsPolicyManager: executePolicy policy  spcmpolicy(1) reason Adj 14 BG Killed
04-28 22:47:12.340  1553  1734 I ActivityManager: Force stopping com.amazon.mp3 appid=10172 user=0: MARs-NonSticky-Kill-spcmpolicy(1)
04-28 22:47:12.340  1553  1734 I ActivityManager: Killing 27031:com.amazon.mp3/u0a172 (adj 5): stop com.amazon.mp3 cause MARs-NonSticky-Kill-spcmpolicy(1)
04-28 22:47:12.340  1553  1734 W ActivityManager: Scheduling restart of crashed service com.amazon.mp3/.service.job.JobService in 1000ms
04-28 22:47:12.340  1553  1734 W ActivityManager: Scheduling restart of crashed service com.amazon.mp3/com.urbanairship.push.PushService in 1000ms
04-28 22:47:12.370  1553  4442 V BroadcastQueue: [background] Process cur broadcast BroadcastRecord{8c58bfa u0 null qIdx=4}, state= (APP_RECEIVE) DELIVERED for app ProcessRecord{90092e4 10053:com.google.android.gms.persistent/u0a12}
04-28 22:47:12.470 10053 27303 D SecWifiDisplayUtil: Metadata value : none
04-28 22:47:12.960  1553  4444 D ConnectivityService: returning Blocked NetworkInfo for ifname=wlan0, uid=10170
04-28 22:47:12.960  1553  4444 D ConnectivityService: returning getNetworkInfo for network type 1 : [type: WIFI[] - WIFI, state: DISCONNECTED/BLOCKED, reason: (unspecified), extra: (none), roaming: false, failover: false, isAvailable: true]
04-28 22:47:12.960  1553  4090 D ConnectivityService: returning Blocked NetworkInfo for ifname=null, uid=10170
04-28 22:47:12.960  1553  4090 D ConnectivityService: returning getNetworkInfo for network type 0 : [type: MOBILE[] - MOBILE, state: DISCONNECTED/BLOCKED, reason: (unspecified), extra: (none), roaming: false, failover: false, isAvailable: true]
04-28 22:47:14.750  1553  4435 I ActivityManager: Killing 26621:com.maxmpz.audioplayer/u0a66 (adj 13): DHA:empty #9
04-28 22:47:14.820  1553  4442 W ContextImpl: Calling a method in the system process without a qualified user: android.app.ContextImpl.sendBroadcast:843 com.android.server.am.ActivityManagerService.updateOomAdjLocked:27516 com.android.server.am.ActivityManagerService.appDiedLocked:7892 com.android.server.am.ActivityManagerService$AppDeathRecipient.binderDied:1937 android.os.BinderProxy.sendDeathNotice:558 
04-28 22:47:16.020  1553  2192 V AlarmManager: Expired Alarm result :4
04-28 22:47:16.040  1553  4442 D WifiService: startScan by pid=10053, uid=10012
04-28 22:47:16.240  1553  4298 V AlarmManager:  remove PendingIntent] PendingIntent{55a052: PendingIntentRecord{dc83440 uk.amazon.mShop.android startService}}
04-28 22:47:16.250  1553  2735 I ActivityManager: Killing 18481:com.qualcomm.telephony/1000 (adj 15): DHA:SPC_empty #9
04-28 22:47:16.320  1553  4441 W ActivityManager: Scheduling restart of crashed service com.qualcomm.atfwd/.AtFwdService in 1000ms
04-28 22:47:16.530  1553  2291 D WifiP2pService: InactiveState{ what=147461 }
04-28 22:47:16.540  1553  2291 D WifiP2pService: P2pEnabledState{ what=147461 }
04-28 22:47:16.540  1553  2291 D WifiP2pService: DefaultState{ what=147461 }
04-28 22:47:16.580  1553  1734 V BroadcastQueue: [background] Process cur broadcast BroadcastRecord{cba6f23 u-1 android.net.wifi.SCAN_RESULTS qIdx=4}, state= (APP_RECEIVE) DELIVERED for app ProcessRecord{855cc71 2349:com.android.systemui/u0a20}
04-28 22:47:17.320  1553  1734 D MountService: getExternalStorageMountMode : 1
04-28 22:47:17.320  1553  1734 D MountService: getExternalStorageMountMode : 3
04-28 22:47:17.320  1553  1734 D MountService: getExternalStorageMountMode : final mountMode=1, uid : 1000, packageName : com.qualcomm.atfwd
04-28 22:47:17.370  1553  1734 I ActivityManager: Start proc 27307:com.qualcomm.telephony/1000 for service com.qualcomm.atfwd/.AtFwdService
04-28 22:47:17.370 27307 27307 I libpersona: KNOX_SDCARD checking this for 1000
04-28 22:47:17.370 27307 27307 I libpersona: KNOX_SDCARD not a persona
04-28 22:47:17.700  1553  1834 D PowerManagerService: [s] UserActivityState : 2 -> 4
04-28 22:47:17.700  1553  1834 I PowerManagerService: Nap time (uid 1000)...
04-28 22:47:17.700  1553  1834 D PowerManagerService: handleSandman : startDreaming: false  (canDreamLocked: false  canDozeLocked: false)
04-28 22:47:17.700  1553  1834 I PowerManagerService: !@[ps] Screen__Off - 887 :  dream(timeout) (2)
04-28 22:47:17.700  1553  1834 I PowerManagerService: Going to sleep due to screen timeout (uid 1000)...
04-28 22:47:17.700  1553  2326 D NetworkPolicy: onScreenStateChanged, state: false, reason: 3
04-28 22:47:17.700  1553  1834 D PowerManagerService: mDisplayReady: false
04-28 22:47:17.700  1553  1834 D DisplayPowerController: animateScreenStateChange[0]: target=1
04-28 22:47:17.700  1553  1834 D ColorFade: prepare: mode=4
04-28 22:47:17.740  1553  1834 D PowerManagerUtil: Excessive delay in ColorFade : createSurface: 33ms
04-28 22:47:17.770  1553  1834 D PowerManagerUtil: Excessive delay in ColorFade : createEglSurface: 34ms
04-28 22:47:17.840  1553  1834 D PowerManagerUtil: Excessive delay in ColorFade : readFile: 13ms
04-28 22:47:17.870  1553  1834 D PowerManagerUtil: Excessive delay in ColorFade prepare: 169ms
04-28 22:47:17.870  1553  1834 D ColorFade: ColorFade is ready
04-28 22:47:17.880  1553  1834 D DisplayPowerController: ColorFade: onAnimationStart
04-28 22:47:17.880  1553  1834 D DisplayPowerController: [Dual Screen Compatible] state[0] :2
04-28 22:47:17.880  1553  1834 D DisplayPowerController: getFinalBrightness : Summary is 6 -> 6
04-28 22:47:18.170  1553  1834 D DisplayPowerState: !@ [0] ColorFade entry
04-28 22:47:18.170  1553  1834 D PowerManagerService: [input device light] onColorFadeExit(false)
04-28 22:47:18.170  1553  1834 D DisplayPowerController: ColorFade: onAnimationEnd
04-28 22:47:18.180  1553  1834 D DisplayPowerController: animateScreenStateChange[0]: target=1
04-28 22:47:18.180  1553  1834 D DisplayPowerController: [M OS] 0 REPORTED_TO_POLICY_SCREEN_* -> REPORTED_TO_POLICY_SCREEN_OFF.
04-28 22:47:18.250  1553  1834 D DisplayPowerController: mWindowManagerPolicy.screenTurnedOff(0)
04-28 22:47:18.250  1553  1834 D DisplayPowerController: [Dual Screen Compatible] state[0] :1
04-28 22:47:18.250  1553  2328 D AutomaticBrightnessController: [DAB] setLightSensorEnabled : unregisterListenerRunnable
