04-28 22:44:32.040  2349  2349 D PanelView: kidsfalse mQsExpansionEnabled:true
04-28 22:44:32.060  2349  2349 D PanelView: kidsfalse mQsExpansionEnabled:true
04-28 22:44:32.060   416  2011 I APM::AudioPolicyManager: stopOutput() output 4, stream 1, session 12060
04-28 22:44:32.530  1553  2170 D SensorService: [SO] -0.115 8.753 4.855
04-28 22:44:32.540  1553  2198 D InputReader: Input event(4): value=1 when=437114092485000
04-28 22:44:32.540  1553  2198 I InputReader: Touch event's action is 0x0 (deviceType=0) [pCnt=1, s=0.19253 ] when=437114092485000
04-28 22:44:32.540  1553  2198 D InputReader: lastThreadEndTime = 437113450357993, currentThreadStartTime = 437113450361743, diff = 0
04-28 22:44:32.540  1553  2197 I InputDispatcher: Delivering touch to (2349): action: 0x4, toolType: 1
04-28 22:44:32.540  1553  2197 I InputDispatcher: Delivering touch to (25929): action: 0x0, toolType: 1
04-28 22:44:32.540 25929 25929 D ViewRootImpl: ViewPostImeInputStage processPointer 0
04-28 22:44:32.620  1553  2198 D InputReader: Input event(4): value=0 when=437114173099000
04-28 22:44:32.620  1553  2198 I InputReader: Touch event's action is 0x1 (deviceType=0) [pCnt=1, s=] when=437114173099000
04-28 22:44:32.620  1553  2197 I InputDispatcher: Delivering touch to (25929): action: 0x1, toolType: 1
04-28 22:44:32.620 25929 25929 D ViewRootImpl: ViewPostImeInputStage processPointer 1
04-28 22:44:32.630  1553  4435 D ApplicationPolicy: isStatusBarNotificationAllowedAsUser: packageName = android,userId = -1
04-28 22:44:32.630  1553  1553 D InputMethodManagerService: [HARDWARE_KEYBOARD] (refreshImeWindowVis) mImeWindowVis= 3 inputVisible = truehaveHardKeyboard = false hardKeyShown = false
04-28 22:44:32.640  1553  1553 D MARsPolicyManager: NotificationListenerService OngoingNotificationPosted : android
04-28 22:44:32.650  1553  4113 D ApplicationPolicy: isStatusBarNotificationAllowedAsUser: packageName = android,userId = -1
04-28 22:44:32.650  2349  2349 D StatusBar: ----- contentsUnchanged : true, bigContentsUnchanged - true, headsUpContentsUnchanged - true , publicUnchanged true
04-28 22:44:32.650  1553  1553 D InputMethodManagerService: [HARDWARE_KEYBOARD] (refreshImeWindowVis) mImeWindowVis= 3 inputVisible = truehaveHardKeyboard = false hardKeyShown = false
04-28 22:44:32.660  1553  1553 D MARsPolicyManager: NotificationListenerService OngoingNotificationPosted : android
04-28 22:44:32.670  2349  2349 D PanelView: kidsfalse mQsExpansionEnabled:true
04-28 22:44:32.670 25929 25929 D ViewRootImpl: #1 mView = android.widget.PopupWindow$PopupDecorView{899773e V.E...... ......I. 0,0-0,0}
04-28 22:44:32.680  2349  2349 D PanelView: kidsfalse mQsExpansionEnabled:true
04-28 22:44:32.690   345   345 I SurfaceFlinger: id=3377 createSurf (1x1),1 flag=4, QopupWindow
04-28 22:44:32.690  2349  2349 D StatusBar: ----- contentsUnchanged : true, bigContentsUnchanged - true, headsUpContentsUnchanged - true , publicUnchanged true
04-28 22:44:32.700  2349  2349 D PanelView: kidsfalse mQsExpansionEnabled:true
04-28 22:44:32.710 25929 25929 D ViewRootImpl: MSG_RESIZED_REPORT: ci=Rect(0, 0 - 0, 0) vi=Rect(0, 0 - 0, 0) or=1
04-28 22:44:32.720  2349  2349 D PanelView: kidsfalse mQsExpansionEnabled:true
04-28 22:44:32.720  1553  4298 V WindowStateAnimator: Finishing drawing window Window{cb91581 u0 d0 p25929 PopupWindow:1479bf9}: mDrawState=DRAW_PENDING
04-28 22:44:32.730  1553  1826 D KnoxTimeoutHandler: notifyActivityDrawn [MsgParam] userId: 0 fullscreen is true showWhenlocked is false
04-28 22:44:32.730  1553  1553 D KnoxTimeoutHandler: activityDrawn [MsgParam] userId: 0 fullscreen is true showWhenlocked is false
04-28 22:44:32.730  1553  1553 I KnoxTimeoutHandler: SD activityfalse
04-28 22:44:32.730  1553  1553 I KnoxTimeoutHandler: Fullscreen and mCurrent is not KNOX user. Hence hide keyguard
04-28 22:44:32.940  1553  2735 D ApplicationPolicy: isStatusBarNotificationAllowedAsUser: packageName = com.agilebits.onepassword,userId = 0
04-28 22:44:32.940  2349  2349 D StatusBar: ----- contentsUnchanged : true, bigContentsUnchanged - true, headsUpContentsUnchanged - true , publicUnchanged true
04-28 22:44:32.950  1553  2399 D ApplicationPolicy: isStatusBarNotificationAllowedAsUser: packageName = com.agilebits.onepassword,userId = 0
04-28 22:44:32.950  1553  1575 D ApplicationPolicy: isStatusBarNotificationAllowedAsUser: packageName = com.agilebits.onepassword,userId = 0
04-28 22:44:32.970  2349  2349 D PanelView: kidsfalse mQsExpansionEnabled:true
04-28 22:44:32.970  2349  2349 D PanelView: kidsfalse mQsExpansionEnabled:true
04-28 22:44:32.980  2349  2349 D StatusBar: ----- contentsUnchanged : true, bigContentsUnchanged - true, headsUpContentsUnchanged - true , publicUnchanged true
04-28 22:44:32.990  2349  2349 D PanelView: kidsfalse mQsExpansionEnabled:true
04-28 22:44:33.000  2349  2349 D PanelView: kidsfalse mQsExpansionEnabled:true
04-28 22:44:33.000  2349  2349 D StatusBar: ----- contentsUnchanged : true, bigContentsUnchanged - true, headsUpContentsUnchanged - true , publicUnchanged true
04-28 22:44:33.010  2349  2349 D PanelView: kidsfalse mQsExpansionEnabled:true
04-28 22:44:33.020  2349  2349 D PanelView: kidsfalse mQsExpansionEnabled:true
04-28 22:44:33.750 26274 26325 I System.out: (HTTPLog)-Static: isSBSettingEnabled false
04-28 22:44:33.750 26274 26325 I System.out: (HTTPLog)-Static: isSBSettingEnabled false
04-28 22:44:33.990  1553  2198 D InputReader: Input event(4): value=1 when=437115546070000
04-28 22:44:33.990  1553  2198 I InputReader: Touch event's action is 0x0 (deviceType=0) [pCnt=1, s=0.19254 ] when=437115546070000
04-28 22:44:33.990  1553  2198 D InputReader: lastThreadEndTime = 437114173367107, currentThreadStartTime = 437114173370753, diff = 0
04-28 22:44:33.990  1553  2197 I InputDispatcher: Delivering touch to (2349): action: 0x4, toolType: 1
04-28 22:44:33.990  1553  2197 I InputDispatcher: Delivering touch to (26274): action: 0x0, toolType: 1
04-28 22:44:33.990 26274 26274 D ViewRootImpl: ViewPostImeInputStage processPointer 0
04-28 22:44:33.990  1553  4402 D SamsungWindowManager: f.b. a = false psme = false hdpsm = false hd = true lpm = false eme = false ksno = false ps = false
04-28 22:44:33.990  1553  4402 D SamsungWindowManager: haptic disabled by policy
04-28 22:44:34.000 25929 25929 D ViewRootImpl: ViewPostImeInputStage processKey 0
04-28 22:44:34.020 25929 25929 D ViewRootImpl: #3 mView = null
04-28 22:44:34.030  1553  2198 D InputReader: Input event(4): value=0 when=437115588793000
04-28 22:44:34.030  1553  2198 I InputReader: Touch event's action is 0x1 (deviceType=0) [pCnt=1, s=] when=437115588793000
04-28 22:44:34.030  1553  2197 I InputDispatcher: Delivering touch to (26274): action: 0x1, toolType: 1
04-28 22:44:34.030 26274 26274 D ViewRootImpl: ViewPostImeInputStage processPointer 1
04-28 22:44:34.080 25929 25929 D AbsListView: Get MotionRecognitionManager
04-28 22:44:34.100 25929 25929 D ViewRootImpl: #1 mView = android.widget.PopupWindow$PopupDecorView{bc370bb V.E...... ......I. 0,0-0,0}
04-28 22:44:34.110 25929 25929 D ViewRootImpl: ViewPostImeInputStage processKey 1
04-28 22:44:34.120   345   345 I SurfaceFlinger: id=3378 createSurf (1x1),1 flag=4, QopupWindow
04-28 22:44:34.140 25929 25929 D AbsListView:  onsize change 
04-28 22:44:34.150 25929 25929 D ViewRootImpl: #3 mView = null
04-28 22:44:34.160  1553  1826 D KnoxTimeoutHandler: notifyActivityDrawn [MsgParam] userId: 0 fullscreen is true showWhenlocked is false
04-28 22:44:34.160  1553  1553 D KnoxTimeoutHandler: activityDrawn [MsgParam] userId: 0 fullscreen is true showWhenlocked is false
04-28 22:44:34.160   345   528 I SurfaceFlinger: id=3377 Removed QopupWindow (7/11)
04-28 22:44:34.160  1553  1553 I KnoxTimeoutHandler: SD activityfalse
04-28 22:44:34.160  1553  1553 I KnoxTimeoutHandler: Fullscreen and mCurrent is not KNOX user. Hence hide keyguard
04-28 22:44:34.160   345   533 I SurfaceFlinger: id=3378 Removed QopupWindow (7/10)
04-28 22:44:34.160   345   533 I SurfaceFlinger: id=3377 Removed QopupWindow (-2/10)
04-28 22:44:34.160   345 10596 I SurfaceFlinger: id=3378 Removed QopupWindow (-2/10)
04-28 22:44:34.160 25929 25929 D AbsListView: Get MotionRecognitionManager
04-28 22:44:34.190 25929 25929 D ViewRootImpl: #1 mView = android.widget.PopupWindow$PopupDecorView{6f13c33 V.E...... ......I. 0,0-0,0}
04-28 22:44:34.200   345   345 I SurfaceFlinger: id=3379 createSurf (1x1),1 flag=4, QopupWindow
04-28 22:44:34.220 25929 25929 D AbsListView:  onsize change 
04-28 22:44:34.240  1553  4442 V WindowStateAnimator: Finishing drawing window Window{60655ac u0 d0 p25929 PopupWindow:a31c94a}: mDrawState=DRAW_PENDING
04-28 22:44:34.240 25929 25929 D ViewRootImpl: MSG_RESIZED_REPORT: ci=Rect(0, 0 - 0, 0) vi=Rect(0, 0 - 0, 0) or=1
04-28 22:44:34.240  1553  1826 D KnoxTimeoutHandler: notifyActivityDrawn [MsgParam] userId: 0 fullscreen is true showWhenlocked is false
04-28 22:44:34.250  1553  1553 D KnoxTimeoutHandler: activityDrawn [MsgParam] userId: 0 fullscreen is true showWhenlocked is false
04-28 22:44:34.250  1553  1553 I KnoxTimeoutHandler: SD activityfalse
04-28 22:44:34.250  1553  1553 I KnoxTimeoutHandler: Fullscreen and mCurrent is not KNOX user. Hence hide keyguard
04-28 22:44:34.260  1553  4298 V WindowStateAnimator: Finishing drawing window Window{60655ac u0 d0 p25929 PopupWindow:a31c94a}: mDrawState=HAS_DRAWN
04-28 22:44:34.340  1553  2198 D InputReader: Input event(4): value=1 when=437115894390000
04-28 22:44:34.340  1553  2198 I InputReader: Touch event's action is 0x0 (deviceType=0) [pCnt=1, s=0.19255 ] when=437115894390000
04-28 22:44:34.340  1553  2198 D InputReader: lastThreadEndTime = 437115589020127, currentThreadStartTime = 437115589022784, diff = 0
04-28 22:44:34.340  1553  2197 I InputDispatcher: Delivering touch to (2349): action: 0x4, toolType: 1
04-28 22:44:34.340  1553  2197 I InputDispatcher: Delivering touch to (26274): action: 0x0, toolType: 1
04-28 22:44:34.340 26274 26274 D ViewRootImpl: ViewPostImeInputStage processPointer 0
04-28 22:44:34.340  1553  2171 D SamsungWindowManager: f.b. a = false psme = false hdpsm = false hd = true lpm = false eme = false ksno = false ps = false
04-28 22:44:34.340 25929 25929 D ViewRootImpl: ViewPostImeInputStage processKey 0
04-28 22:44:34.340  1553  2171 D SamsungWindowManager: haptic disabled by policy
04-28 22:44:34.350 25929 25929 D ViewRootImpl: ViewPostImeInputStage processKey 1
04-28 22:44:34.390 25929 25929 D AbsListView:  onsize change 
04-28 22:44:34.410  2349  2349 D StatusBar.NetworkController: onSignalStrengthsChanged signalStrength=SignalStrength: 99 99 -120 -160 -120 -1 -1 29 -77 -9 216 -1 2147483647 0x4000 gsm|lte level=4
04-28 22:44:34.410  2349  2349 D StatusBar.NetworkController: updateTelephonySignalStrength: hasService=true ss=SignalStrength: 99 99 -120 -160 -120 -1 -1 29 -77 -9 216 -1 2147483647 0x4000 gsm|lte
04-28 22:44:34.410  2349  2349 D StatusBar.NetworkController: updateTelephonySignalStrength: iconLevel=4
04-28 22:44:34.410  2349  2349 D StatusBar.NetworkController: updateTelephonySignalStrength, No signal level. mPhoneSignalIconId = com.android.systemui:drawable/stat_sys_signal_4_auto_rotate mDataSignalIconId = com.android.systemui:drawable/stat_sys_signal_4_auto_rotate mQSPhoneSignalIconId = com.android.systemui:drawable/ic_qs_signal_4 mContentDescriptionPhoneSignal = Phone signal full.
04-28 22:44:34.430  1553  2198 D InputReader: Input event(4): value=0 when=437115987757000
04-28 22:44:34.430  1553  2198 I InputReader: Touch event's action is 0x1 (deviceType=0) [pCnt=1, s=] when=437115987757000
04-28 22:44:34.430  1553  2197 I InputDispatcher: Delivering touch to (26274): action: 0x1, toolType: 1
04-28 22:44:34.430 26274 26274 D ViewRootImpl: ViewPostImeInputStage processPointer 1
04-28 22:44:34.510  1553  2198 D InputReader: Input event(4): value=1 when=437116062397000
04-28 22:44:34.510  1553  2198 I InputReader: Touch event's action is 0x0 (deviceType=0) [pCnt=1, s=0.19256 ] when=437116062397000
04-28 22:44:34.510  1553  2198 D InputReader: lastThreadEndTime = 437115988093877, currentThreadStartTime = 437115988096377, diff = 0
04-28 22:44:34.510  1553  2197 I InputDispatcher: Delivering touch to (2349): action: 0x4, toolType: 1
04-28 22:44:34.510  1553  2197 I InputDispatcher: Delivering touch to (26274): action: 0x0, toolType: 1
04-28 22:44:34.510 26274 26274 D ViewRootImpl: ViewPostImeInputStage processPointer 0
04-28 22:44:34.510  2349  2349 D StatusBar.NetworkController: refreshViews connected={ wifi } level=4 combinedSignalIconId=0x7f020655/com.android.systemui:drawable/stat_sys_wifi_signal_4 mobileLabel=O2 - UK wifiLabel="VM348613-2G" emergencyOnly=false combinedLabel="VM348613-2G" mAirplaneMode=false mDataActivity=0 mPhoneSignalIconId=0x7f0205d0/com.android.systemui:drawable/stat_sys_signal_4_auto_rotate mQSPhoneSignalIconId=0x7f02015f/com.android.systemui:drawable/ic_qs_signal_4 mDataDirectionIconId=0x0/(null) mDataSignalIconId=0x7f0205d0/com.android.systemui:drawable/stat_sys_signal_4_auto_rotate mDataTypeIconId=0x7f020401/com.android.systemui:drawable/stat_sys_data_connected_4g mQSDataTypeIconId=0x7f020160/com.android.systemui:drawable/ic_qs_signal_4g mNoSimIconId=0x0/(null) mWifiIconId=0x7f020655/com.android.systemui:drawable/stat_sys_wifi_signal_4 mQSWifiIconId=0x7f020330/com.android.systemui:drawable/qs_tile_wifi_signal_4 mWifiActivityIconId=0x7f020603/com.android.systemui:drawable/stat_sys_signal_inout mBluetoothTetherIconId=0x7f02062c/com.android.systemui:drawable/stat_sys_tether_bluetooth
04-28 22:44:34.510  2349  2349 D StatusBar.NetworkController: refreshNwBoosterIndicator - setNWBoosterIndicators(false)
04-28 22:44:34.510  2349  2349 D StatusBar.NetworkController: refreshNwBoosterIndicator - setNWBoosterIndicators(false)
04-28 22:44:34.510  2349  2349 D StatusBar.NetworkController: refreshNwBoosterIndicator - setNWBoosterIndicators(false)
04-28 22:44:34.510  2349  2349 D StatusBar.NetworkController: refreshNwBoosterIndicator - setNWBoosterIndicators(false)
04-28 22:44:34.550  1553  4402 D SamsungWindowManager: f.b. a = false psme = false hdpsm = false hd = true lpm = false eme = false ksno = false ps = false
04-28 22:44:34.550 25929 25929 D ViewRootImpl: ViewPostImeInputStage processKey 0
04-28 22:44:34.550  1553  4402 D SamsungWindowManager: haptic disabled by policy
04-28 22:44:34.590  1553  2198 D InputReader: Input event(4): value=0 when=437116145077000
04-28 22:44:34.590  1553  2198 I InputReader: Touch event's action is 0x1 (deviceType=0) [pCnt=1, s=] when=437116145077000
04-28 22:44:34.590  1553  2197 I InputDispatcher: Delivering touch to (26274): action: 0x1, toolType: 1
04-28 22:44:34.590 26274 26274 D ViewRootImpl: ViewPostImeInputStage processPointer 1
04-28 22:44:34.600 25929 25929 D ViewRootImpl: ViewPostImeInputStage processKey 1
04-28 22:44:34.660  1553  2198 D InputReader: Input event(4): value=1 when=437116219743000
04-28 22:44:34.670  1553  2198 I InputReader: Touch event's action is 0x0 (deviceType=0) [pCnt=1, s=0.19257 ] when=437116219743000
04-28 22:44:34.670  1553  2198 D InputReader: lastThreadEndTime = 437116145333044, currentThreadStartTime = 437116145335909, diff = 0
04-28 22:44:34.670  1553  2197 I InputDispatcher: Delivering touch to (2349): action: 0x4, toolType: 1
04-28 22:44:34.670  1553  2197 I InputDispatcher: Delivering touch to (26274): action: 0x0, toolType: 1
04-28 22:44:34.670 26274 26274 D ViewRootImpl: ViewPostImeInputStage processPointer 0
04-28 22:44:34.670  1553  4402 D SamsungWindowManager: f.b. a = false psme = false hdpsm = false hd = true lpm = false eme = false ksno = false ps = false
04-28 22:44:34.670 25929 25929 D ViewRootImpl: ViewPostImeInputStage processKey 0
04-28 22:44:34.670 25929 25929 D ViewRootImpl: ViewPostImeInputStage processKey 1
04-28 22:44:34.670  1553  4402 D SamsungWindowManager: haptic disabled by policy
04-28 22:44:34.760  1553  2198 D InputReader: Input event(4): value=0 when=437116316062000
04-28 22:44:34.760  1553  2198 I InputReader: Touch event's action is 0x1 (deviceType=0) [pCnt=1, s=] when=437116316062000
04-28 22:44:34.760  1553  2197 I InputDispatcher: Delivering touch to (26274): action: 0x1, toolType: 1
04-28 22:44:34.760 26274 26274 D ViewRootImpl: ViewPostImeInputStage processPointer 1
04-28 22:44:34.830  1553  2198 D InputReader: Input event(4): value=1 when=437116380439000
04-28 22:44:34.830  1553  2198 I InputReader: Touch event's action is 0x0 (deviceType=0) [pCnt=1, s=0.19258 ] when=437116380439000
04-28 22:44:34.830  1553  2198 D InputReader: lastThreadEndTime = 437116316284606, currentThreadStartTime = 437116316288044, diff = 0
04-28 22:44:34.830  1553  2197 I InputDispatcher: Delivering touch to (2349): action: 0x4, toolType: 1
04-28 22:44:34.830  1553  2197 I InputDispatcher: Delivering touch to (26274): action: 0x0, toolType: 1
04-28 22:44:34.830 26274 26274 D ViewRootImpl: ViewPostImeInputStage processPointer 0
04-28 22:44:34.830  1553  4091 D SamsungWindowManager: f.b. a = false psme = false hdpsm = false hd = true lpm = false eme = false ksno = false ps = false
04-28 22:44:34.830 25929 25929 D ViewRootImpl: ViewPostImeInputStage processKey 0
04-28 22:44:34.830  1553  4091 D SamsungWindowManager: haptic disabled by policy
04-28 22:44:34.840 25929 25929 D ViewRootImpl: ViewPostImeInputStage processKey 1
04-28 22:44:34.880  1553  4113 D ApplicationPolicy: isStatusBarNotificationAllowedAsUser: packageName = com.agilebits.onepassword,userId = 0
04-28 22:44:34.890  2349  2349 D StatusBar: ----- contentsUnchanged : true, bigContentsUnchanged - true, headsUpContentsUnchanged - true , publicUnchanged true
04-28 22:44:34.900 26274 26325 I System.out: (HTTPLog)-Static: isSBSettingEnabled false
04-28 22:44:34.900 26274 26325 I System.out: (HTTPLog)-Static: isSBSettingEnabled false
04-28 22:44:34.900  1553  1576 D ApplicationPolicy: isStatusBarNotificationAllowedAsUser: packageName = com.agilebits.onepassword,userId = 0
04-28 22:44:34.910  2349  2349 D PanelView: kidsfalse mQsExpansionEnabled:true
04-28 22:44:34.920  2349  2349 D PanelView: kidsfalse mQsExpansionEnabled:true
04-28 22:44:34.920  2349  2349 D StatusBar: ----- contentsUnchanged : true, bigContentsUnchanged - true, headsUpContentsUnchanged - true , publicUnchanged true
04-28 22:44:34.920  1553  2198 D InputReader: Input event(4): value=0 when=437116477067000
04-28 22:44:34.920  1553  2198 I InputReader: Touch event's action is 0x1 (deviceType=0) [pCnt=1, s=] when=437116477067000
04-28 22:44:34.920  1553  2197 I InputDispatcher: Delivering touch to (26274): action: 0x1, toolType: 1
04-28 22:44:34.920 26274 26274 D ViewRootImpl: ViewPostImeInputStage processPointer 1
04-28 22:44:34.930  2349  2349 D PanelView: kidsfalse mQsExpansionEnabled:true
04-28 22:44:34.940  2349  2349 D PanelView: kidsfalse mQsExpansionEnabled:true
04-28 22:44:35.010  1553  2198 D InputReader: Input event(4): value=1 when=437116561518000
04-28 22:44:35.010  1553  2198 I InputReader: Touch event's action is 0x0 (deviceType=0) [pCnt=1, s=0.19259 ] when=437116561518000
04-28 22:44:35.010  1553  2197 I InputDispatcher: Delivering touch to (2349): action: 0x4, toolType: 1
04-28 22:44:35.010  1553  2197 I InputDispatcher: Delivering touch to (26274): action: 0x0, toolType: 1
04-28 22:44:35.010 26274 26274 D ViewRootImpl: ViewPostImeInputStage processPointer 0
04-28 22:44:35.010  1553  2198 D InputReader: lastThreadEndTime = 437116477304398, currentThreadStartTime = 437116477307992, diff = 0
04-28 22:44:35.010  1553  4435 D SamsungWindowManager: f.b. a = false psme = false hdpsm = false hd = true lpm = false eme = false ksno = false ps = false
04-28 22:44:35.010 25929 25929 D ViewRootImpl: ViewPostImeInputStage processKey 0
04-28 22:44:35.010  1553  4435 D SamsungWindowManager: haptic disabled by policy
04-28 22:44:35.030 25929 25929 D ViewRootImpl: #1 mView = android.widget.PopupWindow$PopupDecorView{d65bc11 V.E...... ......I. 0,0-0,0}
04-28 22:44:35.040 25929 25929 D ViewRootImpl: ViewPostImeInputStage processKey 1
04-28 22:44:35.040   416  2015 V audio_hw_primary: out_standby: enter: usecase(1: low-latency-playback)
04-28 22:44:35.040   416  2015 D NXP     : enable_NXP: turn off
04-28 22:44:35.040   416  2015 D tfa9895 : Loaded container file speaker_off /system/etc/Tfa9895.cnt.
04-28 22:44:35.060   345   345 I SurfaceFlinger: id=3380 createSurf (1x1),1 flag=4, QopupWindow
04-28 22:44:35.090   416  2015 D tfa9895 : device goes to stop success
04-28 22:44:35.090  1553  2198 D InputReader: Input event(4): value=0 when=437116644226000
04-28 22:44:35.090  1553  2198 I InputReader: Touch event's action is 0x1 (deviceType=0) [pCnt=1, s=] when=437116644226000
04-28 22:44:35.090  1553  2197 I InputDispatcher: Delivering touch to (26274): action: 0x1, toolType: 1
04-28 22:44:35.090 26274 26274 D ViewRootImpl: ViewPostImeInputStage processPointer 1
04-28 22:44:35.100 25929 25929 D AbsListView:  onsize change 
04-28 22:44:35.110 25929 25929 D ViewRootImpl: MSG_RESIZED_REPORT: ci=Rect(0, 0 - 0, 0) vi=Rect(0, 0 - 0, 0) or=1
04-28 22:44:35.110   416  2015 V audio_hw_primary: stop_output_stream: enter: usecase(1: low-latency-playback)
04-28 22:44:35.110   416  2015 V audio_hw_primary: disable_audio_route: enter: usecase(1)
04-28 22:44:35.110   416  2015 D audio_hw_primary: disable_audio_route: reset and update mixer path: low-latency-playback speaker-amp
04-28 22:44:35.110   416  2015 D audio_route: ++++ audio_route_update_path ==============
04-28 22:44:35.110   416  2015 D audio_route: Setting mixer control: QUAT_MI2S_RX Audio Mixer MultiMedia5, value: 0
04-28 22:44:35.120   416  2015 D audio_route: ---- audio_route_update_path ==============
04-28 22:44:35.120   416  2015 V audio_hw_primary: disable_audio_route: exit
04-28 22:44:35.120   416  2015 D hardware_info: hw_info_append_hw_type : device_name = speaker
04-28 22:44:35.120   416  2015 V audio_hw_primary: disable_snd_device: snd_device(2: speaker)
04-28 22:44:35.120   416  2015 D audio_route: ++++ audio_route_update_path ==============
04-28 22:44:35.120   416  2015 D audio_route: Setting mixer control: RX3 Digital Volume, value: 84
04-28 22:44:35.120   416  2015 D audio_route: ---- audio_route_update_path ==============
04-28 22:44:35.120   416  2015 V audio_hw_primary: stop_output_stream: exit: status(0)
04-28 22:44:35.120   416  2015 V audio_hw_primary: out_standby: exit
04-28 22:44:35.120  1553  2399 V WindowStateAnimator: Finishing drawing window Window{5650a7b u0 d0 p25929 PopupWindow:f877438}: mDrawState=DRAW_PENDING
04-28 22:44:35.120  1553  1826 D KnoxTimeoutHandler: notifyActivityDrawn [MsgParam] userId: 0 fullscreen is true showWhenlocked is false
04-28 22:44:35.130  1553  1553 D KnoxTimeoutHandler: activityDrawn [MsgParam] userId: 0 fullscreen is true showWhenlocked is false
04-28 22:44:35.130  1553  1553 I KnoxTimeoutHandler: SD activityfalse
04-28 22:44:35.130  1553  1553 I KnoxTimeoutHandler: Fullscreen and mCurrent is not KNOX user. Hence hide keyguard
04-28 22:44:35.500  1553  4435 D ApplicationPolicy: isStatusBarNotificationAllowedAsUser: packageName = com.agilebits.onepassword,userId = 0
04-28 22:44:35.510  2349  2349 D StatusBar: ----- contentsUnchanged : true, bigContentsUnchanged - true, headsUpContentsUnchanged - true , publicUnchanged true
04-28 22:44:35.510  1553  4445 D ApplicationPolicy: isStatusBarNotificationAllowedAsUser: packageName = com.agilebits.onepassword,userId = 0
04-28 22:44:35.520  2349  2349 D PanelView: kidsfalse mQsExpansionEnabled:true
04-28 22:44:35.540  2349  2349 D PanelView: kidsfalse mQsExpansionEnabled:true
04-28 22:44:35.540  2349  2349 D StatusBar: ----- contentsUnchanged : true, bigContentsUnchanged - true, headsUpContentsUnchanged - true , publicUnchanged true
04-28 22:44:35.560  1553  1575 D ApplicationPolicy: isStatusBarNotificationAllowedAsUser: packageName = com.agilebits.onepassword,userId = 0
04-28 22:44:35.570  2349  2349 D PanelView: kidsfalse mQsExpansionEnabled:true
04-28 22:44:35.580  2349  2349 D PanelView: kidsfalse mQsExpansionEnabled:true
04-28 22:44:35.580  2349  2349 D StatusBar: ----- contentsUnchanged : true, bigContentsUnchanged - true, headsUpContentsUnchanged - true , publicUnchanged true
04-28 22:44:35.590  2349  2349 D PanelView: kidsfalse mQsExpansionEnabled:true
04-28 22:44:35.600  2349  2349 D PanelView: kidsfalse mQsExpansionEnabled:true
04-28 22:44:35.690  1553  4445 D ConnectivityService: returning getNetworkInfo for network type 1 : [type: WIFI[] - WIFI, state: CONNECTED/CONNECTED, reason: (unspecified), extra: "VM348613-2G", roaming: false, failover: false, isAvailable: true]
04-28 22:44:36.040 26095 26388 I System.out: (HTTPLog)-Static: isSBSettingEnabled false
04-28 22:44:36.040 26095 26388 I System.out: (HTTPLog)-Static: isSBSettingEnabled false
04-28 22:44:36.040   401  2000 D EnterpriseController: netId is 0
04-28 22:44:36.040   401  2000 D Netd    : getNetworkForDns: using netid 740 for uid 10247
04-28 22:44:36.040  1553  4442 D ConnectivityService: returning getNetworkInfo for network type 0 : [type: MOBILE[] - MOBILE, state: DISCONNECTED/DISCONNECTED, reason: (unspecified), extra: (none), roaming: false, failover: false, isAvailable: true]
04-28 22:44:36.040  1553  4090 D ConnectivityService: returning getNetworkInfo for network type 1 : [type: WIFI[] - WIFI, state: CONNECTED/CONNECTED, reason: (unspecified), extra: "VM348613-2G", roaming: false, failover: false, isAvailable: true]
04-28 22:44:36.350  1553  4441 D ConnectivityService: returning Blocked NetworkInfo for ifname=wlan0, uid=10172
04-28 22:44:36.360  1553  2198 D InputReader: Input event(4): value=1 when=437117916381000
04-28 22:44:36.360  1553  2198 I InputReader: Touch event's action is 0x0 (deviceType=0) [pCnt=1, s=0.19260 ] when=437117916381000
04-28 22:44:36.360  1553  2198 D InputReader: lastThreadEndTime = 437116644534554, currentThreadStartTime = 437116644539033, diff = 0
04-28 22:44:36.360  1553  2197 I InputDispatcher: Delivering touch to (2349): action: 0x4, toolType: 1
04-28 22:44:36.360  1553  2197 I InputDispatcher: Delivering touch to (26274): action: 0x0, toolType: 1
04-28 22:44:36.360 26274 26274 D ViewRootImpl: ViewPostImeInputStage processPointer 0
04-28 22:44:36.360  1553  4445 D SamsungWindowManager: f.b. a = false psme = false hdpsm = false hd = true lpm = false eme = false ksno = false ps = false
04-28 22:44:36.360  1553  4445 D SamsungWindowManager: haptic disabled by policy
04-28 22:44:36.430  1553  2198 D InputReader: Input event(4): value=0 when=437117986963000
04-28 22:44:36.430  1553  2198 I InputReader: Touch event's action is 0x1 (deviceType=0) [pCnt=1, s=] when=437117986963000
04-28 22:44:36.430  1553  2197 I InputDispatcher: Delivering touch to (26274): action: 0x1, toolType: 1
04-28 22:44:36.430 26274 26274 D ViewRootImpl: ViewPostImeInputStage processPointer 1
04-28 22:44:36.440 25929 25929 D ViewRootImpl: #3 mView = null
04-28 22:44:36.700   345 10596 I SurfaceFlinger: id=3380 Removed QopupWindow (7/11)
04-28 22:44:36.700   345   533 I SurfaceFlinger: id=3380 Removed QopupWindow (-2/11)
04-28 22:44:36.960  2349  2349 D StatusBar.NetworkController: onSignalStrengthsChanged signalStrength=SignalStrength: 99 99 -120 -160 -120 -1 -1 29 -78 -8 184 -1 2147483647 0x4000 gsm|lte level=4
04-28 22:44:36.960  2349  2349 D StatusBar.NetworkController: updateTelephonySignalStrength: hasService=true ss=SignalStrength: 99 99 -120 -160 -120 -1 -1 29 -78 -8 184 -1 2147483647 0x4000 gsm|lte
04-28 22:44:36.960  2349  2349 D StatusBar.NetworkController: updateTelephonySignalStrength: iconLevel=4
04-28 22:44:36.960  2349  2349 D StatusBar.NetworkController: updateTelephonySignalStrength, No signal level. mPhoneSignalIconId = com.android.systemui:drawable/stat_sys_signal_4_auto_rotate mDataSignalIconId = com.android.systemui:drawable/stat_sys_signal_4_auto_rotate mQSPhoneSignalIconId = com.android.systemui:drawable/ic_qs_signal_4 mContentDescriptionPhoneSignal = Phone signal full.
04-28 22:44:37.070  2349  2349 D StatusBar.NetworkController: refreshViews connected={ wifi } level=4 combinedSignalIconId=0x7f020655/com.android.systemui:drawable/stat_sys_wifi_signal_4 mobileLabel=O2 - UK wifiLabel="VM348613-2G" emergencyOnly=false combinedLabel="VM348613-2G" mAirplaneMode=false mDataActivity=0 mPhoneSignalIconId=0x7f0205d0/com.android.systemui:drawable/stat_sys_signal_4_auto_rotate mQSPhoneSignalIconId=0x7f02015f/com.android.systemui:drawable/ic_qs_signal_4 mDataDirectionIconId=0x0/(null) mDataSignalIconId=0x7f0205d0/com.android.systemui:drawable/stat_sys_signal_4_auto_rotate mDataTypeIconId=0x7f020401/com.android.systemui:drawable/stat_sys_data_connected_4g mQSDataTypeIconId=0x7f020160/com.android.systemui:drawable/ic_qs_signal_4g mNoSimIconId=0x0/(null) mWifiIconId=0x7f020655/com.android.systemui:drawable/stat_sys_wifi_signal_4 mQSWifiIconId=0x7f020330/com.android.systemui:drawable/qs_tile_wifi_signal_4 mWifiActivityIconId=0x7f020603/com.android.systemui:drawable/stat_sys_signal_inout mBluetoothTetherIconId=0x7f02062c/com.android.systemui:drawable/stat_sys_tether_bluetooth
04-28 22:44:37.070  2349  2349 D StatusBar.NetworkController: refreshNwBoosterIndicator - setNWBoosterIndicators(false)
04-28 22:44:37.070  2349  2349 D StatusBar.NetworkController: refreshNwBoosterIndicator - setNWBoosterIndicators(false)
04-28 22:44:37.070  2349  2349 D StatusBar.NetworkController: refreshNwBoosterIndicator - setNWBoosterIndicators(false)
04-28 22:44:37.070  2349  2349 D StatusBar.NetworkController: refreshNwBoosterIndicator - setNWBoosterIndicators(false)
04-28 22:44:37.520  1553  2198 D InputReader: Input event(4): value=1 when=437119070804000
04-28 22:44:37.520  1553  2198 I InputReader: Touch event's action is 0x0 (deviceType=0) [pCnt=1, s=0.19261 ] when=437119070804000
04-28 22:44:37.520  1553  2198 D InputReader: lastThreadEndTime = 437117987421689, currentThreadStartTime = 437117987425752, diff = 0
04-28 22:44:37.520  1553  2197 I InputDispatcher: Delivering touch to (2349): action: 0x4, toolType: 1
04-28 22:44:37.520  1553  2197 I InputDispatcher: Delivering touch to (26274): action: 0x0, toolType: 1
04-28 22:44:37.520 26274 26274 D ViewRootImpl: ViewPostImeInputStage processPointer 0
04-28 22:44:37.520  1553  4113 D SamsungWindowManager: f.b. a = false psme = false hdpsm = false hd = true lpm = false eme = false ksno = false ps = false
04-28 22:44:37.520  1553  2197 D PowerManagerService: [api] userActivityFromNative : 60 (event: 2 flags: 0) eventTime = 437119070
04-28 22:44:37.520  1553  4113 D SamsungWindowManager: haptic disabled by policy
04-28 22:44:37.640  1553  2198 D InputReader: Input event(4): value=0 when=437119193158000
04-28 22:44:37.640  1553  2198 I InputReader: Touch event's action is 0x1 (deviceType=0) [pCnt=1, s=] when=437119193158000
04-28 22:44:37.640  1553  2197 I InputDispatcher: Delivering touch to (26274): action: 0x1, toolType: 1
04-28 22:44:37.640 26274 26274 D ViewRootImpl: ViewPostImeInputStage processPointer 1
04-28 22:44:37.680 25929 25929 D ViewRootImpl: #3 mView = null
04-28 22:44:37.950   345  2750 I SurfaceFlinger: id=3379 Removed QopupWindow (7/10)
04-28 22:44:37.950   345   533 I SurfaceFlinger: id=3379 Removed QopupWindow (-2/10)
04-28 22:44:38.290  1553  2198 D InputReader: Input event(4): value=1 when=437119843698000
04-28 22:44:38.290  1553  2198 I InputReader: Touch event's action is 0x0 (deviceType=0) [pCnt=1, s=0.19262 ] when=437119843698000
04-28 22:44:38.290  1553  2198 D InputReader: lastThreadEndTime = 437119193413720, currentThreadStartTime = 437119193416845, diff = 0
04-28 22:44:38.290  1553  2197 I InputDispatcher: Delivering touch to (2349): action: 0x4, toolType: 1
04-28 22:44:38.290  1553  2197 I InputDispatcher: Delivering touch to (26274): action: 0x0, toolType: 1
04-28 22:44:38.290 26274 26274 D ViewRootImpl: ViewPostImeInputStage processPointer 0
04-28 22:44:38.290  1553  1575 D SamsungWindowManager: f.b. a = false psme = false hdpsm = false hd = true lpm = false eme = false ksno = false ps = false
04-28 22:44:38.290 25929 25929 D ViewRootImpl: ViewPostImeInputStage processKey 0
04-28 22:44:38.290  1553  1575 D SamsungWindowManager: haptic disabled by policy
04-28 22:44:38.300 25929 25929 D ViewRootImpl: ViewPostImeInputStage processKey 1
04-28 22:44:38.320 25929 25929 D AbsListView: Get MotionRecognitionManager
04-28 22:44:38.330 25929 25929 D ViewRootImpl: #1 mView = android.widget.PopupWindow$PopupDecorView{7b791fe V.E...... ......I. 0,0-0,0}
04-28 22:44:38.350   345   345 I SurfaceFlinger: id=3381 createSurf (1x1),1 flag=4, QopupWindow
04-28 22:44:38.380 25929 25929 D AbsListView:  onsize change 
04-28 22:44:38.390  1553  1576 V WindowStateAnimator: Finishing drawing window Window{a7160f1 u0 d0 p25929 PopupWindow:a31c94a}: mDrawState=DRAW_PENDING
04-28 22:44:38.390 25929 25929 D ViewRootImpl: MSG_RESIZED_REPORT: ci=Rect(0, 0 - 0, 0) vi=Rect(0, 0 - 0, 0) or=1
04-28 22:44:38.390  1553  2198 D InputReader: Input event(4): value=0 when=437119948087000
04-28 22:44:38.390  1553  2198 I InputReader: Touch event's action is 0x1 (deviceType=0) [pCnt=1, s=] when=437119948087000
04-28 22:44:38.390  1553  2197 I InputDispatcher: Delivering touch to (26274): action: 0x1, toolType: 1
04-28 22:44:38.390 26274 26274 D ViewRootImpl: ViewPostImeInputStage processPointer 1
04-28 22:44:38.390  1553  1826 D KnoxTimeoutHandler: notifyActivityDrawn [MsgParam] userId: 0 fullscreen is true showWhenlocked is false
04-28 22:44:38.390  1553  1553 D KnoxTimeoutHandler: activityDrawn [MsgParam] userId: 0 fullscreen is true showWhenlocked is false
04-28 22:44:38.400  1553  1553 I KnoxTimeoutHandler: SD activityfalse
04-28 22:44:38.400  1553  1553 I KnoxTimeoutHandler: Fullscreen and mCurrent is not KNOX user. Hence hide keyguard
04-28 22:44:38.410  1553  2171 V WindowStateAnimator: Finishing drawing window Window{a7160f1 u0 d0 p25929 PopupWindow:a31c94a}: mDrawState=HAS_DRAWN
04-28 22:44:38.450  1553  2198 D InputReader: Input event(4): value=1 when=437120002506000
04-28 22:44:38.450  1553  2198 I InputReader: Touch event's action is 0x0 (deviceType=0) [pCnt=1, s=0.19263 ] when=437120002506000
04-28 22:44:38.450  1553  2198 D InputReader: lastThreadEndTime = 437119948311376, currentThreadStartTime = 437119948314136, diff = 0
04-28 22:44:38.450  1553  2197 I InputDispatcher: Delivering touch to (2349): action: 0x4, toolType: 1
04-28 22:44:38.450  1553  2197 I InputDispatcher: Delivering touch to (26274): action: 0x0, toolType: 1
04-28 22:44:38.450 26274 26274 D ViewRootImpl: ViewPostImeInputStage processPointer 0
04-28 22:44:38.450  1553  4419 D SamsungWindowManager: f.b. a = false psme = false hdpsm = false hd = true lpm = false eme = false ksno = false ps = false
04-28 22:44:38.450 25929 25929 D ViewRootImpl: ViewPostImeInputStage processKey 0
04-28 22:44:38.450  1553  4419 D SamsungWindowManager: haptic disabled by policy
04-28 22:44:38.460 25929 25929 D ViewRootImpl: #1 mView = android.widget.PopupWindow$PopupDecorView{ab5c3ac V.E...... ......I. 0,0-0,0}
04-28 22:44:38.470 25929 25929 D ViewRootImpl: ViewPostImeInputStage processKey 1
04-28 22:44:38.490   345   345 I SurfaceFlinger: id=3382 createSurf (1x1),1 flag=4, QopupWindow
04-28 22:44:38.530  1553  4444 V WindowStateAnimator: Finishing drawing window Window{b2fd357 u0 d0 p25929 PopupWindow:18bd5f}: mDrawState=DRAW_PENDING
04-28 22:44:38.530 25929 25929 D ViewRootImpl: MSG_RESIZED_REPORT: ci=Rect(0, 0 - 0, 0) vi=Rect(0, 0 - 0, 0) or=1
04-28 22:44:38.540  1553  1826 D KnoxTimeoutHandler: notifyActivityDrawn [MsgParam] userId: 0 fullscreen is true showWhenlocked is false
04-28 22:44:38.540  1553  1553 D KnoxTimeoutHandler: activityDrawn [MsgParam] userId: 0 fullscreen is true showWhenlocked is false
04-28 22:44:38.540  1553  1553 I KnoxTimeoutHandler: SD activityfalse
04-28 22:44:38.540  1553  1553 I KnoxTimeoutHandler: Fullscreen and mCurrent is not KNOX user. Hence hide keyguard
04-28 22:44:38.540  1553  2198 D InputReader: Input event(4): value=0 when=437120099329000
04-28 22:44:38.540  1553  2198 I InputReader: Touch event's action is 0x1 (deviceType=0) [pCnt=1, s=] when=437120099329000
04-28 22:44:38.540  1553  2197 I InputDispatcher: Delivering touch to (26274): action: 0x1, toolType: 1
04-28 22:44:38.550 26274 26274 D ViewRootImpl: ViewPostImeInputStage processPointer 1
04-28 22:44:38.560  1553  1575 V WindowStateAnimator: Finishing drawing window Window{b2fd357 u0 d0 p25929 PopupWindow:18bd5f}: mDrawState=HAS_DRAWN
04-28 22:44:38.770  2349  2349 D StatusBar.NetworkController: refreshViews connected={ wifi } level=4 combinedSignalIconId=0x7f020655/com.android.systemui:drawable/stat_sys_wifi_signal_4 mobileLabel=O2 - UK wifiLabel="VM348613-2G" emergencyOnly=false combinedLabel="VM348613-2G" mAirplaneMode=false mDataActivity=0 mPhoneSignalIconId=0x7f0205d0/com.android.systemui:drawable/stat_sys_signal_4_auto_rotate mQSPhoneSignalIconId=0x7f02015f/com.android.systemui:drawable/ic_qs_signal_4 mDataDirectionIconId=0x0/(null) mDataSignalIconId=0x7f0205d0/com.android.systemui:drawable/stat_sys_signal_4_auto_rotate mDataTypeIconId=0x7f020401/com.android.systemui:drawable/stat_sys_data_connected_4g mQSDataTypeIconId=0x7f020160/com.android.systemui:drawable/ic_qs_signal_4g mNoSimIconId=0x0/(null) mWifiIconId=0x7f020655/com.android.systemui:drawable/stat_sys_wifi_signal_4 mQSWifiIconId=0x7f020330/com.android.systemui:drawable/qs_tile_wifi_signal_4 mWifiActivityIconId=0x7f020606/com.android.systemui:drawable/stat_sys_signal_no_inout mBluetoothTetherIconId=0x7f02062c/com.android.systemui:drawable/stat_sys_tether_bluetooth
04-28 22:44:38.770  2349  2349 D StatusBar.NetworkController: refreshNwBoosterIndicator - setNWBoosterIndicators(false)
04-28 22:44:38.770  2349  2349 D StatusBar.NetworkController: refreshNwBoosterIndicator - setNWBoosterIndicators(false)
04-28 22:44:38.770  2349  2349 D StatusBar.NetworkController: refreshNwBoosterIndicator - setNWBoosterIndicators(false)
04-28 22:44:38.770  2349  2349 D StatusBar.NetworkController: refreshNwBoosterIndicator - setNWBoosterIndicators(false)
04-28 22:44:38.880 26178 26210 I qtaguid : Untagging socket 26
04-28 22:44:38.900 26178 26178 D Volley  : [1] Request.finish: 30180 ms: [ ] https://openapi.etsy.com/etsyapps/v3/member/locale-preferences 0x5afaa006 NORMAL 4
04-28 22:44:38.910 26178 26208 I System.out: (HTTPLog)-Static: isSBSettingEnabled false
04-28 22:44:38.910 26178 26208 I System.out: (HTTPLog)-Static: isSBSettingEnabled false
04-28 22:44:38.910   401  2000 D EnterpriseController: netId is 0
04-28 22:44:38.910   401  2000 D Netd    : getNetworkForDns: using netid 740 for uid 10182
04-28 22:44:38.940 26178 26208 I qtaguid : Tagging socket 22 with tag 5afaa00600000000{1526374406,0} for uid -1, pid: 26178, getuid(): 10182
04-28 22:44:39.020  1553  2198 D InputReader: Input event(4): value=1 when=437120577832000
04-28 22:44:39.020  1553  2198 I InputReader: Touch event's action is 0x0 (deviceType=0) [pCnt=1, s=0.19264 ] when=437120577832000
04-28 22:44:39.020  1553  2198 D InputReader: lastThreadEndTime = 437120099655022, currentThreadStartTime = 437120099660022, diff = 0
04-28 22:44:39.020  1553  2197 I InputDispatcher: Delivering touch to (2349): action: 0x4, toolType: 1
04-28 22:44:39.020  1553  2197 I InputDispatcher: Delivering touch to (26274): action: 0x0, toolType: 1
04-28 22:44:39.020 26274 26274 D ViewRootImpl: ViewPostImeInputStage processPointer 0
04-28 22:44:39.030  1553  4444 D SamsungWindowManager: f.b. a = false psme = false hdpsm = false hd = true lpm = false eme = false ksno = false ps = false
04-28 22:44:39.030  1553  4444 D SamsungWindowManager: haptic disabled by policy
04-28 22:44:39.130  1553  2198 D InputReader: Input event(4): value=0 when=437120680153000
04-28 22:44:39.130  1553  2198 I InputReader: Touch event's action is 0x1 (deviceType=0) [pCnt=1, s=] when=437120680153000
04-28 22:44:39.130  1553  2197 I InputDispatcher: Delivering touch to (26274): action: 0x1, toolType: 1
04-28 22:44:39.130 26274 26274 D ViewRootImpl: ViewPostImeInputStage processPointer 1
04-28 22:44:39.150 25929 25929 D ViewRootImpl: #3 mView = null
04-28 22:44:39.200 25929 25929 D AbsListView:  onsize change 
04-28 22:44:39.420   345 10596 I SurfaceFlinger: id=3382 Removed QopupWindow (7/11)
04-28 22:44:39.420   345  2750 I SurfaceFlinger: id=3382 Removed QopupWindow (-2/11)
04-28 22:44:39.520  2349  2349 D StatusBar.NetworkController: onSignalStrengthsChanged signalStrength=SignalStrength: 99 99 -120 -160 -120 -1 -1 30 -78 -8 242 -1 2147483647 0x4000 gsm|lte level=4
04-28 22:44:39.520  2349  2349 D StatusBar.NetworkController: updateTelephonySignalStrength: hasService=true ss=SignalStrength: 99 99 -120 -160 -120 -1 -1 30 -78 -8 242 -1 2147483647 0x4000 gsm|lte
04-28 22:44:39.520  2349  2349 D StatusBar.NetworkController: updateTelephonySignalStrength: iconLevel=4
04-28 22:44:39.520  2349  2349 D StatusBar.NetworkController: updateTelephonySignalStrength, No signal level. mPhoneSignalIconId = com.android.systemui:drawable/stat_sys_signal_4_auto_rotate mDataSignalIconId = com.android.systemui:drawable/stat_sys_signal_4_auto_rotate mQSPhoneSignalIconId = com.android.systemui:drawable/ic_qs_signal_4 mContentDescriptionPhoneSignal = Phone signal full.
04-28 22:44:39.620  2349  2349 D StatusBar.NetworkController: refreshViews connected={ wifi } level=4 combinedSignalIconId=0x7f020655/com.android.systemui:drawable/stat_sys_wifi_signal_4 mobileLabel=O2 - UK wifiLabel="VM348613-2G" emergencyOnly=false combinedLabel="VM348613-2G" mAirplaneMode=false mDataActivity=0 mPhoneSignalIconId=0x7f0205d0/com.android.systemui:drawable/stat_sys_signal_4_auto_rotate mQSPhoneSignalIconId=0x7f02015f/com.android.systemui:drawable/ic_qs_signal_4 mDataDirectionIconId=0x0/(null) mDataSignalIconId=0x7f0205d0/com.android.systemui:drawable/stat_sys_signal_4_auto_rotate mDataTypeIconId=0x7f020401/com.android.systemui:drawable/stat_sys_data_connected_4g mQSDataTypeIconId=0x7f020160/com.android.systemui:drawable/ic_qs_signal_4g mNoSimIconId=0x0/(null) mWifiIconId=0x7f020655/com.android.systemui:drawable/stat_sys_wifi_signal_4 mQSWifiIconId=0x7f020330/com.android.systemui:drawable/qs_tile_wifi_signal_4 mWifiActivityIconId=0x7f020606/com.android.systemui:drawable/stat_sys_signal_no_inout mBluetoothTetherIconId=0x7f02062c/com.android.systemui:drawable/stat_sys_tether_bluetooth
04-28 22:44:39.620  2349  2349 D StatusBar.NetworkController: refreshNwBoosterIndicator - setNWBoosterIndicators(false)
04-28 22:44:39.620  2349  2349 D StatusBar.NetworkController: refreshNwBoosterIndicator - setNWBoosterIndicators(false)
04-28 22:44:39.620  2349  2349 D StatusBar.NetworkController: refreshNwBoosterIndicator - setNWBoosterIndicators(false)
04-28 22:44:39.620  2349  2349 D StatusBar.NetworkController: refreshNwBoosterIndicator - setNWBoosterIndicators(false)
04-28 22:44:39.770  2349  2349 D StatusBar.NetworkController: refreshViews connected={ wifi } level=4 combinedSignalIconId=0x7f020655/com.android.systemui:drawable/stat_sys_wifi_signal_4 mobileLabel=O2 - UK wifiLabel="VM348613-2G" emergencyOnly=false combinedLabel="VM348613-2G" mAirplaneMode=false mDataActivity=0 mPhoneSignalIconId=0x7f0205d0/com.android.systemui:drawable/stat_sys_signal_4_auto_rotate mQSPhoneSignalIconId=0x7f02015f/com.android.systemui:drawable/ic_qs_signal_4 mDataDirectionIconId=0x0/(null) mDataSignalIconId=0x7f0205d0/com.android.systemui:drawable/stat_sys_signal_4_auto_rotate mDataTypeIconId=0x7f020401/com.android.systemui:drawable/stat_sys_data_connected_4g mQSDataTypeIconId=0x7f020160/com.android.systemui:drawable/ic_qs_signal_4g mNoSimIconId=0x0/(null) mWifiIconId=0x7f020655/com.android.systemui:drawable/stat_sys_wifi_signal_4 mQSWifiIconId=0x7f020330/com.android.systemui:drawable/qs_tile_wifi_signal_4 mWifiActivityIconId=0x7f020603/com.android.systemui:drawable/stat_sys_signal_inout mBluetoothTetherIconId=0x7f02062c/com.android.systemui:drawable/stat_sys_tether_bluetooth
04-28 22:44:39.770  2349  2349 D StatusBar.NetworkController: refreshNwBoosterIndicator - setNWBoosterIndicators(false)
04-28 22:44:39.770  2349  2349 D StatusBar.NetworkController: refreshNwBoosterIndicator - setNWBoosterIndicators(false)
04-28 22:44:39.770  2349  2349 D StatusBar.NetworkController: refreshNwBoosterIndicator - setNWBoosterIndicators(false)
04-28 22:44:39.770  2349  2349 D StatusBar.NetworkController: refreshNwBoosterIndicator - setNWBoosterIndicators(false)
04-28 22:44:39.920  1553  6841 D SSRM:s  : SIOP:: AP = 420, CP = 31, LCD = 6
04-28 22:44:39.920  1553  6841 D ConnectivityService: returning getNetworkInfo for network type 1 : [type: WIFI[] - WIFI, state: CONNECTED/CONNECTED, reason: (unspecified), extra: "VM348613-2G", roaming: false, failover: false, isAvailable: true]
04-28 22:44:39.970  1553  6841 D SSRM:P  : reading: 42 42 0
04-28 22:44:40.160  1553  2198 D InputReader: Input event(4): value=1 when=437121714279000
04-28 22:44:40.160  1553  2198 I InputReader: Touch event's action is 0x0 (deviceType=0) [pCnt=1, s=0.19265 ] when=437121714279000
04-28 22:44:40.160  1553  2198 D InputReader: lastThreadEndTime = 437120680418719, currentThreadStartTime = 437120680421792, diff = 0
04-28 22:44:40.160  1553  2197 I InputDispatcher: Delivering touch to (2349): action: 0x4, toolType: 1
04-28 22:44:40.160  1553  2197 I InputDispatcher: Delivering touch to (26274): action: 0x0, toolType: 1
04-28 22:44:40.160 26274 26274 D ViewRootImpl: ViewPostImeInputStage processPointer 0
04-28 22:44:40.160  1553  4435 D SamsungWindowManager: f.b. a = false psme = false hdpsm = false hd = true lpm = false eme = false ksno = false ps = false
04-28 22:44:40.160  1553  4435 D SamsungWindowManager: haptic disabled by policy
04-28 22:44:40.250  1553  2198 D InputReader: Input event(4): value=0 when=437121809034000
04-28 22:44:40.250  1553  2198 I InputReader: Touch event's action is 0x1 (deviceType=0) [pCnt=1, s=] when=437121809034000
04-28 22:44:40.250  1553  2197 I InputDispatcher: Delivering touch to (26274): action: 0x1, toolType: 1
04-28 22:44:40.260 26274 26274 D ViewRootImpl: ViewPostImeInputStage processPointer 1
04-28 22:44:40.320 25929 25929 D AbsListView:  onsize change 
04-28 22:44:40.780  2349  2349 D StatusBar.NetworkController: refreshViews connected={ wifi } level=4 combinedSignalIconId=0x7f020655/com.android.systemui:drawable/stat_sys_wifi_signal_4 mobileLabel=O2 - UK wifiLabel="VM348613-2G" emergencyOnly=false combinedLabel="VM348613-2G" mAirplaneMode=false mDataActivity=0 mPhoneSignalIconId=0x7f0205d0/com.android.systemui:drawable/stat_sys_signal_4_auto_rotate mQSPhoneSignalIconId=0x7f02015f/com.android.systemui:drawable/ic_qs_signal_4 mDataDirectionIconId=0x0/(null) mDataSignalIconId=0x7f0205d0/com.android.systemui:drawable/stat_sys_signal_4_auto_rotate mDataTypeIconId=0x7f020401/com.android.systemui:drawable/stat_sys_data_connected_4g mQSDataTypeIconId=0x7f020160/com.android.systemui:drawable/ic_qs_signal_4g mNoSimIconId=0x0/(null) mWifiIconId=0x7f020655/com.android.systemui:drawable/stat_sys_wifi_signal_4 mQSWifiIconId=0x7f020330/com.android.systemui:drawable/qs_tile_wifi_signal_4 mWifiActivityIconId=0x7f020606/com.android.systemui:drawable/stat_sys_signal_no_inout mBluetoothTetherIconId=0x7f02062c/com.android.systemui:drawable/stat_sys_tether_bluetooth
04-28 22:44:40.780  2349  2349 D StatusBar.NetworkController: refreshNwBoosterIndicator - setNWBoosterIndicators(false)
04-28 22:44:40.780  2349  2349 D StatusBar.NetworkController: refreshNwBoosterIndicator - setNWBoosterIndicators(false)
04-28 22:44:40.780  2349  2349 D StatusBar.NetworkController: refreshNwBoosterIndicator - setNWBoosterIndicators(false)
04-28 22:44:40.780  2349  2349 D StatusBar.NetworkController: refreshNwBoosterIndicator - setNWBoosterIndicators(false)
04-28 22:44:41.130  1553  2198 D InputReader: Input event(4): value=1 when=437122681003000
04-28 22:44:41.130  1553  2198 I InputReader: Touch event's action is 0x0 (deviceType=0) [pCnt=1, s=0.19266 ] when=437122681003000
04-28 22:44:41.130  1553  2198 D InputReader: lastThreadEndTime = 437121809291219, currentThreadStartTime = 437121809294188, diff = 0
04-28 22:44:41.130  1553  2197 I InputDispatcher: Delivering touch to (2349): action: 0x4, toolType: 1
04-28 22:44:41.130  1553  2197 I InputDispatcher: Delivering touch to (26274): action: 0x0, toolType: 1
04-28 22:44:41.130 26274 26274 D ViewRootImpl: ViewPostImeInputStage processPointer 0
04-28 22:44:41.130  1553  1575 D SamsungWindowManager: f.b. a = false psme = false hdpsm = false hd = true lpm = false eme = false ksno = false ps = false
04-28 22:44:41.130  1553  1575 D SamsungWindowManager: haptic disabled by policy
04-28 22:44:41.240  1553  2198 D InputReader: Input event(4): value=0 when=437122791216000
04-28 22:44:41.240  1553  2198 I InputReader: Touch event's action is 0x1 (deviceType=0) [pCnt=1, s=] when=437122791216000
04-28 22:44:41.240  1553  2197 I InputDispatcher: Delivering touch to (26274): action: 0x1, toolType: 1
04-28 22:44:41.240 26274 26274 D ViewRootImpl: ViewPostImeInputStage processPointer 1
04-28 22:44:41.300  1553  2198 D InputReader: Input event(4): value=1 when=437122855753000
04-28 22:44:41.300  1553  2198 I InputReader: Touch event's action is 0x0 (deviceType=0) [pCnt=1, s=0.19267 ] when=437122855753000
04-28 22:44:41.300  1553  2198 D InputReader: lastThreadEndTime = 437122791441479, currentThreadStartTime = 437122791445593, diff = 0
04-28 22:44:41.300  1553  2197 I InputDispatcher: Delivering touch to (2349): action: 0x4, toolType: 1
04-28 22:44:41.300  1553  2197 I InputDispatcher: Delivering touch to (26274): action: 0x0, toolType: 1
04-28 22:44:41.300 26274 26274 D ViewRootImpl: ViewPostImeInputStage processPointer 0
04-28 22:44:41.310  1553  4419 D SamsungWindowManager: f.b. a = false psme = false hdpsm = false hd = true lpm = false eme = false ksno = false ps = false
04-28 22:44:41.310  1553  4419 D SamsungWindowManager: haptic disabled by policy
04-28 22:44:41.410  1553  2198 D InputReader: Input event(4): value=0 when=437122963950000
