04-28 22:44:53.480   416  2015 D audio_hw_primary: out_set_parameters: enter: usecase(1: low-latency-playback) kvpairs: routing=2
04-28 22:44:53.480   416  2015 V audio_hw_primary: out_set_parameters: exit: code(0)
04-28 22:44:53.480   416  2015 D AudioFlinger: setCurDevice() 0x2
04-28 22:44:53.480   416  2010 D audio_hw_primary: adev_set_parameters: enter: TFA_SETVOLUME=15
04-28 22:44:53.480   416  2010 V voice   : voice_set_parameters: enter: TFA_SETVOLUME=15
04-28 22:44:53.480   416  2010 V voice   : voice_set_parameters: exit with code(-2)
04-28 22:44:53.480   416  2010 V msm8974_platform: platform_set_parameters: enter: TFA_SETVOLUME=15
04-28 22:44:53.480   416  2010 V msm8974_platform: platform_set_parameters: exit with code(-2)
04-28 22:44:53.480   416  2010 D NXP     : (AMP OFF) TFA_volume value (attenuation only) = 15, mode = 0
04-28 22:44:53.480   416  2010 D audio_hw_hfp: audio_extn_hfp_set_parameters: enter
04-28 22:44:53.480   416  2010 V audio_hw_primary: adev_set_parameters: exit
04-28 22:44:53.480   416  2010 D audio_hw_primary: adev_set_parameters: enter: TFA_SETVOLUME=15
04-28 22:44:53.480   416  2010 V voice   : voice_set_parameters: enter: TFA_SETVOLUME=15
04-28 22:44:53.480   416  2010 V voice   : voice_set_parameters: exit with code(-2)
04-28 22:44:53.480   416  2010 V msm8974_platform: platform_set_parameters: enter: TFA_SETVOLUME=15
04-28 22:44:53.480   416  2010 V msm8974_platform: platform_set_parameters: exit with code(-2)
04-28 22:44:53.480   416  2010 D NXP     : (AMP OFF) TFA_volume value (attenuation only) = 15, mode = 0
04-28 22:44:53.480   416  2010 D audio_hw_hfp: audio_extn_hfp_set_parameters: enter
04-28 22:44:53.480   416  2010 V audio_hw_primary: adev_set_parameters: exit
04-28 22:44:53.490   416  2015 D audio_hw_primary: start_output_stream: enter: stream(0xb739bf90)usecase(1: low-latency-playback) devices(0x2)
04-28 22:44:53.490   416  2015 V audio_hw_primary: select_devices: ENTER
04-28 22:44:53.490   416  2015 V audio_hw_primary: select_devices: usecase(normal)
04-28 22:44:53.490   416  2015 V audio_hw_primary: select_devices: usecase(PCM_PLAYBACK)
04-28 22:44:53.490   416  2015 V msm8974_platform: platform_get_output_snd_device: enter: output devices(0x2)
04-28 22:44:53.490   416  2015 V msm8974_platform: get_OUTPUT_snd_device: for Normal Playback
04-28 22:44:53.490   416  2015 V msm8974_platform: platform_get_output_snd_device: exit: snd_device(speaker)
04-28 22:44:53.490   416  2015 D audio_hw_primary: select_devices: out_snd_device(2: speaker)
04-28 22:44:53.490   416  2015 D audio_hw_primary: select_devices: in_snd_device(0: dummy)
04-28 22:44:53.490   416  2015 D hardware_info: hw_info_append_hw_type : device_name = speaker
04-28 22:44:53.490   416  2015 D ACDB-LOADER: ACDB -> send_audio_cal, acdb_id = 15, path =  0
04-28 22:44:53.490   416  2015 D ACDB-LOADER: ACDB -> send_asm_topology
04-28 22:44:53.490   416  2015 D ACDB-LOADER: ACDB -> ACDB_CMD_GET_AUDPROC_STREAM_TOPOLOGY_ID
04-28 22:44:53.490   416  2015 D ACDB-LOADER: ACDB -> send_adm_topology
04-28 22:44:53.490   416  2015 D ACDB-LOADER: ACDB -> ACDB_CMD_GET_AUDPROC_COMMON_TOPOLOGY_ID
04-28 22:44:53.490   416  2015 D ACDB-LOADER: ACDB -> send_audtable
04-28 22:44:53.490   416  2015 D ACDB-LOADER: ACDB -> ACDB_CMD_GET_AUDPROC_COMMON_TABLE_SIZE
04-28 22:44:53.490   416  2015 D ACDB-LOADER: ACDB -> ACDB_CMD_GET_AUDPROC_COMMON_TABLE
04-28 22:44:53.490   416  2015 D ACDB-LOADER: ACDB -> AUDIO_SET_AUDPROC_CAL
04-28 22:44:53.490   416  2015 D ACDB-LOADER: ACDB -> send_audvoltable
04-28 22:44:53.490   416  2015 D ACDB-LOADER: ACDB -> ACDB_CMD_GET_AUDPROC_GAIN_DEP_STEP_TABLE
04-28 22:44:53.490   416  2015 D ACDB-LOADER: ACDB -> AUDIO_SET_AUDPROC_VOL_CAL
04-28 22:44:53.490   416  2015 D ACDB-LOADER: ACDB -> send_afe_cal
04-28 22:44:53.490   416  2015 D ACDB-LOADER: ACDB -> ACDB_CMD_GET_AFE_COMMON_TABLE
04-28 22:44:53.490   416  2015 D ACDB-LOADER: ACDB -> AUDIO_SET_AFE_CAL
04-28 22:44:53.490   416  2015 D ACDB-LOADER: ACDB -> send_hw_delay : acdb_id = 15 path = 0
04-28 22:44:53.490   416  2015 D ACDB-LOADER: ACDB -> ACDB_AVSYNC_INFO: ACDB_CMD_GET_DEVICE_PROPERTY
04-28 22:44:53.490   416  2015 V audio_hw_primary: enable_snd_device: snd_device(2: speaker, speaker)
04-28 22:44:53.490   416  2015 D audio_route: ++++ audio_route_update_path ==============
04-28 22:44:53.490   416  2015 D audio_route: Setting mixer control: RX3 Digital Volume, value: 79
04-28 22:44:53.490   416  2015 D audio_route: ---- audio_route_update_path ==============
04-28 22:44:53.490   416  2015 D audio_route: ++++ audio_route_update_mixer ==============
04-28 22:44:53.490   416  2015 D audio_route: ------ audio_route_update_mixer ==============
04-28 22:44:53.490   416  2015 V audio_hw_primary: enable_audio_route: enter: usecase(1)
04-28 22:44:53.490   416  2015 D audio_hw_primary: enable_audio_route: apply mixer and update path: low-latency-playback speaker-amp
04-28 22:44:53.490   416  2015 D audio_route: ++++ audio_route_update_path ==============
04-28 22:44:53.490   416  2015 D audio_route: Setting mixer control: QUAT_MI2S_RX Audio Mixer MultiMedia5, value: 1
04-28 22:44:53.490   416  2015 D audio_route: ---- audio_route_update_path ==============
04-28 22:44:53.490   416  2015 V audio_hw_primary: enable_audio_route: exit
04-28 22:44:53.490   416  2015 V msm8974_platform: platform_get_output_snd_device: enter: output devices(0x2)
04-28 22:44:53.490   416  2015 V msm8974_platform: get_OUTPUT_snd_device: for Normal Playback
04-28 22:44:53.490   416  2015 V msm8974_platform: platform_get_output_snd_device: exit: snd_device(speaker)
04-28 22:44:53.490   416  2015 D ACDB-LOADER: ACDB -> send_audio_cal, acdb_id = 15, path =  0
04-28 22:44:53.490   416  2015 D ACDB-LOADER: ACDB -> send_asm_topology
04-28 22:44:53.490   416  2015 D ACDB-LOADER: ACDB -> ACDB_CMD_GET_AUDPROC_STREAM_TOPOLOGY_ID
04-28 22:44:53.490   416  2015 D ACDB-LOADER: ACDB -> send_adm_topology
04-28 22:44:53.490   416  2015 D ACDB-LOADER: ACDB -> ACDB_CMD_GET_AUDPROC_COMMON_TOPOLOGY_ID
04-28 22:44:53.490   416  2015 D ACDB-LOADER: ACDB -> send_audtable
04-28 22:44:53.490   416  2015 D ACDB-LOADER: ACDB -> ACDB_CMD_GET_AUDPROC_COMMON_TABLE_SIZE
04-28 22:44:53.490   416  2015 D ACDB-LOADER: ACDB -> ACDB_CMD_GET_AUDPROC_COMMON_TABLE
04-28 22:44:53.490   416  2015 D ACDB-LOADER: ACDB -> AUDIO_SET_AUDPROC_CAL
04-28 22:44:53.490   416  2015 D ACDB-LOADER: ACDB -> send_audvoltable
04-28 22:44:53.490   416  2015 D ACDB-LOADER: ACDB -> ACDB_CMD_GET_AUDPROC_GAIN_DEP_STEP_TABLE
04-28 22:44:53.490   416  2015 D ACDB-LOADER: ACDB -> AUDIO_SET_AUDPROC_VOL_CAL
04-28 22:44:53.490   416  2015 D ACDB-LOADER: ACDB -> send_afe_cal
04-28 22:44:53.490   416  2015 D ACDB-LOADER: ACDB -> ACDB_CMD_GET_AFE_COMMON_TABLE
04-28 22:44:53.490   416  2015 D ACDB-LOADER: ACDB -> AUDIO_SET_AFE_CAL
04-28 22:44:53.490   416  2015 D ACDB-LOADER: ACDB -> send_hw_delay : acdb_id = 15 path = 0
04-28 22:44:53.490   416  2015 D ACDB-LOADER: ACDB -> ACDB_AVSYNC_INFO: ACDB_CMD_GET_DEVICE_PROPERTY
04-28 22:44:53.490   416  2015 V audio_hw_primary: start_output_stream: Opening PCM device card_id(0) device_id(12)
04-28 22:44:53.500   416  2015 V audio_hw_primary: start_output_stream: NXP, adev->loopback->factory_test_state 0
04-28 22:44:53.500   416  2015 V audio_hw_primary: start_output_stream: check if element 0xb739bf90 is in the TFA list
04-28 22:44:53.500 25929 25929 I yaxim.Configuration: onSharedPreferenceChanged(): account_jabberPW
04-28 22:44:53.500 25929 25929 D yaxim.Configuration: invitation_codes = 
04-28 22:44:53.500   416  2015 D tfa9895 : Loaded container file /system/etc/Tfa9895.cnt.
04-28 22:44:53.500   416  2015 E         : [NXP] tfaRunIsCold:0x001d
04-28 22:44:53.500 25929 25929 I yaxim.Configuration: onSharedPreferenceChanged(): account_resource
04-28 22:44:53.500 25929 25929 D yaxim.Configuration: invitation_codes = 
04-28 22:44:53.510 25929 25929 I yaxim.Configuration: onSharedPreferenceChanged(): account_jabberID
04-28 22:44:53.510 25929 25929 D yaxim.Configuration: invitation_codes = 
04-28 22:44:53.520 25929 25929 I yaxim.Configuration: onSharedPreferenceChanged(): account_port
04-28 22:44:53.520 25929 25929 D yaxim.Configuration: invitation_codes = 
04-28 22:44:53.520 25929 25929 I yaxim.Configuration: onSharedPreferenceChanged(): initial_create
04-28 22:44:53.520 25929 25929 D yaxim.Configuration: invitation_codes = 
04-28 22:44:53.540  1553  2170 D SensorService: [SO] 0.661 8.801 4.635
04-28 22:44:53.540 25929 25929 D ViewRootImpl: #3 mView = null
04-28 22:44:53.540  1553  4441 D InputDispatcher: Focus left window: 25929
04-28 22:44:53.540  1553  4441 D InputDispatcher: Focus entered window: 25929
04-28 22:44:53.540  1553  1826 D PointerIcon: setMouseIconStyle1 pointerType: 1001 iconType:101 flag:0 pid:1553 uid:1000
04-28 22:44:53.540  1553  1826 D PointerIcon: setMouseCustomIcon IconType is same.101
04-28 22:44:53.550  1553  4402 D InputMethodManagerService: windowGainedFocus mCurrentFocusedUserId - 0 and mSecureKeypadEnabled-false
04-28 22:44:53.550  1553  1553 D EdgeLight: Turning off
04-28 22:44:53.550  1553  4402 E InputMethodManagerService: Perflock object null
04-28 22:44:53.550  1553  1553 D LightsService: [api] [SvcLED] turnOff:: id = 6 (uid: 1000 pid: 1553) 
04-28 22:44:53.550  1553  1553 D LightsService: [api] [SvcLED] LED indicator : Not supported.
04-28 22:44:53.560 25929 25929 E ViewRootImpl: sendUserActionEvent() mView == null
04-28 22:44:53.560 25929 25929 I yaxim.Service: onStartCommand(), mConnectionDemanded=false
04-28 22:44:53.560 25929 25929 I yaxim.Service:     intent=Intent { act=org.yaxim.androidclient.XMPPSERVICE cmp=org.yaxim.androidclient/.service.XMPPService (has extras) }
04-28 22:44:53.560  1553  1553 D MARsPolicyManager: NotificationListenerService OngoingNotificationRemoved : android
04-28 22:44:53.560  1553  1553 D InputMethodManagerService: [HARDWARE_KEYBOARD] (refreshImeWindowVis) mImeWindowVis= 0 inputVisible = falsehaveHardKeyboard = false hardKeyShown = false
04-28 22:44:53.570 25929 25929 D yaxim.XMPPService: updateServiceNotification: OFFLINE
04-28 22:44:53.580   416  2015 D tfa9895 : tfa9895_speakeron START
04-28 22:44:53.580   416  2015 D tfa9895 : [1127] tfa9895_speakeron: set mode 0, current mode 0
04-28 22:44:53.580   416  2015 D tfa9895 : Loaded container file speaker_on /system/etc/Tfa9895.cnt.
04-28 22:44:53.580   416  2015 D tfa9895 : tfa start with volume 15.
04-28 22:44:53.580   416  2015 E         : [NXP] tfaRunIsCold:0x001d
04-28 22:44:53.600  2349  2349 D PanelView: kidsfalse mQsExpansionEnabled:true
04-28 22:44:53.600   416  2015 D tfa9895 : start use case success
04-28 22:44:53.600   416  2015 D tfa9895 : [NXP] tfa9895 mode same, nothing to be done
04-28 22:44:53.600   416  2015 D tfa9895 : tfa9895 start use case success
04-28 22:44:53.600   416  2015 D tfa9895 : tfa9895_speakeron END
04-28 22:44:53.600   416  2015 D tfa9895 : Loaded container file set volume attenuation/system/etc/Tfa9895.cnt.
04-28 22:44:53.600   416  2015 D tfa9895 : [NXP] tfa9895 mode is set for 0 in set volume attenuation
04-28 22:44:53.600   416  2015 D tfa9895 : volume set to : 15
04-28 22:44:53.600   416  2015 E         : tfa98xx: ERROR vendor/samsung/common/frameworks/audio/tfa_amp/TFA9895/srv/src/tfaContainer.c:tfaContWriteVstepAttenuation:395: vstep[15] > 15
04-28 22:44:53.600   416  2015 D tfa9895 : tfa set volume successful
04-28 22:44:53.600   416  2015 V audio_hw_primary: start_output_stream: exit
04-28 22:44:53.610 25929 25929 W         : Unable to open '/system/framework/qcom.fmradio.jar': No such file or directory
04-28 22:44:53.610 25929 25929 W art     : Failed to open zip archive '/system/framework/qcom.fmradio.jar': I/O Error
04-28 22:44:53.610  2349  2349 D PanelView: kidsfalse mQsExpansionEnabled:true
04-28 22:44:53.610  2349  2349 D BatteryMeterView: onDraw batteryColor : -1107296257
04-28 22:44:53.620 25929 25929 W         : Unable to open '/system/framework/qcom.fmradio.jar': No such file or directory
04-28 22:44:53.620 25929 25929 W art     : Failed to open zip archive '/system/framework/qcom.fmradio.jar': I/O Error
04-28 22:44:53.620  1553  3875 E Watchdog: !@Sync 14569 [04-28 22:44:53.633]
04-28 22:44:53.630 25929 25929 W         : Unable to open '/system/framework/qcom.fmradio.jar': No such file or directory
04-28 22:44:53.630 25929 25929 W art     : Failed to open zip archive '/system/framework/qcom.fmradio.jar': I/O Error
04-28 22:44:53.640 25929 25929 W         : Unable to open '/system/framework/qcom.fmradio.jar': No such file or directory
04-28 22:44:53.640 25929 25929 W art     : Failed to open zip archive '/system/framework/qcom.fmradio.jar': I/O Error
04-28 22:44:53.650 25929 25929 D yaxim.SmackableImp: requestConnState: OFFLINE -> ONLINE
04-28 22:44:53.660 25929 25929 D yaxim.SmackableImp: updateConnectionState: OFFLINE -> CONNECTING (null)
04-28 22:44:53.660 25929 25929 D yaxim.XMPPService: updateServiceNotification: CONNECTING
04-28 22:44:53.710  1553  1734 D ApplicationPolicy: isStatusBarNotificationAllowedAsUser: packageName = org.yaxim.androidclient,userId = 0
04-28 22:44:53.720 25929 25929 D yaxim.SmackableImp: Ping: registering timeout for connection: 63.000s
04-28 22:44:53.720 25929 25929 D yaxim.MainWindow: RosterObserver.onChange: false
04-28 22:44:53.720 25929 26406 D yaxim.SmackableImp: updateConnectionState: CONNECTING -> CONNECTING (null)
04-28 22:44:53.720  1553  2290 D NetworkPolicy: isUidForegroundLocked: 10069, mScreenOn: true, uidstate: 7, mProxSensorScreenOff: false
04-28 22:44:53.720  1553  2399 W AlarmManager: set/setRepeating ignored because there is no intent
04-28 22:44:53.730 25929 26406 D YaximApplication: app = org.yaxim.androidclient.YaximApplication@25a1252
04-28 22:44:53.730 25929 25929 D yaxim.MainWindow: updateConnectionState: OFFLINE
04-28 22:44:53.730  1553  1553 D MARsPolicyManager: NotificationListenerService OngoingNotificationPosted : org.yaxim.androidclient
04-28 22:44:53.740 25929 25929 D ViewRootImpl: MSG_RESIZED: ci=Rect(0, 36 - 0, 0) vi=Rect(0, 36 - 0, 0) or=1
04-28 22:44:53.740 25929 25929 D yaxim.MainWindow: RosterObserver.onChange: false
04-28 22:44:53.740 25929 25929 D yaxim.MainWindow: updateConnectionState: CONNECTING
04-28 22:44:53.770   416  2011 I APM::AudioPolicyManager: stopOutput() output 4, stream 1, session 12061
04-28 22:44:53.810   345  5484 I SurfaceFlinger: id=3373 Removed Xelcome to  (6/9)
04-28 22:44:53.810   345  2750 I SurfaceFlinger: id=3373 Removed Xelcome to  (-2/9)
04-28 22:44:53.810   345 10596 I SurfaceFlinger: id=3376 Removed JnputMethod (6/8)
04-28 22:44:53.810   345   533 I SurfaceFlinger: id=3376 Removed JnputMethod (-2/8)
04-28 22:44:53.840 25929 26018 V RenderScript: 0xb7d26478 Launching thread(s), CPUs 4
04-28 22:44:53.850  2349  2349 D KnoxNotification: ----- inflateViews : modified publicViewLocal -----
04-28 22:44:53.860  2349  2349 D KnoxNotification: ----- inflateViews : modified KnoxViewLocal -----
04-28 22:44:53.880  2349  2349 D PanelView: kidsfalse mQsExpansionEnabled:true
04-28 22:44:53.890  2349  2349 D PanelView: kidsfalse mQsExpansionEnabled:true
04-28 22:44:53.920 25929 26406 W         : Unable to open '/system/framework/qcom.fmradio.jar': No such file or directory
04-28 22:44:53.920 25929 26406 W art     : Failed to open zip archive '/system/framework/qcom.fmradio.jar': I/O Error
04-28 22:44:53.990   401  2000 D EnterpriseController: netId is 0
04-28 22:44:53.990   401  2000 D Netd    : getNetworkForDns: using netid 740 for uid 10104
04-28 22:44:54.700 25929 26406 D yaxim.SmackableImp: SM: can resume = false needbind=true
04-28 22:44:54.700 25929 26406 D yaxim.StreamHandler: notifyInitialLogin(): false
04-28 22:44:54.720 25929 26406 D yaxim.RosterProvider: notifying change
04-28 22:44:54.720 25929 25929 D yaxim.MainWindow: RosterObserver.onChange: false
04-28 22:44:54.740 25929 26419 D yaxim.SmackableImp: entriesAdded([trolldecker@gamingzone.space, mitchell@gamingzone.space])
04-28 22:44:54.750 25929 26406 D yaxim.SmackableImp: updateConnectionState: CONNECTING -> LOADING (null)
04-28 22:44:54.760 25929 26420 D yaxim.SmackableImp: discoverMUCDomain started
04-28 22:44:54.760 25929 26406 D yaxim.XMPPService: updateServiceNotification: LOADING
04-28 22:44:54.790  1553  1734 D ApplicationPolicy: isStatusBarNotificationAllowedAsUser: packageName = org.yaxim.androidclient,userId = 0
04-28 22:44:54.790 25929 26419 D yaxim.SmackableImp: removeOldRosterEntries()
04-28 22:44:54.800 25929 26419 D yaxim.SmackableImp: deleted 0 old roster entries
04-28 22:44:54.800 25929 26419 D yaxim.SmackableImp: entriesAdded() done
04-28 22:44:54.810  2349  2349 D StatusBar: ----- contentsUnchanged : true, bigContentsUnchanged - true, headsUpContentsUnchanged - true , publicUnchanged true
04-28 22:44:54.810 25929 25929 D AbsListView:  onsize change 
04-28 22:44:54.810  1553  1553 D MARsPolicyManager: NotificationListenerService OngoingNotificationPosted : org.yaxim.androidclient
04-28 22:44:54.820 25929 25929 D yaxim.MainWindow: RosterObserver.onChange: false
04-28 22:44:54.820 25929 25929 D yaxim.MainWindow: updateConnectionState: LOADING
04-28 22:44:54.820 25929 26406 D yaxim.SmackableImp: updateConnectionState: LOADING -> ONLINE (null)
04-28 22:44:54.820  2349  2349 D PanelView: kidsfalse mQsExpansionEnabled:true
04-28 22:44:54.830 25929 26406 D yaxim.XMPPService: updateServiceNotification: ONLINE
04-28 22:44:54.840  2349  2349 D PanelView: kidsfalse mQsExpansionEnabled:true
04-28 22:44:54.840  2349  2349 D StatusBar.NetworkController: refreshViews connected={ wifi } level=4 combinedSignalIconId=0x7f020655/com.android.systemui:drawable/stat_sys_wifi_signal_4 mobileLabel=O2 - UK wifiLabel="VM348613-2G" emergencyOnly=false combinedLabel="VM348613-2G" mAirplaneMode=false mDataActivity=0 mPhoneSignalIconId=0x7f0205d0/com.android.systemui:drawable/stat_sys_signal_4_auto_rotate mQSPhoneSignalIconId=0x7f02015f/com.android.systemui:drawable/ic_qs_signal_4 mDataDirectionIconId=0x0/(null) mDataSignalIconId=0x7f0205d0/com.android.systemui:drawable/stat_sys_signal_4_auto_rotate mDataTypeIconId=0x7f020401/com.android.systemui:drawable/stat_sys_data_connected_4g mQSDataTypeIconId=0x7f020160/com.android.systemui:drawable/ic_qs_signal_4g mNoSimIconId=0x0/(null) mWifiIconId=0x7f020655/com.android.systemui:drawable/stat_sys_wifi_signal_4 mQSWifiIconId=0x7f020330/com.android.systemui:drawable/qs_tile_wifi_signal_4 mWifiActivityIconId=0x7f020603/com.android.systemui:drawable/stat_sys_signal_inout mBluetoothTetherIconId=0x7f02062c/com.android.systemui:drawable/stat_sys_tether_bluetooth
04-28 22:44:54.840  2349  2349 D StatusBar.NetworkController: refreshNwBoosterIndicator - setNWBoosterIndicators(false)
04-28 22:44:54.840  2349  2349 D StatusBar.NetworkController: refreshNwBoosterIndicator - setNWBoosterIndicators(false)
04-28 22:44:54.840  2349  2349 D StatusBar.NetworkController: refreshNwBoosterIndicator - setNWBoosterIndicators(false)
04-28 22:44:54.840  2349  2349 D StatusBar.NetworkController: refreshNwBoosterIndicator - setNWBoosterIndicators(false)
04-28 22:44:54.840 25929 25929 D yaxim.MainWindow: RosterObserver.onChange: false
04-28 22:44:54.850  1553  1734 D ApplicationPolicy: isStatusBarNotificationAllowedAsUser: packageName = org.yaxim.androidclient,userId = 0
04-28 22:44:54.850 25929 25929 D yaxim.MainWindow: updateConnectionState: ONLINE
04-28 22:44:54.850  1553  4113 V AlarmManager:  remove PendingIntent] PendingIntent{621dfc8: PendingIntentRecord{b4b6861 org.yaxim.androidclient broadcastIntent}}
04-28 22:44:54.860 25929 25929 I yaxim.Configuration: onSharedPreferenceChanged(): initial_create
04-28 22:44:54.860 25929 25929 D yaxim.Configuration: invitation_codes = 
04-28 22:44:54.860  2349  2349 D StatusBar: ----- contentsUnchanged : true, bigContentsUnchanged - true, headsUpContentsUnchanged - true , publicUnchanged true
04-28 22:44:54.860  1553  1553 D MARsPolicyManager: NotificationListenerService OngoingNotificationPosted : org.yaxim.androidclient
04-28 22:44:54.880  2349  2349 D PanelView: kidsfalse mQsExpansionEnabled:true
04-28 22:44:54.880 25929 25929 D AbsListView:  onsize change 
04-28 22:44:54.880  2349  2349 D PanelView: kidsfalse mQsExpansionEnabled:true
04-28 22:44:55.010 25929 25929 D yaxim.RosterProvider: notifying change
04-28 22:44:55.020 25929 26420 D yaxim.SmackableImp: discoverMUCDomain finished: 2 entries, using conference.xmpp.diskseven.com
04-28 22:44:55.030 25929 25929 D yaxim.MainWindow: RosterObserver.onChange: false
04-28 22:44:55.260  1553  4441 V AlarmManager:  remove PendingIntent] PendingIntent{4ef2f86: PendingIntentRecord{17120fc uk.amazon.mShop.android broadcastIntent}}
04-28 22:44:55.270  1553  2735 I ActivityManager: Killing 26095:com.estrongs.android.pop.pro/u0a247 (adj 13): DHA:empty #9
04-28 22:44:55.400  1553  4442 D ActivityManager: removeProcessNameLocked mProcessNames.remove pid=26095 ,hash=194036118 ,name=com.estrongs.android.pop.pro
04-28 22:44:55.400  1553  2171 E WifiService: Multicaster binderDied
04-28 22:44:55.420  1553  4442 W ContextImpl: Calling a method in the system process without a qualified user: android.app.ContextImpl.sendBroadcast:843 com.android.server.am.ActivityManagerService.updateOomAdjLocked:27516 com.android.server.am.ActivityManagerService.appDiedLocked:7892 com.android.server.am.ActivityManagerService$AppDeathRecipient.binderDied:1937 android.os.BinderProxy.sendDeathNotice:558 
04-28 22:44:55.420  1553  1734 V MARsPolicyManager: executePolicy policy  spcmpolicy(1) reason Adj 14 BG Killed
04-28 22:44:55.430  1553  1734 D ActivityManager: removeProcessNameLocked mProcessNames.remove pid=25671 ,hash=234480848 ,name=com.amazon.mp3
04-28 22:44:55.430  1553  1734 I ActivityManager: Force stopping com.amazon.mp3 appid=10172 user=0: MARs-NonSticky-Kill-spcmpolicy(1)
04-28 22:44:55.430  1553  1734 I ActivityManager: Killing 25671:com.amazon.mp3/u0a172 (adj 8): stop com.amazon.mp3 cause MARs-NonSticky-Kill-spcmpolicy(1)
04-28 22:44:55.430  1553  1734 W ActivityManager: Scheduling restart of crashed service com.amazon.mp3/com.urbanairship.push.PushService in 1000ms
04-28 22:44:56.750   416  2015 V audio_hw_primary: out_standby: enter: usecase(1: low-latency-playback)
04-28 22:44:56.750   416  2015 D NXP     : enable_NXP: turn off
04-28 22:44:56.750   416  2015 D tfa9895 : Loaded container file speaker_off /system/etc/Tfa9895.cnt.
04-28 22:44:56.800   416  2015 D tfa9895 : device goes to stop success
04-28 22:44:56.820   416  2015 V audio_hw_primary: stop_output_stream: enter: usecase(1: low-latency-playback)
04-28 22:44:56.820   416  2015 V audio_hw_primary: disable_audio_route: enter: usecase(1)
04-28 22:44:56.820   416  2015 D audio_hw_primary: disable_audio_route: reset and update mixer path: low-latency-playback speaker-amp
04-28 22:44:56.820   416  2015 D audio_route: ++++ audio_route_update_path ==============
04-28 22:44:56.820   416  2015 D audio_route: Setting mixer control: QUAT_MI2S_RX Audio Mixer MultiMedia5, value: 0
04-28 22:44:56.820   416  2015 D audio_route: ---- audio_route_update_path ==============
04-28 22:44:56.820   416  2015 V audio_hw_primary: disable_audio_route: exit
04-28 22:44:56.820   416  2015 D hardware_info: hw_info_append_hw_type : device_name = speaker
04-28 22:44:56.820   416  2015 V audio_hw_primary: disable_snd_device: snd_device(2: speaker)
04-28 22:44:56.820   416  2015 D audio_route: ++++ audio_route_update_path ==============
04-28 22:44:56.820   416  2015 D audio_route: Setting mixer control: RX3 Digital Volume, value: 84
04-28 22:44:56.820   416  2015 D audio_route: ---- audio_route_update_path ==============
04-28 22:44:56.820   416  2015 V audio_hw_primary: stop_output_stream: exit: status(0)
04-28 22:44:56.820   416  2015 V audio_hw_primary: out_standby: exit
04-28 22:44:57.520 25929 26419 D yaxim.SmackableImp: presenceChanged(mitchell@gamingzone.space/phone): available
04-28 22:44:57.530 25929 26419 D yaxim.RosterProvider: notifying change
04-28 22:44:57.530 25929 25929 D yaxim.MainWindow: RosterObserver.onChange: false
04-28 22:44:57.600  1553  2198 D InputReader: Input event(4): value=1 when=437139156425000
04-28 22:44:57.600  1553  2198 I InputReader: Touch event's action is 0x0 (deviceType=0) [pCnt=1, s=0.19284 ] when=437139156425000
04-28 22:44:57.600  1553  2198 D InputReader: lastThreadEndTime = 437135179362568, currentThreadStartTime = 437135179372776, diff = 0
04-28 22:44:57.600  1553  2197 I InputDispatcher: Delivering touch to (2349): action: 0x4, toolType: 1
04-28 22:44:57.600  1553  2197 I InputDispatcher: Delivering touch to (25929): action: 0x0, toolType: 1
04-28 22:44:57.600 25929 25929 D ViewRootImpl: ViewPostImeInputStage processPointer 0
04-28 22:44:57.700  1553  2198 D InputReader: Input event(4): value=0 when=437139250061000
04-28 22:44:57.700  1553  2198 I InputReader: Touch event's action is 0x1 (deviceType=0) [pCnt=1, s=] when=437139250061000
04-28 22:44:57.700  1553  2197 I InputDispatcher: Delivering touch to (25929): action: 0x1, toolType: 1
04-28 22:44:57.700 25929 25929 D ViewRootImpl: ViewPostImeInputStage processPointer 1
04-28 22:44:57.700  1553  4441 V AudioService: AudioService playSoundEffect Type : 0, volume : -1.0
04-28 22:44:57.700  1553  2303 V AudioService: received MSG_PLAY_SOUND_EFFECT onPlaySoundEffect start
04-28 22:44:57.700   416   416 I APM::AudioPolicyManager: getSituationVolume: isBTConnected:0 isHeadConnected:0
04-28 22:44:57.700   416  2021 W AudioPolicyIntefaceImpl: Skipped to add effects on session 12062
04-28 22:44:57.700   416  2021 I APM::AudioPolicyManager: startOutput() output 4, stream 1, session 12062
04-28 22:44:57.710   416  2015 D audio_hw_primary: out_set_parameters: enter: usecase(1: low-latency-playback) kvpairs: routing=2
04-28 22:44:57.710   416  2015 V audio_hw_primary: out_set_parameters: exit: code(0)
04-28 22:44:57.710   416  2015 D AudioFlinger: setCurDevice() 0x2
04-28 22:44:57.710   416  2010 D audio_hw_primary: adev_set_parameters: enter: TFA_SETVOLUME=15
04-28 22:44:57.710   416  2010 V voice   : voice_set_parameters: enter: TFA_SETVOLUME=15
04-28 22:44:57.710   416  2010 V voice   : voice_set_parameters: exit with code(-2)
04-28 22:44:57.710   416  2010 V msm8974_platform: platform_set_parameters: enter: TFA_SETVOLUME=15
04-28 22:44:57.710   416  2010 V msm8974_platform: platform_set_parameters: exit with code(-2)
04-28 22:44:57.710   416  2010 D NXP     : (AMP OFF) TFA_volume value (attenuation only) = 15, mode = 0
04-28 22:44:57.710   416  2010 D audio_hw_hfp: audio_extn_hfp_set_parameters: enter
04-28 22:44:57.710   416  2010 V audio_hw_primary: adev_set_parameters: exit
04-28 22:44:57.710   416  2010 D audio_hw_primary: adev_set_parameters: enter: TFA_SETVOLUME=15
04-28 22:44:57.710   416  2010 V voice   : voice_set_parameters: enter: TFA_SETVOLUME=15
04-28 22:44:57.710   416  2010 V voice   : voice_set_parameters: exit with code(-2)
04-28 22:44:57.710   416  2010 V msm8974_platform: platform_set_parameters: enter: TFA_SETVOLUME=15
04-28 22:44:57.710   416  2010 V msm8974_platform: platform_set_parameters: exit with code(-2)
04-28 22:44:57.710   416  2010 D NXP     : (AMP OFF) TFA_volume value (attenuation only) = 15, mode = 0
04-28 22:44:57.710   416  2010 D audio_hw_hfp: audio_extn_hfp_set_parameters: enter
04-28 22:44:57.710   416  2010 V audio_hw_primary: adev_set_parameters: exit
04-28 22:44:57.720   416  2015 D audio_hw_primary: start_output_stream: enter: stream(0xb739bf90)usecase(1: low-latency-playback) devices(0x2)
04-28 22:44:57.720   416  2015 V audio_hw_primary: select_devices: ENTER
04-28 22:44:57.720   416  2015 V audio_hw_primary: select_devices: usecase(normal)
04-28 22:44:57.720   416  2015 V audio_hw_primary: select_devices: usecase(PCM_PLAYBACK)
04-28 22:44:57.720   416  2015 V msm8974_platform: platform_get_output_snd_device: enter: output devices(0x2)
04-28 22:44:57.720   416  2015 V msm8974_platform: get_OUTPUT_snd_device: for Normal Playback
04-28 22:44:57.720   416  2015 V msm8974_platform: platform_get_output_snd_device: exit: snd_device(speaker)
04-28 22:44:57.720   416  2015 D audio_hw_primary: select_devices: out_snd_device(2: speaker)
04-28 22:44:57.720   416  2015 D audio_hw_primary: select_devices: in_snd_device(0: dummy)
04-28 22:44:57.720   416  2015 D hardware_info: hw_info_append_hw_type : device_name = speaker
04-28 22:44:57.720   416  2015 D ACDB-LOADER: ACDB -> send_audio_cal, acdb_id = 15, path =  0
04-28 22:44:57.720   416  2015 D ACDB-LOADER: ACDB -> send_asm_topology
04-28 22:44:57.720   416  2015 D ACDB-LOADER: ACDB -> ACDB_CMD_GET_AUDPROC_STREAM_TOPOLOGY_ID
04-28 22:44:57.720   416  2015 D ACDB-LOADER: ACDB -> send_adm_topology
04-28 22:44:57.720   416  2015 D ACDB-LOADER: ACDB -> ACDB_CMD_GET_AUDPROC_COMMON_TOPOLOGY_ID
04-28 22:44:57.720   416  2015 D ACDB-LOADER: ACDB -> send_audtable
04-28 22:44:57.720   416  2015 D ACDB-LOADER: ACDB -> ACDB_CMD_GET_AUDPROC_COMMON_TABLE_SIZE
04-28 22:44:57.720   416  2015 D ACDB-LOADER: ACDB -> ACDB_CMD_GET_AUDPROC_COMMON_TABLE
04-28 22:44:57.720   416  2015 D ACDB-LOADER: ACDB -> AUDIO_SET_AUDPROC_CAL
04-28 22:44:57.720   416  2015 D ACDB-LOADER: ACDB -> send_audvoltable
04-28 22:44:57.720   416  2015 D ACDB-LOADER: ACDB -> ACDB_CMD_GET_AUDPROC_GAIN_DEP_STEP_TABLE
04-28 22:44:57.720   416  2015 D ACDB-LOADER: ACDB -> AUDIO_SET_AUDPROC_VOL_CAL
04-28 22:44:57.720   416  2015 D ACDB-LOADER: ACDB -> send_afe_cal
04-28 22:44:57.720   416  2015 D ACDB-LOADER: ACDB -> ACDB_CMD_GET_AFE_COMMON_TABLE
04-28 22:44:57.720   416  2015 D ACDB-LOADER: ACDB -> AUDIO_SET_AFE_CAL
04-28 22:44:57.720   416  2015 D ACDB-LOADER: ACDB -> send_hw_delay : acdb_id = 15 path = 0
04-28 22:44:57.720   416  2015 D ACDB-LOADER: ACDB -> ACDB_AVSYNC_INFO: ACDB_CMD_GET_DEVICE_PROPERTY
04-28 22:44:57.720   416  2015 V audio_hw_primary: enable_snd_device: snd_device(2: speaker, speaker)
04-28 22:44:57.720   416  2015 D audio_route: ++++ audio_route_update_path ==============
04-28 22:44:57.720   416  2015 D audio_route: Setting mixer control: RX3 Digital Volume, value: 79
04-28 22:44:57.720   416  2015 D audio_route: ---- audio_route_update_path ==============
04-28 22:44:57.720   416  2015 D audio_route: ++++ audio_route_update_mixer ==============
04-28 22:44:57.720   416  2015 D audio_route: ------ audio_route_update_mixer ==============
04-28 22:44:57.720   416  2015 V audio_hw_primary: enable_audio_route: enter: usecase(1)
04-28 22:44:57.720   416  2015 D audio_hw_primary: enable_audio_route: apply mixer and update path: low-latency-playback speaker-amp
04-28 22:44:57.720   416  2015 D audio_route: ++++ audio_route_update_path ==============
04-28 22:44:57.720   416  2015 D audio_route: Setting mixer control: QUAT_MI2S_RX Audio Mixer MultiMedia5, value: 1
04-28 22:44:57.720   416  2015 D audio_route: ---- audio_route_update_path ==============
04-28 22:44:57.720   416  2015 V audio_hw_primary: enable_audio_route: exit
04-28 22:44:57.720   416  2015 V msm8974_platform: platform_get_output_snd_device: enter: output devices(0x2)
04-28 22:44:57.720   416  2015 V msm8974_platform: get_OUTPUT_snd_device: for Normal Playback
04-28 22:44:57.720   416  2015 V msm8974_platform: platform_get_output_snd_device: exit: snd_device(speaker)
04-28 22:44:57.720   416  2015 D ACDB-LOADER: ACDB -> send_audio_cal, acdb_id = 15, path =  0
04-28 22:44:57.720   416  2015 D ACDB-LOADER: ACDB -> send_asm_topology
04-28 22:44:57.720   416  2015 D ACDB-LOADER: ACDB -> ACDB_CMD_GET_AUDPROC_STREAM_TOPOLOGY_ID
04-28 22:44:57.720   416  2015 D ACDB-LOADER: ACDB -> send_adm_topology
04-28 22:44:57.720   416  2015 D ACDB-LOADER: ACDB -> ACDB_CMD_GET_AUDPROC_COMMON_TOPOLOGY_ID
04-28 22:44:57.720   416  2015 D ACDB-LOADER: ACDB -> send_audtable
04-28 22:44:57.720   416  2015 D ACDB-LOADER: ACDB -> ACDB_CMD_GET_AUDPROC_COMMON_TABLE_SIZE
04-28 22:44:57.720   416  2015 D ACDB-LOADER: ACDB -> ACDB_CMD_GET_AUDPROC_COMMON_TABLE
04-28 22:44:57.720   416  2015 D ACDB-LOADER: ACDB -> AUDIO_SET_AUDPROC_CAL
04-28 22:44:57.720   416  2015 D ACDB-LOADER: ACDB -> send_audvoltable
04-28 22:44:57.720   416  2015 D ACDB-LOADER: ACDB -> ACDB_CMD_GET_AUDPROC_GAIN_DEP_STEP_TABLE
04-28 22:44:57.720   416  2015 D ACDB-LOADER: ACDB -> AUDIO_SET_AUDPROC_VOL_CAL
04-28 22:44:57.720   416  2015 D ACDB-LOADER: ACDB -> send_afe_cal
04-28 22:44:57.720   416  2015 D ACDB-LOADER: ACDB -> ACDB_CMD_GET_AFE_COMMON_TABLE
04-28 22:44:57.720   416  2015 D ACDB-LOADER: ACDB -> AUDIO_SET_AFE_CAL
04-28 22:44:57.720   416  2015 D ACDB-LOADER: ACDB -> send_hw_delay : acdb_id = 15 path = 0
04-28 22:44:57.720   416  2015 D ACDB-LOADER: ACDB -> ACDB_AVSYNC_INFO: ACDB_CMD_GET_DEVICE_PROPERTY
04-28 22:44:57.720   416  2015 V audio_hw_primary: start_output_stream: Opening PCM device card_id(0) device_id(12)
04-28 22:44:57.730   416  2015 V audio_hw_primary: start_output_stream: NXP, adev->loopback->factory_test_state 0
04-28 22:44:57.730   416  2015 V audio_hw_primary: start_output_stream: check if element 0xb739bf90 is in the TFA list
04-28 22:44:57.730   416  2015 D tfa9895 : Loaded container file /system/etc/Tfa9895.cnt.
04-28 22:44:57.730   416  2015 E         : [NXP] tfaRunIsCold:0x001d
04-28 22:44:57.760 25929 25929 D AbsListView: Get MotionRecognitionManager
04-28 22:44:57.770 25929 25929 D ViewRootImpl: #1 mView = android.widget.PopupWindow$PopupDecorView{4812f13 V.E...... ......I. 0,0-0,0}
04-28 22:44:57.770  1553  2735 D InputDispatcher: Focus left window: 25929
04-28 22:44:57.770  1553  2735 D InputDispatcher: Focus entered window: 25929
04-28 22:44:57.770  1553  1826 D PointerIcon: setMouseIconStyle1 pointerType: 1001 iconType:101 flag:0 pid:1553 uid:1000
04-28 22:44:57.770  1553  1826 D PointerIcon: setMouseCustomIcon IconType is same.101
04-28 22:44:57.790   345   345 I SurfaceFlinger: id=3383 createSurf (1x1),1 flag=4, QopupWindow
04-28 22:44:57.810   416  2015 D tfa9895 : tfa9895_speakeron START
04-28 22:44:57.810   416  2015 D tfa9895 : [1127] tfa9895_speakeron: set mode 0, current mode 0
04-28 22:44:57.810   416  2015 D tfa9895 : Loaded container file speaker_on /system/etc/Tfa9895.cnt.
04-28 22:44:57.810   416  2015 D tfa9895 : tfa start with volume 15.
04-28 22:44:57.810   416  2015 E         : [NXP] tfaRunIsCold:0x001d
04-28 22:44:57.830   416  2015 D tfa9895 : start use case success
04-28 22:44:57.830   416  2015 D tfa9895 : [NXP] tfa9895 mode same, nothing to be done
04-28 22:44:57.830   416  2015 D tfa9895 : tfa9895 start use case success
04-28 22:44:57.830   416  2015 D tfa9895 : tfa9895_speakeron END
04-28 22:44:57.830   416  2015 D tfa9895 : Loaded container file set volume attenuation/system/etc/Tfa9895.cnt.
04-28 22:44:57.830   416  2015 D tfa9895 : [NXP] tfa9895 mode is set for 0 in set volume attenuation
04-28 22:44:57.830   416  2015 D tfa9895 : volume set to : 15
04-28 22:44:57.830   416  2015 E         : tfa98xx: ERROR vendor/samsung/common/frameworks/audio/tfa_amp/TFA9895/srv/src/tfaContainer.c:tfaContWriteVstepAttenuation:395: vstep[15] > 15
04-28 22:44:57.830   416  2015 D tfa9895 : tfa set volume successful
04-28 22:44:57.830   416  2015 V audio_hw_primary: start_output_stream: exit
04-28 22:44:57.840 25929 25929 D AbsListView:  onsize change 
04-28 22:44:57.850  1553  4442 V WindowStateAnimator: Finishing drawing window Window{b593074 u0 d0 p25929 PopupWindow:860aa02}: mDrawState=DRAW_PENDING
04-28 22:44:57.860 25929 25929 D ViewRootImpl: MSG_RESIZED_REPORT: ci=Rect(0, 0 - 0, 0) vi=Rect(0, 0 - 0, 0) or=1
04-28 22:44:57.860  1553  1826 D KnoxTimeoutHandler: notifyActivityDrawn [MsgParam] userId: 0 fullscreen is true showWhenlocked is false
04-28 22:44:57.860  1553  1553 D KnoxTimeoutHandler: activityDrawn [MsgParam] userId: 0 fullscreen is true showWhenlocked is false
04-28 22:44:57.860  1553  1553 I KnoxTimeoutHandler: SD activityfalse
04-28 22:44:57.860  1553  1553 I KnoxTimeoutHandler: Fullscreen and mCurrent is not KNOX user. Hence hide keyguard
04-28 22:44:57.870  1553  1575 V WindowStateAnimator: Finishing drawing window Window{b593074 u0 d0 p25929 PopupWindow:860aa02}: mDrawState=HAS_DRAWN
04-28 22:44:57.900  2349  2349 D StatusBar.NetworkController: onSignalStrengthsChanged signalStrength=SignalStrength: 99 99 -120 -160 -120 -1 -1 31 -77 -10 214 -1 2147483647 0x4000 gsm|lte level=4
04-28 22:44:57.900  2349  2349 D StatusBar.NetworkController: updateTelephonySignalStrength: hasService=true ss=SignalStrength: 99 99 -120 -160 -120 -1 -1 31 -77 -10 214 -1 2147483647 0x4000 gsm|lte
04-28 22:44:57.900  2349  2349 D StatusBar.NetworkController: updateTelephonySignalStrength: iconLevel=4
04-28 22:44:57.900  2349  2349 D StatusBar.NetworkController: updateTelephonySignalStrength, No signal level. mPhoneSignalIconId = com.android.systemui:drawable/stat_sys_signal_4_auto_rotate mDataSignalIconId = com.android.systemui:drawable/stat_sys_signal_4_auto_rotate mQSPhoneSignalIconId = com.android.systemui:drawable/ic_qs_signal_4 mContentDescriptionPhoneSignal = Phone signal full.
04-28 22:44:58.000  2349  2349 D StatusBar.NetworkController: refreshViews connected={ wifi } level=4 combinedSignalIconId=0x7f020655/com.android.systemui:drawable/stat_sys_wifi_signal_4 mobileLabel=O2 - UK wifiLabel="VM348613-2G" emergencyOnly=false combinedLabel="VM348613-2G" mAirplaneMode=false mDataActivity=0 mPhoneSignalIconId=0x7f0205d0/com.android.systemui:drawable/stat_sys_signal_4_auto_rotate mQSPhoneSignalIconId=0x7f02015f/com.android.systemui:drawable/ic_qs_signal_4 mDataDirectionIconId=0x0/(null) mDataSignalIconId=0x7f0205d0/com.android.systemui:drawable/stat_sys_signal_4_auto_rotate mDataTypeIconId=0x7f020401/com.android.systemui:drawable/stat_sys_data_connected_4g mQSDataTypeIconId=0x7f020160/com.android.systemui:drawable/ic_qs_signal_4g mNoSimIconId=0x0/(null) mWifiIconId=0x7f020655/com.android.systemui:drawable/stat_sys_wifi_signal_4 mQSWifiIconId=0x7f020330/com.android.systemui:drawable/qs_tile_wifi_signal_4 mWifiActivityIconId=0x7f020603/com.android.systemui:drawable/stat_sys_signal_inout mBluetoothTetherIconId=0x7f02062c/com.android.systemui:drawable/stat_sys_tether_bluetooth
04-28 22:44:58.000  2349  2349 D StatusBar.NetworkController: refreshNwBoosterIndicator - setNWBoosterIndicators(false)
04-28 22:44:58.000  2349  2349 D StatusBar.NetworkController: refreshNwBoosterIndicator - setNWBoosterIndicators(false)
04-28 22:44:58.000  2349  2349 D StatusBar.NetworkController: refreshNwBoosterIndicator - setNWBoosterIndicators(false)
04-28 22:44:58.000  2349  2349 D StatusBar.NetworkController: refreshNwBoosterIndicator - setNWBoosterIndicators(false)
04-28 22:44:58.000   416  2011 I APM::AudioPolicyManager: stopOutput() output 4, stream 1, session 12062
04-28 22:44:59.040  2349  2349 D StatusBar.NetworkController: onSignalStrengthsChanged signalStrength=SignalStrength: 99 99 -120 -160 -120 -1 -1 31 -77 -10 150 -1 2147483647 0x4000 gsm|lte level=4
04-28 22:44:59.040  2349  2349 D StatusBar.NetworkController: updateTelephonySignalStrength: hasService=true ss=SignalStrength: 99 99 -120 -160 -120 -1 -1 31 -77 -10 150 -1 2147483647 0x4000 gsm|lte
04-28 22:44:59.040  2349  2349 D StatusBar.NetworkController: updateTelephonySignalStrength: iconLevel=4
04-28 22:44:59.040  2349  2349 D StatusBar.NetworkController: updateTelephonySignalStrength, No signal level. mPhoneSignalIconId = com.android.systemui:drawable/stat_sys_signal_4_auto_rotate mDataSignalIconId = com.android.systemui:drawable/stat_sys_signal_4_auto_rotate mQSPhoneSignalIconId = com.android.systemui:drawable/ic_qs_signal_4 mContentDescriptionPhoneSignal = Phone signal full.
04-28 22:44:59.140  2349  2349 D StatusBar.NetworkController: refreshViews connected={ wifi } level=4 combinedSignalIconId=0x7f020655/com.android.systemui:drawable/stat_sys_wifi_signal_4 mobileLabel=O2 - UK wifiLabel="VM348613-2G" emergencyOnly=false combinedLabel="VM348613-2G" mAirplaneMode=false mDataActivity=0 mPhoneSignalIconId=0x7f0205d0/com.android.systemui:drawable/stat_sys_signal_4_auto_rotate mQSPhoneSignalIconId=0x7f02015f/com.android.systemui:drawable/ic_qs_signal_4 mDataDirectionIconId=0x0/(null) mDataSignalIconId=0x7f0205d0/com.android.systemui:drawable/stat_sys_signal_4_auto_rotate mDataTypeIconId=0x7f020401/com.android.systemui:drawable/stat_sys_data_connected_4g mQSDataTypeIconId=0x7f020160/com.android.systemui:drawable/ic_qs_signal_4g mNoSimIconId=0x0/(null) mWifiIconId=0x7f020655/com.android.systemui:drawable/stat_sys_wifi_signal_4 mQSWifiIconId=0x7f020330/com.android.systemui:drawable/qs_tile_wifi_signal_4 mWifiActivityIconId=0x7f020603/com.android.systemui:drawable/stat_sys_signal_inout mBluetoothTetherIconId=0x7f02062c/com.android.systemui:drawable/stat_sys_tether_bluetooth
04-28 22:44:59.140  2349  2349 D StatusBar.NetworkController: refreshNwBoosterIndicator - setNWBoosterIndicators(false)
04-28 22:44:59.140  2349  2349 D StatusBar.NetworkController: refreshNwBoosterIndicator - setNWBoosterIndicators(false)
04-28 22:44:59.140  2349  2349 D StatusBar.NetworkController: refreshNwBoosterIndicator - setNWBoosterIndicators(false)
04-28 22:44:59.140  2349  2349 D StatusBar.NetworkController: refreshNwBoosterIndicator - setNWBoosterIndicators(false)
04-28 22:44:59.860  2349  2349 D StatusBar.NetworkController: refreshViews connected={ wifi } level=4 combinedSignalIconId=0x7f020655/com.android.systemui:drawable/stat_sys_wifi_signal_4 mobileLabel=O2 - UK wifiLabel="VM348613-2G" emergencyOnly=false combinedLabel="VM348613-2G" mAirplaneMode=false mDataActivity=0 mPhoneSignalIconId=0x7f0205d0/com.android.systemui:drawable/stat_sys_signal_4_auto_rotate mQSPhoneSignalIconId=0x7f02015f/com.android.systemui:drawable/ic_qs_signal_4 mDataDirectionIconId=0x0/(null) mDataSignalIconId=0x7f0205d0/com.android.systemui:drawable/stat_sys_signal_4_auto_rotate mDataTypeIconId=0x7f020401/com.android.systemui:drawable/stat_sys_data_connected_4g mQSDataTypeIconId=0x7f020160/com.android.systemui:drawable/ic_qs_signal_4g mNoSimIconId=0x0/(null) mWifiIconId=0x7f020655/com.android.systemui:drawable/stat_sys_wifi_signal_4 mQSWifiIconId=0x7f020330/com.android.systemui:drawable/qs_tile_wifi_signal_4 mWifiActivityIconId=0x7f020611/com.android.systemui:drawable/stat_sys_signal_out mBluetoothTetherIconId=0x7f02062c/com.android.systemui:drawable/stat_sys_tether_bluetooth
04-28 22:44:59.860  2349  2349 D StatusBar.NetworkController: refreshNwBoosterIndicator - setNWBoosterIndicators(false)
04-28 22:44:59.860  2349  2349 D StatusBar.NetworkController: refreshNwBoosterIndicator - setNWBoosterIndicators(false)
04-28 22:44:59.860  2349  2349 D StatusBar.NetworkController: refreshNwBoosterIndicator - setNWBoosterIndicators(false)
04-28 22:44:59.860  2349  2349 D StatusBar.NetworkController: refreshNwBoosterIndicator - setNWBoosterIndicators(false)
04-28 22:44:59.990  2349  2349 D KeyguardUpdateMonitor: received broadcast android.intent.action.TIME_TICK
04-28 22:44:59.990  2349  2349 I PERF    : received broadcast android.intent.action.TIME_TICK
04-28 22:44:59.990  2349  2349 D KeyguardUpdateMonitor: handleTimeUpdate
04-28 22:44:59.990  1553  2192 V AlarmManager: Expired Alarm result :8
04-28 22:45:00.000  2349  2349 D SecKeyguardClockView: onTimeChanged() : mShouldShowDualClock - false, isDualClockSet() -false
04-28 22:45:00.010  2349  2349 D DateView: regionalDateFormat = dMy isRTLlanguage = false returnDateFormat = E, d MMMM
04-28 22:45:00.010  2349  2349 D DateView: regionalDateFormat = dMy isRTLlanguage = false returnDateFormat = E, d MMMM
04-28 22:45:00.010  2349  2349 D DateView: regionalDateFormat = dMy isRTLlanguage = false returnDateFormat = E, d MMMM
04-28 22:45:00.010  2349  2349 D DateView: regionalDateFormat = dMy isRTLlanguage = false returnDateFormat = E, d MMMM
04-28 22:45:00.010  2349  2349 D DateView: regionalDateFormat = dMy isRTLlanguage = false returnDateFormat = E, d MMMM
04-28 22:45:00.010  2349  2349 D DateView: regionalDateFormat = dMy isRTLlanguage = false returnDateFormat = E, d MMMM
04-28 22:45:00.020  2349  2349 D SecKeyguardStatusUtils: regionalDateFormat = dMy isRTLlanguage = false returnDateFormat = E, d MMMM
04-28 22:45:00.060  2349  2349 D SViewCoverWidget: initClock() : TimeZone =libcore.util.ZoneInfo[id="Europe/London",mRawOffset=0,mEarliestRawOffset=0,mUseDst=true,mDstSavings=3600000,transitions=242]
04-28 22:45:00.070  1553  6841 D SSRM:s  : SIOP:: AP = 370, CP = 31, LCD = 6
04-28 22:45:00.070  1553  6841 D ConnectivityService: returning getNetworkInfo for network type 1 : [type: WIFI[] - WIFI, state: CONNECTED/CONNECTED, reason: (unspecified), extra: "VM348613-2G", roaming: false, failover: false, isAvailable: true]
04-28 22:45:00.070  1553  6841 D SSRM:P  : reading: 37 37 0
04-28 22:45:00.100  2349  2349 D SecKeyguardStatusUtils: regionalDateFormat = dMy isRTLlanguage = false returnDateFormat = E, d MMMM
04-28 22:45:00.120 18734 18734 D accuweather: [KK AccuPhone]>>> WCS:144 [0:0] action : androidintentactionTIME_TICK
04-28 22:45:00.130 18734 18734 D accuweather: [KK AccuPhone]>>> UIM:113 [0:0] getInstance
04-28 22:45:00.130 18734 18734 D accuweather: [KK AccuPhone]>>> UIM:283 [0:0] direct update clock
04-28 22:45:00.130 18734 18734 D accuweather: [KK AccuPhone]>>> UIM:152 [0:0] make widget 4x1 view!!! 
04-28 22:45:00.130 18734 18734 D accuweather: [KK AccuPhone]>>> UIM:154 [0:0] make widget 4x2 view!!! 
04-28 22:45:00.130 18734 18734 D accuweather: [KK AccuPhone]>>> RU:73 [0:0] get ww = 341, wh = 69span x = 5, span y = 1
04-28 22:45:00.130 18734 18734 D accuweather: [KK AccuPhone]>>> UIM:1492 [0:0] mc sy = 1
04-28 22:45:00.130 18734 18734 D accuweather: [KK AccuPhone]>>> RU:73 [0:0] get ww = 341, wh = 69span x = 5, span y = 1
04-28 22:45:00.130 18734 18734 D accuweather: [KK AccuPhone]>>> UIM:172 [0:0] get widget 4x1 view!!! wid = 11
04-28 22:45:00.130 18734 18734 D accuweather: [KK AccuPhone]>>> U:906 [0:0] locale = en
04-28 22:45:00.140 18734 18734 D accuweather: [KK AccuPhone]>>> U:916 [0:0] Locale format : d MMM y
04-28 22:45:00.140 18734 18734 D accuweather: [KK AccuPhone]>>> U:937 [0:0] locale = E, d MMMM
04-28 22:45:00.140 18734 18734 E accuweather: [KK AccuPhone]>>> UIM:1547 [0:0] bTM 22 45
04-28 22:45:00.140 18734 18734 D accuweather: [KK AccuPhone]>>> U:509 [0:0] dateFormatText : 28/04 20:40
04-28 22:45:00.830 24068 24083 I System.out: stts calls detatch()
04-28 22:45:00.860  2349  2349 D StatusBar.NetworkController: refreshViews connected={ wifi } level=4 combinedSignalIconId=0x7f020655/com.android.systemui:drawable/stat_sys_wifi_signal_4 mobileLabel=O2 - UK wifiLabel="VM348613-2G" emergencyOnly=false combinedLabel="VM348613-2G" mAirplaneMode=false mDataActivity=0 mPhoneSignalIconId=0x7f0205d0/com.android.systemui:drawable/stat_sys_signal_4_auto_rotate mQSPhoneSignalIconId=0x7f02015f/com.android.systemui:drawable/ic_qs_signal_4 mDataDirectionIconId=0x0/(null) mDataSignal